Warning! No module named 'SimpleITK', [SimpleITK] package and it's dependencies is required for PP-Care.
Warning! No module named 'SimpleITK', [SimpleITK] package and it's dependencies is required for PP-Care.
Warning! No module named 'lmdb', [lmdb] package and it's dependencies is required for ActBERT.
Warning! No module named 'lmdb', [lmdb] package and it's dependencies is required for ActBERT.
[09/07 23:26:42] [35mDATASET[0m : 
[09/07 23:26:42]     [35mbatch_size[0m : [92m128[0m
[09/07 23:26:42]     [35mnum_workers[0m : [92m8[0m
[09/07 23:26:42]     [35mtest[0m : 
[09/07 23:26:42]         [35mfile_path[0m : [92mdata/ntu60_hrnet.pkl[0m
[09/07 23:26:42]         [35mformat[0m : [92mNTUCSSkeletonDataset[0m
[09/07 23:26:42]         [35mrepeat_times[0m : [92m1[0m
[09/07 23:26:42]         [35msplit[0m : [92mxview_val[0m
[09/07 23:26:42]         [35mtest_mode[0m : [92mTrue[0m
[09/07 23:26:42]     [35mtest_batch_size[0m : [92m1[0m
[09/07 23:26:42]     [35mtest_num_workers[0m : [92m0[0m
[09/07 23:26:42]     [35mtrain[0m : 
[09/07 23:26:42]         [35mfile_path[0m : [92mdata/ntu60_hrnet.pkl[0m
[09/07 23:26:42]         [35mformat[0m : [92mNTUCSSkeletonDataset[0m
[09/07 23:26:42]         [35mrepeat_times[0m : [92m5[0m
[09/07 23:26:42]         [35msplit[0m : [92mxview_train[0m
[09/07 23:26:42]     [35mvalid[0m : 
[09/07 23:26:42]         [35mfile_path[0m : [92mdata/ntu60_hrnet.pkl[0m
[09/07 23:26:42]         [35mformat[0m : [92mNTUCSSkeletonDataset[0m
[09/07 23:26:42]         [35mrepeat_times[0m : [92m1[0m
[09/07 23:26:42]         [35msplit[0m : [92mxview_val[0m
[09/07 23:26:42]         [35mtest_mode[0m : [92mTrue[0m
[09/07 23:26:42] ------------------------------------------------------------
[09/07 23:26:42] [35mMETRIC[0m : 
[09/07 23:26:42]     [35mname[0m : [92mSkeletonMetric[0m
[09/07 23:26:42] ------------------------------------------------------------
[09/07 23:26:42] [35mMODEL[0m : 
[09/07 23:26:42]     [35mbackbone[0m : 
[09/07 23:26:42]         [35mgcn_adaptive[0m : [92minit[0m
[09/07 23:26:42]         [35mgcn_with_res[0m : [92mTrue[0m
[09/07 23:26:42]         [35mlayout[0m : [92mcoco[0m
[09/07 23:26:42]         [35mname[0m : [92mSTGCNPlusPlus[0m
[09/07 23:26:42]         [35mstrategy[0m : [92mstgcn_spatial[0m
[09/07 23:26:42]         [35mtcn_type[0m : [92mmstcn[0m
[09/07 23:26:42]     [35mframework[0m : [92mRecognizerGCN[0m
[09/07 23:26:42]     [35mhead[0m : 
[09/07 23:26:42]         [35mdropout[0m : [92m0.0[0m
[09/07 23:26:42]         [35min_channels[0m : [92m256[0m
[09/07 23:26:42]         [35mls_eps[0m : [92m0.0[0m
[09/07 23:26:42]         [35mname[0m : [92mSTGCNPlusPlusHead[0m
[09/07 23:26:42]         [35mnum_classes[0m : [92m60[0m
[09/07 23:26:42] ------------------------------------------------------------
[09/07 23:26:42] [35mOPTIMIZER[0m : 
[09/07 23:26:42]     [35mlearning_rate[0m : 
[09/07 23:26:42]         [35miter_step[0m : [92mTrue[0m
[09/07 23:26:42]         [35mlearning_rate[0m : [92m0.1[0m
[09/07 23:26:42]         [35mmax_epoch[0m : [92m16[0m
[09/07 23:26:42]         [35mname[0m : [92mCustomCosineAnnealingDecay[0m
[09/07 23:26:42]     [35mmomentum[0m : [92m0.9[0m
[09/07 23:26:42]     [35mname[0m : [92mMomentum[0m
[09/07 23:26:42]     [35muse_nesterov[0m : [92mTrue[0m
[09/07 23:26:42]     [35mweight_decay[0m : 
[09/07 23:26:42]         [35mname[0m : [92mL2[0m
[09/07 23:26:42]         [35mvalue[0m : [92m0.0005[0m
[09/07 23:26:42] ------------------------------------------------------------
[09/07 23:26:42] [35mPIPELINE[0m : 
[09/07 23:26:42]     [35mtest[0m : 
[09/07 23:26:42]         [35mdecode_sampler[0m : 
[09/07 23:26:42]             [35mclip_len[0m : [92m100[0m
[09/07 23:26:42]             [35mname[0m : [92mUniformSampleFrames[0m
[09/07 23:26:42]             [35mnum_clips[0m : [92m10[0m
[09/07 23:26:42]             [35mtest_mode[0m : [92mTrue[0m
[09/07 23:26:42]         [35mtransform[0m : 
[09/07 23:26:42]             [35mPreNormalize2D[0m : [92mNone[0m
[09/07 23:26:42]             [35mGenSkeFeat[0m : 
[09/07 23:26:42]                 [35mdataset[0m : [92mcoco[0m
[09/07 23:26:42]                 [35mfeats[0m : [92m['j'][0m
[09/07 23:26:42]             [35mPoseDecode[0m : [92mNone[0m
[09/07 23:26:42]             [35mFormatGCNInput[0m : 
[09/07 23:26:42]                 [35mnum_person[0m : [92m2[0m
[09/07 23:26:42]             [35mCollect[0m : 
[09/07 23:26:42]                 [35mkeys[0m : [92m['keypoint', 'label'][0m
[09/07 23:26:42]                 [35mmeta_keys[0m : [92m[][0m
[09/07 23:26:42]     [35mtrain[0m : 
[09/07 23:26:42]         [35mdecode_sampler[0m : 
[09/07 23:26:42]             [35mclip_len[0m : [92m100[0m
[09/07 23:26:42]             [35mname[0m : [92mUniformSampleFrames[0m
[09/07 23:26:42]         [35mtransform[0m : 
[09/07 23:26:42]             [35mPreNormalize2D[0m : [92mNone[0m
[09/07 23:26:42]             [35mGenSkeFeat[0m : 
[09/07 23:26:42]                 [35mdataset[0m : [92mcoco[0m
[09/07 23:26:42]                 [35mfeats[0m : [92m['j'][0m
[09/07 23:26:42]             [35mPoseDecode[0m : [92mNone[0m
[09/07 23:26:42]             [35mFormatGCNInput[0m : 
[09/07 23:26:42]                 [35mnum_person[0m : [92m2[0m
[09/07 23:26:42]             [35mCollect[0m : 
[09/07 23:26:42]                 [35mkeys[0m : [92m['keypoint', 'label'][0m
[09/07 23:26:42]                 [35mmeta_keys[0m : [92m[][0m
[09/07 23:26:42]     [35mvalid[0m : 
[09/07 23:26:42]         [35mdecode_sampler[0m : 
[09/07 23:26:42]             [35mclip_len[0m : [92m100[0m
[09/07 23:26:42]             [35mname[0m : [92mUniformSampleFrames[0m
[09/07 23:26:42]             [35mnum_clips[0m : [92m1[0m
[09/07 23:26:42]             [35mtest_mode[0m : [92mTrue[0m
[09/07 23:26:42]         [35mtransform[0m : 
[09/07 23:26:42]             [35mPreNormalize2D[0m : [92mNone[0m
[09/07 23:26:42]             [35mGenSkeFeat[0m : 
[09/07 23:26:42]                 [35mdataset[0m : [92mcoco[0m
[09/07 23:26:42]                 [35mfeats[0m : [92m['j'][0m
[09/07 23:26:42]             [35mPoseDecode[0m : [92mNone[0m
[09/07 23:26:42]             [35mFormatGCNInput[0m : 
[09/07 23:26:42]                 [35mnum_person[0m : [92m2[0m
[09/07 23:26:42]             [35mCollect[0m : 
[09/07 23:26:42]                 [35mkeys[0m : [92m['keypoint', 'label'][0m
[09/07 23:26:42]                 [35mmeta_keys[0m : [92m[][0m
[09/07 23:26:42] ------------------------------------------------------------
[09/07 23:26:42] [35mepochs[0m : [92m16[0m
[09/07 23:26:42] [35mlog_interval[0m : [92m10[0m
[09/07 23:26:42] [35mmodel_name[0m : [92mSTGCN++[0m
W0907 23:26:43.227656 35993 gpu_resources.cc:61] Please NOTE: device: 0, GPU Compute Capability: 7.0, Driver API Version: 11.2, Runtime API Version: 11.2
W0907 23:26:43.232309 35993 gpu_resources.cc:91] device: 0, cuDNN Version: 8.2.
[09/07 23:27:05] [TEST] Processing batch 0/18932 ...
[09/07 23:27:05] [TEST] Processing batch 1/18932 ...
[09/07 23:27:05] [TEST] Processing batch 2/18932 ...
[09/07 23:27:05] [TEST] Processing batch 3/18932 ...
[09/07 23:27:05] [TEST] Processing batch 4/18932 ...
[09/07 23:27:05] [TEST] Processing batch 5/18932 ...
[09/07 23:27:05] [TEST] Processing batch 6/18932 ...
[09/07 23:27:05] [TEST] Processing batch 7/18932 ...
[09/07 23:27:05] [TEST] Processing batch 8/18932 ...
[09/07 23:27:05] [TEST] Processing batch 9/18932 ...
[09/07 23:27:05] [TEST] Processing batch 10/18932 ...
[09/07 23:27:05] [TEST] Processing batch 11/18932 ...
[09/07 23:27:05] [TEST] Processing batch 12/18932 ...
[09/07 23:27:05] [TEST] Processing batch 13/18932 ...
[09/07 23:27:05] [TEST] Processing batch 14/18932 ...
[09/07 23:27:05] [TEST] Processing batch 15/18932 ...
[09/07 23:27:05] [TEST] Processing batch 16/18932 ...
[09/07 23:27:05] [TEST] Processing batch 17/18932 ...
[09/07 23:27:06] [TEST] Processing batch 18/18932 ...
[09/07 23:27:06] [TEST] Processing batch 19/18932 ...
[09/07 23:27:06] [TEST] Processing batch 20/18932 ...
[09/07 23:27:06] [TEST] Processing batch 21/18932 ...
[09/07 23:27:06] [TEST] Processing batch 22/18932 ...
[09/07 23:27:06] [TEST] Processing batch 23/18932 ...
[09/07 23:27:06] [TEST] Processing batch 24/18932 ...
[09/07 23:27:06] [TEST] Processing batch 25/18932 ...
[09/07 23:27:06] [TEST] Processing batch 26/18932 ...
[09/07 23:27:06] [TEST] Processing batch 27/18932 ...
[09/07 23:27:06] [TEST] Processing batch 28/18932 ...
[09/07 23:27:06] [TEST] Processing batch 29/18932 ...
[09/07 23:27:06] [TEST] Processing batch 30/18932 ...
[09/07 23:27:06] [TEST] Processing batch 31/18932 ...
[09/07 23:27:06] [TEST] Processing batch 32/18932 ...
[09/07 23:27:06] [TEST] Processing batch 33/18932 ...
[09/07 23:27:06] [TEST] Processing batch 34/18932 ...
[09/07 23:27:06] [TEST] Processing batch 35/18932 ...
[09/07 23:27:07] [TEST] Processing batch 36/18932 ...
[09/07 23:27:07] [TEST] Processing batch 37/18932 ...
[09/07 23:27:07] [TEST] Processing batch 38/18932 ...
[09/07 23:27:07] [TEST] Processing batch 39/18932 ...
[09/07 23:27:07] [TEST] Processing batch 40/18932 ...
[09/07 23:27:07] [TEST] Processing batch 41/18932 ...
[09/07 23:27:07] [TEST] Processing batch 42/18932 ...
[09/07 23:27:07] [TEST] Processing batch 43/18932 ...
[09/07 23:27:07] [TEST] Processing batch 44/18932 ...
[09/07 23:27:07] [TEST] Processing batch 45/18932 ...
[09/07 23:27:07] [TEST] Processing batch 46/18932 ...
[09/07 23:27:07] [TEST] Processing batch 47/18932 ...
[09/07 23:27:07] [TEST] Processing batch 48/18932 ...
[09/07 23:27:07] [TEST] Processing batch 49/18932 ...
[09/07 23:27:07] [TEST] Processing batch 50/18932 ...
[09/07 23:27:07] [TEST] Processing batch 51/18932 ...
[09/07 23:27:07] [TEST] Processing batch 52/18932 ...
[09/07 23:27:07] [TEST] Processing batch 53/18932 ...
[09/07 23:27:08] [TEST] Processing batch 54/18932 ...
[09/07 23:27:08] [TEST] Processing batch 55/18932 ...
[09/07 23:27:08] [TEST] Processing batch 56/18932 ...
[09/07 23:27:08] [TEST] Processing batch 57/18932 ...
[09/07 23:27:08] [TEST] Processing batch 58/18932 ...
[09/07 23:27:08] [TEST] Processing batch 59/18932 ...
[09/07 23:27:08] [TEST] Processing batch 60/18932 ...
[09/07 23:27:08] [TEST] Processing batch 61/18932 ...
[09/07 23:27:08] [TEST] Processing batch 62/18932 ...
[09/07 23:27:08] [TEST] Processing batch 63/18932 ...
[09/07 23:27:08] [TEST] Processing batch 64/18932 ...
[09/07 23:27:08] [TEST] Processing batch 65/18932 ...
[09/07 23:27:08] [TEST] Processing batch 66/18932 ...
[09/07 23:27:08] [TEST] Processing batch 67/18932 ...
[09/07 23:27:08] [TEST] Processing batch 68/18932 ...
[09/07 23:27:08] [TEST] Processing batch 69/18932 ...
[09/07 23:27:08] [TEST] Processing batch 70/18932 ...
[09/07 23:27:08] [TEST] Processing batch 71/18932 ...
[09/07 23:27:09] [TEST] Processing batch 72/18932 ...
[09/07 23:27:09] [TEST] Processing batch 73/18932 ...
[09/07 23:27:09] [TEST] Processing batch 74/18932 ...
[09/07 23:27:09] [TEST] Processing batch 75/18932 ...
[09/07 23:27:09] [TEST] Processing batch 76/18932 ...
[09/07 23:27:09] [TEST] Processing batch 77/18932 ...
[09/07 23:27:09] [TEST] Processing batch 78/18932 ...
[09/07 23:27:09] [TEST] Processing batch 79/18932 ...
[09/07 23:27:09] [TEST] Processing batch 80/18932 ...
[09/07 23:27:09] [TEST] Processing batch 81/18932 ...
[09/07 23:27:09] [TEST] Processing batch 82/18932 ...
[09/07 23:27:09] [TEST] Processing batch 83/18932 ...
[09/07 23:27:09] [TEST] Processing batch 84/18932 ...
[09/07 23:27:09] [TEST] Processing batch 85/18932 ...
[09/07 23:27:09] [TEST] Processing batch 86/18932 ...
[09/07 23:27:09] [TEST] Processing batch 87/18932 ...
[09/07 23:27:09] [TEST] Processing batch 88/18932 ...
[09/07 23:27:09] [TEST] Processing batch 89/18932 ...
[09/07 23:27:10] [TEST] Processing batch 90/18932 ...
[09/07 23:27:10] [TEST] Processing batch 91/18932 ...
[09/07 23:27:10] [TEST] Processing batch 92/18932 ...
[09/07 23:27:10] [TEST] Processing batch 93/18932 ...
[09/07 23:27:10] [TEST] Processing batch 94/18932 ...
[09/07 23:27:10] [TEST] Processing batch 95/18932 ...
[09/07 23:27:10] [TEST] Processing batch 96/18932 ...
[09/07 23:27:10] [TEST] Processing batch 97/18932 ...
[09/07 23:27:10] [TEST] Processing batch 98/18932 ...
[09/07 23:27:10] [TEST] Processing batch 99/18932 ...
[09/07 23:27:10] [TEST] Processing batch 100/18932 ...
[09/07 23:27:10] [TEST] Processing batch 101/18932 ...
[09/07 23:27:10] [TEST] Processing batch 102/18932 ...
[09/07 23:27:10] [TEST] Processing batch 103/18932 ...
[09/07 23:27:10] [TEST] Processing batch 104/18932 ...
[09/07 23:27:10] [TEST] Processing batch 105/18932 ...
[09/07 23:27:10] [TEST] Processing batch 106/18932 ...
[09/07 23:27:10] [TEST] Processing batch 107/18932 ...
[09/07 23:27:11] [TEST] Processing batch 108/18932 ...
[09/07 23:27:11] [TEST] Processing batch 109/18932 ...
[09/07 23:27:11] [TEST] Processing batch 110/18932 ...
[09/07 23:27:11] [TEST] Processing batch 111/18932 ...
[09/07 23:27:11] [TEST] Processing batch 112/18932 ...
[09/07 23:27:11] [TEST] Processing batch 113/18932 ...
[09/07 23:27:11] [TEST] Processing batch 114/18932 ...
[09/07 23:27:11] [TEST] Processing batch 115/18932 ...
[09/07 23:27:11] [TEST] Processing batch 116/18932 ...
[09/07 23:27:11] [TEST] Processing batch 117/18932 ...
[09/07 23:27:11] [TEST] Processing batch 118/18932 ...
[09/07 23:27:11] [TEST] Processing batch 119/18932 ...
[09/07 23:27:11] [TEST] Processing batch 120/18932 ...
[09/07 23:27:11] [TEST] Processing batch 121/18932 ...
[09/07 23:27:11] [TEST] Processing batch 122/18932 ...
[09/07 23:27:11] [TEST] Processing batch 123/18932 ...
[09/07 23:27:11] [TEST] Processing batch 124/18932 ...
[09/07 23:27:11] [TEST] Processing batch 125/18932 ...
[09/07 23:27:12] [TEST] Processing batch 126/18932 ...
[09/07 23:27:12] [TEST] Processing batch 127/18932 ...
[09/07 23:27:12] [TEST] Processing batch 128/18932 ...
[09/07 23:27:12] [TEST] Processing batch 129/18932 ...
[09/07 23:27:12] [TEST] Processing batch 130/18932 ...
[09/07 23:27:12] [TEST] Processing batch 131/18932 ...
[09/07 23:27:12] [TEST] Processing batch 132/18932 ...
[09/07 23:27:12] [TEST] Processing batch 133/18932 ...
[09/07 23:27:12] [TEST] Processing batch 134/18932 ...
[09/07 23:27:12] [TEST] Processing batch 135/18932 ...
[09/07 23:27:12] [TEST] Processing batch 136/18932 ...
[09/07 23:27:12] [TEST] Processing batch 137/18932 ...
[09/07 23:27:12] [TEST] Processing batch 138/18932 ...
[09/07 23:27:12] [TEST] Processing batch 139/18932 ...
[09/07 23:27:12] [TEST] Processing batch 140/18932 ...
[09/07 23:27:12] [TEST] Processing batch 141/18932 ...
[09/07 23:27:12] [TEST] Processing batch 142/18932 ...
[09/07 23:27:12] [TEST] Processing batch 143/18932 ...
[09/07 23:27:13] [TEST] Processing batch 144/18932 ...
[09/07 23:27:13] [TEST] Processing batch 145/18932 ...
[09/07 23:27:13] [TEST] Processing batch 146/18932 ...
[09/07 23:27:13] [TEST] Processing batch 147/18932 ...
[09/07 23:27:13] [TEST] Processing batch 148/18932 ...
[09/07 23:27:13] [TEST] Processing batch 149/18932 ...
[09/07 23:27:13] [TEST] Processing batch 150/18932 ...
[09/07 23:27:13] [TEST] Processing batch 151/18932 ...
[09/07 23:27:13] [TEST] Processing batch 152/18932 ...
[09/07 23:27:13] [TEST] Processing batch 153/18932 ...
[09/07 23:27:13] [TEST] Processing batch 154/18932 ...
[09/07 23:27:13] [TEST] Processing batch 155/18932 ...
[09/07 23:27:13] [TEST] Processing batch 156/18932 ...
[09/07 23:27:13] [TEST] Processing batch 157/18932 ...
[09/07 23:27:13] [TEST] Processing batch 158/18932 ...
[09/07 23:27:13] [TEST] Processing batch 159/18932 ...
[09/07 23:27:13] [TEST] Processing batch 160/18932 ...
[09/07 23:27:13] [TEST] Processing batch 161/18932 ...
[09/07 23:27:13] [TEST] Processing batch 162/18932 ...
[09/07 23:27:14] [TEST] Processing batch 163/18932 ...
[09/07 23:27:14] [TEST] Processing batch 164/18932 ...
[09/07 23:27:14] [TEST] Processing batch 165/18932 ...
[09/07 23:27:14] [TEST] Processing batch 166/18932 ...
[09/07 23:27:14] [TEST] Processing batch 167/18932 ...
[09/07 23:27:14] [TEST] Processing batch 168/18932 ...
[09/07 23:27:14] [TEST] Processing batch 169/18932 ...
[09/07 23:27:14] [TEST] Processing batch 170/18932 ...
[09/07 23:27:14] [TEST] Processing batch 171/18932 ...
[09/07 23:27:14] [TEST] Processing batch 172/18932 ...
[09/07 23:27:14] [TEST] Processing batch 173/18932 ...
[09/07 23:27:14] [TEST] Processing batch 174/18932 ...
[09/07 23:27:14] [TEST] Processing batch 175/18932 ...
[09/07 23:27:14] [TEST] Processing batch 176/18932 ...
[09/07 23:27:14] [TEST] Processing batch 177/18932 ...
[09/07 23:27:14] [TEST] Processing batch 178/18932 ...
[09/07 23:27:14] [TEST] Processing batch 179/18932 ...
[09/07 23:27:14] [TEST] Processing batch 180/18932 ...
[09/07 23:27:15] [TEST] Processing batch 181/18932 ...
[09/07 23:27:15] [TEST] Processing batch 182/18932 ...
[09/07 23:27:15] [TEST] Processing batch 183/18932 ...
[09/07 23:27:15] [TEST] Processing batch 184/18932 ...
[09/07 23:27:15] [TEST] Processing batch 185/18932 ...
[09/07 23:27:15] [TEST] Processing batch 186/18932 ...
[09/07 23:27:15] [TEST] Processing batch 187/18932 ...
[09/07 23:27:15] [TEST] Processing batch 188/18932 ...
[09/07 23:27:15] [TEST] Processing batch 189/18932 ...
[09/07 23:27:15] [TEST] Processing batch 190/18932 ...
[09/07 23:27:15] [TEST] Processing batch 191/18932 ...
[09/07 23:27:15] [TEST] Processing batch 192/18932 ...
[09/07 23:27:15] [TEST] Processing batch 193/18932 ...
[09/07 23:27:15] [TEST] Processing batch 194/18932 ...
[09/07 23:27:15] [TEST] Processing batch 195/18932 ...
[09/07 23:27:15] [TEST] Processing batch 196/18932 ...
[09/07 23:27:15] [TEST] Processing batch 197/18932 ...
[09/07 23:27:15] [TEST] Processing batch 198/18932 ...
[09/07 23:27:16] [TEST] Processing batch 199/18932 ...
[09/07 23:27:16] [TEST] Processing batch 200/18932 ...
[09/07 23:27:16] [TEST] Processing batch 201/18932 ...
[09/07 23:27:16] [TEST] Processing batch 202/18932 ...
[09/07 23:27:16] [TEST] Processing batch 203/18932 ...
[09/07 23:27:16] [TEST] Processing batch 204/18932 ...
[09/07 23:27:16] [TEST] Processing batch 205/18932 ...
[09/07 23:27:16] [TEST] Processing batch 206/18932 ...
[09/07 23:27:16] [TEST] Processing batch 207/18932 ...
[09/07 23:27:16] [TEST] Processing batch 208/18932 ...
[09/07 23:27:16] [TEST] Processing batch 209/18932 ...
[09/07 23:27:16] [TEST] Processing batch 210/18932 ...
[09/07 23:27:16] [TEST] Processing batch 211/18932 ...
[09/07 23:27:16] [TEST] Processing batch 212/18932 ...
[09/07 23:27:16] [TEST] Processing batch 213/18932 ...
[09/07 23:27:16] [TEST] Processing batch 214/18932 ...
[09/07 23:27:16] [TEST] Processing batch 215/18932 ...
[09/07 23:27:16] [TEST] Processing batch 216/18932 ...
[09/07 23:27:17] [TEST] Processing batch 217/18932 ...
[09/07 23:27:17] [TEST] Processing batch 218/18932 ...
[09/07 23:27:17] [TEST] Processing batch 219/18932 ...
[09/07 23:27:17] [TEST] Processing batch 220/18932 ...
[09/07 23:27:17] [TEST] Processing batch 221/18932 ...
[09/07 23:27:17] [TEST] Processing batch 222/18932 ...
[09/07 23:27:17] [TEST] Processing batch 223/18932 ...
[09/07 23:27:17] [TEST] Processing batch 224/18932 ...
[09/07 23:27:17] [TEST] Processing batch 225/18932 ...
[09/07 23:27:17] [TEST] Processing batch 226/18932 ...
[09/07 23:27:17] [TEST] Processing batch 227/18932 ...
[09/07 23:27:17] [TEST] Processing batch 228/18932 ...
[09/07 23:27:17] [TEST] Processing batch 229/18932 ...
[09/07 23:27:17] [TEST] Processing batch 230/18932 ...
[09/07 23:27:17] [TEST] Processing batch 231/18932 ...
[09/07 23:27:17] [TEST] Processing batch 232/18932 ...
[09/07 23:27:17] [TEST] Processing batch 233/18932 ...
[09/07 23:27:17] [TEST] Processing batch 234/18932 ...
[09/07 23:27:17] [TEST] Processing batch 235/18932 ...
[09/07 23:27:18] [TEST] Processing batch 236/18932 ...
[09/07 23:27:18] [TEST] Processing batch 237/18932 ...
[09/07 23:27:18] [TEST] Processing batch 238/18932 ...
[09/07 23:27:18] [TEST] Processing batch 239/18932 ...
[09/07 23:27:18] [TEST] Processing batch 240/18932 ...
[09/07 23:27:18] [TEST] Processing batch 241/18932 ...
[09/07 23:27:18] [TEST] Processing batch 242/18932 ...
[09/07 23:27:18] [TEST] Processing batch 243/18932 ...
[09/07 23:27:18] [TEST] Processing batch 244/18932 ...
[09/07 23:27:18] [TEST] Processing batch 245/18932 ...
[09/07 23:27:18] [TEST] Processing batch 246/18932 ...
[09/07 23:27:18] [TEST] Processing batch 247/18932 ...
[09/07 23:27:18] [TEST] Processing batch 248/18932 ...
[09/07 23:27:18] [TEST] Processing batch 249/18932 ...
[09/07 23:27:18] [TEST] Processing batch 250/18932 ...
[09/07 23:27:18] [TEST] Processing batch 251/18932 ...
[09/07 23:27:18] [TEST] Processing batch 252/18932 ...
[09/07 23:27:18] [TEST] Processing batch 253/18932 ...
[09/07 23:27:18] [TEST] Processing batch 254/18932 ...
[09/07 23:27:19] [TEST] Processing batch 255/18932 ...
[09/07 23:27:19] [TEST] Processing batch 256/18932 ...
[09/07 23:27:19] [TEST] Processing batch 257/18932 ...
[09/07 23:27:19] [TEST] Processing batch 258/18932 ...
[09/07 23:27:19] [TEST] Processing batch 259/18932 ...
[09/07 23:27:19] [TEST] Processing batch 260/18932 ...
[09/07 23:27:19] [TEST] Processing batch 261/18932 ...
[09/07 23:27:19] [TEST] Processing batch 262/18932 ...
[09/07 23:27:19] [TEST] Processing batch 263/18932 ...
[09/07 23:27:19] [TEST] Processing batch 264/18932 ...
[09/07 23:27:19] [TEST] Processing batch 265/18932 ...
[09/07 23:27:19] [TEST] Processing batch 266/18932 ...
[09/07 23:27:19] [TEST] Processing batch 267/18932 ...
[09/07 23:27:19] [TEST] Processing batch 268/18932 ...
[09/07 23:27:19] [TEST] Processing batch 269/18932 ...
[09/07 23:27:19] [TEST] Processing batch 270/18932 ...
[09/07 23:27:19] [TEST] Processing batch 271/18932 ...
[09/07 23:27:19] [TEST] Processing batch 272/18932 ...
[09/07 23:27:20] [TEST] Processing batch 273/18932 ...
[09/07 23:27:20] [TEST] Processing batch 274/18932 ...
[09/07 23:27:20] [TEST] Processing batch 275/18932 ...
[09/07 23:27:20] [TEST] Processing batch 276/18932 ...
[09/07 23:27:20] [TEST] Processing batch 277/18932 ...
[09/07 23:27:20] [TEST] Processing batch 278/18932 ...
[09/07 23:27:20] [TEST] Processing batch 279/18932 ...
[09/07 23:27:20] [TEST] Processing batch 280/18932 ...
[09/07 23:27:20] [TEST] Processing batch 281/18932 ...
[09/07 23:27:20] [TEST] Processing batch 282/18932 ...
[09/07 23:27:20] [TEST] Processing batch 283/18932 ...
[09/07 23:27:20] [TEST] Processing batch 284/18932 ...
[09/07 23:27:20] [TEST] Processing batch 285/18932 ...
[09/07 23:27:20] [TEST] Processing batch 286/18932 ...
[09/07 23:27:20] [TEST] Processing batch 287/18932 ...
[09/07 23:27:20] [TEST] Processing batch 288/18932 ...
[09/07 23:27:20] [TEST] Processing batch 289/18932 ...
[09/07 23:27:20] [TEST] Processing batch 290/18932 ...
[09/07 23:27:21] [TEST] Processing batch 291/18932 ...
[09/07 23:27:21] [TEST] Processing batch 292/18932 ...
[09/07 23:27:21] [TEST] Processing batch 293/18932 ...
[09/07 23:27:21] [TEST] Processing batch 294/18932 ...
[09/07 23:27:21] [TEST] Processing batch 295/18932 ...
[09/07 23:27:21] [TEST] Processing batch 296/18932 ...
[09/07 23:27:21] [TEST] Processing batch 297/18932 ...
[09/07 23:27:21] [TEST] Processing batch 298/18932 ...
[09/07 23:27:21] [TEST] Processing batch 299/18932 ...
[09/07 23:27:21] [TEST] Processing batch 300/18932 ...
[09/07 23:27:21] [TEST] Processing batch 301/18932 ...
[09/07 23:27:21] [TEST] Processing batch 302/18932 ...
[09/07 23:27:21] [TEST] Processing batch 303/18932 ...
[09/07 23:27:21] [TEST] Processing batch 304/18932 ...
[09/07 23:27:21] [TEST] Processing batch 305/18932 ...
[09/07 23:27:21] [TEST] Processing batch 306/18932 ...
[09/07 23:27:21] [TEST] Processing batch 307/18932 ...
[09/07 23:27:22] [TEST] Processing batch 308/18932 ...
[09/07 23:27:22] [TEST] Processing batch 309/18932 ...
[09/07 23:27:22] [TEST] Processing batch 310/18932 ...
[09/07 23:27:22] [TEST] Processing batch 311/18932 ...
[09/07 23:27:22] [TEST] Processing batch 312/18932 ...
[09/07 23:27:22] [TEST] Processing batch 313/18932 ...
[09/07 23:27:22] [TEST] Processing batch 314/18932 ...
[09/07 23:27:22] [TEST] Processing batch 315/18932 ...
[09/07 23:27:22] [TEST] Processing batch 316/18932 ...
[09/07 23:27:22] [TEST] Processing batch 317/18932 ...
[09/07 23:27:22] [TEST] Processing batch 318/18932 ...
[09/07 23:27:22] [TEST] Processing batch 319/18932 ...
[09/07 23:27:22] [TEST] Processing batch 320/18932 ...
[09/07 23:27:22] [TEST] Processing batch 321/18932 ...
[09/07 23:27:22] [TEST] Processing batch 322/18932 ...
[09/07 23:27:22] [TEST] Processing batch 323/18932 ...
[09/07 23:27:22] [TEST] Processing batch 324/18932 ...
[09/07 23:27:23] [TEST] Processing batch 325/18932 ...
[09/07 23:27:23] [TEST] Processing batch 326/18932 ...
[09/07 23:27:23] [TEST] Processing batch 327/18932 ...
[09/07 23:27:23] [TEST] Processing batch 328/18932 ...
[09/07 23:27:23] [TEST] Processing batch 329/18932 ...
[09/07 23:27:23] [TEST] Processing batch 330/18932 ...
[09/07 23:27:23] [TEST] Processing batch 331/18932 ...
[09/07 23:27:23] [TEST] Processing batch 332/18932 ...
[09/07 23:27:23] [TEST] Processing batch 333/18932 ...
[09/07 23:27:23] [TEST] Processing batch 334/18932 ...
[09/07 23:27:23] [TEST] Processing batch 335/18932 ...
[09/07 23:27:23] [TEST] Processing batch 336/18932 ...
[09/07 23:27:23] [TEST] Processing batch 337/18932 ...
[09/07 23:27:23] [TEST] Processing batch 338/18932 ...
[09/07 23:27:23] [TEST] Processing batch 339/18932 ...
[09/07 23:27:23] [TEST] Processing batch 340/18932 ...
[09/07 23:27:23] [TEST] Processing batch 341/18932 ...
[09/07 23:27:24] [TEST] Processing batch 342/18932 ...
[09/07 23:27:24] [TEST] Processing batch 343/18932 ...
[09/07 23:27:24] [TEST] Processing batch 344/18932 ...
[09/07 23:27:24] [TEST] Processing batch 345/18932 ...
[09/07 23:27:24] [TEST] Processing batch 346/18932 ...
[09/07 23:27:24] [TEST] Processing batch 347/18932 ...
[09/07 23:27:24] [TEST] Processing batch 348/18932 ...
[09/07 23:27:24] [TEST] Processing batch 349/18932 ...
[09/07 23:27:24] [TEST] Processing batch 350/18932 ...
[09/07 23:27:24] [TEST] Processing batch 351/18932 ...
[09/07 23:27:24] [TEST] Processing batch 352/18932 ...
[09/07 23:27:24] [TEST] Processing batch 353/18932 ...
[09/07 23:27:24] [TEST] Processing batch 354/18932 ...
[09/07 23:27:24] [TEST] Processing batch 355/18932 ...
[09/07 23:27:24] [TEST] Processing batch 356/18932 ...
[09/07 23:27:24] [TEST] Processing batch 357/18932 ...
[09/07 23:27:25] [TEST] Processing batch 358/18932 ...
[09/07 23:27:25] [TEST] Processing batch 359/18932 ...
[09/07 23:27:25] [TEST] Processing batch 360/18932 ...
[09/07 23:27:25] [TEST] Processing batch 361/18932 ...
[09/07 23:27:25] [TEST] Processing batch 362/18932 ...
[09/07 23:27:25] [TEST] Processing batch 363/18932 ...
[09/07 23:27:25] [TEST] Processing batch 364/18932 ...
[09/07 23:27:25] [TEST] Processing batch 365/18932 ...
[09/07 23:27:25] [TEST] Processing batch 366/18932 ...
[09/07 23:27:25] [TEST] Processing batch 367/18932 ...
[09/07 23:27:25] [TEST] Processing batch 368/18932 ...
[09/07 23:27:25] [TEST] Processing batch 369/18932 ...
[09/07 23:27:25] [TEST] Processing batch 370/18932 ...
[09/07 23:27:25] [TEST] Processing batch 371/18932 ...
[09/07 23:27:25] [TEST] Processing batch 372/18932 ...
[09/07 23:27:25] [TEST] Processing batch 373/18932 ...
[09/07 23:27:25] [TEST] Processing batch 374/18932 ...
[09/07 23:27:26] [TEST] Processing batch 375/18932 ...
[09/07 23:27:26] [TEST] Processing batch 376/18932 ...
[09/07 23:27:26] [TEST] Processing batch 377/18932 ...
[09/07 23:27:26] [TEST] Processing batch 378/18932 ...
[09/07 23:27:26] [TEST] Processing batch 379/18932 ...
[09/07 23:27:26] [TEST] Processing batch 380/18932 ...
[09/07 23:27:26] [TEST] Processing batch 381/18932 ...
[09/07 23:27:26] [TEST] Processing batch 382/18932 ...
[09/07 23:27:26] [TEST] Processing batch 383/18932 ...
[09/07 23:27:26] [TEST] Processing batch 384/18932 ...
[09/07 23:27:26] [TEST] Processing batch 385/18932 ...
[09/07 23:27:26] [TEST] Processing batch 386/18932 ...
[09/07 23:27:26] [TEST] Processing batch 387/18932 ...
[09/07 23:27:26] [TEST] Processing batch 388/18932 ...
[09/07 23:27:26] [TEST] Processing batch 389/18932 ...
[09/07 23:27:26] [TEST] Processing batch 390/18932 ...
[09/07 23:27:27] [TEST] Processing batch 391/18932 ...
[09/07 23:27:27] [TEST] Processing batch 392/18932 ...
[09/07 23:27:27] [TEST] Processing batch 393/18932 ...
[09/07 23:27:27] [TEST] Processing batch 394/18932 ...
[09/07 23:27:27] [TEST] Processing batch 395/18932 ...
[09/07 23:27:27] [TEST] Processing batch 396/18932 ...
[09/07 23:27:27] [TEST] Processing batch 397/18932 ...
[09/07 23:27:27] [TEST] Processing batch 398/18932 ...
[09/07 23:27:27] [TEST] Processing batch 399/18932 ...
[09/07 23:27:27] [TEST] Processing batch 400/18932 ...
[09/07 23:27:27] [TEST] Processing batch 401/18932 ...
[09/07 23:27:27] [TEST] Processing batch 402/18932 ...
[09/07 23:27:27] [TEST] Processing batch 403/18932 ...
[09/07 23:27:27] [TEST] Processing batch 404/18932 ...
[09/07 23:27:27] [TEST] Processing batch 405/18932 ...
[09/07 23:27:27] [TEST] Processing batch 406/18932 ...
[09/07 23:27:27] [TEST] Processing batch 407/18932 ...
[09/07 23:27:28] [TEST] Processing batch 408/18932 ...
[09/07 23:27:28] [TEST] Processing batch 409/18932 ...
[09/07 23:27:28] [TEST] Processing batch 410/18932 ...
[09/07 23:27:28] [TEST] Processing batch 411/18932 ...
[09/07 23:27:28] [TEST] Processing batch 412/18932 ...
[09/07 23:27:28] [TEST] Processing batch 413/18932 ...
[09/07 23:27:28] [TEST] Processing batch 414/18932 ...
[09/07 23:27:28] [TEST] Processing batch 415/18932 ...
[09/07 23:27:28] [TEST] Processing batch 416/18932 ...
[09/07 23:27:28] [TEST] Processing batch 417/18932 ...
[09/07 23:27:28] [TEST] Processing batch 418/18932 ...
[09/07 23:27:28] [TEST] Processing batch 419/18932 ...
[09/07 23:27:28] [TEST] Processing batch 420/18932 ...
[09/07 23:27:28] [TEST] Processing batch 421/18932 ...
[09/07 23:27:28] [TEST] Processing batch 422/18932 ...
[09/07 23:27:28] [TEST] Processing batch 423/18932 ...
[09/07 23:27:29] [TEST] Processing batch 424/18932 ...
[09/07 23:27:29] [TEST] Processing batch 425/18932 ...
[09/07 23:27:29] [TEST] Processing batch 426/18932 ...
[09/07 23:27:29] [TEST] Processing batch 427/18932 ...
[09/07 23:27:29] [TEST] Processing batch 428/18932 ...
[09/07 23:27:29] [TEST] Processing batch 429/18932 ...
[09/07 23:27:29] [TEST] Processing batch 430/18932 ...
[09/07 23:27:29] [TEST] Processing batch 431/18932 ...
[09/07 23:27:29] [TEST] Processing batch 432/18932 ...
[09/07 23:27:29] [TEST] Processing batch 433/18932 ...
[09/07 23:27:29] [TEST] Processing batch 434/18932 ...
[09/07 23:27:29] [TEST] Processing batch 435/18932 ...
[09/07 23:27:29] [TEST] Processing batch 436/18932 ...
[09/07 23:27:29] [TEST] Processing batch 437/18932 ...
[09/07 23:27:29] [TEST] Processing batch 438/18932 ...
[09/07 23:27:29] [TEST] Processing batch 439/18932 ...
[09/07 23:27:29] [TEST] Processing batch 440/18932 ...
[09/07 23:27:30] [TEST] Processing batch 441/18932 ...
[09/07 23:27:30] [TEST] Processing batch 442/18932 ...
[09/07 23:27:30] [TEST] Processing batch 443/18932 ...
[09/07 23:27:30] [TEST] Processing batch 444/18932 ...
[09/07 23:27:30] [TEST] Processing batch 445/18932 ...
[09/07 23:27:30] [TEST] Processing batch 446/18932 ...
[09/07 23:27:30] [TEST] Processing batch 447/18932 ...
[09/07 23:27:30] [TEST] Processing batch 448/18932 ...
[09/07 23:27:30] [TEST] Processing batch 449/18932 ...
[09/07 23:27:30] [TEST] Processing batch 450/18932 ...
[09/07 23:27:30] [TEST] Processing batch 451/18932 ...
[09/07 23:27:30] [TEST] Processing batch 452/18932 ...
[09/07 23:27:30] [TEST] Processing batch 453/18932 ...
[09/07 23:27:30] [TEST] Processing batch 454/18932 ...
[09/07 23:27:30] [TEST] Processing batch 455/18932 ...
[09/07 23:27:30] [TEST] Processing batch 456/18932 ...
[09/07 23:27:31] [TEST] Processing batch 457/18932 ...
[09/07 23:27:31] [TEST] Processing batch 458/18932 ...
[09/07 23:27:31] [TEST] Processing batch 459/18932 ...
[09/07 23:27:31] [TEST] Processing batch 460/18932 ...
[09/07 23:27:31] [TEST] Processing batch 461/18932 ...
[09/07 23:27:31] [TEST] Processing batch 462/18932 ...
[09/07 23:27:31] [TEST] Processing batch 463/18932 ...
[09/07 23:27:31] [TEST] Processing batch 464/18932 ...
[09/07 23:27:31] [TEST] Processing batch 465/18932 ...
[09/07 23:27:31] [TEST] Processing batch 466/18932 ...
[09/07 23:27:31] [TEST] Processing batch 467/18932 ...
[09/07 23:27:31] [TEST] Processing batch 468/18932 ...
[09/07 23:27:31] [TEST] Processing batch 469/18932 ...
[09/07 23:27:31] [TEST] Processing batch 470/18932 ...
[09/07 23:27:31] [TEST] Processing batch 471/18932 ...
[09/07 23:27:31] [TEST] Processing batch 472/18932 ...
[09/07 23:27:31] [TEST] Processing batch 473/18932 ...
[09/07 23:27:31] [TEST] Processing batch 474/18932 ...
[09/07 23:27:32] [TEST] Processing batch 475/18932 ...
[09/07 23:27:32] [TEST] Processing batch 476/18932 ...
[09/07 23:27:32] [TEST] Processing batch 477/18932 ...
[09/07 23:27:32] [TEST] Processing batch 478/18932 ...
[09/07 23:27:32] [TEST] Processing batch 479/18932 ...
[09/07 23:27:32] [TEST] Processing batch 480/18932 ...
[09/07 23:27:32] [TEST] Processing batch 481/18932 ...
[09/07 23:27:32] [TEST] Processing batch 482/18932 ...
[09/07 23:27:32] [TEST] Processing batch 483/18932 ...
[09/07 23:27:32] [TEST] Processing batch 484/18932 ...
[09/07 23:27:32] [TEST] Processing batch 485/18932 ...
[09/07 23:27:32] [TEST] Processing batch 486/18932 ...
[09/07 23:27:32] [TEST] Processing batch 487/18932 ...
[09/07 23:27:32] [TEST] Processing batch 488/18932 ...
[09/07 23:27:32] [TEST] Processing batch 489/18932 ...
[09/07 23:27:32] [TEST] Processing batch 490/18932 ...
[09/07 23:27:32] [TEST] Processing batch 491/18932 ...
[09/07 23:27:32] [TEST] Processing batch 492/18932 ...
[09/07 23:27:33] [TEST] Processing batch 493/18932 ...
[09/07 23:27:33] [TEST] Processing batch 494/18932 ...
[09/07 23:27:33] [TEST] Processing batch 495/18932 ...
[09/07 23:27:33] [TEST] Processing batch 496/18932 ...
[09/07 23:27:33] [TEST] Processing batch 497/18932 ...
[09/07 23:27:33] [TEST] Processing batch 498/18932 ...
[09/07 23:27:33] [TEST] Processing batch 499/18932 ...
[09/07 23:27:33] [TEST] Processing batch 500/18932 ...
[09/07 23:27:33] [TEST] Processing batch 501/18932 ...
[09/07 23:27:33] [TEST] Processing batch 502/18932 ...
[09/07 23:27:33] [TEST] Processing batch 503/18932 ...
[09/07 23:27:33] [TEST] Processing batch 504/18932 ...
[09/07 23:27:33] [TEST] Processing batch 505/18932 ...
[09/07 23:27:33] [TEST] Processing batch 506/18932 ...
[09/07 23:27:33] [TEST] Processing batch 507/18932 ...
[09/07 23:27:33] [TEST] Processing batch 508/18932 ...
[09/07 23:27:33] [TEST] Processing batch 509/18932 ...
[09/07 23:27:33] [TEST] Processing batch 510/18932 ...
[09/07 23:27:33] [TEST] Processing batch 511/18932 ...
[09/07 23:27:34] [TEST] Processing batch 512/18932 ...
[09/07 23:27:34] [TEST] Processing batch 513/18932 ...
[09/07 23:27:34] [TEST] Processing batch 514/18932 ...
[09/07 23:27:34] [TEST] Processing batch 515/18932 ...
[09/07 23:27:34] [TEST] Processing batch 516/18932 ...
[09/07 23:27:34] [TEST] Processing batch 517/18932 ...
[09/07 23:27:34] [TEST] Processing batch 518/18932 ...
[09/07 23:27:34] [TEST] Processing batch 519/18932 ...
[09/07 23:27:34] [TEST] Processing batch 520/18932 ...
[09/07 23:27:34] [TEST] Processing batch 521/18932 ...
[09/07 23:27:34] [TEST] Processing batch 522/18932 ...
[09/07 23:27:34] [TEST] Processing batch 523/18932 ...
[09/07 23:27:34] [TEST] Processing batch 524/18932 ...
[09/07 23:27:34] [TEST] Processing batch 525/18932 ...
[09/07 23:27:34] [TEST] Processing batch 526/18932 ...
[09/07 23:27:34] [TEST] Processing batch 527/18932 ...
[09/07 23:27:34] [TEST] Processing batch 528/18932 ...
[09/07 23:27:34] [TEST] Processing batch 529/18932 ...
[09/07 23:27:34] [TEST] Processing batch 530/18932 ...
[09/07 23:27:35] [TEST] Processing batch 531/18932 ...
[09/07 23:27:35] [TEST] Processing batch 532/18932 ...
[09/07 23:27:35] [TEST] Processing batch 533/18932 ...
[09/07 23:27:35] [TEST] Processing batch 534/18932 ...
[09/07 23:27:35] [TEST] Processing batch 535/18932 ...
[09/07 23:27:35] [TEST] Processing batch 536/18932 ...
[09/07 23:27:35] [TEST] Processing batch 537/18932 ...
[09/07 23:27:35] [TEST] Processing batch 538/18932 ...
[09/07 23:27:35] [TEST] Processing batch 539/18932 ...
[09/07 23:27:35] [TEST] Processing batch 540/18932 ...
[09/07 23:27:35] [TEST] Processing batch 541/18932 ...
[09/07 23:27:35] [TEST] Processing batch 542/18932 ...
[09/07 23:27:35] [TEST] Processing batch 543/18932 ...
[09/07 23:27:35] [TEST] Processing batch 544/18932 ...
[09/07 23:27:35] [TEST] Processing batch 545/18932 ...
[09/07 23:27:35] [TEST] Processing batch 546/18932 ...
[09/07 23:27:35] [TEST] Processing batch 547/18932 ...
[09/07 23:27:35] [TEST] Processing batch 548/18932 ...
[09/07 23:27:36] [TEST] Processing batch 549/18932 ...
[09/07 23:27:36] [TEST] Processing batch 550/18932 ...
[09/07 23:27:36] [TEST] Processing batch 551/18932 ...
[09/07 23:27:36] [TEST] Processing batch 552/18932 ...
[09/07 23:27:36] [TEST] Processing batch 553/18932 ...
[09/07 23:27:36] [TEST] Processing batch 554/18932 ...
[09/07 23:27:36] [TEST] Processing batch 555/18932 ...
[09/07 23:27:36] [TEST] Processing batch 556/18932 ...
[09/07 23:27:36] [TEST] Processing batch 557/18932 ...
[09/07 23:27:36] [TEST] Processing batch 558/18932 ...
[09/07 23:27:36] [TEST] Processing batch 559/18932 ...
[09/07 23:27:36] [TEST] Processing batch 560/18932 ...
[09/07 23:27:36] [TEST] Processing batch 561/18932 ...
[09/07 23:27:36] [TEST] Processing batch 562/18932 ...
[09/07 23:27:36] [TEST] Processing batch 563/18932 ...
[09/07 23:27:36] [TEST] Processing batch 564/18932 ...
[09/07 23:27:36] [TEST] Processing batch 565/18932 ...
[09/07 23:27:36] [TEST] Processing batch 566/18932 ...
[09/07 23:27:36] [TEST] Processing batch 567/18932 ...
[09/07 23:27:37] [TEST] Processing batch 568/18932 ...
[09/07 23:27:37] [TEST] Processing batch 569/18932 ...
[09/07 23:27:37] [TEST] Processing batch 570/18932 ...
[09/07 23:27:37] [TEST] Processing batch 571/18932 ...
[09/07 23:27:37] [TEST] Processing batch 572/18932 ...
[09/07 23:27:37] [TEST] Processing batch 573/18932 ...
[09/07 23:27:37] [TEST] Processing batch 574/18932 ...
[09/07 23:27:37] [TEST] Processing batch 575/18932 ...
[09/07 23:27:37] [TEST] Processing batch 576/18932 ...
[09/07 23:27:37] [TEST] Processing batch 577/18932 ...
[09/07 23:27:37] [TEST] Processing batch 578/18932 ...
[09/07 23:27:37] [TEST] Processing batch 579/18932 ...
[09/07 23:27:37] [TEST] Processing batch 580/18932 ...
[09/07 23:27:37] [TEST] Processing batch 581/18932 ...
[09/07 23:27:37] [TEST] Processing batch 582/18932 ...
[09/07 23:27:37] [TEST] Processing batch 583/18932 ...
[09/07 23:27:37] [TEST] Processing batch 584/18932 ...
[09/07 23:27:37] [TEST] Processing batch 585/18932 ...
[09/07 23:27:38] [TEST] Processing batch 586/18932 ...
[09/07 23:27:38] [TEST] Processing batch 587/18932 ...
[09/07 23:27:38] [TEST] Processing batch 588/18932 ...
[09/07 23:27:38] [TEST] Processing batch 589/18932 ...
[09/07 23:27:38] [TEST] Processing batch 590/18932 ...
[09/07 23:27:38] [TEST] Processing batch 591/18932 ...
[09/07 23:27:38] [TEST] Processing batch 592/18932 ...
[09/07 23:27:38] [TEST] Processing batch 593/18932 ...
[09/07 23:27:38] [TEST] Processing batch 594/18932 ...
[09/07 23:27:38] [TEST] Processing batch 595/18932 ...
[09/07 23:27:38] [TEST] Processing batch 596/18932 ...
[09/07 23:27:38] [TEST] Processing batch 597/18932 ...
[09/07 23:27:38] [TEST] Processing batch 598/18932 ...
[09/07 23:27:38] [TEST] Processing batch 599/18932 ...
[09/07 23:27:38] [TEST] Processing batch 600/18932 ...
[09/07 23:27:38] [TEST] Processing batch 601/18932 ...
[09/07 23:27:38] [TEST] Processing batch 602/18932 ...
[09/07 23:27:38] [TEST] Processing batch 603/18932 ...
[09/07 23:27:38] [TEST] Processing batch 604/18932 ...
[09/07 23:27:39] [TEST] Processing batch 605/18932 ...
[09/07 23:27:39] [TEST] Processing batch 606/18932 ...
[09/07 23:27:39] [TEST] Processing batch 607/18932 ...
[09/07 23:27:39] [TEST] Processing batch 608/18932 ...
[09/07 23:27:39] [TEST] Processing batch 609/18932 ...
[09/07 23:27:39] [TEST] Processing batch 610/18932 ...
[09/07 23:27:39] [TEST] Processing batch 611/18932 ...
[09/07 23:27:39] [TEST] Processing batch 612/18932 ...
[09/07 23:27:39] [TEST] Processing batch 613/18932 ...
[09/07 23:27:39] [TEST] Processing batch 614/18932 ...
[09/07 23:27:39] [TEST] Processing batch 615/18932 ...
[09/07 23:27:39] [TEST] Processing batch 616/18932 ...
[09/07 23:27:39] [TEST] Processing batch 617/18932 ...
[09/07 23:27:39] [TEST] Processing batch 618/18932 ...
[09/07 23:27:39] [TEST] Processing batch 619/18932 ...
[09/07 23:27:39] [TEST] Processing batch 620/18932 ...
[09/07 23:27:39] [TEST] Processing batch 621/18932 ...
[09/07 23:27:39] [TEST] Processing batch 622/18932 ...
[09/07 23:27:39] [TEST] Processing batch 623/18932 ...
[09/07 23:27:40] [TEST] Processing batch 624/18932 ...
[09/07 23:27:40] [TEST] Processing batch 625/18932 ...
[09/07 23:27:40] [TEST] Processing batch 626/18932 ...
[09/07 23:27:40] [TEST] Processing batch 627/18932 ...
[09/07 23:27:40] [TEST] Processing batch 628/18932 ...
[09/07 23:27:40] [TEST] Processing batch 629/18932 ...
[09/07 23:27:40] [TEST] Processing batch 630/18932 ...
[09/07 23:27:40] [TEST] Processing batch 631/18932 ...
[09/07 23:27:40] [TEST] Processing batch 632/18932 ...
[09/07 23:27:40] [TEST] Processing batch 633/18932 ...
[09/07 23:27:40] [TEST] Processing batch 634/18932 ...
[09/07 23:27:40] [TEST] Processing batch 635/18932 ...
[09/07 23:27:40] [TEST] Processing batch 636/18932 ...
[09/07 23:27:40] [TEST] Processing batch 637/18932 ...
[09/07 23:27:40] [TEST] Processing batch 638/18932 ...
[09/07 23:27:40] [TEST] Processing batch 639/18932 ...
[09/07 23:27:40] [TEST] Processing batch 640/18932 ...
[09/07 23:27:40] [TEST] Processing batch 641/18932 ...
[09/07 23:27:41] [TEST] Processing batch 642/18932 ...
[09/07 23:27:41] [TEST] Processing batch 643/18932 ...
[09/07 23:27:41] [TEST] Processing batch 644/18932 ...
[09/07 23:27:41] [TEST] Processing batch 645/18932 ...
[09/07 23:27:41] [TEST] Processing batch 646/18932 ...
[09/07 23:27:41] [TEST] Processing batch 647/18932 ...
[09/07 23:27:41] [TEST] Processing batch 648/18932 ...
[09/07 23:27:41] [TEST] Processing batch 649/18932 ...
[09/07 23:27:41] [TEST] Processing batch 650/18932 ...
[09/07 23:27:41] [TEST] Processing batch 651/18932 ...
[09/07 23:27:41] [TEST] Processing batch 652/18932 ...
[09/07 23:27:41] [TEST] Processing batch 653/18932 ...
[09/07 23:27:41] [TEST] Processing batch 654/18932 ...
[09/07 23:27:41] [TEST] Processing batch 655/18932 ...
[09/07 23:27:41] [TEST] Processing batch 656/18932 ...
[09/07 23:27:41] [TEST] Processing batch 657/18932 ...
[09/07 23:27:41] [TEST] Processing batch 658/18932 ...
[09/07 23:27:41] [TEST] Processing batch 659/18932 ...
[09/07 23:27:42] [TEST] Processing batch 660/18932 ...
[09/07 23:27:42] [TEST] Processing batch 661/18932 ...
[09/07 23:27:42] [TEST] Processing batch 662/18932 ...
[09/07 23:27:42] [TEST] Processing batch 663/18932 ...
[09/07 23:27:42] [TEST] Processing batch 664/18932 ...
[09/07 23:27:42] [TEST] Processing batch 665/18932 ...
[09/07 23:27:42] [TEST] Processing batch 666/18932 ...
[09/07 23:27:42] [TEST] Processing batch 667/18932 ...
[09/07 23:27:42] [TEST] Processing batch 668/18932 ...
[09/07 23:27:42] [TEST] Processing batch 669/18932 ...
[09/07 23:27:42] [TEST] Processing batch 670/18932 ...
[09/07 23:27:42] [TEST] Processing batch 671/18932 ...
[09/07 23:27:42] [TEST] Processing batch 672/18932 ...
[09/07 23:27:42] [TEST] Processing batch 673/18932 ...
[09/07 23:27:42] [TEST] Processing batch 674/18932 ...
[09/07 23:27:42] [TEST] Processing batch 675/18932 ...
[09/07 23:27:42] [TEST] Processing batch 676/18932 ...
[09/07 23:27:42] [TEST] Processing batch 677/18932 ...
[09/07 23:27:42] [TEST] Processing batch 678/18932 ...
[09/07 23:27:43] [TEST] Processing batch 679/18932 ...
[09/07 23:27:43] [TEST] Processing batch 680/18932 ...
[09/07 23:27:43] [TEST] Processing batch 681/18932 ...
[09/07 23:27:43] [TEST] Processing batch 682/18932 ...
[09/07 23:27:43] [TEST] Processing batch 683/18932 ...
[09/07 23:27:43] [TEST] Processing batch 684/18932 ...
[09/07 23:27:43] [TEST] Processing batch 685/18932 ...
[09/07 23:27:43] [TEST] Processing batch 686/18932 ...
[09/07 23:27:43] [TEST] Processing batch 687/18932 ...
[09/07 23:27:43] [TEST] Processing batch 688/18932 ...
[09/07 23:27:43] [TEST] Processing batch 689/18932 ...
[09/07 23:27:43] [TEST] Processing batch 690/18932 ...
[09/07 23:27:43] [TEST] Processing batch 691/18932 ...
[09/07 23:27:43] [TEST] Processing batch 692/18932 ...
[09/07 23:27:43] [TEST] Processing batch 693/18932 ...
[09/07 23:27:43] [TEST] Processing batch 694/18932 ...
[09/07 23:27:43] [TEST] Processing batch 695/18932 ...
[09/07 23:27:43] [TEST] Processing batch 696/18932 ...
[09/07 23:27:44] [TEST] Processing batch 697/18932 ...
[09/07 23:27:44] [TEST] Processing batch 698/18932 ...
[09/07 23:27:44] [TEST] Processing batch 699/18932 ...
[09/07 23:27:44] [TEST] Processing batch 700/18932 ...
[09/07 23:27:44] [TEST] Processing batch 701/18932 ...
[09/07 23:27:44] [TEST] Processing batch 702/18932 ...
[09/07 23:27:44] [TEST] Processing batch 703/18932 ...
[09/07 23:27:44] [TEST] Processing batch 704/18932 ...
[09/07 23:27:44] [TEST] Processing batch 705/18932 ...
[09/07 23:27:44] [TEST] Processing batch 706/18932 ...
[09/07 23:27:44] [TEST] Processing batch 707/18932 ...
[09/07 23:27:44] [TEST] Processing batch 708/18932 ...
[09/07 23:27:44] [TEST] Processing batch 709/18932 ...
[09/07 23:27:44] [TEST] Processing batch 710/18932 ...
[09/07 23:27:44] [TEST] Processing batch 711/18932 ...
[09/07 23:27:44] [TEST] Processing batch 712/18932 ...
[09/07 23:27:44] [TEST] Processing batch 713/18932 ...
[09/07 23:27:44] [TEST] Processing batch 714/18932 ...
[09/07 23:27:45] [TEST] Processing batch 715/18932 ...
[09/07 23:27:45] [TEST] Processing batch 716/18932 ...
[09/07 23:27:45] [TEST] Processing batch 717/18932 ...
[09/07 23:27:45] [TEST] Processing batch 718/18932 ...
[09/07 23:27:45] [TEST] Processing batch 719/18932 ...
[09/07 23:27:45] [TEST] Processing batch 720/18932 ...
[09/07 23:27:45] [TEST] Processing batch 721/18932 ...
[09/07 23:27:45] [TEST] Processing batch 722/18932 ...
[09/07 23:27:45] [TEST] Processing batch 723/18932 ...
[09/07 23:27:45] [TEST] Processing batch 724/18932 ...
[09/07 23:27:45] [TEST] Processing batch 725/18932 ...
[09/07 23:27:45] [TEST] Processing batch 726/18932 ...
[09/07 23:27:45] [TEST] Processing batch 727/18932 ...
[09/07 23:27:45] [TEST] Processing batch 728/18932 ...
[09/07 23:27:45] [TEST] Processing batch 729/18932 ...
[09/07 23:27:45] [TEST] Processing batch 730/18932 ...
[09/07 23:27:45] [TEST] Processing batch 731/18932 ...
[09/07 23:27:45] [TEST] Processing batch 732/18932 ...
[09/07 23:27:45] [TEST] Processing batch 733/18932 ...
[09/07 23:27:46] [TEST] Processing batch 734/18932 ...
[09/07 23:27:46] [TEST] Processing batch 735/18932 ...
[09/07 23:27:46] [TEST] Processing batch 736/18932 ...
[09/07 23:27:46] [TEST] Processing batch 737/18932 ...
[09/07 23:27:46] [TEST] Processing batch 738/18932 ...
[09/07 23:27:46] [TEST] Processing batch 739/18932 ...
[09/07 23:27:46] [TEST] Processing batch 740/18932 ...
[09/07 23:27:46] [TEST] Processing batch 741/18932 ...
[09/07 23:27:46] [TEST] Processing batch 742/18932 ...
[09/07 23:27:46] [TEST] Processing batch 743/18932 ...
[09/07 23:27:46] [TEST] Processing batch 744/18932 ...
[09/07 23:27:46] [TEST] Processing batch 745/18932 ...
[09/07 23:27:46] [TEST] Processing batch 746/18932 ...
[09/07 23:27:46] [TEST] Processing batch 747/18932 ...
[09/07 23:27:46] [TEST] Processing batch 748/18932 ...
[09/07 23:27:46] [TEST] Processing batch 749/18932 ...
[09/07 23:27:46] [TEST] Processing batch 750/18932 ...
[09/07 23:27:46] [TEST] Processing batch 751/18932 ...
[09/07 23:27:47] [TEST] Processing batch 752/18932 ...
[09/07 23:27:47] [TEST] Processing batch 753/18932 ...
[09/07 23:27:47] [TEST] Processing batch 754/18932 ...
[09/07 23:27:47] [TEST] Processing batch 755/18932 ...
[09/07 23:27:47] [TEST] Processing batch 756/18932 ...
[09/07 23:27:47] [TEST] Processing batch 757/18932 ...
[09/07 23:27:47] [TEST] Processing batch 758/18932 ...
[09/07 23:27:47] [TEST] Processing batch 759/18932 ...
[09/07 23:27:47] [TEST] Processing batch 760/18932 ...
[09/07 23:27:47] [TEST] Processing batch 761/18932 ...
[09/07 23:27:47] [TEST] Processing batch 762/18932 ...
[09/07 23:27:47] [TEST] Processing batch 763/18932 ...
[09/07 23:27:47] [TEST] Processing batch 764/18932 ...
[09/07 23:27:47] [TEST] Processing batch 765/18932 ...
[09/07 23:27:47] [TEST] Processing batch 766/18932 ...
[09/07 23:27:47] [TEST] Processing batch 767/18932 ...
[09/07 23:27:47] [TEST] Processing batch 768/18932 ...
[09/07 23:27:47] [TEST] Processing batch 769/18932 ...
[09/07 23:27:47] [TEST] Processing batch 770/18932 ...
[09/07 23:27:48] [TEST] Processing batch 771/18932 ...
[09/07 23:27:48] [TEST] Processing batch 772/18932 ...
[09/07 23:27:48] [TEST] Processing batch 773/18932 ...
[09/07 23:27:48] [TEST] Processing batch 774/18932 ...
[09/07 23:27:48] [TEST] Processing batch 775/18932 ...
[09/07 23:27:48] [TEST] Processing batch 776/18932 ...
[09/07 23:27:48] [TEST] Processing batch 777/18932 ...
[09/07 23:27:48] [TEST] Processing batch 778/18932 ...
[09/07 23:27:48] [TEST] Processing batch 779/18932 ...
[09/07 23:27:48] [TEST] Processing batch 780/18932 ...
[09/07 23:27:48] [TEST] Processing batch 781/18932 ...
[09/07 23:27:48] [TEST] Processing batch 782/18932 ...
[09/07 23:27:48] [TEST] Processing batch 783/18932 ...
[09/07 23:27:48] [TEST] Processing batch 784/18932 ...
[09/07 23:27:48] [TEST] Processing batch 785/18932 ...
[09/07 23:27:48] [TEST] Processing batch 786/18932 ...
[09/07 23:27:48] [TEST] Processing batch 787/18932 ...
[09/07 23:27:48] [TEST] Processing batch 788/18932 ...
[09/07 23:27:49] [TEST] Processing batch 789/18932 ...
[09/07 23:27:49] [TEST] Processing batch 790/18932 ...
[09/07 23:27:49] [TEST] Processing batch 791/18932 ...
[09/07 23:27:49] [TEST] Processing batch 792/18932 ...
[09/07 23:27:49] [TEST] Processing batch 793/18932 ...
[09/07 23:27:49] [TEST] Processing batch 794/18932 ...
[09/07 23:27:49] [TEST] Processing batch 795/18932 ...
[09/07 23:27:49] [TEST] Processing batch 796/18932 ...
[09/07 23:27:49] [TEST] Processing batch 797/18932 ...
[09/07 23:27:49] [TEST] Processing batch 798/18932 ...
[09/07 23:27:49] [TEST] Processing batch 799/18932 ...
[09/07 23:27:49] [TEST] Processing batch 800/18932 ...
[09/07 23:27:49] [TEST] Processing batch 801/18932 ...
[09/07 23:27:49] [TEST] Processing batch 802/18932 ...
[09/07 23:27:49] [TEST] Processing batch 803/18932 ...
[09/07 23:27:49] [TEST] Processing batch 804/18932 ...
[09/07 23:27:49] [TEST] Processing batch 805/18932 ...
[09/07 23:27:49] [TEST] Processing batch 806/18932 ...
[09/07 23:27:50] [TEST] Processing batch 807/18932 ...
[09/07 23:27:50] [TEST] Processing batch 808/18932 ...
[09/07 23:27:50] [TEST] Processing batch 809/18932 ...
[09/07 23:27:50] [TEST] Processing batch 810/18932 ...
[09/07 23:27:50] [TEST] Processing batch 811/18932 ...
[09/07 23:27:50] [TEST] Processing batch 812/18932 ...
[09/07 23:27:50] [TEST] Processing batch 813/18932 ...
[09/07 23:27:50] [TEST] Processing batch 814/18932 ...
[09/07 23:27:50] [TEST] Processing batch 815/18932 ...
[09/07 23:27:50] [TEST] Processing batch 816/18932 ...
[09/07 23:27:50] [TEST] Processing batch 817/18932 ...
[09/07 23:27:50] [TEST] Processing batch 818/18932 ...
[09/07 23:27:50] [TEST] Processing batch 819/18932 ...
[09/07 23:27:50] [TEST] Processing batch 820/18932 ...
[09/07 23:27:50] [TEST] Processing batch 821/18932 ...
[09/07 23:27:50] [TEST] Processing batch 822/18932 ...
[09/07 23:27:50] [TEST] Processing batch 823/18932 ...
[09/07 23:27:50] [TEST] Processing batch 824/18932 ...
[09/07 23:27:51] [TEST] Processing batch 825/18932 ...
[09/07 23:27:51] [TEST] Processing batch 826/18932 ...
[09/07 23:27:51] [TEST] Processing batch 827/18932 ...
[09/07 23:27:51] [TEST] Processing batch 828/18932 ...
[09/07 23:27:51] [TEST] Processing batch 829/18932 ...
[09/07 23:27:51] [TEST] Processing batch 830/18932 ...
[09/07 23:27:51] [TEST] Processing batch 831/18932 ...
[09/07 23:27:51] [TEST] Processing batch 832/18932 ...
[09/07 23:27:51] [TEST] Processing batch 833/18932 ...
[09/07 23:27:51] [TEST] Processing batch 834/18932 ...
[09/07 23:27:51] [TEST] Processing batch 835/18932 ...
[09/07 23:27:51] [TEST] Processing batch 836/18932 ...
[09/07 23:27:51] [TEST] Processing batch 837/18932 ...
[09/07 23:27:51] [TEST] Processing batch 838/18932 ...
[09/07 23:27:51] [TEST] Processing batch 839/18932 ...
[09/07 23:27:51] [TEST] Processing batch 840/18932 ...
[09/07 23:27:51] [TEST] Processing batch 841/18932 ...
[09/07 23:27:51] [TEST] Processing batch 842/18932 ...
[09/07 23:27:52] [TEST] Processing batch 843/18932 ...
[09/07 23:27:52] [TEST] Processing batch 844/18932 ...
[09/07 23:27:52] [TEST] Processing batch 845/18932 ...
[09/07 23:27:52] [TEST] Processing batch 846/18932 ...
[09/07 23:27:52] [TEST] Processing batch 847/18932 ...
[09/07 23:27:52] [TEST] Processing batch 848/18932 ...
[09/07 23:27:52] [TEST] Processing batch 849/18932 ...
[09/07 23:27:52] [TEST] Processing batch 850/18932 ...
[09/07 23:27:52] [TEST] Processing batch 851/18932 ...
[09/07 23:27:52] [TEST] Processing batch 852/18932 ...
[09/07 23:27:52] [TEST] Processing batch 853/18932 ...
[09/07 23:27:52] [TEST] Processing batch 854/18932 ...
[09/07 23:27:52] [TEST] Processing batch 855/18932 ...
[09/07 23:27:52] [TEST] Processing batch 856/18932 ...
[09/07 23:27:52] [TEST] Processing batch 857/18932 ...
[09/07 23:27:52] [TEST] Processing batch 858/18932 ...
[09/07 23:27:52] [TEST] Processing batch 859/18932 ...
[09/07 23:27:52] [TEST] Processing batch 860/18932 ...
[09/07 23:27:52] [TEST] Processing batch 861/18932 ...
[09/07 23:27:53] [TEST] Processing batch 862/18932 ...
[09/07 23:27:53] [TEST] Processing batch 863/18932 ...
[09/07 23:27:53] [TEST] Processing batch 864/18932 ...
[09/07 23:27:53] [TEST] Processing batch 865/18932 ...
[09/07 23:27:53] [TEST] Processing batch 866/18932 ...
[09/07 23:27:53] [TEST] Processing batch 867/18932 ...
[09/07 23:27:53] [TEST] Processing batch 868/18932 ...
[09/07 23:27:53] [TEST] Processing batch 869/18932 ...
[09/07 23:27:53] [TEST] Processing batch 870/18932 ...
[09/07 23:27:53] [TEST] Processing batch 871/18932 ...
[09/07 23:27:53] [TEST] Processing batch 872/18932 ...
[09/07 23:27:53] [TEST] Processing batch 873/18932 ...
[09/07 23:27:53] [TEST] Processing batch 874/18932 ...
[09/07 23:27:53] [TEST] Processing batch 875/18932 ...
[09/07 23:27:53] [TEST] Processing batch 876/18932 ...
[09/07 23:27:53] [TEST] Processing batch 877/18932 ...
[09/07 23:27:53] [TEST] Processing batch 878/18932 ...
[09/07 23:27:53] [TEST] Processing batch 879/18932 ...
[09/07 23:27:54] [TEST] Processing batch 880/18932 ...
[09/07 23:27:54] [TEST] Processing batch 881/18932 ...
[09/07 23:27:54] [TEST] Processing batch 882/18932 ...
[09/07 23:27:54] [TEST] Processing batch 883/18932 ...
[09/07 23:27:54] [TEST] Processing batch 884/18932 ...
[09/07 23:27:54] [TEST] Processing batch 885/18932 ...
[09/07 23:27:54] [TEST] Processing batch 886/18932 ...
[09/07 23:27:54] [TEST] Processing batch 887/18932 ...
[09/07 23:27:54] [TEST] Processing batch 888/18932 ...
[09/07 23:27:54] [TEST] Processing batch 889/18932 ...
[09/07 23:27:54] [TEST] Processing batch 890/18932 ...
[09/07 23:27:54] [TEST] Processing batch 891/18932 ...
[09/07 23:27:54] [TEST] Processing batch 892/18932 ...
[09/07 23:27:54] [TEST] Processing batch 893/18932 ...
[09/07 23:27:54] [TEST] Processing batch 894/18932 ...
[09/07 23:27:54] [TEST] Processing batch 895/18932 ...
[09/07 23:27:54] [TEST] Processing batch 896/18932 ...
[09/07 23:27:54] [TEST] Processing batch 897/18932 ...
[09/07 23:27:54] [TEST] Processing batch 898/18932 ...
[09/07 23:27:55] [TEST] Processing batch 899/18932 ...
[09/07 23:27:55] [TEST] Processing batch 900/18932 ...
[09/07 23:27:55] [TEST] Processing batch 901/18932 ...
[09/07 23:27:55] [TEST] Processing batch 902/18932 ...
[09/07 23:27:55] [TEST] Processing batch 903/18932 ...
[09/07 23:27:55] [TEST] Processing batch 904/18932 ...
[09/07 23:27:55] [TEST] Processing batch 905/18932 ...
[09/07 23:27:55] [TEST] Processing batch 906/18932 ...
[09/07 23:27:55] [TEST] Processing batch 907/18932 ...
[09/07 23:27:55] [TEST] Processing batch 908/18932 ...
[09/07 23:27:55] [TEST] Processing batch 909/18932 ...
[09/07 23:27:55] [TEST] Processing batch 910/18932 ...
[09/07 23:27:55] [TEST] Processing batch 911/18932 ...
[09/07 23:27:55] [TEST] Processing batch 912/18932 ...
[09/07 23:27:55] [TEST] Processing batch 913/18932 ...
[09/07 23:27:55] [TEST] Processing batch 914/18932 ...
[09/07 23:27:55] [TEST] Processing batch 915/18932 ...
[09/07 23:27:55] [TEST] Processing batch 916/18932 ...
[09/07 23:27:55] [TEST] Processing batch 917/18932 ...
[09/07 23:27:56] [TEST] Processing batch 918/18932 ...
[09/07 23:27:56] [TEST] Processing batch 919/18932 ...
[09/07 23:27:56] [TEST] Processing batch 920/18932 ...
[09/07 23:27:56] [TEST] Processing batch 921/18932 ...
[09/07 23:27:56] [TEST] Processing batch 922/18932 ...
[09/07 23:27:56] [TEST] Processing batch 923/18932 ...
[09/07 23:27:56] [TEST] Processing batch 924/18932 ...
[09/07 23:27:56] [TEST] Processing batch 925/18932 ...
[09/07 23:27:56] [TEST] Processing batch 926/18932 ...
[09/07 23:27:56] [TEST] Processing batch 927/18932 ...
[09/07 23:27:56] [TEST] Processing batch 928/18932 ...
[09/07 23:27:56] [TEST] Processing batch 929/18932 ...
[09/07 23:27:56] [TEST] Processing batch 930/18932 ...
[09/07 23:27:56] [TEST] Processing batch 931/18932 ...
[09/07 23:27:56] [TEST] Processing batch 932/18932 ...
[09/07 23:27:56] [TEST] Processing batch 933/18932 ...
[09/07 23:27:56] [TEST] Processing batch 934/18932 ...
[09/07 23:27:57] [TEST] Processing batch 935/18932 ...
[09/07 23:27:57] [TEST] Processing batch 936/18932 ...
[09/07 23:27:57] [TEST] Processing batch 937/18932 ...
[09/07 23:27:57] [TEST] Processing batch 938/18932 ...
[09/07 23:27:57] [TEST] Processing batch 939/18932 ...
[09/07 23:27:57] [TEST] Processing batch 940/18932 ...
[09/07 23:27:57] [TEST] Processing batch 941/18932 ...
[09/07 23:27:57] [TEST] Processing batch 942/18932 ...
[09/07 23:27:57] [TEST] Processing batch 943/18932 ...
[09/07 23:27:57] [TEST] Processing batch 944/18932 ...
[09/07 23:27:57] [TEST] Processing batch 945/18932 ...
[09/07 23:27:57] [TEST] Processing batch 946/18932 ...
[09/07 23:27:57] [TEST] Processing batch 947/18932 ...
[09/07 23:27:57] [TEST] Processing batch 948/18932 ...
[09/07 23:27:57] [TEST] Processing batch 949/18932 ...
[09/07 23:27:57] [TEST] Processing batch 950/18932 ...
[09/07 23:27:57] [TEST] Processing batch 951/18932 ...
[09/07 23:27:58] [TEST] Processing batch 952/18932 ...
[09/07 23:27:58] [TEST] Processing batch 953/18932 ...
[09/07 23:27:58] [TEST] Processing batch 954/18932 ...
[09/07 23:27:58] [TEST] Processing batch 955/18932 ...
[09/07 23:27:58] [TEST] Processing batch 956/18932 ...
[09/07 23:27:58] [TEST] Processing batch 957/18932 ...
[09/07 23:27:58] [TEST] Processing batch 958/18932 ...
[09/07 23:27:58] [TEST] Processing batch 959/18932 ...
[09/07 23:27:58] [TEST] Processing batch 960/18932 ...
[09/07 23:27:58] [TEST] Processing batch 961/18932 ...
[09/07 23:27:58] [TEST] Processing batch 962/18932 ...
[09/07 23:27:58] [TEST] Processing batch 963/18932 ...
[09/07 23:27:58] [TEST] Processing batch 964/18932 ...
[09/07 23:27:58] [TEST] Processing batch 965/18932 ...
[09/07 23:27:58] [TEST] Processing batch 966/18932 ...
[09/07 23:27:58] [TEST] Processing batch 967/18932 ...
[09/07 23:27:58] [TEST] Processing batch 968/18932 ...
[09/07 23:27:59] [TEST] Processing batch 969/18932 ...
[09/07 23:27:59] [TEST] Processing batch 970/18932 ...
[09/07 23:27:59] [TEST] Processing batch 971/18932 ...
[09/07 23:27:59] [TEST] Processing batch 972/18932 ...
[09/07 23:27:59] [TEST] Processing batch 973/18932 ...
[09/07 23:27:59] [TEST] Processing batch 974/18932 ...
[09/07 23:27:59] [TEST] Processing batch 975/18932 ...
[09/07 23:27:59] [TEST] Processing batch 976/18932 ...
[09/07 23:27:59] [TEST] Processing batch 977/18932 ...
[09/07 23:27:59] [TEST] Processing batch 978/18932 ...
[09/07 23:27:59] [TEST] Processing batch 979/18932 ...
[09/07 23:27:59] [TEST] Processing batch 980/18932 ...
[09/07 23:27:59] [TEST] Processing batch 981/18932 ...
[09/07 23:27:59] [TEST] Processing batch 982/18932 ...
[09/07 23:27:59] [TEST] Processing batch 983/18932 ...
[09/07 23:27:59] [TEST] Processing batch 984/18932 ...
[09/07 23:28:00] [TEST] Processing batch 985/18932 ...
[09/07 23:28:00] [TEST] Processing batch 986/18932 ...
[09/07 23:28:00] [TEST] Processing batch 987/18932 ...
[09/07 23:28:00] [TEST] Processing batch 988/18932 ...
[09/07 23:28:00] [TEST] Processing batch 989/18932 ...
[09/07 23:28:00] [TEST] Processing batch 990/18932 ...
[09/07 23:28:00] [TEST] Processing batch 991/18932 ...
[09/07 23:28:00] [TEST] Processing batch 992/18932 ...
[09/07 23:28:00] [TEST] Processing batch 993/18932 ...
[09/07 23:28:00] [TEST] Processing batch 994/18932 ...
[09/07 23:28:00] [TEST] Processing batch 995/18932 ...
[09/07 23:28:00] [TEST] Processing batch 996/18932 ...
[09/07 23:28:00] [TEST] Processing batch 997/18932 ...
[09/07 23:28:00] [TEST] Processing batch 998/18932 ...
[09/07 23:28:00] [TEST] Processing batch 999/18932 ...
[09/07 23:28:00] [TEST] Processing batch 1000/18932 ...
[09/07 23:28:00] [TEST] Processing batch 1001/18932 ...
[09/07 23:28:01] [TEST] Processing batch 1002/18932 ...
[09/07 23:28:01] [TEST] Processing batch 1003/18932 ...
[09/07 23:28:01] [TEST] Processing batch 1004/18932 ...
[09/07 23:28:01] [TEST] Processing batch 1005/18932 ...
[09/07 23:28:01] [TEST] Processing batch 1006/18932 ...
[09/07 23:28:01] [TEST] Processing batch 1007/18932 ...
[09/07 23:28:01] [TEST] Processing batch 1008/18932 ...
[09/07 23:28:01] [TEST] Processing batch 1009/18932 ...
[09/07 23:28:01] [TEST] Processing batch 1010/18932 ...
[09/07 23:28:01] [TEST] Processing batch 1011/18932 ...
[09/07 23:28:01] [TEST] Processing batch 1012/18932 ...
[09/07 23:28:01] [TEST] Processing batch 1013/18932 ...
[09/07 23:28:01] [TEST] Processing batch 1014/18932 ...
[09/07 23:28:01] [TEST] Processing batch 1015/18932 ...
[09/07 23:28:01] [TEST] Processing batch 1016/18932 ...
[09/07 23:28:01] [TEST] Processing batch 1017/18932 ...
[09/07 23:28:02] [TEST] Processing batch 1018/18932 ...
[09/07 23:28:02] [TEST] Processing batch 1019/18932 ...
[09/07 23:28:02] [TEST] Processing batch 1020/18932 ...
[09/07 23:28:02] [TEST] Processing batch 1021/18932 ...
[09/07 23:28:02] [TEST] Processing batch 1022/18932 ...
[09/07 23:28:02] [TEST] Processing batch 1023/18932 ...
[09/07 23:28:02] [TEST] Processing batch 1024/18932 ...
[09/07 23:28:02] [TEST] Processing batch 1025/18932 ...
[09/07 23:28:02] [TEST] Processing batch 1026/18932 ...
[09/07 23:28:02] [TEST] Processing batch 1027/18932 ...
[09/07 23:28:02] [TEST] Processing batch 1028/18932 ...
[09/07 23:28:02] [TEST] Processing batch 1029/18932 ...
[09/07 23:28:02] [TEST] Processing batch 1030/18932 ...
[09/07 23:28:02] [TEST] Processing batch 1031/18932 ...
[09/07 23:28:02] [TEST] Processing batch 1032/18932 ...
[09/07 23:28:03] [TEST] Processing batch 1033/18932 ...
[09/07 23:28:03] [TEST] Processing batch 1034/18932 ...
[09/07 23:28:03] [TEST] Processing batch 1035/18932 ...
[09/07 23:28:03] [TEST] Processing batch 1036/18932 ...
[09/07 23:28:03] [TEST] Processing batch 1037/18932 ...
[09/07 23:28:03] [TEST] Processing batch 1038/18932 ...
[09/07 23:28:03] [TEST] Processing batch 1039/18932 ...
[09/07 23:28:03] [TEST] Processing batch 1040/18932 ...
[09/07 23:28:03] [TEST] Processing batch 1041/18932 ...
[09/07 23:28:03] [TEST] Processing batch 1042/18932 ...
[09/07 23:28:03] [TEST] Processing batch 1043/18932 ...
[09/07 23:28:03] [TEST] Processing batch 1044/18932 ...
[09/07 23:28:03] [TEST] Processing batch 1045/18932 ...
[09/07 23:28:03] [TEST] Processing batch 1046/18932 ...
[09/07 23:28:03] [TEST] Processing batch 1047/18932 ...
[09/07 23:28:03] [TEST] Processing batch 1048/18932 ...
[09/07 23:28:04] [TEST] Processing batch 1049/18932 ...
[09/07 23:28:04] [TEST] Processing batch 1050/18932 ...
[09/07 23:28:04] [TEST] Processing batch 1051/18932 ...
[09/07 23:28:04] [TEST] Processing batch 1052/18932 ...
[09/07 23:28:04] [TEST] Processing batch 1053/18932 ...
[09/07 23:28:04] [TEST] Processing batch 1054/18932 ...
[09/07 23:28:04] [TEST] Processing batch 1055/18932 ...
[09/07 23:28:04] [TEST] Processing batch 1056/18932 ...
[09/07 23:28:04] [TEST] Processing batch 1057/18932 ...
[09/07 23:28:04] [TEST] Processing batch 1058/18932 ...
[09/07 23:28:04] [TEST] Processing batch 1059/18932 ...
[09/07 23:28:04] [TEST] Processing batch 1060/18932 ...
[09/07 23:28:04] [TEST] Processing batch 1061/18932 ...
[09/07 23:28:04] [TEST] Processing batch 1062/18932 ...
[09/07 23:28:04] [TEST] Processing batch 1063/18932 ...
[09/07 23:28:04] [TEST] Processing batch 1064/18932 ...
[09/07 23:28:04] [TEST] Processing batch 1065/18932 ...
[09/07 23:28:05] [TEST] Processing batch 1066/18932 ...
[09/07 23:28:05] [TEST] Processing batch 1067/18932 ...
[09/07 23:28:05] [TEST] Processing batch 1068/18932 ...
[09/07 23:28:05] [TEST] Processing batch 1069/18932 ...
[09/07 23:28:05] [TEST] Processing batch 1070/18932 ...
[09/07 23:28:05] [TEST] Processing batch 1071/18932 ...
[09/07 23:28:05] [TEST] Processing batch 1072/18932 ...
[09/07 23:28:05] [TEST] Processing batch 1073/18932 ...
[09/07 23:28:05] [TEST] Processing batch 1074/18932 ...
[09/07 23:28:05] [TEST] Processing batch 1075/18932 ...
[09/07 23:28:05] [TEST] Processing batch 1076/18932 ...
[09/07 23:28:05] [TEST] Processing batch 1077/18932 ...
[09/07 23:28:05] [TEST] Processing batch 1078/18932 ...
[09/07 23:28:05] [TEST] Processing batch 1079/18932 ...
[09/07 23:28:05] [TEST] Processing batch 1080/18932 ...
[09/07 23:28:05] [TEST] Processing batch 1081/18932 ...
[09/07 23:28:05] [TEST] Processing batch 1082/18932 ...
[09/07 23:28:06] [TEST] Processing batch 1083/18932 ...
[09/07 23:28:06] [TEST] Processing batch 1084/18932 ...
[09/07 23:28:06] [TEST] Processing batch 1085/18932 ...
[09/07 23:28:06] [TEST] Processing batch 1086/18932 ...
[09/07 23:28:06] [TEST] Processing batch 1087/18932 ...
[09/07 23:28:06] [TEST] Processing batch 1088/18932 ...
[09/07 23:28:06] [TEST] Processing batch 1089/18932 ...
[09/07 23:28:06] [TEST] Processing batch 1090/18932 ...
[09/07 23:28:06] [TEST] Processing batch 1091/18932 ...
[09/07 23:28:06] [TEST] Processing batch 1092/18932 ...
[09/07 23:28:06] [TEST] Processing batch 1093/18932 ...
[09/07 23:28:06] [TEST] Processing batch 1094/18932 ...
[09/07 23:28:06] [TEST] Processing batch 1095/18932 ...
[09/07 23:28:06] [TEST] Processing batch 1096/18932 ...
[09/07 23:28:06] [TEST] Processing batch 1097/18932 ...
[09/07 23:28:06] [TEST] Processing batch 1098/18932 ...
[09/07 23:28:07] [TEST] Processing batch 1099/18932 ...
[09/07 23:28:07] [TEST] Processing batch 1100/18932 ...
[09/07 23:28:07] [TEST] Processing batch 1101/18932 ...
[09/07 23:28:07] [TEST] Processing batch 1102/18932 ...
[09/07 23:28:07] [TEST] Processing batch 1103/18932 ...
[09/07 23:28:07] [TEST] Processing batch 1104/18932 ...
[09/07 23:28:07] [TEST] Processing batch 1105/18932 ...
[09/07 23:28:07] [TEST] Processing batch 1106/18932 ...
[09/07 23:28:07] [TEST] Processing batch 1107/18932 ...
[09/07 23:28:07] [TEST] Processing batch 1108/18932 ...
[09/07 23:28:07] [TEST] Processing batch 1109/18932 ...
[09/07 23:28:07] [TEST] Processing batch 1110/18932 ...
[09/07 23:28:07] [TEST] Processing batch 1111/18932 ...
[09/07 23:28:07] [TEST] Processing batch 1112/18932 ...
[09/07 23:28:07] [TEST] Processing batch 1113/18932 ...
[09/07 23:28:07] [TEST] Processing batch 1114/18932 ...
[09/07 23:28:08] [TEST] Processing batch 1115/18932 ...
[09/07 23:28:08] [TEST] Processing batch 1116/18932 ...
[09/07 23:28:08] [TEST] Processing batch 1117/18932 ...
[09/07 23:28:08] [TEST] Processing batch 1118/18932 ...
[09/07 23:28:08] [TEST] Processing batch 1119/18932 ...
[09/07 23:28:08] [TEST] Processing batch 1120/18932 ...
[09/07 23:28:08] [TEST] Processing batch 1121/18932 ...
[09/07 23:28:08] [TEST] Processing batch 1122/18932 ...
[09/07 23:28:08] [TEST] Processing batch 1123/18932 ...
[09/07 23:28:08] [TEST] Processing batch 1124/18932 ...
[09/07 23:28:08] [TEST] Processing batch 1125/18932 ...
[09/07 23:28:08] [TEST] Processing batch 1126/18932 ...
[09/07 23:28:08] [TEST] Processing batch 1127/18932 ...
[09/07 23:28:08] [TEST] Processing batch 1128/18932 ...
[09/07 23:28:08] [TEST] Processing batch 1129/18932 ...
[09/07 23:28:08] [TEST] Processing batch 1130/18932 ...
[09/07 23:28:08] [TEST] Processing batch 1131/18932 ...
[09/07 23:28:09] [TEST] Processing batch 1132/18932 ...
[09/07 23:28:09] [TEST] Processing batch 1133/18932 ...
[09/07 23:28:09] [TEST] Processing batch 1134/18932 ...
[09/07 23:28:09] [TEST] Processing batch 1135/18932 ...
[09/07 23:28:09] [TEST] Processing batch 1136/18932 ...
[09/07 23:28:09] [TEST] Processing batch 1137/18932 ...
[09/07 23:28:09] [TEST] Processing batch 1138/18932 ...
[09/07 23:28:09] [TEST] Processing batch 1139/18932 ...
[09/07 23:28:09] [TEST] Processing batch 1140/18932 ...
[09/07 23:28:09] [TEST] Processing batch 1141/18932 ...
[09/07 23:28:09] [TEST] Processing batch 1142/18932 ...
[09/07 23:28:09] [TEST] Processing batch 1143/18932 ...
[09/07 23:28:09] [TEST] Processing batch 1144/18932 ...
[09/07 23:28:09] [TEST] Processing batch 1145/18932 ...
[09/07 23:28:09] [TEST] Processing batch 1146/18932 ...
[09/07 23:28:09] [TEST] Processing batch 1147/18932 ...
[09/07 23:28:09] [TEST] Processing batch 1148/18932 ...
[09/07 23:28:10] [TEST] Processing batch 1149/18932 ...
[09/07 23:28:10] [TEST] Processing batch 1150/18932 ...
[09/07 23:28:10] [TEST] Processing batch 1151/18932 ...
[09/07 23:28:10] [TEST] Processing batch 1152/18932 ...
[09/07 23:28:10] [TEST] Processing batch 1153/18932 ...
[09/07 23:28:10] [TEST] Processing batch 1154/18932 ...
[09/07 23:28:10] [TEST] Processing batch 1155/18932 ...
[09/07 23:28:10] [TEST] Processing batch 1156/18932 ...
[09/07 23:28:10] [TEST] Processing batch 1157/18932 ...
[09/07 23:28:10] [TEST] Processing batch 1158/18932 ...
[09/07 23:28:10] [TEST] Processing batch 1159/18932 ...
[09/07 23:28:10] [TEST] Processing batch 1160/18932 ...
[09/07 23:28:10] [TEST] Processing batch 1161/18932 ...
[09/07 23:28:10] [TEST] Processing batch 1162/18932 ...
[09/07 23:28:10] [TEST] Processing batch 1163/18932 ...
[09/07 23:28:10] [TEST] Processing batch 1164/18932 ...
[09/07 23:28:11] [TEST] Processing batch 1165/18932 ...
[09/07 23:28:11] [TEST] Processing batch 1166/18932 ...
[09/07 23:28:11] [TEST] Processing batch 1167/18932 ...
[09/07 23:28:11] [TEST] Processing batch 1168/18932 ...
[09/07 23:28:11] [TEST] Processing batch 1169/18932 ...
[09/07 23:28:11] [TEST] Processing batch 1170/18932 ...
[09/07 23:28:11] [TEST] Processing batch 1171/18932 ...
[09/07 23:28:11] [TEST] Processing batch 1172/18932 ...
[09/07 23:28:11] [TEST] Processing batch 1173/18932 ...
[09/07 23:28:11] [TEST] Processing batch 1174/18932 ...
[09/07 23:28:11] [TEST] Processing batch 1175/18932 ...
[09/07 23:28:11] [TEST] Processing batch 1176/18932 ...
[09/07 23:28:11] [TEST] Processing batch 1177/18932 ...
[09/07 23:28:11] [TEST] Processing batch 1178/18932 ...
[09/07 23:28:11] [TEST] Processing batch 1179/18932 ...
[09/07 23:28:11] [TEST] Processing batch 1180/18932 ...
[09/07 23:28:12] [TEST] Processing batch 1181/18932 ...
[09/07 23:28:12] [TEST] Processing batch 1182/18932 ...
[09/07 23:28:12] [TEST] Processing batch 1183/18932 ...
[09/07 23:28:12] [TEST] Processing batch 1184/18932 ...
[09/07 23:28:12] [TEST] Processing batch 1185/18932 ...
[09/07 23:28:12] [TEST] Processing batch 1186/18932 ...
[09/07 23:28:12] [TEST] Processing batch 1187/18932 ...
[09/07 23:28:12] [TEST] Processing batch 1188/18932 ...
[09/07 23:28:12] [TEST] Processing batch 1189/18932 ...
[09/07 23:28:12] [TEST] Processing batch 1190/18932 ...
[09/07 23:28:12] [TEST] Processing batch 1191/18932 ...
[09/07 23:28:12] [TEST] Processing batch 1192/18932 ...
[09/07 23:28:12] [TEST] Processing batch 1193/18932 ...
[09/07 23:28:12] [TEST] Processing batch 1194/18932 ...
[09/07 23:28:12] [TEST] Processing batch 1195/18932 ...
[09/07 23:28:12] [TEST] Processing batch 1196/18932 ...
[09/07 23:28:12] [TEST] Processing batch 1197/18932 ...
[09/07 23:28:13] [TEST] Processing batch 1198/18932 ...
[09/07 23:28:13] [TEST] Processing batch 1199/18932 ...
[09/07 23:28:13] [TEST] Processing batch 1200/18932 ...
[09/07 23:28:13] [TEST] Processing batch 1201/18932 ...
[09/07 23:28:13] [TEST] Processing batch 1202/18932 ...
[09/07 23:28:13] [TEST] Processing batch 1203/18932 ...
[09/07 23:28:13] [TEST] Processing batch 1204/18932 ...
[09/07 23:28:13] [TEST] Processing batch 1205/18932 ...
[09/07 23:28:13] [TEST] Processing batch 1206/18932 ...
[09/07 23:28:13] [TEST] Processing batch 1207/18932 ...
[09/07 23:28:13] [TEST] Processing batch 1208/18932 ...
[09/07 23:28:13] [TEST] Processing batch 1209/18932 ...
[09/07 23:28:13] [TEST] Processing batch 1210/18932 ...
[09/07 23:28:13] [TEST] Processing batch 1211/18932 ...
[09/07 23:28:13] [TEST] Processing batch 1212/18932 ...
[09/07 23:28:13] [TEST] Processing batch 1213/18932 ...
[09/07 23:28:14] [TEST] Processing batch 1214/18932 ...
[09/07 23:28:14] [TEST] Processing batch 1215/18932 ...
[09/07 23:28:14] [TEST] Processing batch 1216/18932 ...
[09/07 23:28:14] [TEST] Processing batch 1217/18932 ...
[09/07 23:28:14] [TEST] Processing batch 1218/18932 ...
[09/07 23:28:14] [TEST] Processing batch 1219/18932 ...
[09/07 23:28:14] [TEST] Processing batch 1220/18932 ...
[09/07 23:28:14] [TEST] Processing batch 1221/18932 ...
[09/07 23:28:14] [TEST] Processing batch 1222/18932 ...
[09/07 23:28:14] [TEST] Processing batch 1223/18932 ...
[09/07 23:28:14] [TEST] Processing batch 1224/18932 ...
[09/07 23:28:14] [TEST] Processing batch 1225/18932 ...
[09/07 23:28:14] [TEST] Processing batch 1226/18932 ...
[09/07 23:28:14] [TEST] Processing batch 1227/18932 ...
[09/07 23:28:14] [TEST] Processing batch 1228/18932 ...
[09/07 23:28:14] [TEST] Processing batch 1229/18932 ...
[09/07 23:28:14] [TEST] Processing batch 1230/18932 ...
[09/07 23:28:15] [TEST] Processing batch 1231/18932 ...
[09/07 23:28:15] [TEST] Processing batch 1232/18932 ...
[09/07 23:28:15] [TEST] Processing batch 1233/18932 ...
[09/07 23:28:15] [TEST] Processing batch 1234/18932 ...
[09/07 23:28:15] [TEST] Processing batch 1235/18932 ...
[09/07 23:28:15] [TEST] Processing batch 1236/18932 ...
[09/07 23:28:15] [TEST] Processing batch 1237/18932 ...
[09/07 23:28:15] [TEST] Processing batch 1238/18932 ...
[09/07 23:28:15] [TEST] Processing batch 1239/18932 ...
[09/07 23:28:15] [TEST] Processing batch 1240/18932 ...
[09/07 23:28:15] [TEST] Processing batch 1241/18932 ...
[09/07 23:28:15] [TEST] Processing batch 1242/18932 ...
[09/07 23:28:15] [TEST] Processing batch 1243/18932 ...
[09/07 23:28:15] [TEST] Processing batch 1244/18932 ...
[09/07 23:28:15] [TEST] Processing batch 1245/18932 ...
[09/07 23:28:15] [TEST] Processing batch 1246/18932 ...
[09/07 23:28:16] [TEST] Processing batch 1247/18932 ...
[09/07 23:28:16] [TEST] Processing batch 1248/18932 ...
[09/07 23:28:16] [TEST] Processing batch 1249/18932 ...
[09/07 23:28:16] [TEST] Processing batch 1250/18932 ...
[09/07 23:28:16] [TEST] Processing batch 1251/18932 ...
[09/07 23:28:16] [TEST] Processing batch 1252/18932 ...
[09/07 23:28:16] [TEST] Processing batch 1253/18932 ...
[09/07 23:28:16] [TEST] Processing batch 1254/18932 ...
[09/07 23:28:16] [TEST] Processing batch 1255/18932 ...
[09/07 23:28:16] [TEST] Processing batch 1256/18932 ...
[09/07 23:28:16] [TEST] Processing batch 1257/18932 ...
[09/07 23:28:16] [TEST] Processing batch 1258/18932 ...
[09/07 23:28:16] [TEST] Processing batch 1259/18932 ...
[09/07 23:28:16] [TEST] Processing batch 1260/18932 ...
[09/07 23:28:16] [TEST] Processing batch 1261/18932 ...
[09/07 23:28:16] [TEST] Processing batch 1262/18932 ...
[09/07 23:28:16] [TEST] Processing batch 1263/18932 ...
[09/07 23:28:17] [TEST] Processing batch 1264/18932 ...
[09/07 23:28:17] [TEST] Processing batch 1265/18932 ...
[09/07 23:28:17] [TEST] Processing batch 1266/18932 ...
[09/07 23:28:17] [TEST] Processing batch 1267/18932 ...
[09/07 23:28:17] [TEST] Processing batch 1268/18932 ...
[09/07 23:28:17] [TEST] Processing batch 1269/18932 ...
[09/07 23:28:17] [TEST] Processing batch 1270/18932 ...
[09/07 23:28:17] [TEST] Processing batch 1271/18932 ...
[09/07 23:28:17] [TEST] Processing batch 1272/18932 ...
[09/07 23:28:17] [TEST] Processing batch 1273/18932 ...
[09/07 23:28:17] [TEST] Processing batch 1274/18932 ...
[09/07 23:28:17] [TEST] Processing batch 1275/18932 ...
[09/07 23:28:17] [TEST] Processing batch 1276/18932 ...
[09/07 23:28:17] [TEST] Processing batch 1277/18932 ...
[09/07 23:28:17] [TEST] Processing batch 1278/18932 ...
[09/07 23:28:17] [TEST] Processing batch 1279/18932 ...
[09/07 23:28:17] [TEST] Processing batch 1280/18932 ...
[09/07 23:28:17] [TEST] Processing batch 1281/18932 ...
[09/07 23:28:17] [TEST] Processing batch 1282/18932 ...
[09/07 23:28:18] [TEST] Processing batch 1283/18932 ...
[09/07 23:28:18] [TEST] Processing batch 1284/18932 ...
[09/07 23:28:18] [TEST] Processing batch 1285/18932 ...
[09/07 23:28:18] [TEST] Processing batch 1286/18932 ...
[09/07 23:28:18] [TEST] Processing batch 1287/18932 ...
[09/07 23:28:18] [TEST] Processing batch 1288/18932 ...
[09/07 23:28:18] [TEST] Processing batch 1289/18932 ...
[09/07 23:28:18] [TEST] Processing batch 1290/18932 ...
[09/07 23:28:18] [TEST] Processing batch 1291/18932 ...
[09/07 23:28:18] [TEST] Processing batch 1292/18932 ...
[09/07 23:28:18] [TEST] Processing batch 1293/18932 ...
[09/07 23:28:18] [TEST] Processing batch 1294/18932 ...
[09/07 23:28:18] [TEST] Processing batch 1295/18932 ...
[09/07 23:28:18] [TEST] Processing batch 1296/18932 ...
[09/07 23:28:18] [TEST] Processing batch 1297/18932 ...
[09/07 23:28:18] [TEST] Processing batch 1298/18932 ...
[09/07 23:28:18] [TEST] Processing batch 1299/18932 ...
[09/07 23:28:18] [TEST] Processing batch 1300/18932 ...
[09/07 23:28:19] [TEST] Processing batch 1301/18932 ...
[09/07 23:28:19] [TEST] Processing batch 1302/18932 ...
[09/07 23:28:19] [TEST] Processing batch 1303/18932 ...
[09/07 23:28:19] [TEST] Processing batch 1304/18932 ...
[09/07 23:28:19] [TEST] Processing batch 1305/18932 ...
[09/07 23:28:19] [TEST] Processing batch 1306/18932 ...
[09/07 23:28:19] [TEST] Processing batch 1307/18932 ...
[09/07 23:28:19] [TEST] Processing batch 1308/18932 ...
[09/07 23:28:19] [TEST] Processing batch 1309/18932 ...
[09/07 23:28:19] [TEST] Processing batch 1310/18932 ...
[09/07 23:28:19] [TEST] Processing batch 1311/18932 ...
[09/07 23:28:19] [TEST] Processing batch 1312/18932 ...
[09/07 23:28:19] [TEST] Processing batch 1313/18932 ...
[09/07 23:28:19] [TEST] Processing batch 1314/18932 ...
[09/07 23:28:19] [TEST] Processing batch 1315/18932 ...
[09/07 23:28:19] [TEST] Processing batch 1316/18932 ...
[09/07 23:28:19] [TEST] Processing batch 1317/18932 ...
[09/07 23:28:19] [TEST] Processing batch 1318/18932 ...
[09/07 23:28:20] [TEST] Processing batch 1319/18932 ...
[09/07 23:28:20] [TEST] Processing batch 1320/18932 ...
[09/07 23:28:20] [TEST] Processing batch 1321/18932 ...
[09/07 23:28:20] [TEST] Processing batch 1322/18932 ...
[09/07 23:28:20] [TEST] Processing batch 1323/18932 ...
[09/07 23:28:20] [TEST] Processing batch 1324/18932 ...
[09/07 23:28:20] [TEST] Processing batch 1325/18932 ...
[09/07 23:28:20] [TEST] Processing batch 1326/18932 ...
[09/07 23:28:20] [TEST] Processing batch 1327/18932 ...
[09/07 23:28:20] [TEST] Processing batch 1328/18932 ...
[09/07 23:28:20] [TEST] Processing batch 1329/18932 ...
[09/07 23:28:20] [TEST] Processing batch 1330/18932 ...
[09/07 23:28:20] [TEST] Processing batch 1331/18932 ...
[09/07 23:28:20] [TEST] Processing batch 1332/18932 ...
[09/07 23:28:20] [TEST] Processing batch 1333/18932 ...
[09/07 23:28:20] [TEST] Processing batch 1334/18932 ...
[09/07 23:28:20] [TEST] Processing batch 1335/18932 ...
[09/07 23:28:20] [TEST] Processing batch 1336/18932 ...
[09/07 23:28:21] [TEST] Processing batch 1337/18932 ...
[09/07 23:28:21] [TEST] Processing batch 1338/18932 ...
[09/07 23:28:21] [TEST] Processing batch 1339/18932 ...
[09/07 23:28:21] [TEST] Processing batch 1340/18932 ...
[09/07 23:28:21] [TEST] Processing batch 1341/18932 ...
[09/07 23:28:21] [TEST] Processing batch 1342/18932 ...
[09/07 23:28:21] [TEST] Processing batch 1343/18932 ...
[09/07 23:28:21] [TEST] Processing batch 1344/18932 ...
[09/07 23:28:21] [TEST] Processing batch 1345/18932 ...
[09/07 23:28:21] [TEST] Processing batch 1346/18932 ...
[09/07 23:28:21] [TEST] Processing batch 1347/18932 ...
[09/07 23:28:21] [TEST] Processing batch 1348/18932 ...
[09/07 23:28:21] [TEST] Processing batch 1349/18932 ...
[09/07 23:28:21] [TEST] Processing batch 1350/18932 ...
[09/07 23:28:21] [TEST] Processing batch 1351/18932 ...
[09/07 23:28:21] [TEST] Processing batch 1352/18932 ...
[09/07 23:28:21] [TEST] Processing batch 1353/18932 ...
[09/07 23:28:21] [TEST] Processing batch 1354/18932 ...
[09/07 23:28:22] [TEST] Processing batch 1355/18932 ...
[09/07 23:28:22] [TEST] Processing batch 1356/18932 ...
[09/07 23:28:22] [TEST] Processing batch 1357/18932 ...
[09/07 23:28:22] [TEST] Processing batch 1358/18932 ...
[09/07 23:28:22] [TEST] Processing batch 1359/18932 ...
[09/07 23:28:22] [TEST] Processing batch 1360/18932 ...
[09/07 23:28:22] [TEST] Processing batch 1361/18932 ...
[09/07 23:28:22] [TEST] Processing batch 1362/18932 ...
[09/07 23:28:22] [TEST] Processing batch 1363/18932 ...
[09/07 23:28:22] [TEST] Processing batch 1364/18932 ...
[09/07 23:28:22] [TEST] Processing batch 1365/18932 ...
[09/07 23:28:22] [TEST] Processing batch 1366/18932 ...
[09/07 23:28:22] [TEST] Processing batch 1367/18932 ...
[09/07 23:28:22] [TEST] Processing batch 1368/18932 ...
[09/07 23:28:22] [TEST] Processing batch 1369/18932 ...
[09/07 23:28:22] [TEST] Processing batch 1370/18932 ...
[09/07 23:28:23] [TEST] Processing batch 1371/18932 ...
[09/07 23:28:23] [TEST] Processing batch 1372/18932 ...
[09/07 23:28:23] [TEST] Processing batch 1373/18932 ...
[09/07 23:28:23] [TEST] Processing batch 1374/18932 ...
[09/07 23:28:23] [TEST] Processing batch 1375/18932 ...
[09/07 23:28:23] [TEST] Processing batch 1376/18932 ...
[09/07 23:28:23] [TEST] Processing batch 1377/18932 ...
[09/07 23:28:23] [TEST] Processing batch 1378/18932 ...
[09/07 23:28:23] [TEST] Processing batch 1379/18932 ...
[09/07 23:28:23] [TEST] Processing batch 1380/18932 ...
[09/07 23:28:23] [TEST] Processing batch 1381/18932 ...
[09/07 23:28:23] [TEST] Processing batch 1382/18932 ...
[09/07 23:28:23] [TEST] Processing batch 1383/18932 ...
[09/07 23:28:23] [TEST] Processing batch 1384/18932 ...
[09/07 23:28:23] [TEST] Processing batch 1385/18932 ...
[09/07 23:28:23] [TEST] Processing batch 1386/18932 ...
[09/07 23:28:23] [TEST] Processing batch 1387/18932 ...
[09/07 23:28:24] [TEST] Processing batch 1388/18932 ...
[09/07 23:28:24] [TEST] Processing batch 1389/18932 ...
[09/07 23:28:24] [TEST] Processing batch 1390/18932 ...
[09/07 23:28:24] [TEST] Processing batch 1391/18932 ...
[09/07 23:28:24] [TEST] Processing batch 1392/18932 ...
[09/07 23:28:24] [TEST] Processing batch 1393/18932 ...
[09/07 23:28:24] [TEST] Processing batch 1394/18932 ...
[09/07 23:28:24] [TEST] Processing batch 1395/18932 ...
[09/07 23:28:24] [TEST] Processing batch 1396/18932 ...
[09/07 23:28:24] [TEST] Processing batch 1397/18932 ...
[09/07 23:28:24] [TEST] Processing batch 1398/18932 ...
[09/07 23:28:24] [TEST] Processing batch 1399/18932 ...
[09/07 23:28:24] [TEST] Processing batch 1400/18932 ...
[09/07 23:28:24] [TEST] Processing batch 1401/18932 ...
[09/07 23:28:24] [TEST] Processing batch 1402/18932 ...
[09/07 23:28:24] [TEST] Processing batch 1403/18932 ...
[09/07 23:28:25] [TEST] Processing batch 1404/18932 ...
[09/07 23:28:25] [TEST] Processing batch 1405/18932 ...
[09/07 23:28:25] [TEST] Processing batch 1406/18932 ...
[09/07 23:28:25] [TEST] Processing batch 1407/18932 ...
[09/07 23:28:25] [TEST] Processing batch 1408/18932 ...
[09/07 23:28:25] [TEST] Processing batch 1409/18932 ...
[09/07 23:28:25] [TEST] Processing batch 1410/18932 ...
[09/07 23:28:25] [TEST] Processing batch 1411/18932 ...
[09/07 23:28:25] [TEST] Processing batch 1412/18932 ...
[09/07 23:28:25] [TEST] Processing batch 1413/18932 ...
[09/07 23:28:25] [TEST] Processing batch 1414/18932 ...
[09/07 23:28:25] [TEST] Processing batch 1415/18932 ...
[09/07 23:28:25] [TEST] Processing batch 1416/18932 ...
[09/07 23:28:25] [TEST] Processing batch 1417/18932 ...
[09/07 23:28:25] [TEST] Processing batch 1418/18932 ...
[09/07 23:28:25] [TEST] Processing batch 1419/18932 ...
[09/07 23:28:25] [TEST] Processing batch 1420/18932 ...
[09/07 23:28:26] [TEST] Processing batch 1421/18932 ...
[09/07 23:28:26] [TEST] Processing batch 1422/18932 ...
[09/07 23:28:26] [TEST] Processing batch 1423/18932 ...
[09/07 23:28:26] [TEST] Processing batch 1424/18932 ...
[09/07 23:28:26] [TEST] Processing batch 1425/18932 ...
[09/07 23:28:26] [TEST] Processing batch 1426/18932 ...
[09/07 23:28:26] [TEST] Processing batch 1427/18932 ...
[09/07 23:28:26] [TEST] Processing batch 1428/18932 ...
[09/07 23:28:26] [TEST] Processing batch 1429/18932 ...
[09/07 23:28:26] [TEST] Processing batch 1430/18932 ...
[09/07 23:28:26] [TEST] Processing batch 1431/18932 ...
[09/07 23:28:26] [TEST] Processing batch 1432/18932 ...
[09/07 23:28:26] [TEST] Processing batch 1433/18932 ...
[09/07 23:28:26] [TEST] Processing batch 1434/18932 ...
[09/07 23:28:26] [TEST] Processing batch 1435/18932 ...
[09/07 23:28:26] [TEST] Processing batch 1436/18932 ...
[09/07 23:28:26] [TEST] Processing batch 1437/18932 ...
[09/07 23:28:27] [TEST] Processing batch 1438/18932 ...
[09/07 23:28:27] [TEST] Processing batch 1439/18932 ...
[09/07 23:28:27] [TEST] Processing batch 1440/18932 ...
[09/07 23:28:27] [TEST] Processing batch 1441/18932 ...
[09/07 23:28:27] [TEST] Processing batch 1442/18932 ...
[09/07 23:28:27] [TEST] Processing batch 1443/18932 ...
[09/07 23:28:27] [TEST] Processing batch 1444/18932 ...
[09/07 23:28:27] [TEST] Processing batch 1445/18932 ...
[09/07 23:28:27] [TEST] Processing batch 1446/18932 ...
[09/07 23:28:27] [TEST] Processing batch 1447/18932 ...
[09/07 23:28:27] [TEST] Processing batch 1448/18932 ...
[09/07 23:28:27] [TEST] Processing batch 1449/18932 ...
[09/07 23:28:27] [TEST] Processing batch 1450/18932 ...
[09/07 23:28:27] [TEST] Processing batch 1451/18932 ...
[09/07 23:28:27] [TEST] Processing batch 1452/18932 ...
[09/07 23:28:27] [TEST] Processing batch 1453/18932 ...
[09/07 23:28:28] [TEST] Processing batch 1454/18932 ...
[09/07 23:28:28] [TEST] Processing batch 1455/18932 ...
[09/07 23:28:28] [TEST] Processing batch 1456/18932 ...
[09/07 23:28:28] [TEST] Processing batch 1457/18932 ...
[09/07 23:28:28] [TEST] Processing batch 1458/18932 ...
[09/07 23:28:28] [TEST] Processing batch 1459/18932 ...
[09/07 23:28:28] [TEST] Processing batch 1460/18932 ...
[09/07 23:28:28] [TEST] Processing batch 1461/18932 ...
[09/07 23:28:28] [TEST] Processing batch 1462/18932 ...
[09/07 23:28:28] [TEST] Processing batch 1463/18932 ...
[09/07 23:28:28] [TEST] Processing batch 1464/18932 ...
[09/07 23:28:28] [TEST] Processing batch 1465/18932 ...
[09/07 23:28:28] [TEST] Processing batch 1466/18932 ...
[09/07 23:28:28] [TEST] Processing batch 1467/18932 ...
[09/07 23:28:28] [TEST] Processing batch 1468/18932 ...
[09/07 23:28:28] [TEST] Processing batch 1469/18932 ...
[09/07 23:28:28] [TEST] Processing batch 1470/18932 ...
[09/07 23:28:29] [TEST] Processing batch 1471/18932 ...
[09/07 23:28:29] [TEST] Processing batch 1472/18932 ...
[09/07 23:28:29] [TEST] Processing batch 1473/18932 ...
[09/07 23:28:29] [TEST] Processing batch 1474/18932 ...
[09/07 23:28:29] [TEST] Processing batch 1475/18932 ...
[09/07 23:28:29] [TEST] Processing batch 1476/18932 ...
[09/07 23:28:29] [TEST] Processing batch 1477/18932 ...
[09/07 23:28:29] [TEST] Processing batch 1478/18932 ...
[09/07 23:28:29] [TEST] Processing batch 1479/18932 ...
[09/07 23:28:29] [TEST] Processing batch 1480/18932 ...
[09/07 23:28:29] [TEST] Processing batch 1481/18932 ...
[09/07 23:28:29] [TEST] Processing batch 1482/18932 ...
[09/07 23:28:29] [TEST] Processing batch 1483/18932 ...
[09/07 23:28:29] [TEST] Processing batch 1484/18932 ...
[09/07 23:28:29] [TEST] Processing batch 1485/18932 ...
[09/07 23:28:29] [TEST] Processing batch 1486/18932 ...
[09/07 23:28:30] [TEST] Processing batch 1487/18932 ...
[09/07 23:28:30] [TEST] Processing batch 1488/18932 ...
[09/07 23:28:30] [TEST] Processing batch 1489/18932 ...
[09/07 23:28:30] [TEST] Processing batch 1490/18932 ...
[09/07 23:28:30] [TEST] Processing batch 1491/18932 ...
[09/07 23:28:30] [TEST] Processing batch 1492/18932 ...
[09/07 23:28:30] [TEST] Processing batch 1493/18932 ...
[09/07 23:28:30] [TEST] Processing batch 1494/18932 ...
[09/07 23:28:30] [TEST] Processing batch 1495/18932 ...
[09/07 23:28:30] [TEST] Processing batch 1496/18932 ...
[09/07 23:28:30] [TEST] Processing batch 1497/18932 ...
[09/07 23:28:30] [TEST] Processing batch 1498/18932 ...
[09/07 23:28:30] [TEST] Processing batch 1499/18932 ...
[09/07 23:28:30] [TEST] Processing batch 1500/18932 ...
[09/07 23:28:30] [TEST] Processing batch 1501/18932 ...
[09/07 23:28:30] [TEST] Processing batch 1502/18932 ...
[09/07 23:28:31] [TEST] Processing batch 1503/18932 ...
[09/07 23:28:31] [TEST] Processing batch 1504/18932 ...
[09/07 23:28:31] [TEST] Processing batch 1505/18932 ...
[09/07 23:28:31] [TEST] Processing batch 1506/18932 ...
[09/07 23:28:31] [TEST] Processing batch 1507/18932 ...
[09/07 23:28:31] [TEST] Processing batch 1508/18932 ...
[09/07 23:28:31] [TEST] Processing batch 1509/18932 ...
[09/07 23:28:31] [TEST] Processing batch 1510/18932 ...
[09/07 23:28:31] [TEST] Processing batch 1511/18932 ...
[09/07 23:28:31] [TEST] Processing batch 1512/18932 ...
[09/07 23:28:31] [TEST] Processing batch 1513/18932 ...
[09/07 23:28:31] [TEST] Processing batch 1514/18932 ...
[09/07 23:28:31] [TEST] Processing batch 1515/18932 ...
[09/07 23:28:31] [TEST] Processing batch 1516/18932 ...
[09/07 23:28:31] [TEST] Processing batch 1517/18932 ...
[09/07 23:28:31] [TEST] Processing batch 1518/18932 ...
[09/07 23:28:31] [TEST] Processing batch 1519/18932 ...
[09/07 23:28:32] [TEST] Processing batch 1520/18932 ...
[09/07 23:28:32] [TEST] Processing batch 1521/18932 ...
[09/07 23:28:32] [TEST] Processing batch 1522/18932 ...
[09/07 23:28:32] [TEST] Processing batch 1523/18932 ...
[09/07 23:28:32] [TEST] Processing batch 1524/18932 ...
[09/07 23:28:32] [TEST] Processing batch 1525/18932 ...
[09/07 23:28:32] [TEST] Processing batch 1526/18932 ...
[09/07 23:28:32] [TEST] Processing batch 1527/18932 ...
[09/07 23:28:32] [TEST] Processing batch 1528/18932 ...
[09/07 23:28:32] [TEST] Processing batch 1529/18932 ...
[09/07 23:28:32] [TEST] Processing batch 1530/18932 ...
[09/07 23:28:32] [TEST] Processing batch 1531/18932 ...
[09/07 23:28:32] [TEST] Processing batch 1532/18932 ...
[09/07 23:28:32] [TEST] Processing batch 1533/18932 ...
[09/07 23:28:32] [TEST] Processing batch 1534/18932 ...
[09/07 23:28:32] [TEST] Processing batch 1535/18932 ...
[09/07 23:28:32] [TEST] Processing batch 1536/18932 ...
[09/07 23:28:33] [TEST] Processing batch 1537/18932 ...
[09/07 23:28:33] [TEST] Processing batch 1538/18932 ...
[09/07 23:28:33] [TEST] Processing batch 1539/18932 ...
[09/07 23:28:33] [TEST] Processing batch 1540/18932 ...
[09/07 23:28:33] [TEST] Processing batch 1541/18932 ...
[09/07 23:28:33] [TEST] Processing batch 1542/18932 ...
[09/07 23:28:33] [TEST] Processing batch 1543/18932 ...
[09/07 23:28:33] [TEST] Processing batch 1544/18932 ...
[09/07 23:28:33] [TEST] Processing batch 1545/18932 ...
[09/07 23:28:33] [TEST] Processing batch 1546/18932 ...
[09/07 23:28:33] [TEST] Processing batch 1547/18932 ...
[09/07 23:28:33] [TEST] Processing batch 1548/18932 ...
[09/07 23:28:33] [TEST] Processing batch 1549/18932 ...
[09/07 23:28:33] [TEST] Processing batch 1550/18932 ...
[09/07 23:28:33] [TEST] Processing batch 1551/18932 ...
[09/07 23:28:33] [TEST] Processing batch 1552/18932 ...
[09/07 23:28:34] [TEST] Processing batch 1553/18932 ...
[09/07 23:28:34] [TEST] Processing batch 1554/18932 ...
[09/07 23:28:34] [TEST] Processing batch 1555/18932 ...
[09/07 23:28:34] [TEST] Processing batch 1556/18932 ...
[09/07 23:28:34] [TEST] Processing batch 1557/18932 ...
[09/07 23:28:34] [TEST] Processing batch 1558/18932 ...
[09/07 23:28:34] [TEST] Processing batch 1559/18932 ...
[09/07 23:28:34] [TEST] Processing batch 1560/18932 ...
[09/07 23:28:34] [TEST] Processing batch 1561/18932 ...
[09/07 23:28:34] [TEST] Processing batch 1562/18932 ...
[09/07 23:28:34] [TEST] Processing batch 1563/18932 ...
[09/07 23:28:34] [TEST] Processing batch 1564/18932 ...
[09/07 23:28:34] [TEST] Processing batch 1565/18932 ...
[09/07 23:28:34] [TEST] Processing batch 1566/18932 ...
[09/07 23:28:34] [TEST] Processing batch 1567/18932 ...
[09/07 23:28:34] [TEST] Processing batch 1568/18932 ...
[09/07 23:28:35] [TEST] Processing batch 1569/18932 ...
[09/07 23:28:35] [TEST] Processing batch 1570/18932 ...
[09/07 23:28:35] [TEST] Processing batch 1571/18932 ...
[09/07 23:28:35] [TEST] Processing batch 1572/18932 ...
[09/07 23:28:35] [TEST] Processing batch 1573/18932 ...
[09/07 23:28:35] [TEST] Processing batch 1574/18932 ...
[09/07 23:28:35] [TEST] Processing batch 1575/18932 ...
[09/07 23:28:35] [TEST] Processing batch 1576/18932 ...
[09/07 23:28:35] [TEST] Processing batch 1577/18932 ...
[09/07 23:28:35] [TEST] Processing batch 1578/18932 ...
[09/07 23:28:35] [TEST] Processing batch 1579/18932 ...
[09/07 23:28:35] [TEST] Processing batch 1580/18932 ...
[09/07 23:28:35] [TEST] Processing batch 1581/18932 ...
[09/07 23:28:35] [TEST] Processing batch 1582/18932 ...
[09/07 23:28:35] [TEST] Processing batch 1583/18932 ...
[09/07 23:28:35] [TEST] Processing batch 1584/18932 ...
[09/07 23:28:35] [TEST] Processing batch 1585/18932 ...
[09/07 23:28:36] [TEST] Processing batch 1586/18932 ...
[09/07 23:28:36] [TEST] Processing batch 1587/18932 ...
[09/07 23:28:36] [TEST] Processing batch 1588/18932 ...
[09/07 23:28:36] [TEST] Processing batch 1589/18932 ...
[09/07 23:28:36] [TEST] Processing batch 1590/18932 ...
[09/07 23:28:36] [TEST] Processing batch 1591/18932 ...
[09/07 23:28:36] [TEST] Processing batch 1592/18932 ...
[09/07 23:28:36] [TEST] Processing batch 1593/18932 ...
[09/07 23:28:36] [TEST] Processing batch 1594/18932 ...
[09/07 23:28:36] [TEST] Processing batch 1595/18932 ...
[09/07 23:28:36] [TEST] Processing batch 1596/18932 ...
[09/07 23:28:36] [TEST] Processing batch 1597/18932 ...
[09/07 23:28:36] [TEST] Processing batch 1598/18932 ...
[09/07 23:28:36] [TEST] Processing batch 1599/18932 ...
[09/07 23:28:36] [TEST] Processing batch 1600/18932 ...
[09/07 23:28:36] [TEST] Processing batch 1601/18932 ...
[09/07 23:28:36] [TEST] Processing batch 1602/18932 ...
[09/07 23:28:37] [TEST] Processing batch 1603/18932 ...
[09/07 23:28:37] [TEST] Processing batch 1604/18932 ...
[09/07 23:28:37] [TEST] Processing batch 1605/18932 ...
[09/07 23:28:37] [TEST] Processing batch 1606/18932 ...
[09/07 23:28:37] [TEST] Processing batch 1607/18932 ...
[09/07 23:28:37] [TEST] Processing batch 1608/18932 ...
[09/07 23:28:37] [TEST] Processing batch 1609/18932 ...
[09/07 23:28:37] [TEST] Processing batch 1610/18932 ...
[09/07 23:28:37] [TEST] Processing batch 1611/18932 ...
[09/07 23:28:37] [TEST] Processing batch 1612/18932 ...
[09/07 23:28:37] [TEST] Processing batch 1613/18932 ...
[09/07 23:28:37] [TEST] Processing batch 1614/18932 ...
[09/07 23:28:37] [TEST] Processing batch 1615/18932 ...
[09/07 23:28:37] [TEST] Processing batch 1616/18932 ...
[09/07 23:28:37] [TEST] Processing batch 1617/18932 ...
[09/07 23:28:37] [TEST] Processing batch 1618/18932 ...
[09/07 23:28:37] [TEST] Processing batch 1619/18932 ...
[09/07 23:28:38] [TEST] Processing batch 1620/18932 ...
[09/07 23:28:38] [TEST] Processing batch 1621/18932 ...
[09/07 23:28:38] [TEST] Processing batch 1622/18932 ...
[09/07 23:28:38] [TEST] Processing batch 1623/18932 ...
[09/07 23:28:38] [TEST] Processing batch 1624/18932 ...
[09/07 23:28:38] [TEST] Processing batch 1625/18932 ...
[09/07 23:28:38] [TEST] Processing batch 1626/18932 ...
[09/07 23:28:38] [TEST] Processing batch 1627/18932 ...
[09/07 23:28:38] [TEST] Processing batch 1628/18932 ...
[09/07 23:28:38] [TEST] Processing batch 1629/18932 ...
[09/07 23:28:38] [TEST] Processing batch 1630/18932 ...
[09/07 23:28:38] [TEST] Processing batch 1631/18932 ...
[09/07 23:28:38] [TEST] Processing batch 1632/18932 ...
[09/07 23:28:38] [TEST] Processing batch 1633/18932 ...
[09/07 23:28:38] [TEST] Processing batch 1634/18932 ...
[09/07 23:28:38] [TEST] Processing batch 1635/18932 ...
[09/07 23:28:39] [TEST] Processing batch 1636/18932 ...
[09/07 23:28:39] [TEST] Processing batch 1637/18932 ...
[09/07 23:28:39] [TEST] Processing batch 1638/18932 ...
[09/07 23:28:39] [TEST] Processing batch 1639/18932 ...
[09/07 23:28:39] [TEST] Processing batch 1640/18932 ...
[09/07 23:28:39] [TEST] Processing batch 1641/18932 ...
[09/07 23:28:39] [TEST] Processing batch 1642/18932 ...
[09/07 23:28:39] [TEST] Processing batch 1643/18932 ...
[09/07 23:28:39] [TEST] Processing batch 1644/18932 ...
[09/07 23:28:39] [TEST] Processing batch 1645/18932 ...
[09/07 23:28:39] [TEST] Processing batch 1646/18932 ...
[09/07 23:28:39] [TEST] Processing batch 1647/18932 ...
[09/07 23:28:39] [TEST] Processing batch 1648/18932 ...
[09/07 23:28:39] [TEST] Processing batch 1649/18932 ...
[09/07 23:28:39] [TEST] Processing batch 1650/18932 ...
[09/07 23:28:39] [TEST] Processing batch 1651/18932 ...
[09/07 23:28:40] [TEST] Processing batch 1652/18932 ...
[09/07 23:28:40] [TEST] Processing batch 1653/18932 ...
[09/07 23:28:40] [TEST] Processing batch 1654/18932 ...
[09/07 23:28:40] [TEST] Processing batch 1655/18932 ...
[09/07 23:28:40] [TEST] Processing batch 1656/18932 ...
[09/07 23:28:40] [TEST] Processing batch 1657/18932 ...
[09/07 23:28:40] [TEST] Processing batch 1658/18932 ...
[09/07 23:28:40] [TEST] Processing batch 1659/18932 ...
[09/07 23:28:40] [TEST] Processing batch 1660/18932 ...
[09/07 23:28:40] [TEST] Processing batch 1661/18932 ...
[09/07 23:28:40] [TEST] Processing batch 1662/18932 ...
[09/07 23:28:40] [TEST] Processing batch 1663/18932 ...
[09/07 23:28:40] [TEST] Processing batch 1664/18932 ...
[09/07 23:28:40] [TEST] Processing batch 1665/18932 ...
[09/07 23:28:40] [TEST] Processing batch 1666/18932 ...
[09/07 23:28:40] [TEST] Processing batch 1667/18932 ...
[09/07 23:28:41] [TEST] Processing batch 1668/18932 ...
[09/07 23:28:41] [TEST] Processing batch 1669/18932 ...
[09/07 23:28:41] [TEST] Processing batch 1670/18932 ...
[09/07 23:28:41] [TEST] Processing batch 1671/18932 ...
[09/07 23:28:41] [TEST] Processing batch 1672/18932 ...
[09/07 23:28:41] [TEST] Processing batch 1673/18932 ...
[09/07 23:28:41] [TEST] Processing batch 1674/18932 ...
[09/07 23:28:41] [TEST] Processing batch 1675/18932 ...
[09/07 23:28:41] [TEST] Processing batch 1676/18932 ...
[09/07 23:28:41] [TEST] Processing batch 1677/18932 ...
[09/07 23:28:41] [TEST] Processing batch 1678/18932 ...
[09/07 23:28:41] [TEST] Processing batch 1679/18932 ...
[09/07 23:28:41] [TEST] Processing batch 1680/18932 ...
[09/07 23:28:41] [TEST] Processing batch 1681/18932 ...
[09/07 23:28:41] [TEST] Processing batch 1682/18932 ...
[09/07 23:28:41] [TEST] Processing batch 1683/18932 ...
[09/07 23:28:41] [TEST] Processing batch 1684/18932 ...
[09/07 23:28:42] [TEST] Processing batch 1685/18932 ...
[09/07 23:28:42] [TEST] Processing batch 1686/18932 ...
[09/07 23:28:42] [TEST] Processing batch 1687/18932 ...
[09/07 23:28:42] [TEST] Processing batch 1688/18932 ...
[09/07 23:28:42] [TEST] Processing batch 1689/18932 ...
[09/07 23:28:42] [TEST] Processing batch 1690/18932 ...
[09/07 23:28:42] [TEST] Processing batch 1691/18932 ...
[09/07 23:28:42] [TEST] Processing batch 1692/18932 ...
[09/07 23:28:42] [TEST] Processing batch 1693/18932 ...
[09/07 23:28:42] [TEST] Processing batch 1694/18932 ...
[09/07 23:28:42] [TEST] Processing batch 1695/18932 ...
[09/07 23:28:42] [TEST] Processing batch 1696/18932 ...
[09/07 23:28:42] [TEST] Processing batch 1697/18932 ...
[09/07 23:28:42] [TEST] Processing batch 1698/18932 ...
[09/07 23:28:42] [TEST] Processing batch 1699/18932 ...
[09/07 23:28:42] [TEST] Processing batch 1700/18932 ...
[09/07 23:28:43] [TEST] Processing batch 1701/18932 ...
[09/07 23:28:43] [TEST] Processing batch 1702/18932 ...
[09/07 23:28:43] [TEST] Processing batch 1703/18932 ...
[09/07 23:28:43] [TEST] Processing batch 1704/18932 ...
[09/07 23:28:43] [TEST] Processing batch 1705/18932 ...
[09/07 23:28:43] [TEST] Processing batch 1706/18932 ...
[09/07 23:28:43] [TEST] Processing batch 1707/18932 ...
[09/07 23:28:43] [TEST] Processing batch 1708/18932 ...
[09/07 23:28:43] [TEST] Processing batch 1709/18932 ...
[09/07 23:28:43] [TEST] Processing batch 1710/18932 ...
[09/07 23:28:43] [TEST] Processing batch 1711/18932 ...
[09/07 23:28:43] [TEST] Processing batch 1712/18932 ...
[09/07 23:28:43] [TEST] Processing batch 1713/18932 ...
[09/07 23:28:43] [TEST] Processing batch 1714/18932 ...
[09/07 23:28:43] [TEST] Processing batch 1715/18932 ...
[09/07 23:28:43] [TEST] Processing batch 1716/18932 ...
[09/07 23:28:43] [TEST] Processing batch 1717/18932 ...
[09/07 23:28:44] [TEST] Processing batch 1718/18932 ...
[09/07 23:28:44] [TEST] Processing batch 1719/18932 ...
[09/07 23:28:44] [TEST] Processing batch 1720/18932 ...
[09/07 23:28:44] [TEST] Processing batch 1721/18932 ...
[09/07 23:28:44] [TEST] Processing batch 1722/18932 ...
[09/07 23:28:44] [TEST] Processing batch 1723/18932 ...
[09/07 23:28:44] [TEST] Processing batch 1724/18932 ...
[09/07 23:28:44] [TEST] Processing batch 1725/18932 ...
[09/07 23:28:44] [TEST] Processing batch 1726/18932 ...
[09/07 23:28:44] [TEST] Processing batch 1727/18932 ...
[09/07 23:28:44] [TEST] Processing batch 1728/18932 ...
[09/07 23:28:44] [TEST] Processing batch 1729/18932 ...
[09/07 23:28:44] [TEST] Processing batch 1730/18932 ...
[09/07 23:28:44] [TEST] Processing batch 1731/18932 ...
[09/07 23:28:44] [TEST] Processing batch 1732/18932 ...
[09/07 23:28:44] [TEST] Processing batch 1733/18932 ...
[09/07 23:28:45] [TEST] Processing batch 1734/18932 ...
[09/07 23:28:45] [TEST] Processing batch 1735/18932 ...
[09/07 23:28:45] [TEST] Processing batch 1736/18932 ...
[09/07 23:28:45] [TEST] Processing batch 1737/18932 ...
[09/07 23:28:45] [TEST] Processing batch 1738/18932 ...
[09/07 23:28:45] [TEST] Processing batch 1739/18932 ...
[09/07 23:28:45] [TEST] Processing batch 1740/18932 ...
[09/07 23:28:45] [TEST] Processing batch 1741/18932 ...
[09/07 23:28:45] [TEST] Processing batch 1742/18932 ...
[09/07 23:28:45] [TEST] Processing batch 1743/18932 ...
[09/07 23:28:45] [TEST] Processing batch 1744/18932 ...
[09/07 23:28:45] [TEST] Processing batch 1745/18932 ...
[09/07 23:28:45] [TEST] Processing batch 1746/18932 ...
[09/07 23:28:45] [TEST] Processing batch 1747/18932 ...
[09/07 23:28:45] [TEST] Processing batch 1748/18932 ...
[09/07 23:28:45] [TEST] Processing batch 1749/18932 ...
[09/07 23:28:46] [TEST] Processing batch 1750/18932 ...
[09/07 23:28:46] [TEST] Processing batch 1751/18932 ...
[09/07 23:28:46] [TEST] Processing batch 1752/18932 ...
[09/07 23:28:46] [TEST] Processing batch 1753/18932 ...
[09/07 23:28:46] [TEST] Processing batch 1754/18932 ...
[09/07 23:28:46] [TEST] Processing batch 1755/18932 ...
[09/07 23:28:46] [TEST] Processing batch 1756/18932 ...
[09/07 23:28:46] [TEST] Processing batch 1757/18932 ...
[09/07 23:28:46] [TEST] Processing batch 1758/18932 ...
[09/07 23:28:46] [TEST] Processing batch 1759/18932 ...
[09/07 23:28:46] [TEST] Processing batch 1760/18932 ...
[09/07 23:28:46] [TEST] Processing batch 1761/18932 ...
[09/07 23:28:46] [TEST] Processing batch 1762/18932 ...
[09/07 23:28:46] [TEST] Processing batch 1763/18932 ...
[09/07 23:28:46] [TEST] Processing batch 1764/18932 ...
[09/07 23:28:46] [TEST] Processing batch 1765/18932 ...
[09/07 23:28:46] [TEST] Processing batch 1766/18932 ...
[09/07 23:28:47] [TEST] Processing batch 1767/18932 ...
[09/07 23:28:47] [TEST] Processing batch 1768/18932 ...
[09/07 23:28:47] [TEST] Processing batch 1769/18932 ...
[09/07 23:28:47] [TEST] Processing batch 1770/18932 ...
[09/07 23:28:47] [TEST] Processing batch 1771/18932 ...
[09/07 23:28:47] [TEST] Processing batch 1772/18932 ...
[09/07 23:28:47] [TEST] Processing batch 1773/18932 ...
[09/07 23:28:47] [TEST] Processing batch 1774/18932 ...
[09/07 23:28:47] [TEST] Processing batch 1775/18932 ...
[09/07 23:28:47] [TEST] Processing batch 1776/18932 ...
[09/07 23:28:47] [TEST] Processing batch 1777/18932 ...
[09/07 23:28:47] [TEST] Processing batch 1778/18932 ...
[09/07 23:28:47] [TEST] Processing batch 1779/18932 ...
[09/07 23:28:47] [TEST] Processing batch 1780/18932 ...
[09/07 23:28:47] [TEST] Processing batch 1781/18932 ...
[09/07 23:28:47] [TEST] Processing batch 1782/18932 ...
[09/07 23:28:47] [TEST] Processing batch 1783/18932 ...
[09/07 23:28:48] [TEST] Processing batch 1784/18932 ...
[09/07 23:28:48] [TEST] Processing batch 1785/18932 ...
[09/07 23:28:48] [TEST] Processing batch 1786/18932 ...
[09/07 23:28:48] [TEST] Processing batch 1787/18932 ...
[09/07 23:28:48] [TEST] Processing batch 1788/18932 ...
[09/07 23:28:48] [TEST] Processing batch 1789/18932 ...
[09/07 23:28:48] [TEST] Processing batch 1790/18932 ...
[09/07 23:28:48] [TEST] Processing batch 1791/18932 ...
[09/07 23:28:48] [TEST] Processing batch 1792/18932 ...
[09/07 23:28:48] [TEST] Processing batch 1793/18932 ...
[09/07 23:28:48] [TEST] Processing batch 1794/18932 ...
[09/07 23:28:48] [TEST] Processing batch 1795/18932 ...
[09/07 23:28:48] [TEST] Processing batch 1796/18932 ...
[09/07 23:28:48] [TEST] Processing batch 1797/18932 ...
[09/07 23:28:48] [TEST] Processing batch 1798/18932 ...
[09/07 23:28:48] [TEST] Processing batch 1799/18932 ...
[09/07 23:28:49] [TEST] Processing batch 1800/18932 ...
[09/07 23:28:49] [TEST] Processing batch 1801/18932 ...
[09/07 23:28:49] [TEST] Processing batch 1802/18932 ...
[09/07 23:28:49] [TEST] Processing batch 1803/18932 ...
[09/07 23:28:49] [TEST] Processing batch 1804/18932 ...
[09/07 23:28:49] [TEST] Processing batch 1805/18932 ...
[09/07 23:28:49] [TEST] Processing batch 1806/18932 ...
[09/07 23:28:49] [TEST] Processing batch 1807/18932 ...
[09/07 23:28:49] [TEST] Processing batch 1808/18932 ...
[09/07 23:28:49] [TEST] Processing batch 1809/18932 ...
[09/07 23:28:49] [TEST] Processing batch 1810/18932 ...
[09/07 23:28:49] [TEST] Processing batch 1811/18932 ...
[09/07 23:28:49] [TEST] Processing batch 1812/18932 ...
[09/07 23:28:49] [TEST] Processing batch 1813/18932 ...
[09/07 23:28:49] [TEST] Processing batch 1814/18932 ...
[09/07 23:28:49] [TEST] Processing batch 1815/18932 ...
[09/07 23:28:49] [TEST] Processing batch 1816/18932 ...
[09/07 23:28:50] [TEST] Processing batch 1817/18932 ...
[09/07 23:28:50] [TEST] Processing batch 1818/18932 ...
[09/07 23:28:50] [TEST] Processing batch 1819/18932 ...
[09/07 23:28:50] [TEST] Processing batch 1820/18932 ...
[09/07 23:28:50] [TEST] Processing batch 1821/18932 ...
[09/07 23:28:50] [TEST] Processing batch 1822/18932 ...
[09/07 23:28:50] [TEST] Processing batch 1823/18932 ...
[09/07 23:28:50] [TEST] Processing batch 1824/18932 ...
[09/07 23:28:50] [TEST] Processing batch 1825/18932 ...
[09/07 23:28:50] [TEST] Processing batch 1826/18932 ...
[09/07 23:28:50] [TEST] Processing batch 1827/18932 ...
[09/07 23:28:50] [TEST] Processing batch 1828/18932 ...
[09/07 23:28:50] [TEST] Processing batch 1829/18932 ...
[09/07 23:28:50] [TEST] Processing batch 1830/18932 ...
[09/07 23:28:50] [TEST] Processing batch 1831/18932 ...
[09/07 23:28:50] [TEST] Processing batch 1832/18932 ...
[09/07 23:28:51] [TEST] Processing batch 1833/18932 ...
[09/07 23:28:51] [TEST] Processing batch 1834/18932 ...
[09/07 23:28:51] [TEST] Processing batch 1835/18932 ...
[09/07 23:28:51] [TEST] Processing batch 1836/18932 ...
[09/07 23:28:51] [TEST] Processing batch 1837/18932 ...
[09/07 23:28:51] [TEST] Processing batch 1838/18932 ...
[09/07 23:28:51] [TEST] Processing batch 1839/18932 ...
[09/07 23:28:51] [TEST] Processing batch 1840/18932 ...
[09/07 23:28:51] [TEST] Processing batch 1841/18932 ...
[09/07 23:28:51] [TEST] Processing batch 1842/18932 ...
[09/07 23:28:51] [TEST] Processing batch 1843/18932 ...
[09/07 23:28:51] [TEST] Processing batch 1844/18932 ...
[09/07 23:28:51] [TEST] Processing batch 1845/18932 ...
[09/07 23:28:51] [TEST] Processing batch 1846/18932 ...
[09/07 23:28:51] [TEST] Processing batch 1847/18932 ...
[09/07 23:28:51] [TEST] Processing batch 1848/18932 ...
[09/07 23:28:52] [TEST] Processing batch 1849/18932 ...
[09/07 23:28:52] [TEST] Processing batch 1850/18932 ...
[09/07 23:28:52] [TEST] Processing batch 1851/18932 ...
[09/07 23:28:52] [TEST] Processing batch 1852/18932 ...
[09/07 23:28:52] [TEST] Processing batch 1853/18932 ...
[09/07 23:28:52] [TEST] Processing batch 1854/18932 ...
[09/07 23:28:52] [TEST] Processing batch 1855/18932 ...
[09/07 23:28:52] [TEST] Processing batch 1856/18932 ...
[09/07 23:28:52] [TEST] Processing batch 1857/18932 ...
[09/07 23:28:52] [TEST] Processing batch 1858/18932 ...
[09/07 23:28:52] [TEST] Processing batch 1859/18932 ...
[09/07 23:28:52] [TEST] Processing batch 1860/18932 ...
[09/07 23:28:52] [TEST] Processing batch 1861/18932 ...
[09/07 23:28:52] [TEST] Processing batch 1862/18932 ...
[09/07 23:28:52] [TEST] Processing batch 1863/18932 ...
[09/07 23:28:52] [TEST] Processing batch 1864/18932 ...
[09/07 23:28:52] [TEST] Processing batch 1865/18932 ...
[09/07 23:28:53] [TEST] Processing batch 1866/18932 ...
[09/07 23:28:53] [TEST] Processing batch 1867/18932 ...
[09/07 23:28:53] [TEST] Processing batch 1868/18932 ...
[09/07 23:28:53] [TEST] Processing batch 1869/18932 ...
[09/07 23:28:53] [TEST] Processing batch 1870/18932 ...
[09/07 23:28:53] [TEST] Processing batch 1871/18932 ...
[09/07 23:28:53] [TEST] Processing batch 1872/18932 ...
[09/07 23:28:53] [TEST] Processing batch 1873/18932 ...
[09/07 23:28:53] [TEST] Processing batch 1874/18932 ...
[09/07 23:28:53] [TEST] Processing batch 1875/18932 ...
[09/07 23:28:53] [TEST] Processing batch 1876/18932 ...
[09/07 23:28:53] [TEST] Processing batch 1877/18932 ...
[09/07 23:28:53] [TEST] Processing batch 1878/18932 ...
[09/07 23:28:53] [TEST] Processing batch 1879/18932 ...
[09/07 23:28:53] [TEST] Processing batch 1880/18932 ...
[09/07 23:28:53] [TEST] Processing batch 1881/18932 ...
[09/07 23:28:54] [TEST] Processing batch 1882/18932 ...
[09/07 23:28:54] [TEST] Processing batch 1883/18932 ...
[09/07 23:28:54] [TEST] Processing batch 1884/18932 ...
[09/07 23:28:54] [TEST] Processing batch 1885/18932 ...
[09/07 23:28:54] [TEST] Processing batch 1886/18932 ...
[09/07 23:28:54] [TEST] Processing batch 1887/18932 ...
[09/07 23:28:54] [TEST] Processing batch 1888/18932 ...
[09/07 23:28:54] [TEST] Processing batch 1889/18932 ...
[09/07 23:28:54] [TEST] Processing batch 1890/18932 ...
[09/07 23:28:54] [TEST] Processing batch 1891/18932 ...
[09/07 23:28:54] [TEST] Processing batch 1892/18932 ...
[09/07 23:28:54] [TEST] Processing batch 1893/18932 ...
[09/07 23:28:54] [TEST] Processing batch 1894/18932 ...
[09/07 23:28:54] [TEST] Processing batch 1895/18932 ...
[09/07 23:28:54] [TEST] Processing batch 1896/18932 ...
[09/07 23:28:54] [TEST] Processing batch 1897/18932 ...
[09/07 23:28:54] [TEST] Processing batch 1898/18932 ...
[09/07 23:28:55] [TEST] Processing batch 1899/18932 ...
[09/07 23:28:55] [TEST] Processing batch 1900/18932 ...
[09/07 23:28:55] [TEST] Processing batch 1901/18932 ...
[09/07 23:28:55] [TEST] Processing batch 1902/18932 ...
[09/07 23:28:55] [TEST] Processing batch 1903/18932 ...
[09/07 23:28:55] [TEST] Processing batch 1904/18932 ...
[09/07 23:28:55] [TEST] Processing batch 1905/18932 ...
[09/07 23:28:55] [TEST] Processing batch 1906/18932 ...
[09/07 23:28:55] [TEST] Processing batch 1907/18932 ...
[09/07 23:28:55] [TEST] Processing batch 1908/18932 ...
[09/07 23:28:55] [TEST] Processing batch 1909/18932 ...
[09/07 23:28:55] [TEST] Processing batch 1910/18932 ...
[09/07 23:28:55] [TEST] Processing batch 1911/18932 ...
[09/07 23:28:55] [TEST] Processing batch 1912/18932 ...
[09/07 23:28:55] [TEST] Processing batch 1913/18932 ...
[09/07 23:28:55] [TEST] Processing batch 1914/18932 ...
[09/07 23:28:55] [TEST] Processing batch 1915/18932 ...
[09/07 23:28:56] [TEST] Processing batch 1916/18932 ...
[09/07 23:28:56] [TEST] Processing batch 1917/18932 ...
[09/07 23:28:56] [TEST] Processing batch 1918/18932 ...
[09/07 23:28:56] [TEST] Processing batch 1919/18932 ...
[09/07 23:28:56] [TEST] Processing batch 1920/18932 ...
[09/07 23:28:56] [TEST] Processing batch 1921/18932 ...
[09/07 23:28:56] [TEST] Processing batch 1922/18932 ...
[09/07 23:28:56] [TEST] Processing batch 1923/18932 ...
[09/07 23:28:56] [TEST] Processing batch 1924/18932 ...
[09/07 23:28:56] [TEST] Processing batch 1925/18932 ...
[09/07 23:28:56] [TEST] Processing batch 1926/18932 ...
[09/07 23:28:56] [TEST] Processing batch 1927/18932 ...
[09/07 23:28:56] [TEST] Processing batch 1928/18932 ...
[09/07 23:28:56] [TEST] Processing batch 1929/18932 ...
[09/07 23:28:56] [TEST] Processing batch 1930/18932 ...
[09/07 23:28:56] [TEST] Processing batch 1931/18932 ...
[09/07 23:28:57] [TEST] Processing batch 1932/18932 ...
[09/07 23:28:57] [TEST] Processing batch 1933/18932 ...
[09/07 23:28:57] [TEST] Processing batch 1934/18932 ...
[09/07 23:28:57] [TEST] Processing batch 1935/18932 ...
[09/07 23:28:57] [TEST] Processing batch 1936/18932 ...
[09/07 23:28:57] [TEST] Processing batch 1937/18932 ...
[09/07 23:28:57] [TEST] Processing batch 1938/18932 ...
[09/07 23:28:57] [TEST] Processing batch 1939/18932 ...
[09/07 23:28:57] [TEST] Processing batch 1940/18932 ...
[09/07 23:28:57] [TEST] Processing batch 1941/18932 ...
[09/07 23:28:57] [TEST] Processing batch 1942/18932 ...
[09/07 23:28:57] [TEST] Processing batch 1943/18932 ...
[09/07 23:28:57] [TEST] Processing batch 1944/18932 ...
[09/07 23:28:57] [TEST] Processing batch 1945/18932 ...
[09/07 23:28:57] [TEST] Processing batch 1946/18932 ...
[09/07 23:28:57] [TEST] Processing batch 1947/18932 ...
[09/07 23:28:57] [TEST] Processing batch 1948/18932 ...
[09/07 23:28:57] [TEST] Processing batch 1949/18932 ...
[09/07 23:28:57] [TEST] Processing batch 1950/18932 ...
[09/07 23:28:58] [TEST] Processing batch 1951/18932 ...
[09/07 23:28:58] [TEST] Processing batch 1952/18932 ...
[09/07 23:28:58] [TEST] Processing batch 1953/18932 ...
[09/07 23:28:58] [TEST] Processing batch 1954/18932 ...
[09/07 23:28:58] [TEST] Processing batch 1955/18932 ...
[09/07 23:28:58] [TEST] Processing batch 1956/18932 ...
[09/07 23:28:58] [TEST] Processing batch 1957/18932 ...
[09/07 23:28:58] [TEST] Processing batch 1958/18932 ...
[09/07 23:28:58] [TEST] Processing batch 1959/18932 ...
[09/07 23:28:58] [TEST] Processing batch 1960/18932 ...
[09/07 23:28:58] [TEST] Processing batch 1961/18932 ...
[09/07 23:28:58] [TEST] Processing batch 1962/18932 ...
[09/07 23:28:58] [TEST] Processing batch 1963/18932 ...
[09/07 23:28:58] [TEST] Processing batch 1964/18932 ...
[09/07 23:28:58] [TEST] Processing batch 1965/18932 ...
[09/07 23:28:58] [TEST] Processing batch 1966/18932 ...
[09/07 23:28:58] [TEST] Processing batch 1967/18932 ...
[09/07 23:28:58] [TEST] Processing batch 1968/18932 ...
[09/07 23:28:58] [TEST] Processing batch 1969/18932 ...
[09/07 23:28:59] [TEST] Processing batch 1970/18932 ...
[09/07 23:28:59] [TEST] Processing batch 1971/18932 ...
[09/07 23:28:59] [TEST] Processing batch 1972/18932 ...
[09/07 23:28:59] [TEST] Processing batch 1973/18932 ...
[09/07 23:28:59] [TEST] Processing batch 1974/18932 ...
[09/07 23:28:59] [TEST] Processing batch 1975/18932 ...
[09/07 23:28:59] [TEST] Processing batch 1976/18932 ...
[09/07 23:28:59] [TEST] Processing batch 1977/18932 ...
[09/07 23:28:59] [TEST] Processing batch 1978/18932 ...
[09/07 23:28:59] [TEST] Processing batch 1979/18932 ...
[09/07 23:28:59] [TEST] Processing batch 1980/18932 ...
[09/07 23:28:59] [TEST] Processing batch 1981/18932 ...
[09/07 23:28:59] [TEST] Processing batch 1982/18932 ...
[09/07 23:28:59] [TEST] Processing batch 1983/18932 ...
[09/07 23:28:59] [TEST] Processing batch 1984/18932 ...
[09/07 23:28:59] [TEST] Processing batch 1985/18932 ...
[09/07 23:28:59] [TEST] Processing batch 1986/18932 ...
[09/07 23:28:59] [TEST] Processing batch 1987/18932 ...
[09/07 23:29:00] [TEST] Processing batch 1988/18932 ...
[09/07 23:29:00] [TEST] Processing batch 1989/18932 ...
[09/07 23:29:00] [TEST] Processing batch 1990/18932 ...
[09/07 23:29:00] [TEST] Processing batch 1991/18932 ...
[09/07 23:29:00] [TEST] Processing batch 1992/18932 ...
[09/07 23:29:00] [TEST] Processing batch 1993/18932 ...
[09/07 23:29:00] [TEST] Processing batch 1994/18932 ...
[09/07 23:29:00] [TEST] Processing batch 1995/18932 ...
[09/07 23:29:00] [TEST] Processing batch 1996/18932 ...
[09/07 23:29:00] [TEST] Processing batch 1997/18932 ...
[09/07 23:29:00] [TEST] Processing batch 1998/18932 ...
[09/07 23:29:00] [TEST] Processing batch 1999/18932 ...
[09/07 23:29:00] [TEST] Processing batch 2000/18932 ...
[09/07 23:29:00] [TEST] Processing batch 2001/18932 ...
[09/07 23:29:00] [TEST] Processing batch 2002/18932 ...
[09/07 23:29:00] [TEST] Processing batch 2003/18932 ...
[09/07 23:29:00] [TEST] Processing batch 2004/18932 ...
[09/07 23:29:00] [TEST] Processing batch 2005/18932 ...
[09/07 23:29:00] [TEST] Processing batch 2006/18932 ...
[09/07 23:29:01] [TEST] Processing batch 2007/18932 ...
[09/07 23:29:01] [TEST] Processing batch 2008/18932 ...
[09/07 23:29:01] [TEST] Processing batch 2009/18932 ...
[09/07 23:29:01] [TEST] Processing batch 2010/18932 ...
[09/07 23:29:01] [TEST] Processing batch 2011/18932 ...
[09/07 23:29:01] [TEST] Processing batch 2012/18932 ...
[09/07 23:29:01] [TEST] Processing batch 2013/18932 ...
[09/07 23:29:01] [TEST] Processing batch 2014/18932 ...
[09/07 23:29:01] [TEST] Processing batch 2015/18932 ...
[09/07 23:29:01] [TEST] Processing batch 2016/18932 ...
[09/07 23:29:01] [TEST] Processing batch 2017/18932 ...
[09/07 23:29:01] [TEST] Processing batch 2018/18932 ...
[09/07 23:29:01] [TEST] Processing batch 2019/18932 ...
[09/07 23:29:01] [TEST] Processing batch 2020/18932 ...
[09/07 23:29:01] [TEST] Processing batch 2021/18932 ...
[09/07 23:29:01] [TEST] Processing batch 2022/18932 ...
[09/07 23:29:01] [TEST] Processing batch 2023/18932 ...
[09/07 23:29:01] [TEST] Processing batch 2024/18932 ...
[09/07 23:29:02] [TEST] Processing batch 2025/18932 ...
[09/07 23:29:02] [TEST] Processing batch 2026/18932 ...
[09/07 23:29:02] [TEST] Processing batch 2027/18932 ...
[09/07 23:29:02] [TEST] Processing batch 2028/18932 ...
[09/07 23:29:02] [TEST] Processing batch 2029/18932 ...
[09/07 23:29:02] [TEST] Processing batch 2030/18932 ...
[09/07 23:29:02] [TEST] Processing batch 2031/18932 ...
[09/07 23:29:02] [TEST] Processing batch 2032/18932 ...
[09/07 23:29:02] [TEST] Processing batch 2033/18932 ...
[09/07 23:29:02] [TEST] Processing batch 2034/18932 ...
[09/07 23:29:02] [TEST] Processing batch 2035/18932 ...
[09/07 23:29:02] [TEST] Processing batch 2036/18932 ...
[09/07 23:29:02] [TEST] Processing batch 2037/18932 ...
[09/07 23:29:02] [TEST] Processing batch 2038/18932 ...
[09/07 23:29:02] [TEST] Processing batch 2039/18932 ...
[09/07 23:29:02] [TEST] Processing batch 2040/18932 ...
[09/07 23:29:02] [TEST] Processing batch 2041/18932 ...
[09/07 23:29:02] [TEST] Processing batch 2042/18932 ...
[09/07 23:29:03] [TEST] Processing batch 2043/18932 ...
[09/07 23:29:03] [TEST] Processing batch 2044/18932 ...
[09/07 23:29:03] [TEST] Processing batch 2045/18932 ...
[09/07 23:29:03] [TEST] Processing batch 2046/18932 ...
[09/07 23:29:03] [TEST] Processing batch 2047/18932 ...
[09/07 23:29:03] [TEST] Processing batch 2048/18932 ...
[09/07 23:29:03] [TEST] Processing batch 2049/18932 ...
[09/07 23:29:03] [TEST] Processing batch 2050/18932 ...
[09/07 23:29:03] [TEST] Processing batch 2051/18932 ...
[09/07 23:29:03] [TEST] Processing batch 2052/18932 ...
[09/07 23:29:03] [TEST] Processing batch 2053/18932 ...
[09/07 23:29:03] [TEST] Processing batch 2054/18932 ...
[09/07 23:29:03] [TEST] Processing batch 2055/18932 ...
[09/07 23:29:03] [TEST] Processing batch 2056/18932 ...
[09/07 23:29:03] [TEST] Processing batch 2057/18932 ...
[09/07 23:29:03] [TEST] Processing batch 2058/18932 ...
[09/07 23:29:03] [TEST] Processing batch 2059/18932 ...
[09/07 23:29:03] [TEST] Processing batch 2060/18932 ...
[09/07 23:29:04] [TEST] Processing batch 2061/18932 ...
[09/07 23:29:04] [TEST] Processing batch 2062/18932 ...
[09/07 23:29:04] [TEST] Processing batch 2063/18932 ...
[09/07 23:29:04] [TEST] Processing batch 2064/18932 ...
[09/07 23:29:04] [TEST] Processing batch 2065/18932 ...
[09/07 23:29:04] [TEST] Processing batch 2066/18932 ...
[09/07 23:29:04] [TEST] Processing batch 2067/18932 ...
[09/07 23:29:04] [TEST] Processing batch 2068/18932 ...
[09/07 23:29:04] [TEST] Processing batch 2069/18932 ...
[09/07 23:29:04] [TEST] Processing batch 2070/18932 ...
[09/07 23:29:04] [TEST] Processing batch 2071/18932 ...
[09/07 23:29:04] [TEST] Processing batch 2072/18932 ...
[09/07 23:29:04] [TEST] Processing batch 2073/18932 ...
[09/07 23:29:04] [TEST] Processing batch 2074/18932 ...
[09/07 23:29:04] [TEST] Processing batch 2075/18932 ...
[09/07 23:29:04] [TEST] Processing batch 2076/18932 ...
[09/07 23:29:04] [TEST] Processing batch 2077/18932 ...
[09/07 23:29:04] [TEST] Processing batch 2078/18932 ...
[09/07 23:29:04] [TEST] Processing batch 2079/18932 ...
[09/07 23:29:05] [TEST] Processing batch 2080/18932 ...
[09/07 23:29:05] [TEST] Processing batch 2081/18932 ...
[09/07 23:29:05] [TEST] Processing batch 2082/18932 ...
[09/07 23:29:05] [TEST] Processing batch 2083/18932 ...
[09/07 23:29:05] [TEST] Processing batch 2084/18932 ...
[09/07 23:29:05] [TEST] Processing batch 2085/18932 ...
[09/07 23:29:05] [TEST] Processing batch 2086/18932 ...
[09/07 23:29:05] [TEST] Processing batch 2087/18932 ...
[09/07 23:29:05] [TEST] Processing batch 2088/18932 ...
[09/07 23:29:05] [TEST] Processing batch 2089/18932 ...
[09/07 23:29:05] [TEST] Processing batch 2090/18932 ...
[09/07 23:29:05] [TEST] Processing batch 2091/18932 ...
[09/07 23:29:05] [TEST] Processing batch 2092/18932 ...
[09/07 23:29:05] [TEST] Processing batch 2093/18932 ...
[09/07 23:29:05] [TEST] Processing batch 2094/18932 ...
[09/07 23:29:05] [TEST] Processing batch 2095/18932 ...
[09/07 23:29:05] [TEST] Processing batch 2096/18932 ...
[09/07 23:29:05] [TEST] Processing batch 2097/18932 ...
[09/07 23:29:06] [TEST] Processing batch 2098/18932 ...
[09/07 23:29:06] [TEST] Processing batch 2099/18932 ...
[09/07 23:29:06] [TEST] Processing batch 2100/18932 ...
[09/07 23:29:06] [TEST] Processing batch 2101/18932 ...
[09/07 23:29:06] [TEST] Processing batch 2102/18932 ...
[09/07 23:29:06] [TEST] Processing batch 2103/18932 ...
[09/07 23:29:06] [TEST] Processing batch 2104/18932 ...
[09/07 23:29:06] [TEST] Processing batch 2105/18932 ...
[09/07 23:29:06] [TEST] Processing batch 2106/18932 ...
[09/07 23:29:06] [TEST] Processing batch 2107/18932 ...
[09/07 23:29:06] [TEST] Processing batch 2108/18932 ...
[09/07 23:29:06] [TEST] Processing batch 2109/18932 ...
[09/07 23:29:06] [TEST] Processing batch 2110/18932 ...
[09/07 23:29:06] [TEST] Processing batch 2111/18932 ...
[09/07 23:29:06] [TEST] Processing batch 2112/18932 ...
[09/07 23:29:06] [TEST] Processing batch 2113/18932 ...
[09/07 23:29:06] [TEST] Processing batch 2114/18932 ...
[09/07 23:29:06] [TEST] Processing batch 2115/18932 ...
[09/07 23:29:06] [TEST] Processing batch 2116/18932 ...
[09/07 23:29:07] [TEST] Processing batch 2117/18932 ...
[09/07 23:29:07] [TEST] Processing batch 2118/18932 ...
[09/07 23:29:07] [TEST] Processing batch 2119/18932 ...
[09/07 23:29:07] [TEST] Processing batch 2120/18932 ...
[09/07 23:29:07] [TEST] Processing batch 2121/18932 ...
[09/07 23:29:07] [TEST] Processing batch 2122/18932 ...
[09/07 23:29:07] [TEST] Processing batch 2123/18932 ...
[09/07 23:29:07] [TEST] Processing batch 2124/18932 ...
[09/07 23:29:07] [TEST] Processing batch 2125/18932 ...
[09/07 23:29:07] [TEST] Processing batch 2126/18932 ...
[09/07 23:29:07] [TEST] Processing batch 2127/18932 ...
[09/07 23:29:07] [TEST] Processing batch 2128/18932 ...
[09/07 23:29:07] [TEST] Processing batch 2129/18932 ...
[09/07 23:29:07] [TEST] Processing batch 2130/18932 ...
[09/07 23:29:07] [TEST] Processing batch 2131/18932 ...
[09/07 23:29:07] [TEST] Processing batch 2132/18932 ...
[09/07 23:29:07] [TEST] Processing batch 2133/18932 ...
[09/07 23:29:07] [TEST] Processing batch 2134/18932 ...
[09/07 23:29:07] [TEST] Processing batch 2135/18932 ...
[09/07 23:29:08] [TEST] Processing batch 2136/18932 ...
[09/07 23:29:08] [TEST] Processing batch 2137/18932 ...
[09/07 23:29:08] [TEST] Processing batch 2138/18932 ...
[09/07 23:29:08] [TEST] Processing batch 2139/18932 ...
[09/07 23:29:08] [TEST] Processing batch 2140/18932 ...
[09/07 23:29:08] [TEST] Processing batch 2141/18932 ...
[09/07 23:29:08] [TEST] Processing batch 2142/18932 ...
[09/07 23:29:08] [TEST] Processing batch 2143/18932 ...
[09/07 23:29:08] [TEST] Processing batch 2144/18932 ...
[09/07 23:29:08] [TEST] Processing batch 2145/18932 ...
[09/07 23:29:08] [TEST] Processing batch 2146/18932 ...
[09/07 23:29:08] [TEST] Processing batch 2147/18932 ...
[09/07 23:29:08] [TEST] Processing batch 2148/18932 ...
[09/07 23:29:08] [TEST] Processing batch 2149/18932 ...
[09/07 23:29:08] [TEST] Processing batch 2150/18932 ...
[09/07 23:29:08] [TEST] Processing batch 2151/18932 ...
[09/07 23:29:08] [TEST] Processing batch 2152/18932 ...
[09/07 23:29:08] [TEST] Processing batch 2153/18932 ...
[09/07 23:29:09] [TEST] Processing batch 2154/18932 ...
[09/07 23:29:09] [TEST] Processing batch 2155/18932 ...
[09/07 23:29:09] [TEST] Processing batch 2156/18932 ...
[09/07 23:29:09] [TEST] Processing batch 2157/18932 ...
[09/07 23:29:09] [TEST] Processing batch 2158/18932 ...
[09/07 23:29:09] [TEST] Processing batch 2159/18932 ...
[09/07 23:29:09] [TEST] Processing batch 2160/18932 ...
[09/07 23:29:09] [TEST] Processing batch 2161/18932 ...
[09/07 23:29:09] [TEST] Processing batch 2162/18932 ...
[09/07 23:29:09] [TEST] Processing batch 2163/18932 ...
[09/07 23:29:09] [TEST] Processing batch 2164/18932 ...
[09/07 23:29:09] [TEST] Processing batch 2165/18932 ...
[09/07 23:29:09] [TEST] Processing batch 2166/18932 ...
[09/07 23:29:09] [TEST] Processing batch 2167/18932 ...
[09/07 23:29:09] [TEST] Processing batch 2168/18932 ...
[09/07 23:29:09] [TEST] Processing batch 2169/18932 ...
[09/07 23:29:09] [TEST] Processing batch 2170/18932 ...
[09/07 23:29:09] [TEST] Processing batch 2171/18932 ...
[09/07 23:29:09] [TEST] Processing batch 2172/18932 ...
[09/07 23:29:10] [TEST] Processing batch 2173/18932 ...
[09/07 23:29:10] [TEST] Processing batch 2174/18932 ...
[09/07 23:29:10] [TEST] Processing batch 2175/18932 ...
[09/07 23:29:10] [TEST] Processing batch 2176/18932 ...
[09/07 23:29:10] [TEST] Processing batch 2177/18932 ...
[09/07 23:29:10] [TEST] Processing batch 2178/18932 ...
[09/07 23:29:10] [TEST] Processing batch 2179/18932 ...
[09/07 23:29:10] [TEST] Processing batch 2180/18932 ...
[09/07 23:29:10] [TEST] Processing batch 2181/18932 ...
[09/07 23:29:10] [TEST] Processing batch 2182/18932 ...
[09/07 23:29:10] [TEST] Processing batch 2183/18932 ...
[09/07 23:29:10] [TEST] Processing batch 2184/18932 ...
[09/07 23:29:10] [TEST] Processing batch 2185/18932 ...
[09/07 23:29:10] [TEST] Processing batch 2186/18932 ...
[09/07 23:29:10] [TEST] Processing batch 2187/18932 ...
[09/07 23:29:10] [TEST] Processing batch 2188/18932 ...
[09/07 23:29:10] [TEST] Processing batch 2189/18932 ...
[09/07 23:29:10] [TEST] Processing batch 2190/18932 ...
[09/07 23:29:11] [TEST] Processing batch 2191/18932 ...
[09/07 23:29:11] [TEST] Processing batch 2192/18932 ...
[09/07 23:29:11] [TEST] Processing batch 2193/18932 ...
[09/07 23:29:11] [TEST] Processing batch 2194/18932 ...
[09/07 23:29:11] [TEST] Processing batch 2195/18932 ...
[09/07 23:29:11] [TEST] Processing batch 2196/18932 ...
[09/07 23:29:11] [TEST] Processing batch 2197/18932 ...
[09/07 23:29:11] [TEST] Processing batch 2198/18932 ...
[09/07 23:29:11] [TEST] Processing batch 2199/18932 ...
[09/07 23:29:11] [TEST] Processing batch 2200/18932 ...
[09/07 23:29:11] [TEST] Processing batch 2201/18932 ...
[09/07 23:29:11] [TEST] Processing batch 2202/18932 ...
[09/07 23:29:11] [TEST] Processing batch 2203/18932 ...
[09/07 23:29:11] [TEST] Processing batch 2204/18932 ...
[09/07 23:29:11] [TEST] Processing batch 2205/18932 ...
[09/07 23:29:11] [TEST] Processing batch 2206/18932 ...
[09/07 23:29:11] [TEST] Processing batch 2207/18932 ...
[09/07 23:29:11] [TEST] Processing batch 2208/18932 ...
[09/07 23:29:11] [TEST] Processing batch 2209/18932 ...
[09/07 23:29:12] [TEST] Processing batch 2210/18932 ...
[09/07 23:29:12] [TEST] Processing batch 2211/18932 ...
[09/07 23:29:12] [TEST] Processing batch 2212/18932 ...
[09/07 23:29:12] [TEST] Processing batch 2213/18932 ...
[09/07 23:29:12] [TEST] Processing batch 2214/18932 ...
[09/07 23:29:12] [TEST] Processing batch 2215/18932 ...
[09/07 23:29:12] [TEST] Processing batch 2216/18932 ...
[09/07 23:29:12] [TEST] Processing batch 2217/18932 ...
[09/07 23:29:12] [TEST] Processing batch 2218/18932 ...
[09/07 23:29:12] [TEST] Processing batch 2219/18932 ...
[09/07 23:29:12] [TEST] Processing batch 2220/18932 ...
[09/07 23:29:12] [TEST] Processing batch 2221/18932 ...
[09/07 23:29:12] [TEST] Processing batch 2222/18932 ...
[09/07 23:29:12] [TEST] Processing batch 2223/18932 ...
[09/07 23:29:12] [TEST] Processing batch 2224/18932 ...
[09/07 23:29:12] [TEST] Processing batch 2225/18932 ...
[09/07 23:29:12] [TEST] Processing batch 2226/18932 ...
[09/07 23:29:12] [TEST] Processing batch 2227/18932 ...
[09/07 23:29:12] [TEST] Processing batch 2228/18932 ...
[09/07 23:29:13] [TEST] Processing batch 2229/18932 ...
[09/07 23:29:13] [TEST] Processing batch 2230/18932 ...
[09/07 23:29:13] [TEST] Processing batch 2231/18932 ...
[09/07 23:29:13] [TEST] Processing batch 2232/18932 ...
[09/07 23:29:13] [TEST] Processing batch 2233/18932 ...
[09/07 23:29:13] [TEST] Processing batch 2234/18932 ...
[09/07 23:29:13] [TEST] Processing batch 2235/18932 ...
[09/07 23:29:13] [TEST] Processing batch 2236/18932 ...
[09/07 23:29:13] [TEST] Processing batch 2237/18932 ...
[09/07 23:29:13] [TEST] Processing batch 2238/18932 ...
[09/07 23:29:13] [TEST] Processing batch 2239/18932 ...
[09/07 23:29:13] [TEST] Processing batch 2240/18932 ...
[09/07 23:29:13] [TEST] Processing batch 2241/18932 ...
[09/07 23:29:13] [TEST] Processing batch 2242/18932 ...
[09/07 23:29:13] [TEST] Processing batch 2243/18932 ...
[09/07 23:29:13] [TEST] Processing batch 2244/18932 ...
[09/07 23:29:13] [TEST] Processing batch 2245/18932 ...
[09/07 23:29:13] [TEST] Processing batch 2246/18932 ...
[09/07 23:29:14] [TEST] Processing batch 2247/18932 ...
[09/07 23:29:14] [TEST] Processing batch 2248/18932 ...
[09/07 23:29:14] [TEST] Processing batch 2249/18932 ...
[09/07 23:29:14] [TEST] Processing batch 2250/18932 ...
[09/07 23:29:14] [TEST] Processing batch 2251/18932 ...
[09/07 23:29:14] [TEST] Processing batch 2252/18932 ...
[09/07 23:29:14] [TEST] Processing batch 2253/18932 ...
[09/07 23:29:14] [TEST] Processing batch 2254/18932 ...
[09/07 23:29:14] [TEST] Processing batch 2255/18932 ...
[09/07 23:29:14] [TEST] Processing batch 2256/18932 ...
[09/07 23:29:14] [TEST] Processing batch 2257/18932 ...
[09/07 23:29:14] [TEST] Processing batch 2258/18932 ...
[09/07 23:29:14] [TEST] Processing batch 2259/18932 ...
[09/07 23:29:14] [TEST] Processing batch 2260/18932 ...
[09/07 23:29:14] [TEST] Processing batch 2261/18932 ...
[09/07 23:29:14] [TEST] Processing batch 2262/18932 ...
[09/07 23:29:14] [TEST] Processing batch 2263/18932 ...
[09/07 23:29:14] [TEST] Processing batch 2264/18932 ...
[09/07 23:29:14] [TEST] Processing batch 2265/18932 ...
[09/07 23:29:15] [TEST] Processing batch 2266/18932 ...
[09/07 23:29:15] [TEST] Processing batch 2267/18932 ...
[09/07 23:29:15] [TEST] Processing batch 2268/18932 ...
[09/07 23:29:15] [TEST] Processing batch 2269/18932 ...
[09/07 23:29:15] [TEST] Processing batch 2270/18932 ...
[09/07 23:29:15] [TEST] Processing batch 2271/18932 ...
[09/07 23:29:15] [TEST] Processing batch 2272/18932 ...
[09/07 23:29:15] [TEST] Processing batch 2273/18932 ...
[09/07 23:29:15] [TEST] Processing batch 2274/18932 ...
[09/07 23:29:15] [TEST] Processing batch 2275/18932 ...
[09/07 23:29:15] [TEST] Processing batch 2276/18932 ...
[09/07 23:29:15] [TEST] Processing batch 2277/18932 ...
[09/07 23:29:15] [TEST] Processing batch 2278/18932 ...
[09/07 23:29:15] [TEST] Processing batch 2279/18932 ...
[09/07 23:29:15] [TEST] Processing batch 2280/18932 ...
[09/07 23:29:15] [TEST] Processing batch 2281/18932 ...
[09/07 23:29:15] [TEST] Processing batch 2282/18932 ...
[09/07 23:29:15] [TEST] Processing batch 2283/18932 ...
[09/07 23:29:16] [TEST] Processing batch 2284/18932 ...
[09/07 23:29:16] [TEST] Processing batch 2285/18932 ...
[09/07 23:29:16] [TEST] Processing batch 2286/18932 ...
[09/07 23:29:16] [TEST] Processing batch 2287/18932 ...
[09/07 23:29:16] [TEST] Processing batch 2288/18932 ...
[09/07 23:29:16] [TEST] Processing batch 2289/18932 ...
[09/07 23:29:16] [TEST] Processing batch 2290/18932 ...
[09/07 23:29:16] [TEST] Processing batch 2291/18932 ...
[09/07 23:29:16] [TEST] Processing batch 2292/18932 ...
[09/07 23:29:16] [TEST] Processing batch 2293/18932 ...
[09/07 23:29:16] [TEST] Processing batch 2294/18932 ...
[09/07 23:29:16] [TEST] Processing batch 2295/18932 ...
[09/07 23:29:16] [TEST] Processing batch 2296/18932 ...
[09/07 23:29:16] [TEST] Processing batch 2297/18932 ...
[09/07 23:29:16] [TEST] Processing batch 2298/18932 ...
[09/07 23:29:16] [TEST] Processing batch 2299/18932 ...
[09/07 23:29:16] [TEST] Processing batch 2300/18932 ...
[09/07 23:29:16] [TEST] Processing batch 2301/18932 ...
[09/07 23:29:16] [TEST] Processing batch 2302/18932 ...
[09/07 23:29:17] [TEST] Processing batch 2303/18932 ...
[09/07 23:29:17] [TEST] Processing batch 2304/18932 ...
[09/07 23:29:17] [TEST] Processing batch 2305/18932 ...
[09/07 23:29:17] [TEST] Processing batch 2306/18932 ...
[09/07 23:29:17] [TEST] Processing batch 2307/18932 ...
[09/07 23:29:17] [TEST] Processing batch 2308/18932 ...
[09/07 23:29:17] [TEST] Processing batch 2309/18932 ...
[09/07 23:29:17] [TEST] Processing batch 2310/18932 ...
[09/07 23:29:17] [TEST] Processing batch 2311/18932 ...
[09/07 23:29:17] [TEST] Processing batch 2312/18932 ...
[09/07 23:29:17] [TEST] Processing batch 2313/18932 ...
[09/07 23:29:17] [TEST] Processing batch 2314/18932 ...
[09/07 23:29:17] [TEST] Processing batch 2315/18932 ...
[09/07 23:29:17] [TEST] Processing batch 2316/18932 ...
[09/07 23:29:17] [TEST] Processing batch 2317/18932 ...
[09/07 23:29:17] [TEST] Processing batch 2318/18932 ...
[09/07 23:29:17] [TEST] Processing batch 2319/18932 ...
[09/07 23:29:17] [TEST] Processing batch 2320/18932 ...
[09/07 23:29:18] [TEST] Processing batch 2321/18932 ...
[09/07 23:29:18] [TEST] Processing batch 2322/18932 ...
[09/07 23:29:18] [TEST] Processing batch 2323/18932 ...
[09/07 23:29:18] [TEST] Processing batch 2324/18932 ...
[09/07 23:29:18] [TEST] Processing batch 2325/18932 ...
[09/07 23:29:18] [TEST] Processing batch 2326/18932 ...
[09/07 23:29:18] [TEST] Processing batch 2327/18932 ...
[09/07 23:29:18] [TEST] Processing batch 2328/18932 ...
[09/07 23:29:18] [TEST] Processing batch 2329/18932 ...
[09/07 23:29:18] [TEST] Processing batch 2330/18932 ...
[09/07 23:29:18] [TEST] Processing batch 2331/18932 ...
[09/07 23:29:18] [TEST] Processing batch 2332/18932 ...
[09/07 23:29:18] [TEST] Processing batch 2333/18932 ...
[09/07 23:29:18] [TEST] Processing batch 2334/18932 ...
[09/07 23:29:18] [TEST] Processing batch 2335/18932 ...
[09/07 23:29:18] [TEST] Processing batch 2336/18932 ...
[09/07 23:29:18] [TEST] Processing batch 2337/18932 ...
[09/07 23:29:18] [TEST] Processing batch 2338/18932 ...
[09/07 23:29:18] [TEST] Processing batch 2339/18932 ...
[09/07 23:29:19] [TEST] Processing batch 2340/18932 ...
[09/07 23:29:19] [TEST] Processing batch 2341/18932 ...
[09/07 23:29:19] [TEST] Processing batch 2342/18932 ...
[09/07 23:29:19] [TEST] Processing batch 2343/18932 ...
[09/07 23:29:19] [TEST] Processing batch 2344/18932 ...
[09/07 23:29:19] [TEST] Processing batch 2345/18932 ...
[09/07 23:29:19] [TEST] Processing batch 2346/18932 ...
[09/07 23:29:19] [TEST] Processing batch 2347/18932 ...
[09/07 23:29:19] [TEST] Processing batch 2348/18932 ...
[09/07 23:29:19] [TEST] Processing batch 2349/18932 ...
[09/07 23:29:19] [TEST] Processing batch 2350/18932 ...
[09/07 23:29:19] [TEST] Processing batch 2351/18932 ...
[09/07 23:29:19] [TEST] Processing batch 2352/18932 ...
[09/07 23:29:19] [TEST] Processing batch 2353/18932 ...
[09/07 23:29:19] [TEST] Processing batch 2354/18932 ...
[09/07 23:29:19] [TEST] Processing batch 2355/18932 ...
[09/07 23:29:19] [TEST] Processing batch 2356/18932 ...
[09/07 23:29:19] [TEST] Processing batch 2357/18932 ...
[09/07 23:29:19] [TEST] Processing batch 2358/18932 ...
[09/07 23:29:20] [TEST] Processing batch 2359/18932 ...
[09/07 23:29:20] [TEST] Processing batch 2360/18932 ...
[09/07 23:29:20] [TEST] Processing batch 2361/18932 ...
[09/07 23:29:20] [TEST] Processing batch 2362/18932 ...
[09/07 23:29:20] [TEST] Processing batch 2363/18932 ...
[09/07 23:29:20] [TEST] Processing batch 2364/18932 ...
[09/07 23:29:20] [TEST] Processing batch 2365/18932 ...
[09/07 23:29:20] [TEST] Processing batch 2366/18932 ...
[09/07 23:29:20] [TEST] Processing batch 2367/18932 ...
[09/07 23:29:20] [TEST] Processing batch 2368/18932 ...
[09/07 23:29:20] [TEST] Processing batch 2369/18932 ...
[09/07 23:29:20] [TEST] Processing batch 2370/18932 ...
[09/07 23:29:20] [TEST] Processing batch 2371/18932 ...
[09/07 23:29:20] [TEST] Processing batch 2372/18932 ...
[09/07 23:29:20] [TEST] Processing batch 2373/18932 ...
[09/07 23:29:20] [TEST] Processing batch 2374/18932 ...
[09/07 23:29:20] [TEST] Processing batch 2375/18932 ...
[09/07 23:29:20] [TEST] Processing batch 2376/18932 ...
[09/07 23:29:21] [TEST] Processing batch 2377/18932 ...
[09/07 23:29:21] [TEST] Processing batch 2378/18932 ...
[09/07 23:29:21] [TEST] Processing batch 2379/18932 ...
[09/07 23:29:21] [TEST] Processing batch 2380/18932 ...
[09/07 23:29:21] [TEST] Processing batch 2381/18932 ...
[09/07 23:29:21] [TEST] Processing batch 2382/18932 ...
[09/07 23:29:21] [TEST] Processing batch 2383/18932 ...
[09/07 23:29:21] [TEST] Processing batch 2384/18932 ...
[09/07 23:29:21] [TEST] Processing batch 2385/18932 ...
[09/07 23:29:21] [TEST] Processing batch 2386/18932 ...
[09/07 23:29:21] [TEST] Processing batch 2387/18932 ...
[09/07 23:29:21] [TEST] Processing batch 2388/18932 ...
[09/07 23:29:21] [TEST] Processing batch 2389/18932 ...
[09/07 23:29:21] [TEST] Processing batch 2390/18932 ...
[09/07 23:29:21] [TEST] Processing batch 2391/18932 ...
[09/07 23:29:21] [TEST] Processing batch 2392/18932 ...
[09/07 23:29:21] [TEST] Processing batch 2393/18932 ...
[09/07 23:29:21] [TEST] Processing batch 2394/18932 ...
[09/07 23:29:22] [TEST] Processing batch 2395/18932 ...
[09/07 23:29:22] [TEST] Processing batch 2396/18932 ...
[09/07 23:29:22] [TEST] Processing batch 2397/18932 ...
[09/07 23:29:22] [TEST] Processing batch 2398/18932 ...
[09/07 23:29:22] [TEST] Processing batch 2399/18932 ...
[09/07 23:29:22] [TEST] Processing batch 2400/18932 ...
[09/07 23:29:22] [TEST] Processing batch 2401/18932 ...
[09/07 23:29:22] [TEST] Processing batch 2402/18932 ...
[09/07 23:29:22] [TEST] Processing batch 2403/18932 ...
[09/07 23:29:22] [TEST] Processing batch 2404/18932 ...
[09/07 23:29:22] [TEST] Processing batch 2405/18932 ...
[09/07 23:29:22] [TEST] Processing batch 2406/18932 ...
[09/07 23:29:22] [TEST] Processing batch 2407/18932 ...
[09/07 23:29:22] [TEST] Processing batch 2408/18932 ...
[09/07 23:29:22] [TEST] Processing batch 2409/18932 ...
[09/07 23:29:22] [TEST] Processing batch 2410/18932 ...
[09/07 23:29:22] [TEST] Processing batch 2411/18932 ...
[09/07 23:29:22] [TEST] Processing batch 2412/18932 ...
[09/07 23:29:23] [TEST] Processing batch 2413/18932 ...
[09/07 23:29:23] [TEST] Processing batch 2414/18932 ...
[09/07 23:29:23] [TEST] Processing batch 2415/18932 ...
[09/07 23:29:23] [TEST] Processing batch 2416/18932 ...
[09/07 23:29:23] [TEST] Processing batch 2417/18932 ...
[09/07 23:29:23] [TEST] Processing batch 2418/18932 ...
[09/07 23:29:23] [TEST] Processing batch 2419/18932 ...
[09/07 23:29:23] [TEST] Processing batch 2420/18932 ...
[09/07 23:29:23] [TEST] Processing batch 2421/18932 ...
[09/07 23:29:23] [TEST] Processing batch 2422/18932 ...
[09/07 23:29:23] [TEST] Processing batch 2423/18932 ...
[09/07 23:29:23] [TEST] Processing batch 2424/18932 ...
[09/07 23:29:23] [TEST] Processing batch 2425/18932 ...
[09/07 23:29:23] [TEST] Processing batch 2426/18932 ...
[09/07 23:29:23] [TEST] Processing batch 2427/18932 ...
[09/07 23:29:23] [TEST] Processing batch 2428/18932 ...
[09/07 23:29:23] [TEST] Processing batch 2429/18932 ...
[09/07 23:29:23] [TEST] Processing batch 2430/18932 ...
[09/07 23:29:23] [TEST] Processing batch 2431/18932 ...
[09/07 23:29:24] [TEST] Processing batch 2432/18932 ...
[09/07 23:29:24] [TEST] Processing batch 2433/18932 ...
[09/07 23:29:24] [TEST] Processing batch 2434/18932 ...
[09/07 23:29:24] [TEST] Processing batch 2435/18932 ...
[09/07 23:29:24] [TEST] Processing batch 2436/18932 ...
[09/07 23:29:24] [TEST] Processing batch 2437/18932 ...
[09/07 23:29:24] [TEST] Processing batch 2438/18932 ...
[09/07 23:29:24] [TEST] Processing batch 2439/18932 ...
[09/07 23:29:24] [TEST] Processing batch 2440/18932 ...
[09/07 23:29:24] [TEST] Processing batch 2441/18932 ...
[09/07 23:29:24] [TEST] Processing batch 2442/18932 ...
[09/07 23:29:24] [TEST] Processing batch 2443/18932 ...
[09/07 23:29:24] [TEST] Processing batch 2444/18932 ...
[09/07 23:29:24] [TEST] Processing batch 2445/18932 ...
[09/07 23:29:24] [TEST] Processing batch 2446/18932 ...
[09/07 23:29:24] [TEST] Processing batch 2447/18932 ...
[09/07 23:29:24] [TEST] Processing batch 2448/18932 ...
[09/07 23:29:24] [TEST] Processing batch 2449/18932 ...
[09/07 23:29:25] [TEST] Processing batch 2450/18932 ...
[09/07 23:29:25] [TEST] Processing batch 2451/18932 ...
[09/07 23:29:25] [TEST] Processing batch 2452/18932 ...
[09/07 23:29:25] [TEST] Processing batch 2453/18932 ...
[09/07 23:29:25] [TEST] Processing batch 2454/18932 ...
[09/07 23:29:25] [TEST] Processing batch 2455/18932 ...
[09/07 23:29:25] [TEST] Processing batch 2456/18932 ...
[09/07 23:29:25] [TEST] Processing batch 2457/18932 ...
[09/07 23:29:25] [TEST] Processing batch 2458/18932 ...
[09/07 23:29:25] [TEST] Processing batch 2459/18932 ...
[09/07 23:29:25] [TEST] Processing batch 2460/18932 ...
[09/07 23:29:25] [TEST] Processing batch 2461/18932 ...
[09/07 23:29:25] [TEST] Processing batch 2462/18932 ...
[09/07 23:29:25] [TEST] Processing batch 2463/18932 ...
[09/07 23:29:25] [TEST] Processing batch 2464/18932 ...
[09/07 23:29:25] [TEST] Processing batch 2465/18932 ...
[09/07 23:29:25] [TEST] Processing batch 2466/18932 ...
[09/07 23:29:25] [TEST] Processing batch 2467/18932 ...
[09/07 23:29:25] [TEST] Processing batch 2468/18932 ...
[09/07 23:29:26] [TEST] Processing batch 2469/18932 ...
[09/07 23:29:26] [TEST] Processing batch 2470/18932 ...
[09/07 23:29:26] [TEST] Processing batch 2471/18932 ...
[09/07 23:29:26] [TEST] Processing batch 2472/18932 ...
[09/07 23:29:26] [TEST] Processing batch 2473/18932 ...
[09/07 23:29:26] [TEST] Processing batch 2474/18932 ...
[09/07 23:29:26] [TEST] Processing batch 2475/18932 ...
[09/07 23:29:26] [TEST] Processing batch 2476/18932 ...
[09/07 23:29:26] [TEST] Processing batch 2477/18932 ...
[09/07 23:29:26] [TEST] Processing batch 2478/18932 ...
[09/07 23:29:26] [TEST] Processing batch 2479/18932 ...
[09/07 23:29:26] [TEST] Processing batch 2480/18932 ...
[09/07 23:29:26] [TEST] Processing batch 2481/18932 ...
[09/07 23:29:26] [TEST] Processing batch 2482/18932 ...
[09/07 23:29:26] [TEST] Processing batch 2483/18932 ...
[09/07 23:29:26] [TEST] Processing batch 2484/18932 ...
[09/07 23:29:26] [TEST] Processing batch 2485/18932 ...
[09/07 23:29:26] [TEST] Processing batch 2486/18932 ...
[09/07 23:29:26] [TEST] Processing batch 2487/18932 ...
[09/07 23:29:27] [TEST] Processing batch 2488/18932 ...
[09/07 23:29:27] [TEST] Processing batch 2489/18932 ...
[09/07 23:29:27] [TEST] Processing batch 2490/18932 ...
[09/07 23:29:27] [TEST] Processing batch 2491/18932 ...
[09/07 23:29:27] [TEST] Processing batch 2492/18932 ...
[09/07 23:29:27] [TEST] Processing batch 2493/18932 ...
[09/07 23:29:27] [TEST] Processing batch 2494/18932 ...
[09/07 23:29:27] [TEST] Processing batch 2495/18932 ...
[09/07 23:29:27] [TEST] Processing batch 2496/18932 ...
[09/07 23:29:27] [TEST] Processing batch 2497/18932 ...
[09/07 23:29:27] [TEST] Processing batch 2498/18932 ...
[09/07 23:29:27] [TEST] Processing batch 2499/18932 ...
[09/07 23:29:27] [TEST] Processing batch 2500/18932 ...
[09/07 23:29:27] [TEST] Processing batch 2501/18932 ...
[09/07 23:29:27] [TEST] Processing batch 2502/18932 ...
[09/07 23:29:27] [TEST] Processing batch 2503/18932 ...
[09/07 23:29:27] [TEST] Processing batch 2504/18932 ...
[09/07 23:29:27] [TEST] Processing batch 2505/18932 ...
[09/07 23:29:28] [TEST] Processing batch 2506/18932 ...
[09/07 23:29:28] [TEST] Processing batch 2507/18932 ...
[09/07 23:29:28] [TEST] Processing batch 2508/18932 ...
[09/07 23:29:28] [TEST] Processing batch 2509/18932 ...
[09/07 23:29:28] [TEST] Processing batch 2510/18932 ...
[09/07 23:29:28] [TEST] Processing batch 2511/18932 ...
[09/07 23:29:28] [TEST] Processing batch 2512/18932 ...
[09/07 23:29:28] [TEST] Processing batch 2513/18932 ...
[09/07 23:29:28] [TEST] Processing batch 2514/18932 ...
[09/07 23:29:28] [TEST] Processing batch 2515/18932 ...
[09/07 23:29:28] [TEST] Processing batch 2516/18932 ...
[09/07 23:29:28] [TEST] Processing batch 2517/18932 ...
[09/07 23:29:28] [TEST] Processing batch 2518/18932 ...
[09/07 23:29:28] [TEST] Processing batch 2519/18932 ...
[09/07 23:29:28] [TEST] Processing batch 2520/18932 ...
[09/07 23:29:28] [TEST] Processing batch 2521/18932 ...
[09/07 23:29:28] [TEST] Processing batch 2522/18932 ...
[09/07 23:29:28] [TEST] Processing batch 2523/18932 ...
[09/07 23:29:28] [TEST] Processing batch 2524/18932 ...
[09/07 23:29:29] [TEST] Processing batch 2525/18932 ...
[09/07 23:29:29] [TEST] Processing batch 2526/18932 ...
[09/07 23:29:29] [TEST] Processing batch 2527/18932 ...
[09/07 23:29:29] [TEST] Processing batch 2528/18932 ...
[09/07 23:29:29] [TEST] Processing batch 2529/18932 ...
[09/07 23:29:29] [TEST] Processing batch 2530/18932 ...
[09/07 23:29:29] [TEST] Processing batch 2531/18932 ...
[09/07 23:29:29] [TEST] Processing batch 2532/18932 ...
[09/07 23:29:29] [TEST] Processing batch 2533/18932 ...
[09/07 23:29:29] [TEST] Processing batch 2534/18932 ...
[09/07 23:29:29] [TEST] Processing batch 2535/18932 ...
[09/07 23:29:29] [TEST] Processing batch 2536/18932 ...
[09/07 23:29:29] [TEST] Processing batch 2537/18932 ...
[09/07 23:29:29] [TEST] Processing batch 2538/18932 ...
[09/07 23:29:29] [TEST] Processing batch 2539/18932 ...
[09/07 23:29:29] [TEST] Processing batch 2540/18932 ...
[09/07 23:29:29] [TEST] Processing batch 2541/18932 ...
[09/07 23:29:29] [TEST] Processing batch 2542/18932 ...
[09/07 23:29:30] [TEST] Processing batch 2543/18932 ...
[09/07 23:29:30] [TEST] Processing batch 2544/18932 ...
[09/07 23:29:30] [TEST] Processing batch 2545/18932 ...
[09/07 23:29:30] [TEST] Processing batch 2546/18932 ...
[09/07 23:29:30] [TEST] Processing batch 2547/18932 ...
[09/07 23:29:30] [TEST] Processing batch 2548/18932 ...
[09/07 23:29:30] [TEST] Processing batch 2549/18932 ...
[09/07 23:29:30] [TEST] Processing batch 2550/18932 ...
[09/07 23:29:30] [TEST] Processing batch 2551/18932 ...
[09/07 23:29:30] [TEST] Processing batch 2552/18932 ...
[09/07 23:29:30] [TEST] Processing batch 2553/18932 ...
[09/07 23:29:30] [TEST] Processing batch 2554/18932 ...
[09/07 23:29:30] [TEST] Processing batch 2555/18932 ...
[09/07 23:29:30] [TEST] Processing batch 2556/18932 ...
[09/07 23:29:30] [TEST] Processing batch 2557/18932 ...
[09/07 23:29:30] [TEST] Processing batch 2558/18932 ...
[09/07 23:29:30] [TEST] Processing batch 2559/18932 ...
[09/07 23:29:30] [TEST] Processing batch 2560/18932 ...
[09/07 23:29:31] [TEST] Processing batch 2561/18932 ...
[09/07 23:29:31] [TEST] Processing batch 2562/18932 ...
[09/07 23:29:31] [TEST] Processing batch 2563/18932 ...
[09/07 23:29:31] [TEST] Processing batch 2564/18932 ...
[09/07 23:29:31] [TEST] Processing batch 2565/18932 ...
[09/07 23:29:31] [TEST] Processing batch 2566/18932 ...
[09/07 23:29:31] [TEST] Processing batch 2567/18932 ...
[09/07 23:29:31] [TEST] Processing batch 2568/18932 ...
[09/07 23:29:31] [TEST] Processing batch 2569/18932 ...
[09/07 23:29:31] [TEST] Processing batch 2570/18932 ...
[09/07 23:29:31] [TEST] Processing batch 2571/18932 ...
[09/07 23:29:31] [TEST] Processing batch 2572/18932 ...
[09/07 23:29:31] [TEST] Processing batch 2573/18932 ...
[09/07 23:29:31] [TEST] Processing batch 2574/18932 ...
[09/07 23:29:31] [TEST] Processing batch 2575/18932 ...
[09/07 23:29:31] [TEST] Processing batch 2576/18932 ...
[09/07 23:29:31] [TEST] Processing batch 2577/18932 ...
[09/07 23:29:31] [TEST] Processing batch 2578/18932 ...
[09/07 23:29:31] [TEST] Processing batch 2579/18932 ...
[09/07 23:29:32] [TEST] Processing batch 2580/18932 ...
[09/07 23:29:32] [TEST] Processing batch 2581/18932 ...
[09/07 23:29:32] [TEST] Processing batch 2582/18932 ...
[09/07 23:29:32] [TEST] Processing batch 2583/18932 ...
[09/07 23:29:32] [TEST] Processing batch 2584/18932 ...
[09/07 23:29:32] [TEST] Processing batch 2585/18932 ...
[09/07 23:29:32] [TEST] Processing batch 2586/18932 ...
[09/07 23:29:32] [TEST] Processing batch 2587/18932 ...
[09/07 23:29:32] [TEST] Processing batch 2588/18932 ...
[09/07 23:29:32] [TEST] Processing batch 2589/18932 ...
[09/07 23:29:32] [TEST] Processing batch 2590/18932 ...
[09/07 23:29:32] [TEST] Processing batch 2591/18932 ...
[09/07 23:29:32] [TEST] Processing batch 2592/18932 ...
[09/07 23:29:32] [TEST] Processing batch 2593/18932 ...
[09/07 23:29:32] [TEST] Processing batch 2594/18932 ...
[09/07 23:29:32] [TEST] Processing batch 2595/18932 ...
[09/07 23:29:32] [TEST] Processing batch 2596/18932 ...
[09/07 23:29:32] [TEST] Processing batch 2597/18932 ...
[09/07 23:29:33] [TEST] Processing batch 2598/18932 ...
[09/07 23:29:33] [TEST] Processing batch 2599/18932 ...
[09/07 23:29:33] [TEST] Processing batch 2600/18932 ...
[09/07 23:29:33] [TEST] Processing batch 2601/18932 ...
[09/07 23:29:33] [TEST] Processing batch 2602/18932 ...
[09/07 23:29:33] [TEST] Processing batch 2603/18932 ...
[09/07 23:29:33] [TEST] Processing batch 2604/18932 ...
[09/07 23:29:33] [TEST] Processing batch 2605/18932 ...
[09/07 23:29:33] [TEST] Processing batch 2606/18932 ...
[09/07 23:29:33] [TEST] Processing batch 2607/18932 ...
[09/07 23:29:33] [TEST] Processing batch 2608/18932 ...
[09/07 23:29:33] [TEST] Processing batch 2609/18932 ...
[09/07 23:29:33] [TEST] Processing batch 2610/18932 ...
[09/07 23:29:33] [TEST] Processing batch 2611/18932 ...
[09/07 23:29:33] [TEST] Processing batch 2612/18932 ...
[09/07 23:29:33] [TEST] Processing batch 2613/18932 ...
[09/07 23:29:33] [TEST] Processing batch 2614/18932 ...
[09/07 23:29:33] [TEST] Processing batch 2615/18932 ...
[09/07 23:29:33] [TEST] Processing batch 2616/18932 ...
[09/07 23:29:34] [TEST] Processing batch 2617/18932 ...
[09/07 23:29:34] [TEST] Processing batch 2618/18932 ...
[09/07 23:29:34] [TEST] Processing batch 2619/18932 ...
[09/07 23:29:34] [TEST] Processing batch 2620/18932 ...
[09/07 23:29:34] [TEST] Processing batch 2621/18932 ...
[09/07 23:29:34] [TEST] Processing batch 2622/18932 ...
[09/07 23:29:34] [TEST] Processing batch 2623/18932 ...
[09/07 23:29:34] [TEST] Processing batch 2624/18932 ...
[09/07 23:29:34] [TEST] Processing batch 2625/18932 ...
[09/07 23:29:34] [TEST] Processing batch 2626/18932 ...
[09/07 23:29:34] [TEST] Processing batch 2627/18932 ...
[09/07 23:29:34] [TEST] Processing batch 2628/18932 ...
[09/07 23:29:34] [TEST] Processing batch 2629/18932 ...
[09/07 23:29:34] [TEST] Processing batch 2630/18932 ...
[09/07 23:29:34] [TEST] Processing batch 2631/18932 ...
[09/07 23:29:34] [TEST] Processing batch 2632/18932 ...
[09/07 23:29:34] [TEST] Processing batch 2633/18932 ...
[09/07 23:29:34] [TEST] Processing batch 2634/18932 ...
[09/07 23:29:35] [TEST] Processing batch 2635/18932 ...
[09/07 23:29:35] [TEST] Processing batch 2636/18932 ...
[09/07 23:29:35] [TEST] Processing batch 2637/18932 ...
[09/07 23:29:35] [TEST] Processing batch 2638/18932 ...
[09/07 23:29:35] [TEST] Processing batch 2639/18932 ...
[09/07 23:29:35] [TEST] Processing batch 2640/18932 ...
[09/07 23:29:35] [TEST] Processing batch 2641/18932 ...
[09/07 23:29:35] [TEST] Processing batch 2642/18932 ...
[09/07 23:29:35] [TEST] Processing batch 2643/18932 ...
[09/07 23:29:35] [TEST] Processing batch 2644/18932 ...
[09/07 23:29:35] [TEST] Processing batch 2645/18932 ...
[09/07 23:29:35] [TEST] Processing batch 2646/18932 ...
[09/07 23:29:35] [TEST] Processing batch 2647/18932 ...
[09/07 23:29:35] [TEST] Processing batch 2648/18932 ...
[09/07 23:29:35] [TEST] Processing batch 2649/18932 ...
[09/07 23:29:35] [TEST] Processing batch 2650/18932 ...
[09/07 23:29:35] [TEST] Processing batch 2651/18932 ...
[09/07 23:29:35] [TEST] Processing batch 2652/18932 ...
[09/07 23:29:35] [TEST] Processing batch 2653/18932 ...
[09/07 23:29:36] [TEST] Processing batch 2654/18932 ...
[09/07 23:29:36] [TEST] Processing batch 2655/18932 ...
[09/07 23:29:36] [TEST] Processing batch 2656/18932 ...
[09/07 23:29:36] [TEST] Processing batch 2657/18932 ...
[09/07 23:29:36] [TEST] Processing batch 2658/18932 ...
[09/07 23:29:36] [TEST] Processing batch 2659/18932 ...
[09/07 23:29:36] [TEST] Processing batch 2660/18932 ...
[09/07 23:29:36] [TEST] Processing batch 2661/18932 ...
[09/07 23:29:36] [TEST] Processing batch 2662/18932 ...
[09/07 23:29:36] [TEST] Processing batch 2663/18932 ...
[09/07 23:29:36] [TEST] Processing batch 2664/18932 ...
[09/07 23:29:36] [TEST] Processing batch 2665/18932 ...
[09/07 23:29:36] [TEST] Processing batch 2666/18932 ...
[09/07 23:29:36] [TEST] Processing batch 2667/18932 ...
[09/07 23:29:36] [TEST] Processing batch 2668/18932 ...
[09/07 23:29:36] [TEST] Processing batch 2669/18932 ...
[09/07 23:29:36] [TEST] Processing batch 2670/18932 ...
[09/07 23:29:36] [TEST] Processing batch 2671/18932 ...
[09/07 23:29:36] [TEST] Processing batch 2672/18932 ...
[09/07 23:29:37] [TEST] Processing batch 2673/18932 ...
[09/07 23:29:37] [TEST] Processing batch 2674/18932 ...
[09/07 23:29:37] [TEST] Processing batch 2675/18932 ...
[09/07 23:29:37] [TEST] Processing batch 2676/18932 ...
[09/07 23:29:37] [TEST] Processing batch 2677/18932 ...
[09/07 23:29:37] [TEST] Processing batch 2678/18932 ...
[09/07 23:29:37] [TEST] Processing batch 2679/18932 ...
[09/07 23:29:37] [TEST] Processing batch 2680/18932 ...
[09/07 23:29:37] [TEST] Processing batch 2681/18932 ...
[09/07 23:29:37] [TEST] Processing batch 2682/18932 ...
[09/07 23:29:37] [TEST] Processing batch 2683/18932 ...
[09/07 23:29:37] [TEST] Processing batch 2684/18932 ...
[09/07 23:29:37] [TEST] Processing batch 2685/18932 ...
[09/07 23:29:37] [TEST] Processing batch 2686/18932 ...
[09/07 23:29:37] [TEST] Processing batch 2687/18932 ...
[09/07 23:29:37] [TEST] Processing batch 2688/18932 ...
[09/07 23:29:37] [TEST] Processing batch 2689/18932 ...
[09/07 23:29:37] [TEST] Processing batch 2690/18932 ...
[09/07 23:29:38] [TEST] Processing batch 2691/18932 ...
[09/07 23:29:38] [TEST] Processing batch 2692/18932 ...
[09/07 23:29:38] [TEST] Processing batch 2693/18932 ...
[09/07 23:29:38] [TEST] Processing batch 2694/18932 ...
[09/07 23:29:38] [TEST] Processing batch 2695/18932 ...
[09/07 23:29:38] [TEST] Processing batch 2696/18932 ...
[09/07 23:29:38] [TEST] Processing batch 2697/18932 ...
[09/07 23:29:38] [TEST] Processing batch 2698/18932 ...
[09/07 23:29:38] [TEST] Processing batch 2699/18932 ...
[09/07 23:29:38] [TEST] Processing batch 2700/18932 ...
[09/07 23:29:38] [TEST] Processing batch 2701/18932 ...
[09/07 23:29:38] [TEST] Processing batch 2702/18932 ...
[09/07 23:29:38] [TEST] Processing batch 2703/18932 ...
[09/07 23:29:38] [TEST] Processing batch 2704/18932 ...
[09/07 23:29:38] [TEST] Processing batch 2705/18932 ...
[09/07 23:29:38] [TEST] Processing batch 2706/18932 ...
[09/07 23:29:38] [TEST] Processing batch 2707/18932 ...
[09/07 23:29:38] [TEST] Processing batch 2708/18932 ...
[09/07 23:29:38] [TEST] Processing batch 2709/18932 ...
[09/07 23:29:39] [TEST] Processing batch 2710/18932 ...
[09/07 23:29:39] [TEST] Processing batch 2711/18932 ...
[09/07 23:29:39] [TEST] Processing batch 2712/18932 ...
[09/07 23:29:39] [TEST] Processing batch 2713/18932 ...
[09/07 23:29:39] [TEST] Processing batch 2714/18932 ...
[09/07 23:29:39] [TEST] Processing batch 2715/18932 ...
[09/07 23:29:39] [TEST] Processing batch 2716/18932 ...
[09/07 23:29:39] [TEST] Processing batch 2717/18932 ...
[09/07 23:29:39] [TEST] Processing batch 2718/18932 ...
[09/07 23:29:39] [TEST] Processing batch 2719/18932 ...
[09/07 23:29:39] [TEST] Processing batch 2720/18932 ...
[09/07 23:29:39] [TEST] Processing batch 2721/18932 ...
[09/07 23:29:39] [TEST] Processing batch 2722/18932 ...
[09/07 23:29:39] [TEST] Processing batch 2723/18932 ...
[09/07 23:29:39] [TEST] Processing batch 2724/18932 ...
[09/07 23:29:39] [TEST] Processing batch 2725/18932 ...
[09/07 23:29:39] [TEST] Processing batch 2726/18932 ...
[09/07 23:29:39] [TEST] Processing batch 2727/18932 ...
[09/07 23:29:39] [TEST] Processing batch 2728/18932 ...
[09/07 23:29:40] [TEST] Processing batch 2729/18932 ...
[09/07 23:29:40] [TEST] Processing batch 2730/18932 ...
[09/07 23:29:40] [TEST] Processing batch 2731/18932 ...
[09/07 23:29:40] [TEST] Processing batch 2732/18932 ...
[09/07 23:29:40] [TEST] Processing batch 2733/18932 ...
[09/07 23:29:40] [TEST] Processing batch 2734/18932 ...
[09/07 23:29:40] [TEST] Processing batch 2735/18932 ...
[09/07 23:29:40] [TEST] Processing batch 2736/18932 ...
[09/07 23:29:40] [TEST] Processing batch 2737/18932 ...
[09/07 23:29:40] [TEST] Processing batch 2738/18932 ...
[09/07 23:29:40] [TEST] Processing batch 2739/18932 ...
[09/07 23:29:40] [TEST] Processing batch 2740/18932 ...
[09/07 23:29:40] [TEST] Processing batch 2741/18932 ...
[09/07 23:29:40] [TEST] Processing batch 2742/18932 ...
[09/07 23:29:40] [TEST] Processing batch 2743/18932 ...
[09/07 23:29:40] [TEST] Processing batch 2744/18932 ...
[09/07 23:29:40] [TEST] Processing batch 2745/18932 ...
[09/07 23:29:40] [TEST] Processing batch 2746/18932 ...
[09/07 23:29:41] [TEST] Processing batch 2747/18932 ...
[09/07 23:29:41] [TEST] Processing batch 2748/18932 ...
[09/07 23:29:41] [TEST] Processing batch 2749/18932 ...
[09/07 23:29:41] [TEST] Processing batch 2750/18932 ...
[09/07 23:29:41] [TEST] Processing batch 2751/18932 ...
[09/07 23:29:41] [TEST] Processing batch 2752/18932 ...
[09/07 23:29:41] [TEST] Processing batch 2753/18932 ...
[09/07 23:29:41] [TEST] Processing batch 2754/18932 ...
[09/07 23:29:41] [TEST] Processing batch 2755/18932 ...
[09/07 23:29:41] [TEST] Processing batch 2756/18932 ...
[09/07 23:29:41] [TEST] Processing batch 2757/18932 ...
[09/07 23:29:41] [TEST] Processing batch 2758/18932 ...
[09/07 23:29:41] [TEST] Processing batch 2759/18932 ...
[09/07 23:29:41] [TEST] Processing batch 2760/18932 ...
[09/07 23:29:41] [TEST] Processing batch 2761/18932 ...
[09/07 23:29:41] [TEST] Processing batch 2762/18932 ...
[09/07 23:29:41] [TEST] Processing batch 2763/18932 ...
[09/07 23:29:41] [TEST] Processing batch 2764/18932 ...
[09/07 23:29:42] [TEST] Processing batch 2765/18932 ...
[09/07 23:29:42] [TEST] Processing batch 2766/18932 ...
[09/07 23:29:42] [TEST] Processing batch 2767/18932 ...
[09/07 23:29:42] [TEST] Processing batch 2768/18932 ...
[09/07 23:29:42] [TEST] Processing batch 2769/18932 ...
[09/07 23:29:42] [TEST] Processing batch 2770/18932 ...
[09/07 23:29:42] [TEST] Processing batch 2771/18932 ...
[09/07 23:29:42] [TEST] Processing batch 2772/18932 ...
[09/07 23:29:42] [TEST] Processing batch 2773/18932 ...
[09/07 23:29:42] [TEST] Processing batch 2774/18932 ...
[09/07 23:29:42] [TEST] Processing batch 2775/18932 ...
[09/07 23:29:42] [TEST] Processing batch 2776/18932 ...
[09/07 23:29:42] [TEST] Processing batch 2777/18932 ...
[09/07 23:29:42] [TEST] Processing batch 2778/18932 ...
[09/07 23:29:42] [TEST] Processing batch 2779/18932 ...
[09/07 23:29:42] [TEST] Processing batch 2780/18932 ...
[09/07 23:29:42] [TEST] Processing batch 2781/18932 ...
[09/07 23:29:42] [TEST] Processing batch 2782/18932 ...
[09/07 23:29:42] [TEST] Processing batch 2783/18932 ...
[09/07 23:29:43] [TEST] Processing batch 2784/18932 ...
[09/07 23:29:43] [TEST] Processing batch 2785/18932 ...
[09/07 23:29:43] [TEST] Processing batch 2786/18932 ...
[09/07 23:29:43] [TEST] Processing batch 2787/18932 ...
[09/07 23:29:43] [TEST] Processing batch 2788/18932 ...
[09/07 23:29:43] [TEST] Processing batch 2789/18932 ...
[09/07 23:29:43] [TEST] Processing batch 2790/18932 ...
[09/07 23:29:43] [TEST] Processing batch 2791/18932 ...
[09/07 23:29:43] [TEST] Processing batch 2792/18932 ...
[09/07 23:29:43] [TEST] Processing batch 2793/18932 ...
[09/07 23:29:43] [TEST] Processing batch 2794/18932 ...
[09/07 23:29:43] [TEST] Processing batch 2795/18932 ...
[09/07 23:29:43] [TEST] Processing batch 2796/18932 ...
[09/07 23:29:43] [TEST] Processing batch 2797/18932 ...
[09/07 23:29:43] [TEST] Processing batch 2798/18932 ...
[09/07 23:29:43] [TEST] Processing batch 2799/18932 ...
[09/07 23:29:43] [TEST] Processing batch 2800/18932 ...
[09/07 23:29:43] [TEST] Processing batch 2801/18932 ...
[09/07 23:29:44] [TEST] Processing batch 2802/18932 ...
[09/07 23:29:44] [TEST] Processing batch 2803/18932 ...
[09/07 23:29:44] [TEST] Processing batch 2804/18932 ...
[09/07 23:29:44] [TEST] Processing batch 2805/18932 ...
[09/07 23:29:44] [TEST] Processing batch 2806/18932 ...
[09/07 23:29:44] [TEST] Processing batch 2807/18932 ...
[09/07 23:29:44] [TEST] Processing batch 2808/18932 ...
[09/07 23:29:44] [TEST] Processing batch 2809/18932 ...
[09/07 23:29:44] [TEST] Processing batch 2810/18932 ...
[09/07 23:29:44] [TEST] Processing batch 2811/18932 ...
[09/07 23:29:44] [TEST] Processing batch 2812/18932 ...
[09/07 23:29:44] [TEST] Processing batch 2813/18932 ...
[09/07 23:29:44] [TEST] Processing batch 2814/18932 ...
[09/07 23:29:44] [TEST] Processing batch 2815/18932 ...
[09/07 23:29:44] [TEST] Processing batch 2816/18932 ...
[09/07 23:29:44] [TEST] Processing batch 2817/18932 ...
[09/07 23:29:44] [TEST] Processing batch 2818/18932 ...
[09/07 23:29:44] [TEST] Processing batch 2819/18932 ...
[09/07 23:29:44] [TEST] Processing batch 2820/18932 ...
[09/07 23:29:45] [TEST] Processing batch 2821/18932 ...
[09/07 23:29:45] [TEST] Processing batch 2822/18932 ...
[09/07 23:29:45] [TEST] Processing batch 2823/18932 ...
[09/07 23:29:45] [TEST] Processing batch 2824/18932 ...
[09/07 23:29:45] [TEST] Processing batch 2825/18932 ...
[09/07 23:29:45] [TEST] Processing batch 2826/18932 ...
[09/07 23:29:45] [TEST] Processing batch 2827/18932 ...
[09/07 23:29:45] [TEST] Processing batch 2828/18932 ...
[09/07 23:29:45] [TEST] Processing batch 2829/18932 ...
[09/07 23:29:45] [TEST] Processing batch 2830/18932 ...
[09/07 23:29:45] [TEST] Processing batch 2831/18932 ...
[09/07 23:29:45] [TEST] Processing batch 2832/18932 ...
[09/07 23:29:45] [TEST] Processing batch 2833/18932 ...
[09/07 23:29:45] [TEST] Processing batch 2834/18932 ...
[09/07 23:29:45] [TEST] Processing batch 2835/18932 ...
[09/07 23:29:45] [TEST] Processing batch 2836/18932 ...
[09/07 23:29:45] [TEST] Processing batch 2837/18932 ...
[09/07 23:29:45] [TEST] Processing batch 2838/18932 ...
[09/07 23:29:45] [TEST] Processing batch 2839/18932 ...
[09/07 23:29:46] [TEST] Processing batch 2840/18932 ...
[09/07 23:29:46] [TEST] Processing batch 2841/18932 ...
[09/07 23:29:46] [TEST] Processing batch 2842/18932 ...
[09/07 23:29:46] [TEST] Processing batch 2843/18932 ...
[09/07 23:29:46] [TEST] Processing batch 2844/18932 ...
[09/07 23:29:46] [TEST] Processing batch 2845/18932 ...
[09/07 23:29:46] [TEST] Processing batch 2846/18932 ...
[09/07 23:29:46] [TEST] Processing batch 2847/18932 ...
[09/07 23:29:46] [TEST] Processing batch 2848/18932 ...
[09/07 23:29:46] [TEST] Processing batch 2849/18932 ...
[09/07 23:29:46] [TEST] Processing batch 2850/18932 ...
[09/07 23:29:46] [TEST] Processing batch 2851/18932 ...
[09/07 23:29:46] [TEST] Processing batch 2852/18932 ...
[09/07 23:29:46] [TEST] Processing batch 2853/18932 ...
[09/07 23:29:46] [TEST] Processing batch 2854/18932 ...
[09/07 23:29:46] [TEST] Processing batch 2855/18932 ...
[09/07 23:29:46] [TEST] Processing batch 2856/18932 ...
[09/07 23:29:46] [TEST] Processing batch 2857/18932 ...
[09/07 23:29:47] [TEST] Processing batch 2858/18932 ...
[09/07 23:29:47] [TEST] Processing batch 2859/18932 ...
[09/07 23:29:47] [TEST] Processing batch 2860/18932 ...
[09/07 23:29:47] [TEST] Processing batch 2861/18932 ...
[09/07 23:29:47] [TEST] Processing batch 2862/18932 ...
[09/07 23:29:47] [TEST] Processing batch 2863/18932 ...
[09/07 23:29:47] [TEST] Processing batch 2864/18932 ...
[09/07 23:29:47] [TEST] Processing batch 2865/18932 ...
[09/07 23:29:47] [TEST] Processing batch 2866/18932 ...
[09/07 23:29:47] [TEST] Processing batch 2867/18932 ...
[09/07 23:29:47] [TEST] Processing batch 2868/18932 ...
[09/07 23:29:47] [TEST] Processing batch 2869/18932 ...
[09/07 23:29:47] [TEST] Processing batch 2870/18932 ...
[09/07 23:29:47] [TEST] Processing batch 2871/18932 ...
[09/07 23:29:47] [TEST] Processing batch 2872/18932 ...
[09/07 23:29:47] [TEST] Processing batch 2873/18932 ...
[09/07 23:29:47] [TEST] Processing batch 2874/18932 ...
[09/07 23:29:47] [TEST] Processing batch 2875/18932 ...
[09/07 23:29:47] [TEST] Processing batch 2876/18932 ...
[09/07 23:29:48] [TEST] Processing batch 2877/18932 ...
[09/07 23:29:48] [TEST] Processing batch 2878/18932 ...
[09/07 23:29:48] [TEST] Processing batch 2879/18932 ...
[09/07 23:29:48] [TEST] Processing batch 2880/18932 ...
[09/07 23:29:48] [TEST] Processing batch 2881/18932 ...
[09/07 23:29:48] [TEST] Processing batch 2882/18932 ...
[09/07 23:29:48] [TEST] Processing batch 2883/18932 ...
[09/07 23:29:48] [TEST] Processing batch 2884/18932 ...
[09/07 23:29:48] [TEST] Processing batch 2885/18932 ...
[09/07 23:29:48] [TEST] Processing batch 2886/18932 ...
[09/07 23:29:48] [TEST] Processing batch 2887/18932 ...
[09/07 23:29:48] [TEST] Processing batch 2888/18932 ...
[09/07 23:29:48] [TEST] Processing batch 2889/18932 ...
[09/07 23:29:48] [TEST] Processing batch 2890/18932 ...
[09/07 23:29:48] [TEST] Processing batch 2891/18932 ...
[09/07 23:29:48] [TEST] Processing batch 2892/18932 ...
[09/07 23:29:48] [TEST] Processing batch 2893/18932 ...
[09/07 23:29:48] [TEST] Processing batch 2894/18932 ...
[09/07 23:29:49] [TEST] Processing batch 2895/18932 ...
[09/07 23:29:49] [TEST] Processing batch 2896/18932 ...
[09/07 23:29:49] [TEST] Processing batch 2897/18932 ...
[09/07 23:29:49] [TEST] Processing batch 2898/18932 ...
[09/07 23:29:49] [TEST] Processing batch 2899/18932 ...
[09/07 23:29:49] [TEST] Processing batch 2900/18932 ...
[09/07 23:29:49] [TEST] Processing batch 2901/18932 ...
[09/07 23:29:49] [TEST] Processing batch 2902/18932 ...
[09/07 23:29:49] [TEST] Processing batch 2903/18932 ...
[09/07 23:29:49] [TEST] Processing batch 2904/18932 ...
[09/07 23:29:49] [TEST] Processing batch 2905/18932 ...
[09/07 23:29:49] [TEST] Processing batch 2906/18932 ...
[09/07 23:29:49] [TEST] Processing batch 2907/18932 ...
[09/07 23:29:49] [TEST] Processing batch 2908/18932 ...
[09/07 23:29:49] [TEST] Processing batch 2909/18932 ...
[09/07 23:29:49] [TEST] Processing batch 2910/18932 ...
[09/07 23:29:49] [TEST] Processing batch 2911/18932 ...
[09/07 23:29:49] [TEST] Processing batch 2912/18932 ...
[09/07 23:29:49] [TEST] Processing batch 2913/18932 ...
[09/07 23:29:50] [TEST] Processing batch 2914/18932 ...
[09/07 23:29:50] [TEST] Processing batch 2915/18932 ...
[09/07 23:29:50] [TEST] Processing batch 2916/18932 ...
[09/07 23:29:50] [TEST] Processing batch 2917/18932 ...
[09/07 23:29:50] [TEST] Processing batch 2918/18932 ...
[09/07 23:29:50] [TEST] Processing batch 2919/18932 ...
[09/07 23:29:50] [TEST] Processing batch 2920/18932 ...
[09/07 23:29:50] [TEST] Processing batch 2921/18932 ...
[09/07 23:29:50] [TEST] Processing batch 2922/18932 ...
[09/07 23:29:50] [TEST] Processing batch 2923/18932 ...
[09/07 23:29:50] [TEST] Processing batch 2924/18932 ...
[09/07 23:29:50] [TEST] Processing batch 2925/18932 ...
[09/07 23:29:50] [TEST] Processing batch 2926/18932 ...
[09/07 23:29:50] [TEST] Processing batch 2927/18932 ...
[09/07 23:29:50] [TEST] Processing batch 2928/18932 ...
[09/07 23:29:50] [TEST] Processing batch 2929/18932 ...
[09/07 23:29:50] [TEST] Processing batch 2930/18932 ...
[09/07 23:29:50] [TEST] Processing batch 2931/18932 ...
[09/07 23:29:51] [TEST] Processing batch 2932/18932 ...
[09/07 23:29:51] [TEST] Processing batch 2933/18932 ...
[09/07 23:29:51] [TEST] Processing batch 2934/18932 ...
[09/07 23:29:51] [TEST] Processing batch 2935/18932 ...
[09/07 23:29:51] [TEST] Processing batch 2936/18932 ...
[09/07 23:29:51] [TEST] Processing batch 2937/18932 ...
[09/07 23:29:51] [TEST] Processing batch 2938/18932 ...
[09/07 23:29:51] [TEST] Processing batch 2939/18932 ...
[09/07 23:29:51] [TEST] Processing batch 2940/18932 ...
[09/07 23:29:51] [TEST] Processing batch 2941/18932 ...
[09/07 23:29:51] [TEST] Processing batch 2942/18932 ...
[09/07 23:29:51] [TEST] Processing batch 2943/18932 ...
[09/07 23:29:51] [TEST] Processing batch 2944/18932 ...
[09/07 23:29:51] [TEST] Processing batch 2945/18932 ...
[09/07 23:29:51] [TEST] Processing batch 2946/18932 ...
[09/07 23:29:51] [TEST] Processing batch 2947/18932 ...
[09/07 23:29:51] [TEST] Processing batch 2948/18932 ...
[09/07 23:29:51] [TEST] Processing batch 2949/18932 ...
[09/07 23:29:51] [TEST] Processing batch 2950/18932 ...
[09/07 23:29:52] [TEST] Processing batch 2951/18932 ...
[09/07 23:29:52] [TEST] Processing batch 2952/18932 ...
[09/07 23:29:52] [TEST] Processing batch 2953/18932 ...
[09/07 23:29:52] [TEST] Processing batch 2954/18932 ...
[09/07 23:29:52] [TEST] Processing batch 2955/18932 ...
[09/07 23:29:52] [TEST] Processing batch 2956/18932 ...
[09/07 23:29:52] [TEST] Processing batch 2957/18932 ...
[09/07 23:29:52] [TEST] Processing batch 2958/18932 ...
[09/07 23:29:52] [TEST] Processing batch 2959/18932 ...
[09/07 23:29:52] [TEST] Processing batch 2960/18932 ...
[09/07 23:29:52] [TEST] Processing batch 2961/18932 ...
[09/07 23:29:52] [TEST] Processing batch 2962/18932 ...
[09/07 23:29:52] [TEST] Processing batch 2963/18932 ...
[09/07 23:29:52] [TEST] Processing batch 2964/18932 ...
[09/07 23:29:52] [TEST] Processing batch 2965/18932 ...
[09/07 23:29:52] [TEST] Processing batch 2966/18932 ...
[09/07 23:29:52] [TEST] Processing batch 2967/18932 ...
[09/07 23:29:52] [TEST] Processing batch 2968/18932 ...
[09/07 23:29:53] [TEST] Processing batch 2969/18932 ...
[09/07 23:29:53] [TEST] Processing batch 2970/18932 ...
[09/07 23:29:53] [TEST] Processing batch 2971/18932 ...
[09/07 23:29:53] [TEST] Processing batch 2972/18932 ...
[09/07 23:29:53] [TEST] Processing batch 2973/18932 ...
[09/07 23:29:53] [TEST] Processing batch 2974/18932 ...
[09/07 23:29:53] [TEST] Processing batch 2975/18932 ...
[09/07 23:29:53] [TEST] Processing batch 2976/18932 ...
[09/07 23:29:53] [TEST] Processing batch 2977/18932 ...
[09/07 23:29:53] [TEST] Processing batch 2978/18932 ...
[09/07 23:29:53] [TEST] Processing batch 2979/18932 ...
[09/07 23:29:53] [TEST] Processing batch 2980/18932 ...
[09/07 23:29:53] [TEST] Processing batch 2981/18932 ...
[09/07 23:29:53] [TEST] Processing batch 2982/18932 ...
[09/07 23:29:53] [TEST] Processing batch 2983/18932 ...
[09/07 23:29:53] [TEST] Processing batch 2984/18932 ...
[09/07 23:29:53] [TEST] Processing batch 2985/18932 ...
[09/07 23:29:53] [TEST] Processing batch 2986/18932 ...
[09/07 23:29:53] [TEST] Processing batch 2987/18932 ...
[09/07 23:29:54] [TEST] Processing batch 2988/18932 ...
[09/07 23:29:54] [TEST] Processing batch 2989/18932 ...
[09/07 23:29:54] [TEST] Processing batch 2990/18932 ...
[09/07 23:29:54] [TEST] Processing batch 2991/18932 ...
[09/07 23:29:54] [TEST] Processing batch 2992/18932 ...
[09/07 23:29:54] [TEST] Processing batch 2993/18932 ...
[09/07 23:29:54] [TEST] Processing batch 2994/18932 ...
[09/07 23:29:54] [TEST] Processing batch 2995/18932 ...
[09/07 23:29:54] [TEST] Processing batch 2996/18932 ...
[09/07 23:29:54] [TEST] Processing batch 2997/18932 ...
[09/07 23:29:54] [TEST] Processing batch 2998/18932 ...
[09/07 23:29:54] [TEST] Processing batch 2999/18932 ...
[09/07 23:29:54] [TEST] Processing batch 3000/18932 ...
[09/07 23:29:54] [TEST] Processing batch 3001/18932 ...
[09/07 23:29:54] [TEST] Processing batch 3002/18932 ...
[09/07 23:29:54] [TEST] Processing batch 3003/18932 ...
[09/07 23:29:54] [TEST] Processing batch 3004/18932 ...
[09/07 23:29:54] [TEST] Processing batch 3005/18932 ...
[09/07 23:29:55] [TEST] Processing batch 3006/18932 ...
[09/07 23:29:55] [TEST] Processing batch 3007/18932 ...
[09/07 23:29:55] [TEST] Processing batch 3008/18932 ...
[09/07 23:29:55] [TEST] Processing batch 3009/18932 ...
[09/07 23:29:55] [TEST] Processing batch 3010/18932 ...
[09/07 23:29:55] [TEST] Processing batch 3011/18932 ...
[09/07 23:29:55] [TEST] Processing batch 3012/18932 ...
[09/07 23:29:55] [TEST] Processing batch 3013/18932 ...
[09/07 23:29:55] [TEST] Processing batch 3014/18932 ...
[09/07 23:29:55] [TEST] Processing batch 3015/18932 ...
[09/07 23:29:55] [TEST] Processing batch 3016/18932 ...
[09/07 23:29:55] [TEST] Processing batch 3017/18932 ...
[09/07 23:29:55] [TEST] Processing batch 3018/18932 ...
[09/07 23:29:55] [TEST] Processing batch 3019/18932 ...
[09/07 23:29:55] [TEST] Processing batch 3020/18932 ...
[09/07 23:29:55] [TEST] Processing batch 3021/18932 ...
[09/07 23:29:55] [TEST] Processing batch 3022/18932 ...
[09/07 23:29:55] [TEST] Processing batch 3023/18932 ...
[09/07 23:29:55] [TEST] Processing batch 3024/18932 ...
[09/07 23:29:56] [TEST] Processing batch 3025/18932 ...
[09/07 23:29:56] [TEST] Processing batch 3026/18932 ...
[09/07 23:29:56] [TEST] Processing batch 3027/18932 ...
[09/07 23:29:56] [TEST] Processing batch 3028/18932 ...
[09/07 23:29:56] [TEST] Processing batch 3029/18932 ...
[09/07 23:29:56] [TEST] Processing batch 3030/18932 ...
[09/07 23:29:56] [TEST] Processing batch 3031/18932 ...
[09/07 23:29:56] [TEST] Processing batch 3032/18932 ...
[09/07 23:29:56] [TEST] Processing batch 3033/18932 ...
[09/07 23:29:56] [TEST] Processing batch 3034/18932 ...
[09/07 23:29:56] [TEST] Processing batch 3035/18932 ...
[09/07 23:29:56] [TEST] Processing batch 3036/18932 ...
[09/07 23:29:56] [TEST] Processing batch 3037/18932 ...
[09/07 23:29:56] [TEST] Processing batch 3038/18932 ...
[09/07 23:29:56] [TEST] Processing batch 3039/18932 ...
[09/07 23:29:56] [TEST] Processing batch 3040/18932 ...
[09/07 23:29:56] [TEST] Processing batch 3041/18932 ...
[09/07 23:29:56] [TEST] Processing batch 3042/18932 ...
[09/07 23:29:56] [TEST] Processing batch 3043/18932 ...
[09/07 23:29:57] [TEST] Processing batch 3044/18932 ...
[09/07 23:29:57] [TEST] Processing batch 3045/18932 ...
[09/07 23:29:57] [TEST] Processing batch 3046/18932 ...
[09/07 23:29:57] [TEST] Processing batch 3047/18932 ...
[09/07 23:29:57] [TEST] Processing batch 3048/18932 ...
[09/07 23:29:57] [TEST] Processing batch 3049/18932 ...
[09/07 23:29:57] [TEST] Processing batch 3050/18932 ...
[09/07 23:29:57] [TEST] Processing batch 3051/18932 ...
[09/07 23:29:57] [TEST] Processing batch 3052/18932 ...
[09/07 23:29:57] [TEST] Processing batch 3053/18932 ...
[09/07 23:29:57] [TEST] Processing batch 3054/18932 ...
[09/07 23:29:57] [TEST] Processing batch 3055/18932 ...
[09/07 23:29:57] [TEST] Processing batch 3056/18932 ...
[09/07 23:29:57] [TEST] Processing batch 3057/18932 ...
[09/07 23:29:57] [TEST] Processing batch 3058/18932 ...
[09/07 23:29:57] [TEST] Processing batch 3059/18932 ...
[09/07 23:29:57] [TEST] Processing batch 3060/18932 ...
[09/07 23:29:57] [TEST] Processing batch 3061/18932 ...
[09/07 23:29:58] [TEST] Processing batch 3062/18932 ...
[09/07 23:29:58] [TEST] Processing batch 3063/18932 ...
[09/07 23:29:58] [TEST] Processing batch 3064/18932 ...
[09/07 23:29:58] [TEST] Processing batch 3065/18932 ...
[09/07 23:29:58] [TEST] Processing batch 3066/18932 ...
[09/07 23:29:58] [TEST] Processing batch 3067/18932 ...
[09/07 23:29:58] [TEST] Processing batch 3068/18932 ...
[09/07 23:29:58] [TEST] Processing batch 3069/18932 ...
[09/07 23:29:58] [TEST] Processing batch 3070/18932 ...
[09/07 23:29:58] [TEST] Processing batch 3071/18932 ...
[09/07 23:29:58] [TEST] Processing batch 3072/18932 ...
[09/07 23:29:58] [TEST] Processing batch 3073/18932 ...
[09/07 23:29:58] [TEST] Processing batch 3074/18932 ...
[09/07 23:29:58] [TEST] Processing batch 3075/18932 ...
[09/07 23:29:58] [TEST] Processing batch 3076/18932 ...
[09/07 23:29:58] [TEST] Processing batch 3077/18932 ...
[09/07 23:29:58] [TEST] Processing batch 3078/18932 ...
[09/07 23:29:58] [TEST] Processing batch 3079/18932 ...
[09/07 23:29:58] [TEST] Processing batch 3080/18932 ...
[09/07 23:29:59] [TEST] Processing batch 3081/18932 ...
[09/07 23:29:59] [TEST] Processing batch 3082/18932 ...
[09/07 23:29:59] [TEST] Processing batch 3083/18932 ...
[09/07 23:29:59] [TEST] Processing batch 3084/18932 ...
[09/07 23:29:59] [TEST] Processing batch 3085/18932 ...
[09/07 23:29:59] [TEST] Processing batch 3086/18932 ...
[09/07 23:29:59] [TEST] Processing batch 3087/18932 ...
[09/07 23:29:59] [TEST] Processing batch 3088/18932 ...
[09/07 23:29:59] [TEST] Processing batch 3089/18932 ...
[09/07 23:29:59] [TEST] Processing batch 3090/18932 ...
[09/07 23:29:59] [TEST] Processing batch 3091/18932 ...
[09/07 23:29:59] [TEST] Processing batch 3092/18932 ...
[09/07 23:29:59] [TEST] Processing batch 3093/18932 ...
[09/07 23:29:59] [TEST] Processing batch 3094/18932 ...
[09/07 23:29:59] [TEST] Processing batch 3095/18932 ...
[09/07 23:29:59] [TEST] Processing batch 3096/18932 ...
[09/07 23:29:59] [TEST] Processing batch 3097/18932 ...
[09/07 23:29:59] [TEST] Processing batch 3098/18932 ...
[09/07 23:30:00] [TEST] Processing batch 3099/18932 ...
[09/07 23:30:00] [TEST] Processing batch 3100/18932 ...
[09/07 23:30:00] [TEST] Processing batch 3101/18932 ...
[09/07 23:30:00] [TEST] Processing batch 3102/18932 ...
[09/07 23:30:00] [TEST] Processing batch 3103/18932 ...
[09/07 23:30:00] [TEST] Processing batch 3104/18932 ...
[09/07 23:30:00] [TEST] Processing batch 3105/18932 ...
[09/07 23:30:00] [TEST] Processing batch 3106/18932 ...
[09/07 23:30:00] [TEST] Processing batch 3107/18932 ...
[09/07 23:30:00] [TEST] Processing batch 3108/18932 ...
[09/07 23:30:00] [TEST] Processing batch 3109/18932 ...
[09/07 23:30:00] [TEST] Processing batch 3110/18932 ...
[09/07 23:30:00] [TEST] Processing batch 3111/18932 ...
[09/07 23:30:00] [TEST] Processing batch 3112/18932 ...
[09/07 23:30:00] [TEST] Processing batch 3113/18932 ...
[09/07 23:30:00] [TEST] Processing batch 3114/18932 ...
[09/07 23:30:00] [TEST] Processing batch 3115/18932 ...
[09/07 23:30:00] [TEST] Processing batch 3116/18932 ...
[09/07 23:30:01] [TEST] Processing batch 3117/18932 ...
[09/07 23:30:01] [TEST] Processing batch 3118/18932 ...
[09/07 23:30:01] [TEST] Processing batch 3119/18932 ...
[09/07 23:30:01] [TEST] Processing batch 3120/18932 ...
[09/07 23:30:01] [TEST] Processing batch 3121/18932 ...
[09/07 23:30:01] [TEST] Processing batch 3122/18932 ...
[09/07 23:30:01] [TEST] Processing batch 3123/18932 ...
[09/07 23:30:01] [TEST] Processing batch 3124/18932 ...
[09/07 23:30:01] [TEST] Processing batch 3125/18932 ...
[09/07 23:30:01] [TEST] Processing batch 3126/18932 ...
[09/07 23:30:01] [TEST] Processing batch 3127/18932 ...
[09/07 23:30:01] [TEST] Processing batch 3128/18932 ...
[09/07 23:30:01] [TEST] Processing batch 3129/18932 ...
[09/07 23:30:01] [TEST] Processing batch 3130/18932 ...
[09/07 23:30:01] [TEST] Processing batch 3131/18932 ...
[09/07 23:30:01] [TEST] Processing batch 3132/18932 ...
[09/07 23:30:01] [TEST] Processing batch 3133/18932 ...
[09/07 23:30:01] [TEST] Processing batch 3134/18932 ...
[09/07 23:30:02] [TEST] Processing batch 3135/18932 ...
[09/07 23:30:02] [TEST] Processing batch 3136/18932 ...
[09/07 23:30:02] [TEST] Processing batch 3137/18932 ...
[09/07 23:30:02] [TEST] Processing batch 3138/18932 ...
[09/07 23:30:02] [TEST] Processing batch 3139/18932 ...
[09/07 23:30:02] [TEST] Processing batch 3140/18932 ...
[09/07 23:30:02] [TEST] Processing batch 3141/18932 ...
[09/07 23:30:02] [TEST] Processing batch 3142/18932 ...
[09/07 23:30:02] [TEST] Processing batch 3143/18932 ...
[09/07 23:30:02] [TEST] Processing batch 3144/18932 ...
[09/07 23:30:02] [TEST] Processing batch 3145/18932 ...
[09/07 23:30:02] [TEST] Processing batch 3146/18932 ...
[09/07 23:30:02] [TEST] Processing batch 3147/18932 ...
[09/07 23:30:02] [TEST] Processing batch 3148/18932 ...
[09/07 23:30:02] [TEST] Processing batch 3149/18932 ...
[09/07 23:30:02] [TEST] Processing batch 3150/18932 ...
[09/07 23:30:02] [TEST] Processing batch 3151/18932 ...
[09/07 23:30:02] [TEST] Processing batch 3152/18932 ...
[09/07 23:30:03] [TEST] Processing batch 3153/18932 ...
[09/07 23:30:03] [TEST] Processing batch 3154/18932 ...
[09/07 23:30:03] [TEST] Processing batch 3155/18932 ...
[09/07 23:30:03] [TEST] Processing batch 3156/18932 ...
[09/07 23:30:03] [TEST] Processing batch 3157/18932 ...
[09/07 23:30:03] [TEST] Processing batch 3158/18932 ...
[09/07 23:30:03] [TEST] Processing batch 3159/18932 ...
[09/07 23:30:03] [TEST] Processing batch 3160/18932 ...
[09/07 23:30:03] [TEST] Processing batch 3161/18932 ...
[09/07 23:30:03] [TEST] Processing batch 3162/18932 ...
[09/07 23:30:03] [TEST] Processing batch 3163/18932 ...
[09/07 23:30:03] [TEST] Processing batch 3164/18932 ...
[09/07 23:30:03] [TEST] Processing batch 3165/18932 ...
[09/07 23:30:03] [TEST] Processing batch 3166/18932 ...
[09/07 23:30:03] [TEST] Processing batch 3167/18932 ...
[09/07 23:30:03] [TEST] Processing batch 3168/18932 ...
[09/07 23:30:03] [TEST] Processing batch 3169/18932 ...
[09/07 23:30:03] [TEST] Processing batch 3170/18932 ...
[09/07 23:30:04] [TEST] Processing batch 3171/18932 ...
[09/07 23:30:04] [TEST] Processing batch 3172/18932 ...
[09/07 23:30:04] [TEST] Processing batch 3173/18932 ...
[09/07 23:30:04] [TEST] Processing batch 3174/18932 ...
[09/07 23:30:04] [TEST] Processing batch 3175/18932 ...
[09/07 23:30:04] [TEST] Processing batch 3176/18932 ...
[09/07 23:30:04] [TEST] Processing batch 3177/18932 ...
[09/07 23:30:04] [TEST] Processing batch 3178/18932 ...
[09/07 23:30:04] [TEST] Processing batch 3179/18932 ...
[09/07 23:30:04] [TEST] Processing batch 3180/18932 ...
[09/07 23:30:04] [TEST] Processing batch 3181/18932 ...
[09/07 23:30:04] [TEST] Processing batch 3182/18932 ...
[09/07 23:30:04] [TEST] Processing batch 3183/18932 ...
[09/07 23:30:04] [TEST] Processing batch 3184/18932 ...
[09/07 23:30:04] [TEST] Processing batch 3185/18932 ...
[09/07 23:30:04] [TEST] Processing batch 3186/18932 ...
[09/07 23:30:04] [TEST] Processing batch 3187/18932 ...
[09/07 23:30:04] [TEST] Processing batch 3188/18932 ...
[09/07 23:30:04] [TEST] Processing batch 3189/18932 ...
[09/07 23:30:05] [TEST] Processing batch 3190/18932 ...
[09/07 23:30:05] [TEST] Processing batch 3191/18932 ...
[09/07 23:30:05] [TEST] Processing batch 3192/18932 ...
[09/07 23:30:05] [TEST] Processing batch 3193/18932 ...
[09/07 23:30:05] [TEST] Processing batch 3194/18932 ...
[09/07 23:30:05] [TEST] Processing batch 3195/18932 ...
[09/07 23:30:05] [TEST] Processing batch 3196/18932 ...
[09/07 23:30:05] [TEST] Processing batch 3197/18932 ...
[09/07 23:30:05] [TEST] Processing batch 3198/18932 ...
[09/07 23:30:05] [TEST] Processing batch 3199/18932 ...
[09/07 23:30:05] [TEST] Processing batch 3200/18932 ...
[09/07 23:30:05] [TEST] Processing batch 3201/18932 ...
[09/07 23:30:05] [TEST] Processing batch 3202/18932 ...
[09/07 23:30:05] [TEST] Processing batch 3203/18932 ...
[09/07 23:30:05] [TEST] Processing batch 3204/18932 ...
[09/07 23:30:05] [TEST] Processing batch 3205/18932 ...
[09/07 23:30:05] [TEST] Processing batch 3206/18932 ...
[09/07 23:30:05] [TEST] Processing batch 3207/18932 ...
[09/07 23:30:06] [TEST] Processing batch 3208/18932 ...
[09/07 23:30:06] [TEST] Processing batch 3209/18932 ...
[09/07 23:30:06] [TEST] Processing batch 3210/18932 ...
[09/07 23:30:06] [TEST] Processing batch 3211/18932 ...
[09/07 23:30:06] [TEST] Processing batch 3212/18932 ...
[09/07 23:30:06] [TEST] Processing batch 3213/18932 ...
[09/07 23:30:06] [TEST] Processing batch 3214/18932 ...
[09/07 23:30:06] [TEST] Processing batch 3215/18932 ...
[09/07 23:30:06] [TEST] Processing batch 3216/18932 ...
[09/07 23:30:06] [TEST] Processing batch 3217/18932 ...
[09/07 23:30:06] [TEST] Processing batch 3218/18932 ...
[09/07 23:30:06] [TEST] Processing batch 3219/18932 ...
[09/07 23:30:06] [TEST] Processing batch 3220/18932 ...
[09/07 23:30:06] [TEST] Processing batch 3221/18932 ...
[09/07 23:30:06] [TEST] Processing batch 3222/18932 ...
[09/07 23:30:06] [TEST] Processing batch 3223/18932 ...
[09/07 23:30:06] [TEST] Processing batch 3224/18932 ...
[09/07 23:30:06] [TEST] Processing batch 3225/18932 ...
[09/07 23:30:07] [TEST] Processing batch 3226/18932 ...
[09/07 23:30:07] [TEST] Processing batch 3227/18932 ...
[09/07 23:30:07] [TEST] Processing batch 3228/18932 ...
[09/07 23:30:07] [TEST] Processing batch 3229/18932 ...
[09/07 23:30:07] [TEST] Processing batch 3230/18932 ...
[09/07 23:30:07] [TEST] Processing batch 3231/18932 ...
[09/07 23:30:07] [TEST] Processing batch 3232/18932 ...
[09/07 23:30:07] [TEST] Processing batch 3233/18932 ...
[09/07 23:30:07] [TEST] Processing batch 3234/18932 ...
[09/07 23:30:07] [TEST] Processing batch 3235/18932 ...
[09/07 23:30:07] [TEST] Processing batch 3236/18932 ...
[09/07 23:30:07] [TEST] Processing batch 3237/18932 ...
[09/07 23:30:07] [TEST] Processing batch 3238/18932 ...
[09/07 23:30:07] [TEST] Processing batch 3239/18932 ...
[09/07 23:30:07] [TEST] Processing batch 3240/18932 ...
[09/07 23:30:07] [TEST] Processing batch 3241/18932 ...
[09/07 23:30:07] [TEST] Processing batch 3242/18932 ...
[09/07 23:30:07] [TEST] Processing batch 3243/18932 ...
[09/07 23:30:07] [TEST] Processing batch 3244/18932 ...
[09/07 23:30:08] [TEST] Processing batch 3245/18932 ...
[09/07 23:30:08] [TEST] Processing batch 3246/18932 ...
[09/07 23:30:08] [TEST] Processing batch 3247/18932 ...
[09/07 23:30:08] [TEST] Processing batch 3248/18932 ...
[09/07 23:30:08] [TEST] Processing batch 3249/18932 ...
[09/07 23:30:08] [TEST] Processing batch 3250/18932 ...
[09/07 23:30:08] [TEST] Processing batch 3251/18932 ...
[09/07 23:30:08] [TEST] Processing batch 3252/18932 ...
[09/07 23:30:08] [TEST] Processing batch 3253/18932 ...
[09/07 23:30:08] [TEST] Processing batch 3254/18932 ...
[09/07 23:30:08] [TEST] Processing batch 3255/18932 ...
[09/07 23:30:08] [TEST] Processing batch 3256/18932 ...
[09/07 23:30:08] [TEST] Processing batch 3257/18932 ...
[09/07 23:30:08] [TEST] Processing batch 3258/18932 ...
[09/07 23:30:08] [TEST] Processing batch 3259/18932 ...
[09/07 23:30:08] [TEST] Processing batch 3260/18932 ...
[09/07 23:30:08] [TEST] Processing batch 3261/18932 ...
[09/07 23:30:08] [TEST] Processing batch 3262/18932 ...
[09/07 23:30:09] [TEST] Processing batch 3263/18932 ...
[09/07 23:30:09] [TEST] Processing batch 3264/18932 ...
[09/07 23:30:09] [TEST] Processing batch 3265/18932 ...
[09/07 23:30:09] [TEST] Processing batch 3266/18932 ...
[09/07 23:30:09] [TEST] Processing batch 3267/18932 ...
[09/07 23:30:09] [TEST] Processing batch 3268/18932 ...
[09/07 23:30:09] [TEST] Processing batch 3269/18932 ...
[09/07 23:30:09] [TEST] Processing batch 3270/18932 ...
[09/07 23:30:09] [TEST] Processing batch 3271/18932 ...
[09/07 23:30:09] [TEST] Processing batch 3272/18932 ...
[09/07 23:30:09] [TEST] Processing batch 3273/18932 ...
[09/07 23:30:09] [TEST] Processing batch 3274/18932 ...
[09/07 23:30:09] [TEST] Processing batch 3275/18932 ...
[09/07 23:30:09] [TEST] Processing batch 3276/18932 ...
[09/07 23:30:09] [TEST] Processing batch 3277/18932 ...
[09/07 23:30:09] [TEST] Processing batch 3278/18932 ...
[09/07 23:30:09] [TEST] Processing batch 3279/18932 ...
[09/07 23:30:09] [TEST] Processing batch 3280/18932 ...
[09/07 23:30:09] [TEST] Processing batch 3281/18932 ...
[09/07 23:30:10] [TEST] Processing batch 3282/18932 ...
[09/07 23:30:10] [TEST] Processing batch 3283/18932 ...
[09/07 23:30:10] [TEST] Processing batch 3284/18932 ...
[09/07 23:30:10] [TEST] Processing batch 3285/18932 ...
[09/07 23:30:10] [TEST] Processing batch 3286/18932 ...
[09/07 23:30:10] [TEST] Processing batch 3287/18932 ...
[09/07 23:30:10] [TEST] Processing batch 3288/18932 ...
[09/07 23:30:10] [TEST] Processing batch 3289/18932 ...
[09/07 23:30:10] [TEST] Processing batch 3290/18932 ...
[09/07 23:30:10] [TEST] Processing batch 3291/18932 ...
[09/07 23:30:10] [TEST] Processing batch 3292/18932 ...
[09/07 23:30:10] [TEST] Processing batch 3293/18932 ...
[09/07 23:30:10] [TEST] Processing batch 3294/18932 ...
[09/07 23:30:10] [TEST] Processing batch 3295/18932 ...
[09/07 23:30:10] [TEST] Processing batch 3296/18932 ...
[09/07 23:30:10] [TEST] Processing batch 3297/18932 ...
[09/07 23:30:10] [TEST] Processing batch 3298/18932 ...
[09/07 23:30:10] [TEST] Processing batch 3299/18932 ...
[09/07 23:30:11] [TEST] Processing batch 3300/18932 ...
[09/07 23:30:11] [TEST] Processing batch 3301/18932 ...
[09/07 23:30:11] [TEST] Processing batch 3302/18932 ...
[09/07 23:30:11] [TEST] Processing batch 3303/18932 ...
[09/07 23:30:11] [TEST] Processing batch 3304/18932 ...
[09/07 23:30:11] [TEST] Processing batch 3305/18932 ...
[09/07 23:30:11] [TEST] Processing batch 3306/18932 ...
[09/07 23:30:11] [TEST] Processing batch 3307/18932 ...
[09/07 23:30:11] [TEST] Processing batch 3308/18932 ...
[09/07 23:30:11] [TEST] Processing batch 3309/18932 ...
[09/07 23:30:11] [TEST] Processing batch 3310/18932 ...
[09/07 23:30:11] [TEST] Processing batch 3311/18932 ...
[09/07 23:30:11] [TEST] Processing batch 3312/18932 ...
[09/07 23:30:11] [TEST] Processing batch 3313/18932 ...
[09/07 23:30:11] [TEST] Processing batch 3314/18932 ...
[09/07 23:30:11] [TEST] Processing batch 3315/18932 ...
[09/07 23:30:11] [TEST] Processing batch 3316/18932 ...
[09/07 23:30:11] [TEST] Processing batch 3317/18932 ...
[09/07 23:30:11] [TEST] Processing batch 3318/18932 ...
[09/07 23:30:12] [TEST] Processing batch 3319/18932 ...
[09/07 23:30:12] [TEST] Processing batch 3320/18932 ...
[09/07 23:30:12] [TEST] Processing batch 3321/18932 ...
[09/07 23:30:12] [TEST] Processing batch 3322/18932 ...
[09/07 23:30:12] [TEST] Processing batch 3323/18932 ...
[09/07 23:30:12] [TEST] Processing batch 3324/18932 ...
[09/07 23:30:12] [TEST] Processing batch 3325/18932 ...
[09/07 23:30:12] [TEST] Processing batch 3326/18932 ...
[09/07 23:30:12] [TEST] Processing batch 3327/18932 ...
[09/07 23:30:12] [TEST] Processing batch 3328/18932 ...
[09/07 23:30:12] [TEST] Processing batch 3329/18932 ...
[09/07 23:30:12] [TEST] Processing batch 3330/18932 ...
[09/07 23:30:12] [TEST] Processing batch 3331/18932 ...
[09/07 23:30:12] [TEST] Processing batch 3332/18932 ...
[09/07 23:30:12] [TEST] Processing batch 3333/18932 ...
[09/07 23:30:12] [TEST] Processing batch 3334/18932 ...
[09/07 23:30:12] [TEST] Processing batch 3335/18932 ...
[09/07 23:30:12] [TEST] Processing batch 3336/18932 ...
[09/07 23:30:13] [TEST] Processing batch 3337/18932 ...
[09/07 23:30:13] [TEST] Processing batch 3338/18932 ...
[09/07 23:30:13] [TEST] Processing batch 3339/18932 ...
[09/07 23:30:13] [TEST] Processing batch 3340/18932 ...
[09/07 23:30:13] [TEST] Processing batch 3341/18932 ...
[09/07 23:30:13] [TEST] Processing batch 3342/18932 ...
[09/07 23:30:13] [TEST] Processing batch 3343/18932 ...
[09/07 23:30:13] [TEST] Processing batch 3344/18932 ...
[09/07 23:30:13] [TEST] Processing batch 3345/18932 ...
[09/07 23:30:13] [TEST] Processing batch 3346/18932 ...
[09/07 23:30:13] [TEST] Processing batch 3347/18932 ...
[09/07 23:30:13] [TEST] Processing batch 3348/18932 ...
[09/07 23:30:13] [TEST] Processing batch 3349/18932 ...
[09/07 23:30:13] [TEST] Processing batch 3350/18932 ...
[09/07 23:30:13] [TEST] Processing batch 3351/18932 ...
[09/07 23:30:13] [TEST] Processing batch 3352/18932 ...
[09/07 23:30:13] [TEST] Processing batch 3353/18932 ...
[09/07 23:30:13] [TEST] Processing batch 3354/18932 ...
[09/07 23:30:13] [TEST] Processing batch 3355/18932 ...
[09/07 23:30:14] [TEST] Processing batch 3356/18932 ...
[09/07 23:30:14] [TEST] Processing batch 3357/18932 ...
[09/07 23:30:14] [TEST] Processing batch 3358/18932 ...
[09/07 23:30:14] [TEST] Processing batch 3359/18932 ...
[09/07 23:30:14] [TEST] Processing batch 3360/18932 ...
[09/07 23:30:14] [TEST] Processing batch 3361/18932 ...
[09/07 23:30:14] [TEST] Processing batch 3362/18932 ...
[09/07 23:30:14] [TEST] Processing batch 3363/18932 ...
[09/07 23:30:14] [TEST] Processing batch 3364/18932 ...
[09/07 23:30:14] [TEST] Processing batch 3365/18932 ...
[09/07 23:30:14] [TEST] Processing batch 3366/18932 ...
[09/07 23:30:14] [TEST] Processing batch 3367/18932 ...
[09/07 23:30:14] [TEST] Processing batch 3368/18932 ...
[09/07 23:30:14] [TEST] Processing batch 3369/18932 ...
[09/07 23:30:14] [TEST] Processing batch 3370/18932 ...
[09/07 23:30:14] [TEST] Processing batch 3371/18932 ...
[09/07 23:30:14] [TEST] Processing batch 3372/18932 ...
[09/07 23:30:14] [TEST] Processing batch 3373/18932 ...
[09/07 23:30:15] [TEST] Processing batch 3374/18932 ...
[09/07 23:30:15] [TEST] Processing batch 3375/18932 ...
[09/07 23:30:15] [TEST] Processing batch 3376/18932 ...
[09/07 23:30:15] [TEST] Processing batch 3377/18932 ...
[09/07 23:30:15] [TEST] Processing batch 3378/18932 ...
[09/07 23:30:15] [TEST] Processing batch 3379/18932 ...
[09/07 23:30:15] [TEST] Processing batch 3380/18932 ...
[09/07 23:30:15] [TEST] Processing batch 3381/18932 ...
[09/07 23:30:15] [TEST] Processing batch 3382/18932 ...
[09/07 23:30:15] [TEST] Processing batch 3383/18932 ...
[09/07 23:30:15] [TEST] Processing batch 3384/18932 ...
[09/07 23:30:15] [TEST] Processing batch 3385/18932 ...
[09/07 23:30:15] [TEST] Processing batch 3386/18932 ...
[09/07 23:30:15] [TEST] Processing batch 3387/18932 ...
[09/07 23:30:15] [TEST] Processing batch 3388/18932 ...
[09/07 23:30:15] [TEST] Processing batch 3389/18932 ...
[09/07 23:30:15] [TEST] Processing batch 3390/18932 ...
[09/07 23:30:15] [TEST] Processing batch 3391/18932 ...
[09/07 23:30:15] [TEST] Processing batch 3392/18932 ...
[09/07 23:30:16] [TEST] Processing batch 3393/18932 ...
[09/07 23:30:16] [TEST] Processing batch 3394/18932 ...
[09/07 23:30:16] [TEST] Processing batch 3395/18932 ...
[09/07 23:30:16] [TEST] Processing batch 3396/18932 ...
[09/07 23:30:16] [TEST] Processing batch 3397/18932 ...
[09/07 23:30:16] [TEST] Processing batch 3398/18932 ...
[09/07 23:30:16] [TEST] Processing batch 3399/18932 ...
[09/07 23:30:16] [TEST] Processing batch 3400/18932 ...
[09/07 23:30:16] [TEST] Processing batch 3401/18932 ...
[09/07 23:30:16] [TEST] Processing batch 3402/18932 ...
[09/07 23:30:16] [TEST] Processing batch 3403/18932 ...
[09/07 23:30:16] [TEST] Processing batch 3404/18932 ...
[09/07 23:30:16] [TEST] Processing batch 3405/18932 ...
[09/07 23:30:16] [TEST] Processing batch 3406/18932 ...
[09/07 23:30:16] [TEST] Processing batch 3407/18932 ...
[09/07 23:30:16] [TEST] Processing batch 3408/18932 ...
[09/07 23:30:16] [TEST] Processing batch 3409/18932 ...
[09/07 23:30:16] [TEST] Processing batch 3410/18932 ...
[09/07 23:30:17] [TEST] Processing batch 3411/18932 ...
[09/07 23:30:17] [TEST] Processing batch 3412/18932 ...
[09/07 23:30:17] [TEST] Processing batch 3413/18932 ...
[09/07 23:30:17] [TEST] Processing batch 3414/18932 ...
[09/07 23:30:17] [TEST] Processing batch 3415/18932 ...
[09/07 23:30:17] [TEST] Processing batch 3416/18932 ...
[09/07 23:30:17] [TEST] Processing batch 3417/18932 ...
[09/07 23:30:17] [TEST] Processing batch 3418/18932 ...
[09/07 23:30:17] [TEST] Processing batch 3419/18932 ...
[09/07 23:30:17] [TEST] Processing batch 3420/18932 ...
[09/07 23:30:17] [TEST] Processing batch 3421/18932 ...
[09/07 23:30:17] [TEST] Processing batch 3422/18932 ...
[09/07 23:30:17] [TEST] Processing batch 3423/18932 ...
[09/07 23:30:17] [TEST] Processing batch 3424/18932 ...
[09/07 23:30:17] [TEST] Processing batch 3425/18932 ...
[09/07 23:30:17] [TEST] Processing batch 3426/18932 ...
[09/07 23:30:17] [TEST] Processing batch 3427/18932 ...
[09/07 23:30:17] [TEST] Processing batch 3428/18932 ...
[09/07 23:30:17] [TEST] Processing batch 3429/18932 ...
[09/07 23:30:18] [TEST] Processing batch 3430/18932 ...
[09/07 23:30:18] [TEST] Processing batch 3431/18932 ...
[09/07 23:30:18] [TEST] Processing batch 3432/18932 ...
[09/07 23:30:18] [TEST] Processing batch 3433/18932 ...
[09/07 23:30:18] [TEST] Processing batch 3434/18932 ...
[09/07 23:30:18] [TEST] Processing batch 3435/18932 ...
[09/07 23:30:18] [TEST] Processing batch 3436/18932 ...
[09/07 23:30:18] [TEST] Processing batch 3437/18932 ...
[09/07 23:30:18] [TEST] Processing batch 3438/18932 ...
[09/07 23:30:18] [TEST] Processing batch 3439/18932 ...
[09/07 23:30:18] [TEST] Processing batch 3440/18932 ...
[09/07 23:30:18] [TEST] Processing batch 3441/18932 ...
[09/07 23:30:18] [TEST] Processing batch 3442/18932 ...
[09/07 23:30:18] [TEST] Processing batch 3443/18932 ...
[09/07 23:30:18] [TEST] Processing batch 3444/18932 ...
[09/07 23:30:18] [TEST] Processing batch 3445/18932 ...
[09/07 23:30:18] [TEST] Processing batch 3446/18932 ...
[09/07 23:30:18] [TEST] Processing batch 3447/18932 ...
[09/07 23:30:18] [TEST] Processing batch 3448/18932 ...
[09/07 23:30:19] [TEST] Processing batch 3449/18932 ...
[09/07 23:30:19] [TEST] Processing batch 3450/18932 ...
[09/07 23:30:19] [TEST] Processing batch 3451/18932 ...
[09/07 23:30:19] [TEST] Processing batch 3452/18932 ...
[09/07 23:30:19] [TEST] Processing batch 3453/18932 ...
[09/07 23:30:19] [TEST] Processing batch 3454/18932 ...
[09/07 23:30:19] [TEST] Processing batch 3455/18932 ...
[09/07 23:30:19] [TEST] Processing batch 3456/18932 ...
[09/07 23:30:19] [TEST] Processing batch 3457/18932 ...
[09/07 23:30:19] [TEST] Processing batch 3458/18932 ...
[09/07 23:30:19] [TEST] Processing batch 3459/18932 ...
[09/07 23:30:19] [TEST] Processing batch 3460/18932 ...
[09/07 23:30:19] [TEST] Processing batch 3461/18932 ...
[09/07 23:30:19] [TEST] Processing batch 3462/18932 ...
[09/07 23:30:19] [TEST] Processing batch 3463/18932 ...
[09/07 23:30:19] [TEST] Processing batch 3464/18932 ...
[09/07 23:30:19] [TEST] Processing batch 3465/18932 ...
[09/07 23:30:19] [TEST] Processing batch 3466/18932 ...
[09/07 23:30:20] [TEST] Processing batch 3467/18932 ...
[09/07 23:30:20] [TEST] Processing batch 3468/18932 ...
[09/07 23:30:20] [TEST] Processing batch 3469/18932 ...
[09/07 23:30:20] [TEST] Processing batch 3470/18932 ...
[09/07 23:30:20] [TEST] Processing batch 3471/18932 ...
[09/07 23:30:20] [TEST] Processing batch 3472/18932 ...
[09/07 23:30:20] [TEST] Processing batch 3473/18932 ...
[09/07 23:30:20] [TEST] Processing batch 3474/18932 ...
[09/07 23:30:20] [TEST] Processing batch 3475/18932 ...
[09/07 23:30:20] [TEST] Processing batch 3476/18932 ...
[09/07 23:30:20] [TEST] Processing batch 3477/18932 ...
[09/07 23:30:20] [TEST] Processing batch 3478/18932 ...
[09/07 23:30:20] [TEST] Processing batch 3479/18932 ...
[09/07 23:30:20] [TEST] Processing batch 3480/18932 ...
[09/07 23:30:20] [TEST] Processing batch 3481/18932 ...
[09/07 23:30:20] [TEST] Processing batch 3482/18932 ...
[09/07 23:30:20] [TEST] Processing batch 3483/18932 ...
[09/07 23:30:20] [TEST] Processing batch 3484/18932 ...
[09/07 23:30:20] [TEST] Processing batch 3485/18932 ...
[09/07 23:30:21] [TEST] Processing batch 3486/18932 ...
[09/07 23:30:21] [TEST] Processing batch 3487/18932 ...
[09/07 23:30:21] [TEST] Processing batch 3488/18932 ...
[09/07 23:30:21] [TEST] Processing batch 3489/18932 ...
[09/07 23:30:21] [TEST] Processing batch 3490/18932 ...
[09/07 23:30:21] [TEST] Processing batch 3491/18932 ...
[09/07 23:30:21] [TEST] Processing batch 3492/18932 ...
[09/07 23:30:21] [TEST] Processing batch 3493/18932 ...
[09/07 23:30:21] [TEST] Processing batch 3494/18932 ...
[09/07 23:30:21] [TEST] Processing batch 3495/18932 ...
[09/07 23:30:21] [TEST] Processing batch 3496/18932 ...
[09/07 23:30:21] [TEST] Processing batch 3497/18932 ...
[09/07 23:30:21] [TEST] Processing batch 3498/18932 ...
[09/07 23:30:21] [TEST] Processing batch 3499/18932 ...
[09/07 23:30:21] [TEST] Processing batch 3500/18932 ...
[09/07 23:30:21] [TEST] Processing batch 3501/18932 ...
[09/07 23:30:21] [TEST] Processing batch 3502/18932 ...
[09/07 23:30:21] [TEST] Processing batch 3503/18932 ...
[09/07 23:30:22] [TEST] Processing batch 3504/18932 ...
[09/07 23:30:22] [TEST] Processing batch 3505/18932 ...
[09/07 23:30:22] [TEST] Processing batch 3506/18932 ...
[09/07 23:30:22] [TEST] Processing batch 3507/18932 ...
[09/07 23:30:22] [TEST] Processing batch 3508/18932 ...
[09/07 23:30:22] [TEST] Processing batch 3509/18932 ...
[09/07 23:30:22] [TEST] Processing batch 3510/18932 ...
[09/07 23:30:22] [TEST] Processing batch 3511/18932 ...
[09/07 23:30:22] [TEST] Processing batch 3512/18932 ...
[09/07 23:30:22] [TEST] Processing batch 3513/18932 ...
[09/07 23:30:22] [TEST] Processing batch 3514/18932 ...
[09/07 23:30:22] [TEST] Processing batch 3515/18932 ...
[09/07 23:30:22] [TEST] Processing batch 3516/18932 ...
[09/07 23:30:22] [TEST] Processing batch 3517/18932 ...
[09/07 23:30:22] [TEST] Processing batch 3518/18932 ...
[09/07 23:30:22] [TEST] Processing batch 3519/18932 ...
[09/07 23:30:22] [TEST] Processing batch 3520/18932 ...
[09/07 23:30:22] [TEST] Processing batch 3521/18932 ...
[09/07 23:30:22] [TEST] Processing batch 3522/18932 ...
[09/07 23:30:23] [TEST] Processing batch 3523/18932 ...
[09/07 23:30:23] [TEST] Processing batch 3524/18932 ...
[09/07 23:30:23] [TEST] Processing batch 3525/18932 ...
[09/07 23:30:23] [TEST] Processing batch 3526/18932 ...
[09/07 23:30:23] [TEST] Processing batch 3527/18932 ...
[09/07 23:30:23] [TEST] Processing batch 3528/18932 ...
[09/07 23:30:23] [TEST] Processing batch 3529/18932 ...
[09/07 23:30:23] [TEST] Processing batch 3530/18932 ...
[09/07 23:30:23] [TEST] Processing batch 3531/18932 ...
[09/07 23:30:23] [TEST] Processing batch 3532/18932 ...
[09/07 23:30:23] [TEST] Processing batch 3533/18932 ...
[09/07 23:30:23] [TEST] Processing batch 3534/18932 ...
[09/07 23:30:23] [TEST] Processing batch 3535/18932 ...
[09/07 23:30:23] [TEST] Processing batch 3536/18932 ...
[09/07 23:30:23] [TEST] Processing batch 3537/18932 ...
[09/07 23:30:23] [TEST] Processing batch 3538/18932 ...
[09/07 23:30:23] [TEST] Processing batch 3539/18932 ...
[09/07 23:30:23] [TEST] Processing batch 3540/18932 ...
[09/07 23:30:24] [TEST] Processing batch 3541/18932 ...
[09/07 23:30:24] [TEST] Processing batch 3542/18932 ...
[09/07 23:30:24] [TEST] Processing batch 3543/18932 ...
[09/07 23:30:24] [TEST] Processing batch 3544/18932 ...
[09/07 23:30:24] [TEST] Processing batch 3545/18932 ...
[09/07 23:30:24] [TEST] Processing batch 3546/18932 ...
[09/07 23:30:24] [TEST] Processing batch 3547/18932 ...
[09/07 23:30:24] [TEST] Processing batch 3548/18932 ...
[09/07 23:30:24] [TEST] Processing batch 3549/18932 ...
[09/07 23:30:24] [TEST] Processing batch 3550/18932 ...
[09/07 23:30:24] [TEST] Processing batch 3551/18932 ...
[09/07 23:30:24] [TEST] Processing batch 3552/18932 ...
[09/07 23:30:24] [TEST] Processing batch 3553/18932 ...
[09/07 23:30:24] [TEST] Processing batch 3554/18932 ...
[09/07 23:30:24] [TEST] Processing batch 3555/18932 ...
[09/07 23:30:24] [TEST] Processing batch 3556/18932 ...
[09/07 23:30:24] [TEST] Processing batch 3557/18932 ...
[09/07 23:30:24] [TEST] Processing batch 3558/18932 ...
[09/07 23:30:24] [TEST] Processing batch 3559/18932 ...
[09/07 23:30:25] [TEST] Processing batch 3560/18932 ...
[09/07 23:30:25] [TEST] Processing batch 3561/18932 ...
[09/07 23:30:25] [TEST] Processing batch 3562/18932 ...
[09/07 23:30:25] [TEST] Processing batch 3563/18932 ...
[09/07 23:30:25] [TEST] Processing batch 3564/18932 ...
[09/07 23:30:25] [TEST] Processing batch 3565/18932 ...
[09/07 23:30:25] [TEST] Processing batch 3566/18932 ...
[09/07 23:30:25] [TEST] Processing batch 3567/18932 ...
[09/07 23:30:25] [TEST] Processing batch 3568/18932 ...
[09/07 23:30:25] [TEST] Processing batch 3569/18932 ...
[09/07 23:30:25] [TEST] Processing batch 3570/18932 ...
[09/07 23:30:25] [TEST] Processing batch 3571/18932 ...
[09/07 23:30:25] [TEST] Processing batch 3572/18932 ...
[09/07 23:30:25] [TEST] Processing batch 3573/18932 ...
[09/07 23:30:25] [TEST] Processing batch 3574/18932 ...
[09/07 23:30:25] [TEST] Processing batch 3575/18932 ...
[09/07 23:30:25] [TEST] Processing batch 3576/18932 ...
[09/07 23:30:25] [TEST] Processing batch 3577/18932 ...
[09/07 23:30:26] [TEST] Processing batch 3578/18932 ...
[09/07 23:30:26] [TEST] Processing batch 3579/18932 ...
[09/07 23:30:26] [TEST] Processing batch 3580/18932 ...
[09/07 23:30:26] [TEST] Processing batch 3581/18932 ...
[09/07 23:30:26] [TEST] Processing batch 3582/18932 ...
[09/07 23:30:26] [TEST] Processing batch 3583/18932 ...
[09/07 23:30:26] [TEST] Processing batch 3584/18932 ...
[09/07 23:30:26] [TEST] Processing batch 3585/18932 ...
[09/07 23:30:26] [TEST] Processing batch 3586/18932 ...
[09/07 23:30:26] [TEST] Processing batch 3587/18932 ...
[09/07 23:30:26] [TEST] Processing batch 3588/18932 ...
[09/07 23:30:26] [TEST] Processing batch 3589/18932 ...
[09/07 23:30:26] [TEST] Processing batch 3590/18932 ...
[09/07 23:30:26] [TEST] Processing batch 3591/18932 ...
[09/07 23:30:26] [TEST] Processing batch 3592/18932 ...
[09/07 23:30:26] [TEST] Processing batch 3593/18932 ...
[09/07 23:30:26] [TEST] Processing batch 3594/18932 ...
[09/07 23:30:26] [TEST] Processing batch 3595/18932 ...
[09/07 23:30:26] [TEST] Processing batch 3596/18932 ...
[09/07 23:30:27] [TEST] Processing batch 3597/18932 ...
[09/07 23:30:27] [TEST] Processing batch 3598/18932 ...
[09/07 23:30:27] [TEST] Processing batch 3599/18932 ...
[09/07 23:30:27] [TEST] Processing batch 3600/18932 ...
[09/07 23:30:27] [TEST] Processing batch 3601/18932 ...
[09/07 23:30:27] [TEST] Processing batch 3602/18932 ...
[09/07 23:30:27] [TEST] Processing batch 3603/18932 ...
[09/07 23:30:27] [TEST] Processing batch 3604/18932 ...
[09/07 23:30:27] [TEST] Processing batch 3605/18932 ...
[09/07 23:30:27] [TEST] Processing batch 3606/18932 ...
[09/07 23:30:27] [TEST] Processing batch 3607/18932 ...
[09/07 23:30:27] [TEST] Processing batch 3608/18932 ...
[09/07 23:30:27] [TEST] Processing batch 3609/18932 ...
[09/07 23:30:27] [TEST] Processing batch 3610/18932 ...
[09/07 23:30:27] [TEST] Processing batch 3611/18932 ...
[09/07 23:30:27] [TEST] Processing batch 3612/18932 ...
[09/07 23:30:27] [TEST] Processing batch 3613/18932 ...
[09/07 23:30:27] [TEST] Processing batch 3614/18932 ...
[09/07 23:30:27] [TEST] Processing batch 3615/18932 ...
[09/07 23:30:28] [TEST] Processing batch 3616/18932 ...
[09/07 23:30:28] [TEST] Processing batch 3617/18932 ...
[09/07 23:30:28] [TEST] Processing batch 3618/18932 ...
[09/07 23:30:28] [TEST] Processing batch 3619/18932 ...
[09/07 23:30:28] [TEST] Processing batch 3620/18932 ...
[09/07 23:30:28] [TEST] Processing batch 3621/18932 ...
[09/07 23:30:28] [TEST] Processing batch 3622/18932 ...
[09/07 23:30:28] [TEST] Processing batch 3623/18932 ...
[09/07 23:30:28] [TEST] Processing batch 3624/18932 ...
[09/07 23:30:28] [TEST] Processing batch 3625/18932 ...
[09/07 23:30:28] [TEST] Processing batch 3626/18932 ...
[09/07 23:30:28] [TEST] Processing batch 3627/18932 ...
[09/07 23:30:28] [TEST] Processing batch 3628/18932 ...
[09/07 23:30:28] [TEST] Processing batch 3629/18932 ...
[09/07 23:30:28] [TEST] Processing batch 3630/18932 ...
[09/07 23:30:28] [TEST] Processing batch 3631/18932 ...
[09/07 23:30:28] [TEST] Processing batch 3632/18932 ...
[09/07 23:30:28] [TEST] Processing batch 3633/18932 ...
[09/07 23:30:28] [TEST] Processing batch 3634/18932 ...
[09/07 23:30:29] [TEST] Processing batch 3635/18932 ...
[09/07 23:30:29] [TEST] Processing batch 3636/18932 ...
[09/07 23:30:29] [TEST] Processing batch 3637/18932 ...
[09/07 23:30:29] [TEST] Processing batch 3638/18932 ...
[09/07 23:30:29] [TEST] Processing batch 3639/18932 ...
[09/07 23:30:29] [TEST] Processing batch 3640/18932 ...
[09/07 23:30:29] [TEST] Processing batch 3641/18932 ...
[09/07 23:30:29] [TEST] Processing batch 3642/18932 ...
[09/07 23:30:29] [TEST] Processing batch 3643/18932 ...
[09/07 23:30:29] [TEST] Processing batch 3644/18932 ...
[09/07 23:30:29] [TEST] Processing batch 3645/18932 ...
[09/07 23:30:29] [TEST] Processing batch 3646/18932 ...
[09/07 23:30:29] [TEST] Processing batch 3647/18932 ...
[09/07 23:30:29] [TEST] Processing batch 3648/18932 ...
[09/07 23:30:29] [TEST] Processing batch 3649/18932 ...
[09/07 23:30:29] [TEST] Processing batch 3650/18932 ...
[09/07 23:30:29] [TEST] Processing batch 3651/18932 ...
[09/07 23:30:29] [TEST] Processing batch 3652/18932 ...
[09/07 23:30:30] [TEST] Processing batch 3653/18932 ...
[09/07 23:30:30] [TEST] Processing batch 3654/18932 ...
[09/07 23:30:30] [TEST] Processing batch 3655/18932 ...
[09/07 23:30:30] [TEST] Processing batch 3656/18932 ...
[09/07 23:30:30] [TEST] Processing batch 3657/18932 ...
[09/07 23:30:30] [TEST] Processing batch 3658/18932 ...
[09/07 23:30:30] [TEST] Processing batch 3659/18932 ...
[09/07 23:30:30] [TEST] Processing batch 3660/18932 ...
[09/07 23:30:30] [TEST] Processing batch 3661/18932 ...
[09/07 23:30:30] [TEST] Processing batch 3662/18932 ...
[09/07 23:30:30] [TEST] Processing batch 3663/18932 ...
[09/07 23:30:30] [TEST] Processing batch 3664/18932 ...
[09/07 23:30:30] [TEST] Processing batch 3665/18932 ...
[09/07 23:30:30] [TEST] Processing batch 3666/18932 ...
[09/07 23:30:30] [TEST] Processing batch 3667/18932 ...
[09/07 23:30:30] [TEST] Processing batch 3668/18932 ...
[09/07 23:30:30] [TEST] Processing batch 3669/18932 ...
[09/07 23:30:30] [TEST] Processing batch 3670/18932 ...
[09/07 23:30:31] [TEST] Processing batch 3671/18932 ...
[09/07 23:30:31] [TEST] Processing batch 3672/18932 ...
[09/07 23:30:31] [TEST] Processing batch 3673/18932 ...
[09/07 23:30:31] [TEST] Processing batch 3674/18932 ...
[09/07 23:30:31] [TEST] Processing batch 3675/18932 ...
[09/07 23:30:31] [TEST] Processing batch 3676/18932 ...
[09/07 23:30:31] [TEST] Processing batch 3677/18932 ...
[09/07 23:30:31] [TEST] Processing batch 3678/18932 ...
[09/07 23:30:31] [TEST] Processing batch 3679/18932 ...
[09/07 23:30:31] [TEST] Processing batch 3680/18932 ...
[09/07 23:30:31] [TEST] Processing batch 3681/18932 ...
[09/07 23:30:31] [TEST] Processing batch 3682/18932 ...
[09/07 23:30:31] [TEST] Processing batch 3683/18932 ...
[09/07 23:30:31] [TEST] Processing batch 3684/18932 ...
[09/07 23:30:31] [TEST] Processing batch 3685/18932 ...
[09/07 23:30:31] [TEST] Processing batch 3686/18932 ...
[09/07 23:30:31] [TEST] Processing batch 3687/18932 ...
[09/07 23:30:31] [TEST] Processing batch 3688/18932 ...
[09/07 23:30:31] [TEST] Processing batch 3689/18932 ...
[09/07 23:30:32] [TEST] Processing batch 3690/18932 ...
[09/07 23:30:32] [TEST] Processing batch 3691/18932 ...
[09/07 23:30:32] [TEST] Processing batch 3692/18932 ...
[09/07 23:30:32] [TEST] Processing batch 3693/18932 ...
[09/07 23:30:32] [TEST] Processing batch 3694/18932 ...
[09/07 23:30:32] [TEST] Processing batch 3695/18932 ...
[09/07 23:30:32] [TEST] Processing batch 3696/18932 ...
[09/07 23:30:32] [TEST] Processing batch 3697/18932 ...
[09/07 23:30:32] [TEST] Processing batch 3698/18932 ...
[09/07 23:30:32] [TEST] Processing batch 3699/18932 ...
[09/07 23:30:32] [TEST] Processing batch 3700/18932 ...
[09/07 23:30:32] [TEST] Processing batch 3701/18932 ...
[09/07 23:30:32] [TEST] Processing batch 3702/18932 ...
[09/07 23:30:32] [TEST] Processing batch 3703/18932 ...
[09/07 23:30:32] [TEST] Processing batch 3704/18932 ...
[09/07 23:30:32] [TEST] Processing batch 3705/18932 ...
[09/07 23:30:32] [TEST] Processing batch 3706/18932 ...
[09/07 23:30:32] [TEST] Processing batch 3707/18932 ...
[09/07 23:30:33] [TEST] Processing batch 3708/18932 ...
[09/07 23:30:33] [TEST] Processing batch 3709/18932 ...
[09/07 23:30:33] [TEST] Processing batch 3710/18932 ...
[09/07 23:30:33] [TEST] Processing batch 3711/18932 ...
[09/07 23:30:33] [TEST] Processing batch 3712/18932 ...
[09/07 23:30:33] [TEST] Processing batch 3713/18932 ...
[09/07 23:30:33] [TEST] Processing batch 3714/18932 ...
[09/07 23:30:33] [TEST] Processing batch 3715/18932 ...
[09/07 23:30:33] [TEST] Processing batch 3716/18932 ...
[09/07 23:30:33] [TEST] Processing batch 3717/18932 ...
[09/07 23:30:33] [TEST] Processing batch 3718/18932 ...
[09/07 23:30:33] [TEST] Processing batch 3719/18932 ...
[09/07 23:30:33] [TEST] Processing batch 3720/18932 ...
[09/07 23:30:33] [TEST] Processing batch 3721/18932 ...
[09/07 23:30:33] [TEST] Processing batch 3722/18932 ...
[09/07 23:30:33] [TEST] Processing batch 3723/18932 ...
[09/07 23:30:33] [TEST] Processing batch 3724/18932 ...
[09/07 23:30:33] [TEST] Processing batch 3725/18932 ...
[09/07 23:30:33] [TEST] Processing batch 3726/18932 ...
[09/07 23:30:34] [TEST] Processing batch 3727/18932 ...
[09/07 23:30:34] [TEST] Processing batch 3728/18932 ...
[09/07 23:30:34] [TEST] Processing batch 3729/18932 ...
[09/07 23:30:34] [TEST] Processing batch 3730/18932 ...
[09/07 23:30:34] [TEST] Processing batch 3731/18932 ...
[09/07 23:30:34] [TEST] Processing batch 3732/18932 ...
[09/07 23:30:34] [TEST] Processing batch 3733/18932 ...
[09/07 23:30:34] [TEST] Processing batch 3734/18932 ...
[09/07 23:30:34] [TEST] Processing batch 3735/18932 ...
[09/07 23:30:34] [TEST] Processing batch 3736/18932 ...
[09/07 23:30:34] [TEST] Processing batch 3737/18932 ...
[09/07 23:30:34] [TEST] Processing batch 3738/18932 ...
[09/07 23:30:34] [TEST] Processing batch 3739/18932 ...
[09/07 23:30:34] [TEST] Processing batch 3740/18932 ...
[09/07 23:30:34] [TEST] Processing batch 3741/18932 ...
[09/07 23:30:34] [TEST] Processing batch 3742/18932 ...
[09/07 23:30:34] [TEST] Processing batch 3743/18932 ...
[09/07 23:30:34] [TEST] Processing batch 3744/18932 ...
[09/07 23:30:35] [TEST] Processing batch 3745/18932 ...
[09/07 23:30:35] [TEST] Processing batch 3746/18932 ...
[09/07 23:30:35] [TEST] Processing batch 3747/18932 ...
[09/07 23:30:35] [TEST] Processing batch 3748/18932 ...
[09/07 23:30:35] [TEST] Processing batch 3749/18932 ...
[09/07 23:30:35] [TEST] Processing batch 3750/18932 ...
[09/07 23:30:35] [TEST] Processing batch 3751/18932 ...
[09/07 23:30:35] [TEST] Processing batch 3752/18932 ...
[09/07 23:30:35] [TEST] Processing batch 3753/18932 ...
[09/07 23:30:35] [TEST] Processing batch 3754/18932 ...
[09/07 23:30:35] [TEST] Processing batch 3755/18932 ...
[09/07 23:30:35] [TEST] Processing batch 3756/18932 ...
[09/07 23:30:35] [TEST] Processing batch 3757/18932 ...
[09/07 23:30:35] [TEST] Processing batch 3758/18932 ...
[09/07 23:30:35] [TEST] Processing batch 3759/18932 ...
[09/07 23:30:35] [TEST] Processing batch 3760/18932 ...
[09/07 23:30:35] [TEST] Processing batch 3761/18932 ...
[09/07 23:30:35] [TEST] Processing batch 3762/18932 ...
[09/07 23:30:35] [TEST] Processing batch 3763/18932 ...
[09/07 23:30:36] [TEST] Processing batch 3764/18932 ...
[09/07 23:30:36] [TEST] Processing batch 3765/18932 ...
[09/07 23:30:36] [TEST] Processing batch 3766/18932 ...
[09/07 23:30:36] [TEST] Processing batch 3767/18932 ...
[09/07 23:30:36] [TEST] Processing batch 3768/18932 ...
[09/07 23:30:36] [TEST] Processing batch 3769/18932 ...
[09/07 23:30:36] [TEST] Processing batch 3770/18932 ...
[09/07 23:30:36] [TEST] Processing batch 3771/18932 ...
[09/07 23:30:36] [TEST] Processing batch 3772/18932 ...
[09/07 23:30:36] [TEST] Processing batch 3773/18932 ...
[09/07 23:30:36] [TEST] Processing batch 3774/18932 ...
[09/07 23:30:36] [TEST] Processing batch 3775/18932 ...
[09/07 23:30:36] [TEST] Processing batch 3776/18932 ...
[09/07 23:30:36] [TEST] Processing batch 3777/18932 ...
[09/07 23:30:36] [TEST] Processing batch 3778/18932 ...
[09/07 23:30:36] [TEST] Processing batch 3779/18932 ...
[09/07 23:30:36] [TEST] Processing batch 3780/18932 ...
[09/07 23:30:37] [TEST] Processing batch 3781/18932 ...
[09/07 23:30:37] [TEST] Processing batch 3782/18932 ...
[09/07 23:30:37] [TEST] Processing batch 3783/18932 ...
[09/07 23:30:37] [TEST] Processing batch 3784/18932 ...
[09/07 23:30:37] [TEST] Processing batch 3785/18932 ...
[09/07 23:30:37] [TEST] Processing batch 3786/18932 ...
[09/07 23:30:37] [TEST] Processing batch 3787/18932 ...
[09/07 23:30:37] [TEST] Processing batch 3788/18932 ...
[09/07 23:30:37] [TEST] Processing batch 3789/18932 ...
[09/07 23:30:37] [TEST] Processing batch 3790/18932 ...
[09/07 23:30:37] [TEST] Processing batch 3791/18932 ...
[09/07 23:30:37] [TEST] Processing batch 3792/18932 ...
[09/07 23:30:37] [TEST] Processing batch 3793/18932 ...
[09/07 23:30:37] [TEST] Processing batch 3794/18932 ...
[09/07 23:30:37] [TEST] Processing batch 3795/18932 ...
[09/07 23:30:37] [TEST] Processing batch 3796/18932 ...
[09/07 23:30:37] [TEST] Processing batch 3797/18932 ...
[09/07 23:30:37] [TEST] Processing batch 3798/18932 ...
[09/07 23:30:37] [TEST] Processing batch 3799/18932 ...
[09/07 23:30:38] [TEST] Processing batch 3800/18932 ...
[09/07 23:30:38] [TEST] Processing batch 3801/18932 ...
[09/07 23:30:38] [TEST] Processing batch 3802/18932 ...
[09/07 23:30:38] [TEST] Processing batch 3803/18932 ...
[09/07 23:30:38] [TEST] Processing batch 3804/18932 ...
[09/07 23:30:38] [TEST] Processing batch 3805/18932 ...
[09/07 23:30:38] [TEST] Processing batch 3806/18932 ...
[09/07 23:30:38] [TEST] Processing batch 3807/18932 ...
[09/07 23:30:38] [TEST] Processing batch 3808/18932 ...
[09/07 23:30:38] [TEST] Processing batch 3809/18932 ...
[09/07 23:30:38] [TEST] Processing batch 3810/18932 ...
[09/07 23:30:38] [TEST] Processing batch 3811/18932 ...
[09/07 23:30:38] [TEST] Processing batch 3812/18932 ...
[09/07 23:30:38] [TEST] Processing batch 3813/18932 ...
[09/07 23:30:38] [TEST] Processing batch 3814/18932 ...
[09/07 23:30:38] [TEST] Processing batch 3815/18932 ...
[09/07 23:30:38] [TEST] Processing batch 3816/18932 ...
[09/07 23:30:38] [TEST] Processing batch 3817/18932 ...
[09/07 23:30:39] [TEST] Processing batch 3818/18932 ...
[09/07 23:30:39] [TEST] Processing batch 3819/18932 ...
[09/07 23:30:39] [TEST] Processing batch 3820/18932 ...
[09/07 23:30:39] [TEST] Processing batch 3821/18932 ...
[09/07 23:30:39] [TEST] Processing batch 3822/18932 ...
[09/07 23:30:39] [TEST] Processing batch 3823/18932 ...
[09/07 23:30:39] [TEST] Processing batch 3824/18932 ...
[09/07 23:30:39] [TEST] Processing batch 3825/18932 ...
[09/07 23:30:39] [TEST] Processing batch 3826/18932 ...
[09/07 23:30:39] [TEST] Processing batch 3827/18932 ...
[09/07 23:30:39] [TEST] Processing batch 3828/18932 ...
[09/07 23:30:39] [TEST] Processing batch 3829/18932 ...
[09/07 23:30:39] [TEST] Processing batch 3830/18932 ...
[09/07 23:30:39] [TEST] Processing batch 3831/18932 ...
[09/07 23:30:39] [TEST] Processing batch 3832/18932 ...
[09/07 23:30:39] [TEST] Processing batch 3833/18932 ...
[09/07 23:30:39] [TEST] Processing batch 3834/18932 ...
[09/07 23:30:39] [TEST] Processing batch 3835/18932 ...
[09/07 23:30:40] [TEST] Processing batch 3836/18932 ...
[09/07 23:30:40] [TEST] Processing batch 3837/18932 ...
[09/07 23:30:40] [TEST] Processing batch 3838/18932 ...
[09/07 23:30:40] [TEST] Processing batch 3839/18932 ...
[09/07 23:30:40] [TEST] Processing batch 3840/18932 ...
[09/07 23:30:40] [TEST] Processing batch 3841/18932 ...
[09/07 23:30:40] [TEST] Processing batch 3842/18932 ...
[09/07 23:30:40] [TEST] Processing batch 3843/18932 ...
[09/07 23:30:40] [TEST] Processing batch 3844/18932 ...
[09/07 23:30:40] [TEST] Processing batch 3845/18932 ...
[09/07 23:30:40] [TEST] Processing batch 3846/18932 ...
[09/07 23:30:40] [TEST] Processing batch 3847/18932 ...
[09/07 23:30:40] [TEST] Processing batch 3848/18932 ...
[09/07 23:30:40] [TEST] Processing batch 3849/18932 ...
[09/07 23:30:40] [TEST] Processing batch 3850/18932 ...
[09/07 23:30:40] [TEST] Processing batch 3851/18932 ...
[09/07 23:30:40] [TEST] Processing batch 3852/18932 ...
[09/07 23:30:40] [TEST] Processing batch 3853/18932 ...
[09/07 23:30:41] [TEST] Processing batch 3854/18932 ...
[09/07 23:30:41] [TEST] Processing batch 3855/18932 ...
[09/07 23:30:41] [TEST] Processing batch 3856/18932 ...
[09/07 23:30:41] [TEST] Processing batch 3857/18932 ...
[09/07 23:30:41] [TEST] Processing batch 3858/18932 ...
[09/07 23:30:41] [TEST] Processing batch 3859/18932 ...
[09/07 23:30:41] [TEST] Processing batch 3860/18932 ...
[09/07 23:30:41] [TEST] Processing batch 3861/18932 ...
[09/07 23:30:41] [TEST] Processing batch 3862/18932 ...
[09/07 23:30:41] [TEST] Processing batch 3863/18932 ...
[09/07 23:30:41] [TEST] Processing batch 3864/18932 ...
[09/07 23:30:41] [TEST] Processing batch 3865/18932 ...
[09/07 23:30:41] [TEST] Processing batch 3866/18932 ...
[09/07 23:30:41] [TEST] Processing batch 3867/18932 ...
[09/07 23:30:41] [TEST] Processing batch 3868/18932 ...
[09/07 23:30:41] [TEST] Processing batch 3869/18932 ...
[09/07 23:30:41] [TEST] Processing batch 3870/18932 ...
[09/07 23:30:41] [TEST] Processing batch 3871/18932 ...
[09/07 23:30:42] [TEST] Processing batch 3872/18932 ...
[09/07 23:30:42] [TEST] Processing batch 3873/18932 ...
[09/07 23:30:42] [TEST] Processing batch 3874/18932 ...
[09/07 23:30:42] [TEST] Processing batch 3875/18932 ...
[09/07 23:30:42] [TEST] Processing batch 3876/18932 ...
[09/07 23:30:42] [TEST] Processing batch 3877/18932 ...
[09/07 23:30:42] [TEST] Processing batch 3878/18932 ...
[09/07 23:30:42] [TEST] Processing batch 3879/18932 ...
[09/07 23:30:42] [TEST] Processing batch 3880/18932 ...
[09/07 23:30:42] [TEST] Processing batch 3881/18932 ...
[09/07 23:30:42] [TEST] Processing batch 3882/18932 ...
[09/07 23:30:42] [TEST] Processing batch 3883/18932 ...
[09/07 23:30:42] [TEST] Processing batch 3884/18932 ...
[09/07 23:30:42] [TEST] Processing batch 3885/18932 ...
[09/07 23:30:42] [TEST] Processing batch 3886/18932 ...
[09/07 23:30:42] [TEST] Processing batch 3887/18932 ...
[09/07 23:30:42] [TEST] Processing batch 3888/18932 ...
[09/07 23:30:43] [TEST] Processing batch 3889/18932 ...
[09/07 23:30:43] [TEST] Processing batch 3890/18932 ...
[09/07 23:30:43] [TEST] Processing batch 3891/18932 ...
[09/07 23:30:43] [TEST] Processing batch 3892/18932 ...
[09/07 23:30:43] [TEST] Processing batch 3893/18932 ...
[09/07 23:30:43] [TEST] Processing batch 3894/18932 ...
[09/07 23:30:43] [TEST] Processing batch 3895/18932 ...
[09/07 23:30:43] [TEST] Processing batch 3896/18932 ...
[09/07 23:30:43] [TEST] Processing batch 3897/18932 ...
[09/07 23:30:43] [TEST] Processing batch 3898/18932 ...
[09/07 23:30:43] [TEST] Processing batch 3899/18932 ...
[09/07 23:30:43] [TEST] Processing batch 3900/18932 ...
[09/07 23:30:43] [TEST] Processing batch 3901/18932 ...
[09/07 23:30:43] [TEST] Processing batch 3902/18932 ...
[09/07 23:30:43] [TEST] Processing batch 3903/18932 ...
[09/07 23:30:43] [TEST] Processing batch 3904/18932 ...
[09/07 23:30:44] [TEST] Processing batch 3905/18932 ...
[09/07 23:30:44] [TEST] Processing batch 3906/18932 ...
[09/07 23:30:44] [TEST] Processing batch 3907/18932 ...
[09/07 23:30:44] [TEST] Processing batch 3908/18932 ...
[09/07 23:30:44] [TEST] Processing batch 3909/18932 ...
[09/07 23:30:44] [TEST] Processing batch 3910/18932 ...
[09/07 23:30:44] [TEST] Processing batch 3911/18932 ...
[09/07 23:30:44] [TEST] Processing batch 3912/18932 ...
[09/07 23:30:44] [TEST] Processing batch 3913/18932 ...
[09/07 23:30:44] [TEST] Processing batch 3914/18932 ...
[09/07 23:30:44] [TEST] Processing batch 3915/18932 ...
[09/07 23:30:44] [TEST] Processing batch 3916/18932 ...
[09/07 23:30:44] [TEST] Processing batch 3917/18932 ...
[09/07 23:30:44] [TEST] Processing batch 3918/18932 ...
[09/07 23:30:44] [TEST] Processing batch 3919/18932 ...
[09/07 23:30:44] [TEST] Processing batch 3920/18932 ...
[09/07 23:30:44] [TEST] Processing batch 3921/18932 ...
[09/07 23:30:45] [TEST] Processing batch 3922/18932 ...
[09/07 23:30:45] [TEST] Processing batch 3923/18932 ...
[09/07 23:30:45] [TEST] Processing batch 3924/18932 ...
[09/07 23:30:45] [TEST] Processing batch 3925/18932 ...
[09/07 23:30:45] [TEST] Processing batch 3926/18932 ...
[09/07 23:30:45] [TEST] Processing batch 3927/18932 ...
[09/07 23:30:45] [TEST] Processing batch 3928/18932 ...
[09/07 23:30:45] [TEST] Processing batch 3929/18932 ...
[09/07 23:30:45] [TEST] Processing batch 3930/18932 ...
[09/07 23:30:45] [TEST] Processing batch 3931/18932 ...
[09/07 23:30:45] [TEST] Processing batch 3932/18932 ...
[09/07 23:30:45] [TEST] Processing batch 3933/18932 ...
[09/07 23:30:45] [TEST] Processing batch 3934/18932 ...
[09/07 23:30:45] [TEST] Processing batch 3935/18932 ...
[09/07 23:30:45] [TEST] Processing batch 3936/18932 ...
[09/07 23:30:45] [TEST] Processing batch 3937/18932 ...
[09/07 23:30:46] [TEST] Processing batch 3938/18932 ...
[09/07 23:30:46] [TEST] Processing batch 3939/18932 ...
[09/07 23:30:46] [TEST] Processing batch 3940/18932 ...
[09/07 23:30:46] [TEST] Processing batch 3941/18932 ...
[09/07 23:30:46] [TEST] Processing batch 3942/18932 ...
[09/07 23:30:46] [TEST] Processing batch 3943/18932 ...
[09/07 23:30:46] [TEST] Processing batch 3944/18932 ...
[09/07 23:30:46] [TEST] Processing batch 3945/18932 ...
[09/07 23:30:46] [TEST] Processing batch 3946/18932 ...
[09/07 23:30:46] [TEST] Processing batch 3947/18932 ...
[09/07 23:30:46] [TEST] Processing batch 3948/18932 ...
[09/07 23:30:46] [TEST] Processing batch 3949/18932 ...
[09/07 23:30:46] [TEST] Processing batch 3950/18932 ...
[09/07 23:30:46] [TEST] Processing batch 3951/18932 ...
[09/07 23:30:46] [TEST] Processing batch 3952/18932 ...
[09/07 23:30:46] [TEST] Processing batch 3953/18932 ...
[09/07 23:30:46] [TEST] Processing batch 3954/18932 ...
[09/07 23:30:47] [TEST] Processing batch 3955/18932 ...
[09/07 23:30:47] [TEST] Processing batch 3956/18932 ...
[09/07 23:30:47] [TEST] Processing batch 3957/18932 ...
[09/07 23:30:47] [TEST] Processing batch 3958/18932 ...
[09/07 23:30:47] [TEST] Processing batch 3959/18932 ...
[09/07 23:30:47] [TEST] Processing batch 3960/18932 ...
[09/07 23:30:47] [TEST] Processing batch 3961/18932 ...
[09/07 23:30:47] [TEST] Processing batch 3962/18932 ...
[09/07 23:30:47] [TEST] Processing batch 3963/18932 ...
[09/07 23:30:47] [TEST] Processing batch 3964/18932 ...
[09/07 23:30:47] [TEST] Processing batch 3965/18932 ...
[09/07 23:30:47] [TEST] Processing batch 3966/18932 ...
[09/07 23:30:47] [TEST] Processing batch 3967/18932 ...
[09/07 23:30:47] [TEST] Processing batch 3968/18932 ...
[09/07 23:30:47] [TEST] Processing batch 3969/18932 ...
[09/07 23:30:47] [TEST] Processing batch 3970/18932 ...
[09/07 23:30:47] [TEST] Processing batch 3971/18932 ...
[09/07 23:30:48] [TEST] Processing batch 3972/18932 ...
[09/07 23:30:48] [TEST] Processing batch 3973/18932 ...
[09/07 23:30:48] [TEST] Processing batch 3974/18932 ...
[09/07 23:30:48] [TEST] Processing batch 3975/18932 ...
[09/07 23:30:48] [TEST] Processing batch 3976/18932 ...
[09/07 23:30:48] [TEST] Processing batch 3977/18932 ...
[09/07 23:30:48] [TEST] Processing batch 3978/18932 ...
[09/07 23:30:48] [TEST] Processing batch 3979/18932 ...
[09/07 23:30:48] [TEST] Processing batch 3980/18932 ...
[09/07 23:30:48] [TEST] Processing batch 3981/18932 ...
[09/07 23:30:48] [TEST] Processing batch 3982/18932 ...
[09/07 23:30:48] [TEST] Processing batch 3983/18932 ...
[09/07 23:30:48] [TEST] Processing batch 3984/18932 ...
[09/07 23:30:48] [TEST] Processing batch 3985/18932 ...
[09/07 23:30:48] [TEST] Processing batch 3986/18932 ...
[09/07 23:30:48] [TEST] Processing batch 3987/18932 ...
[09/07 23:30:49] [TEST] Processing batch 3988/18932 ...
[09/07 23:30:49] [TEST] Processing batch 3989/18932 ...
[09/07 23:30:49] [TEST] Processing batch 3990/18932 ...
[09/07 23:30:49] [TEST] Processing batch 3991/18932 ...
[09/07 23:30:49] [TEST] Processing batch 3992/18932 ...
[09/07 23:30:49] [TEST] Processing batch 3993/18932 ...
[09/07 23:30:49] [TEST] Processing batch 3994/18932 ...
[09/07 23:30:49] [TEST] Processing batch 3995/18932 ...
[09/07 23:30:49] [TEST] Processing batch 3996/18932 ...
[09/07 23:30:49] [TEST] Processing batch 3997/18932 ...
[09/07 23:30:49] [TEST] Processing batch 3998/18932 ...
[09/07 23:30:49] [TEST] Processing batch 3999/18932 ...
[09/07 23:30:49] [TEST] Processing batch 4000/18932 ...
[09/07 23:30:49] [TEST] Processing batch 4001/18932 ...
[09/07 23:30:49] [TEST] Processing batch 4002/18932 ...
[09/07 23:30:49] [TEST] Processing batch 4003/18932 ...
[09/07 23:30:50] [TEST] Processing batch 4004/18932 ...
[09/07 23:30:50] [TEST] Processing batch 4005/18932 ...
[09/07 23:30:50] [TEST] Processing batch 4006/18932 ...
[09/07 23:30:50] [TEST] Processing batch 4007/18932 ...
[09/07 23:30:50] [TEST] Processing batch 4008/18932 ...
[09/07 23:30:50] [TEST] Processing batch 4009/18932 ...
[09/07 23:30:50] [TEST] Processing batch 4010/18932 ...
[09/07 23:30:50] [TEST] Processing batch 4011/18932 ...
[09/07 23:30:50] [TEST] Processing batch 4012/18932 ...
[09/07 23:30:50] [TEST] Processing batch 4013/18932 ...
[09/07 23:30:50] [TEST] Processing batch 4014/18932 ...
[09/07 23:30:50] [TEST] Processing batch 4015/18932 ...
[09/07 23:30:50] [TEST] Processing batch 4016/18932 ...
[09/07 23:30:50] [TEST] Processing batch 4017/18932 ...
[09/07 23:30:50] [TEST] Processing batch 4018/18932 ...
[09/07 23:30:50] [TEST] Processing batch 4019/18932 ...
[09/07 23:30:51] [TEST] Processing batch 4020/18932 ...
[09/07 23:30:51] [TEST] Processing batch 4021/18932 ...
[09/07 23:30:51] [TEST] Processing batch 4022/18932 ...
[09/07 23:30:51] [TEST] Processing batch 4023/18932 ...
[09/07 23:30:51] [TEST] Processing batch 4024/18932 ...
[09/07 23:30:51] [TEST] Processing batch 4025/18932 ...
[09/07 23:30:51] [TEST] Processing batch 4026/18932 ...
[09/07 23:30:51] [TEST] Processing batch 4027/18932 ...
[09/07 23:30:51] [TEST] Processing batch 4028/18932 ...
[09/07 23:30:51] [TEST] Processing batch 4029/18932 ...
[09/07 23:30:51] [TEST] Processing batch 4030/18932 ...
[09/07 23:30:51] [TEST] Processing batch 4031/18932 ...
[09/07 23:30:51] [TEST] Processing batch 4032/18932 ...
[09/07 23:30:51] [TEST] Processing batch 4033/18932 ...
[09/07 23:30:51] [TEST] Processing batch 4034/18932 ...
[09/07 23:30:51] [TEST] Processing batch 4035/18932 ...
[09/07 23:30:51] [TEST] Processing batch 4036/18932 ...
[09/07 23:30:52] [TEST] Processing batch 4037/18932 ...
[09/07 23:30:52] [TEST] Processing batch 4038/18932 ...
[09/07 23:30:52] [TEST] Processing batch 4039/18932 ...
[09/07 23:30:52] [TEST] Processing batch 4040/18932 ...
[09/07 23:30:52] [TEST] Processing batch 4041/18932 ...
[09/07 23:30:52] [TEST] Processing batch 4042/18932 ...
[09/07 23:30:52] [TEST] Processing batch 4043/18932 ...
[09/07 23:30:52] [TEST] Processing batch 4044/18932 ...
[09/07 23:30:52] [TEST] Processing batch 4045/18932 ...
[09/07 23:30:52] [TEST] Processing batch 4046/18932 ...
[09/07 23:30:52] [TEST] Processing batch 4047/18932 ...
[09/07 23:30:52] [TEST] Processing batch 4048/18932 ...
[09/07 23:30:52] [TEST] Processing batch 4049/18932 ...
[09/07 23:30:52] [TEST] Processing batch 4050/18932 ...
[09/07 23:30:52] [TEST] Processing batch 4051/18932 ...
[09/07 23:30:52] [TEST] Processing batch 4052/18932 ...
[09/07 23:30:53] [TEST] Processing batch 4053/18932 ...
[09/07 23:30:53] [TEST] Processing batch 4054/18932 ...
[09/07 23:30:53] [TEST] Processing batch 4055/18932 ...
[09/07 23:30:53] [TEST] Processing batch 4056/18932 ...
[09/07 23:30:53] [TEST] Processing batch 4057/18932 ...
[09/07 23:30:53] [TEST] Processing batch 4058/18932 ...
[09/07 23:30:53] [TEST] Processing batch 4059/18932 ...
[09/07 23:30:53] [TEST] Processing batch 4060/18932 ...
[09/07 23:30:53] [TEST] Processing batch 4061/18932 ...
[09/07 23:30:53] [TEST] Processing batch 4062/18932 ...
[09/07 23:30:53] [TEST] Processing batch 4063/18932 ...
[09/07 23:30:53] [TEST] Processing batch 4064/18932 ...
[09/07 23:30:53] [TEST] Processing batch 4065/18932 ...
[09/07 23:30:53] [TEST] Processing batch 4066/18932 ...
[09/07 23:30:53] [TEST] Processing batch 4067/18932 ...
[09/07 23:30:53] [TEST] Processing batch 4068/18932 ...
[09/07 23:30:53] [TEST] Processing batch 4069/18932 ...
[09/07 23:30:54] [TEST] Processing batch 4070/18932 ...
[09/07 23:30:54] [TEST] Processing batch 4071/18932 ...
[09/07 23:30:54] [TEST] Processing batch 4072/18932 ...
[09/07 23:30:54] [TEST] Processing batch 4073/18932 ...
[09/07 23:30:54] [TEST] Processing batch 4074/18932 ...
[09/07 23:30:54] [TEST] Processing batch 4075/18932 ...
[09/07 23:30:54] [TEST] Processing batch 4076/18932 ...
[09/07 23:30:54] [TEST] Processing batch 4077/18932 ...
[09/07 23:30:54] [TEST] Processing batch 4078/18932 ...
[09/07 23:30:54] [TEST] Processing batch 4079/18932 ...
[09/07 23:30:54] [TEST] Processing batch 4080/18932 ...
[09/07 23:30:54] [TEST] Processing batch 4081/18932 ...
[09/07 23:30:54] [TEST] Processing batch 4082/18932 ...
[09/07 23:30:54] [TEST] Processing batch 4083/18932 ...
[09/07 23:30:54] [TEST] Processing batch 4084/18932 ...
[09/07 23:30:54] [TEST] Processing batch 4085/18932 ...
[09/07 23:30:55] [TEST] Processing batch 4086/18932 ...
[09/07 23:30:55] [TEST] Processing batch 4087/18932 ...
[09/07 23:30:55] [TEST] Processing batch 4088/18932 ...
[09/07 23:30:55] [TEST] Processing batch 4089/18932 ...
[09/07 23:30:55] [TEST] Processing batch 4090/18932 ...
[09/07 23:30:55] [TEST] Processing batch 4091/18932 ...
[09/07 23:30:55] [TEST] Processing batch 4092/18932 ...
[09/07 23:30:55] [TEST] Processing batch 4093/18932 ...
[09/07 23:30:55] [TEST] Processing batch 4094/18932 ...
[09/07 23:30:55] [TEST] Processing batch 4095/18932 ...
[09/07 23:30:55] [TEST] Processing batch 4096/18932 ...
[09/07 23:30:55] [TEST] Processing batch 4097/18932 ...
[09/07 23:30:55] [TEST] Processing batch 4098/18932 ...
[09/07 23:30:55] [TEST] Processing batch 4099/18932 ...
[09/07 23:30:55] [TEST] Processing batch 4100/18932 ...
[09/07 23:30:55] [TEST] Processing batch 4101/18932 ...
[09/07 23:30:55] [TEST] Processing batch 4102/18932 ...
[09/07 23:30:56] [TEST] Processing batch 4103/18932 ...
[09/07 23:30:56] [TEST] Processing batch 4104/18932 ...
[09/07 23:30:56] [TEST] Processing batch 4105/18932 ...
[09/07 23:30:56] [TEST] Processing batch 4106/18932 ...
[09/07 23:30:56] [TEST] Processing batch 4107/18932 ...
[09/07 23:30:56] [TEST] Processing batch 4108/18932 ...
[09/07 23:30:56] [TEST] Processing batch 4109/18932 ...
[09/07 23:30:56] [TEST] Processing batch 4110/18932 ...
[09/07 23:30:56] [TEST] Processing batch 4111/18932 ...
[09/07 23:30:56] [TEST] Processing batch 4112/18932 ...
[09/07 23:30:56] [TEST] Processing batch 4113/18932 ...
[09/07 23:30:56] [TEST] Processing batch 4114/18932 ...
[09/07 23:30:56] [TEST] Processing batch 4115/18932 ...
[09/07 23:30:56] [TEST] Processing batch 4116/18932 ...
[09/07 23:30:56] [TEST] Processing batch 4117/18932 ...
[09/07 23:30:56] [TEST] Processing batch 4118/18932 ...
[09/07 23:30:57] [TEST] Processing batch 4119/18932 ...
[09/07 23:30:57] [TEST] Processing batch 4120/18932 ...
[09/07 23:30:57] [TEST] Processing batch 4121/18932 ...
[09/07 23:30:57] [TEST] Processing batch 4122/18932 ...
[09/07 23:30:57] [TEST] Processing batch 4123/18932 ...
[09/07 23:30:57] [TEST] Processing batch 4124/18932 ...
[09/07 23:30:57] [TEST] Processing batch 4125/18932 ...
[09/07 23:30:57] [TEST] Processing batch 4126/18932 ...
[09/07 23:30:57] [TEST] Processing batch 4127/18932 ...
[09/07 23:30:57] [TEST] Processing batch 4128/18932 ...
[09/07 23:30:57] [TEST] Processing batch 4129/18932 ...
[09/07 23:30:57] [TEST] Processing batch 4130/18932 ...
[09/07 23:30:57] [TEST] Processing batch 4131/18932 ...
[09/07 23:30:57] [TEST] Processing batch 4132/18932 ...
[09/07 23:30:57] [TEST] Processing batch 4133/18932 ...
[09/07 23:30:57] [TEST] Processing batch 4134/18932 ...
[09/07 23:30:57] [TEST] Processing batch 4135/18932 ...
[09/07 23:30:58] [TEST] Processing batch 4136/18932 ...
[09/07 23:30:58] [TEST] Processing batch 4137/18932 ...
[09/07 23:30:58] [TEST] Processing batch 4138/18932 ...
[09/07 23:30:58] [TEST] Processing batch 4139/18932 ...
[09/07 23:30:58] [TEST] Processing batch 4140/18932 ...
[09/07 23:30:58] [TEST] Processing batch 4141/18932 ...
[09/07 23:30:58] [TEST] Processing batch 4142/18932 ...
[09/07 23:30:58] [TEST] Processing batch 4143/18932 ...
[09/07 23:30:58] [TEST] Processing batch 4144/18932 ...
[09/07 23:30:58] [TEST] Processing batch 4145/18932 ...
[09/07 23:30:58] [TEST] Processing batch 4146/18932 ...
[09/07 23:30:58] [TEST] Processing batch 4147/18932 ...
[09/07 23:30:58] [TEST] Processing batch 4148/18932 ...
[09/07 23:30:58] [TEST] Processing batch 4149/18932 ...
[09/07 23:30:58] [TEST] Processing batch 4150/18932 ...
[09/07 23:30:58] [TEST] Processing batch 4151/18932 ...
[09/07 23:30:59] [TEST] Processing batch 4152/18932 ...
[09/07 23:30:59] [TEST] Processing batch 4153/18932 ...
[09/07 23:30:59] [TEST] Processing batch 4154/18932 ...
[09/07 23:30:59] [TEST] Processing batch 4155/18932 ...
[09/07 23:30:59] [TEST] Processing batch 4156/18932 ...
[09/07 23:30:59] [TEST] Processing batch 4157/18932 ...
[09/07 23:30:59] [TEST] Processing batch 4158/18932 ...
[09/07 23:30:59] [TEST] Processing batch 4159/18932 ...
[09/07 23:30:59] [TEST] Processing batch 4160/18932 ...
[09/07 23:30:59] [TEST] Processing batch 4161/18932 ...
[09/07 23:30:59] [TEST] Processing batch 4162/18932 ...
[09/07 23:30:59] [TEST] Processing batch 4163/18932 ...
[09/07 23:30:59] [TEST] Processing batch 4164/18932 ...
[09/07 23:30:59] [TEST] Processing batch 4165/18932 ...
[09/07 23:30:59] [TEST] Processing batch 4166/18932 ...
[09/07 23:30:59] [TEST] Processing batch 4167/18932 ...
[09/07 23:30:59] [TEST] Processing batch 4168/18932 ...
[09/07 23:31:00] [TEST] Processing batch 4169/18932 ...
[09/07 23:31:00] [TEST] Processing batch 4170/18932 ...
[09/07 23:31:00] [TEST] Processing batch 4171/18932 ...
[09/07 23:31:00] [TEST] Processing batch 4172/18932 ...
[09/07 23:31:00] [TEST] Processing batch 4173/18932 ...
[09/07 23:31:00] [TEST] Processing batch 4174/18932 ...
[09/07 23:31:00] [TEST] Processing batch 4175/18932 ...
[09/07 23:31:00] [TEST] Processing batch 4176/18932 ...
[09/07 23:31:00] [TEST] Processing batch 4177/18932 ...
[09/07 23:31:00] [TEST] Processing batch 4178/18932 ...
[09/07 23:31:00] [TEST] Processing batch 4179/18932 ...
[09/07 23:31:00] [TEST] Processing batch 4180/18932 ...
[09/07 23:31:00] [TEST] Processing batch 4181/18932 ...
[09/07 23:31:00] [TEST] Processing batch 4182/18932 ...
[09/07 23:31:00] [TEST] Processing batch 4183/18932 ...
[09/07 23:31:00] [TEST] Processing batch 4184/18932 ...
[09/07 23:31:01] [TEST] Processing batch 4185/18932 ...
[09/07 23:31:01] [TEST] Processing batch 4186/18932 ...
[09/07 23:31:01] [TEST] Processing batch 4187/18932 ...
[09/07 23:31:01] [TEST] Processing batch 4188/18932 ...
[09/07 23:31:01] [TEST] Processing batch 4189/18932 ...
[09/07 23:31:01] [TEST] Processing batch 4190/18932 ...
[09/07 23:31:01] [TEST] Processing batch 4191/18932 ...
[09/07 23:31:01] [TEST] Processing batch 4192/18932 ...
[09/07 23:31:01] [TEST] Processing batch 4193/18932 ...
[09/07 23:31:01] [TEST] Processing batch 4194/18932 ...
[09/07 23:31:01] [TEST] Processing batch 4195/18932 ...
[09/07 23:31:01] [TEST] Processing batch 4196/18932 ...
[09/07 23:31:01] [TEST] Processing batch 4197/18932 ...
[09/07 23:31:01] [TEST] Processing batch 4198/18932 ...
[09/07 23:31:01] [TEST] Processing batch 4199/18932 ...
[09/07 23:31:01] [TEST] Processing batch 4200/18932 ...
[09/07 23:31:02] [TEST] Processing batch 4201/18932 ...
[09/07 23:31:02] [TEST] Processing batch 4202/18932 ...
[09/07 23:31:02] [TEST] Processing batch 4203/18932 ...
[09/07 23:31:02] [TEST] Processing batch 4204/18932 ...
[09/07 23:31:02] [TEST] Processing batch 4205/18932 ...
[09/07 23:31:02] [TEST] Processing batch 4206/18932 ...
[09/07 23:31:02] [TEST] Processing batch 4207/18932 ...
[09/07 23:31:02] [TEST] Processing batch 4208/18932 ...
[09/07 23:31:02] [TEST] Processing batch 4209/18932 ...
[09/07 23:31:02] [TEST] Processing batch 4210/18932 ...
[09/07 23:31:02] [TEST] Processing batch 4211/18932 ...
[09/07 23:31:02] [TEST] Processing batch 4212/18932 ...
[09/07 23:31:02] [TEST] Processing batch 4213/18932 ...
[09/07 23:31:02] [TEST] Processing batch 4214/18932 ...
[09/07 23:31:02] [TEST] Processing batch 4215/18932 ...
[09/07 23:31:02] [TEST] Processing batch 4216/18932 ...
[09/07 23:31:03] [TEST] Processing batch 4217/18932 ...
[09/07 23:31:03] [TEST] Processing batch 4218/18932 ...
[09/07 23:31:03] [TEST] Processing batch 4219/18932 ...
[09/07 23:31:03] [TEST] Processing batch 4220/18932 ...
[09/07 23:31:03] [TEST] Processing batch 4221/18932 ...
[09/07 23:31:03] [TEST] Processing batch 4222/18932 ...
[09/07 23:31:03] [TEST] Processing batch 4223/18932 ...
[09/07 23:31:03] [TEST] Processing batch 4224/18932 ...
[09/07 23:31:03] [TEST] Processing batch 4225/18932 ...
[09/07 23:31:03] [TEST] Processing batch 4226/18932 ...
[09/07 23:31:03] [TEST] Processing batch 4227/18932 ...
[09/07 23:31:03] [TEST] Processing batch 4228/18932 ...
[09/07 23:31:03] [TEST] Processing batch 4229/18932 ...
[09/07 23:31:03] [TEST] Processing batch 4230/18932 ...
[09/07 23:31:03] [TEST] Processing batch 4231/18932 ...
[09/07 23:31:03] [TEST] Processing batch 4232/18932 ...
[09/07 23:31:04] [TEST] Processing batch 4233/18932 ...
[09/07 23:31:04] [TEST] Processing batch 4234/18932 ...
[09/07 23:31:04] [TEST] Processing batch 4235/18932 ...
[09/07 23:31:04] [TEST] Processing batch 4236/18932 ...
[09/07 23:31:04] [TEST] Processing batch 4237/18932 ...
[09/07 23:31:04] [TEST] Processing batch 4238/18932 ...
[09/07 23:31:04] [TEST] Processing batch 4239/18932 ...
[09/07 23:31:04] [TEST] Processing batch 4240/18932 ...
[09/07 23:31:04] [TEST] Processing batch 4241/18932 ...
[09/07 23:31:04] [TEST] Processing batch 4242/18932 ...
[09/07 23:31:04] [TEST] Processing batch 4243/18932 ...
[09/07 23:31:04] [TEST] Processing batch 4244/18932 ...
[09/07 23:31:04] [TEST] Processing batch 4245/18932 ...
[09/07 23:31:04] [TEST] Processing batch 4246/18932 ...
[09/07 23:31:04] [TEST] Processing batch 4247/18932 ...
[09/07 23:31:04] [TEST] Processing batch 4248/18932 ...
[09/07 23:31:05] [TEST] Processing batch 4249/18932 ...
[09/07 23:31:05] [TEST] Processing batch 4250/18932 ...
[09/07 23:31:05] [TEST] Processing batch 4251/18932 ...
[09/07 23:31:05] [TEST] Processing batch 4252/18932 ...
[09/07 23:31:05] [TEST] Processing batch 4253/18932 ...
[09/07 23:31:05] [TEST] Processing batch 4254/18932 ...
[09/07 23:31:05] [TEST] Processing batch 4255/18932 ...
[09/07 23:31:05] [TEST] Processing batch 4256/18932 ...
[09/07 23:31:05] [TEST] Processing batch 4257/18932 ...
[09/07 23:31:05] [TEST] Processing batch 4258/18932 ...
[09/07 23:31:05] [TEST] Processing batch 4259/18932 ...
[09/07 23:31:05] [TEST] Processing batch 4260/18932 ...
[09/07 23:31:05] [TEST] Processing batch 4261/18932 ...
[09/07 23:31:05] [TEST] Processing batch 4262/18932 ...
[09/07 23:31:05] [TEST] Processing batch 4263/18932 ...
[09/07 23:31:05] [TEST] Processing batch 4264/18932 ...
[09/07 23:31:06] [TEST] Processing batch 4265/18932 ...
[09/07 23:31:06] [TEST] Processing batch 4266/18932 ...
[09/07 23:31:06] [TEST] Processing batch 4267/18932 ...
[09/07 23:31:06] [TEST] Processing batch 4268/18932 ...
[09/07 23:31:06] [TEST] Processing batch 4269/18932 ...
[09/07 23:31:06] [TEST] Processing batch 4270/18932 ...
[09/07 23:31:06] [TEST] Processing batch 4271/18932 ...
[09/07 23:31:06] [TEST] Processing batch 4272/18932 ...
[09/07 23:31:06] [TEST] Processing batch 4273/18932 ...
[09/07 23:31:06] [TEST] Processing batch 4274/18932 ...
[09/07 23:31:06] [TEST] Processing batch 4275/18932 ...
[09/07 23:31:06] [TEST] Processing batch 4276/18932 ...
[09/07 23:31:06] [TEST] Processing batch 4277/18932 ...
[09/07 23:31:06] [TEST] Processing batch 4278/18932 ...
[09/07 23:31:06] [TEST] Processing batch 4279/18932 ...
[09/07 23:31:06] [TEST] Processing batch 4280/18932 ...
[09/07 23:31:07] [TEST] Processing batch 4281/18932 ...
[09/07 23:31:07] [TEST] Processing batch 4282/18932 ...
[09/07 23:31:07] [TEST] Processing batch 4283/18932 ...
[09/07 23:31:07] [TEST] Processing batch 4284/18932 ...
[09/07 23:31:07] [TEST] Processing batch 4285/18932 ...
[09/07 23:31:07] [TEST] Processing batch 4286/18932 ...
[09/07 23:31:07] [TEST] Processing batch 4287/18932 ...
[09/07 23:31:07] [TEST] Processing batch 4288/18932 ...
[09/07 23:31:07] [TEST] Processing batch 4289/18932 ...
[09/07 23:31:07] [TEST] Processing batch 4290/18932 ...
[09/07 23:31:07] [TEST] Processing batch 4291/18932 ...
[09/07 23:31:07] [TEST] Processing batch 4292/18932 ...
[09/07 23:31:07] [TEST] Processing batch 4293/18932 ...
[09/07 23:31:07] [TEST] Processing batch 4294/18932 ...
[09/07 23:31:07] [TEST] Processing batch 4295/18932 ...
[09/07 23:31:07] [TEST] Processing batch 4296/18932 ...
[09/07 23:31:07] [TEST] Processing batch 4297/18932 ...
[09/07 23:31:08] [TEST] Processing batch 4298/18932 ...
[09/07 23:31:08] [TEST] Processing batch 4299/18932 ...
[09/07 23:31:08] [TEST] Processing batch 4300/18932 ...
[09/07 23:31:08] [TEST] Processing batch 4301/18932 ...
[09/07 23:31:08] [TEST] Processing batch 4302/18932 ...
[09/07 23:31:08] [TEST] Processing batch 4303/18932 ...
[09/07 23:31:08] [TEST] Processing batch 4304/18932 ...
[09/07 23:31:08] [TEST] Processing batch 4305/18932 ...
[09/07 23:31:08] [TEST] Processing batch 4306/18932 ...
[09/07 23:31:08] [TEST] Processing batch 4307/18932 ...
[09/07 23:31:08] [TEST] Processing batch 4308/18932 ...
[09/07 23:31:08] [TEST] Processing batch 4309/18932 ...
[09/07 23:31:08] [TEST] Processing batch 4310/18932 ...
[09/07 23:31:08] [TEST] Processing batch 4311/18932 ...
[09/07 23:31:08] [TEST] Processing batch 4312/18932 ...
[09/07 23:31:08] [TEST] Processing batch 4313/18932 ...
[09/07 23:31:09] [TEST] Processing batch 4314/18932 ...
[09/07 23:31:09] [TEST] Processing batch 4315/18932 ...
[09/07 23:31:09] [TEST] Processing batch 4316/18932 ...
[09/07 23:31:09] [TEST] Processing batch 4317/18932 ...
[09/07 23:31:09] [TEST] Processing batch 4318/18932 ...
[09/07 23:31:09] [TEST] Processing batch 4319/18932 ...
[09/07 23:31:09] [TEST] Processing batch 4320/18932 ...
[09/07 23:31:09] [TEST] Processing batch 4321/18932 ...
[09/07 23:31:09] [TEST] Processing batch 4322/18932 ...
[09/07 23:31:09] [TEST] Processing batch 4323/18932 ...
[09/07 23:31:09] [TEST] Processing batch 4324/18932 ...
[09/07 23:31:09] [TEST] Processing batch 4325/18932 ...
[09/07 23:31:09] [TEST] Processing batch 4326/18932 ...
[09/07 23:31:09] [TEST] Processing batch 4327/18932 ...
[09/07 23:31:09] [TEST] Processing batch 4328/18932 ...
[09/07 23:31:09] [TEST] Processing batch 4329/18932 ...
[09/07 23:31:09] [TEST] Processing batch 4330/18932 ...
[09/07 23:31:10] [TEST] Processing batch 4331/18932 ...
[09/07 23:31:10] [TEST] Processing batch 4332/18932 ...
[09/07 23:31:10] [TEST] Processing batch 4333/18932 ...
[09/07 23:31:10] [TEST] Processing batch 4334/18932 ...
[09/07 23:31:10] [TEST] Processing batch 4335/18932 ...
[09/07 23:31:10] [TEST] Processing batch 4336/18932 ...
[09/07 23:31:10] [TEST] Processing batch 4337/18932 ...
[09/07 23:31:10] [TEST] Processing batch 4338/18932 ...
[09/07 23:31:10] [TEST] Processing batch 4339/18932 ...
[09/07 23:31:10] [TEST] Processing batch 4340/18932 ...
[09/07 23:31:10] [TEST] Processing batch 4341/18932 ...
[09/07 23:31:10] [TEST] Processing batch 4342/18932 ...
[09/07 23:31:10] [TEST] Processing batch 4343/18932 ...
[09/07 23:31:10] [TEST] Processing batch 4344/18932 ...
[09/07 23:31:10] [TEST] Processing batch 4345/18932 ...
[09/07 23:31:10] [TEST] Processing batch 4346/18932 ...
[09/07 23:31:11] [TEST] Processing batch 4347/18932 ...
[09/07 23:31:11] [TEST] Processing batch 4348/18932 ...
[09/07 23:31:11] [TEST] Processing batch 4349/18932 ...
[09/07 23:31:11] [TEST] Processing batch 4350/18932 ...
[09/07 23:31:11] [TEST] Processing batch 4351/18932 ...
[09/07 23:31:11] [TEST] Processing batch 4352/18932 ...
[09/07 23:31:11] [TEST] Processing batch 4353/18932 ...
[09/07 23:31:11] [TEST] Processing batch 4354/18932 ...
[09/07 23:31:11] [TEST] Processing batch 4355/18932 ...
[09/07 23:31:11] [TEST] Processing batch 4356/18932 ...
[09/07 23:31:11] [TEST] Processing batch 4357/18932 ...
[09/07 23:31:11] [TEST] Processing batch 4358/18932 ...
[09/07 23:31:11] [TEST] Processing batch 4359/18932 ...
[09/07 23:31:11] [TEST] Processing batch 4360/18932 ...
[09/07 23:31:11] [TEST] Processing batch 4361/18932 ...
[09/07 23:31:11] [TEST] Processing batch 4362/18932 ...
[09/07 23:31:12] [TEST] Processing batch 4363/18932 ...
[09/07 23:31:12] [TEST] Processing batch 4364/18932 ...
[09/07 23:31:12] [TEST] Processing batch 4365/18932 ...
[09/07 23:31:12] [TEST] Processing batch 4366/18932 ...
[09/07 23:31:12] [TEST] Processing batch 4367/18932 ...
[09/07 23:31:12] [TEST] Processing batch 4368/18932 ...
[09/07 23:31:12] [TEST] Processing batch 4369/18932 ...
[09/07 23:31:12] [TEST] Processing batch 4370/18932 ...
[09/07 23:31:12] [TEST] Processing batch 4371/18932 ...
[09/07 23:31:12] [TEST] Processing batch 4372/18932 ...
[09/07 23:31:12] [TEST] Processing batch 4373/18932 ...
[09/07 23:31:12] [TEST] Processing batch 4374/18932 ...
[09/07 23:31:12] [TEST] Processing batch 4375/18932 ...
[09/07 23:31:12] [TEST] Processing batch 4376/18932 ...
[09/07 23:31:12] [TEST] Processing batch 4377/18932 ...
[09/07 23:31:12] [TEST] Processing batch 4378/18932 ...
[09/07 23:31:13] [TEST] Processing batch 4379/18932 ...
[09/07 23:31:13] [TEST] Processing batch 4380/18932 ...
[09/07 23:31:13] [TEST] Processing batch 4381/18932 ...
[09/07 23:31:13] [TEST] Processing batch 4382/18932 ...
[09/07 23:31:13] [TEST] Processing batch 4383/18932 ...
[09/07 23:31:13] [TEST] Processing batch 4384/18932 ...
[09/07 23:31:13] [TEST] Processing batch 4385/18932 ...
[09/07 23:31:13] [TEST] Processing batch 4386/18932 ...
[09/07 23:31:13] [TEST] Processing batch 4387/18932 ...
[09/07 23:31:13] [TEST] Processing batch 4388/18932 ...
[09/07 23:31:13] [TEST] Processing batch 4389/18932 ...
[09/07 23:31:13] [TEST] Processing batch 4390/18932 ...
[09/07 23:31:13] [TEST] Processing batch 4391/18932 ...
[09/07 23:31:13] [TEST] Processing batch 4392/18932 ...
[09/07 23:31:13] [TEST] Processing batch 4393/18932 ...
[09/07 23:31:13] [TEST] Processing batch 4394/18932 ...
[09/07 23:31:13] [TEST] Processing batch 4395/18932 ...
[09/07 23:31:14] [TEST] Processing batch 4396/18932 ...
[09/07 23:31:14] [TEST] Processing batch 4397/18932 ...
[09/07 23:31:14] [TEST] Processing batch 4398/18932 ...
[09/07 23:31:14] [TEST] Processing batch 4399/18932 ...
[09/07 23:31:14] [TEST] Processing batch 4400/18932 ...
[09/07 23:31:14] [TEST] Processing batch 4401/18932 ...
[09/07 23:31:14] [TEST] Processing batch 4402/18932 ...
[09/07 23:31:14] [TEST] Processing batch 4403/18932 ...
[09/07 23:31:14] [TEST] Processing batch 4404/18932 ...
[09/07 23:31:14] [TEST] Processing batch 4405/18932 ...
[09/07 23:31:14] [TEST] Processing batch 4406/18932 ...
[09/07 23:31:14] [TEST] Processing batch 4407/18932 ...
[09/07 23:31:14] [TEST] Processing batch 4408/18932 ...
[09/07 23:31:14] [TEST] Processing batch 4409/18932 ...
[09/07 23:31:14] [TEST] Processing batch 4410/18932 ...
[09/07 23:31:14] [TEST] Processing batch 4411/18932 ...
[09/07 23:31:15] [TEST] Processing batch 4412/18932 ...
[09/07 23:31:15] [TEST] Processing batch 4413/18932 ...
[09/07 23:31:15] [TEST] Processing batch 4414/18932 ...
[09/07 23:31:15] [TEST] Processing batch 4415/18932 ...
[09/07 23:31:15] [TEST] Processing batch 4416/18932 ...
[09/07 23:31:15] [TEST] Processing batch 4417/18932 ...
[09/07 23:31:15] [TEST] Processing batch 4418/18932 ...
[09/07 23:31:15] [TEST] Processing batch 4419/18932 ...
[09/07 23:31:15] [TEST] Processing batch 4420/18932 ...
[09/07 23:31:15] [TEST] Processing batch 4421/18932 ...
[09/07 23:31:15] [TEST] Processing batch 4422/18932 ...
[09/07 23:31:15] [TEST] Processing batch 4423/18932 ...
[09/07 23:31:15] [TEST] Processing batch 4424/18932 ...
[09/07 23:31:15] [TEST] Processing batch 4425/18932 ...
[09/07 23:31:15] [TEST] Processing batch 4426/18932 ...
[09/07 23:31:15] [TEST] Processing batch 4427/18932 ...
[09/07 23:31:16] [TEST] Processing batch 4428/18932 ...
[09/07 23:31:16] [TEST] Processing batch 4429/18932 ...
[09/07 23:31:16] [TEST] Processing batch 4430/18932 ...
[09/07 23:31:16] [TEST] Processing batch 4431/18932 ...
[09/07 23:31:16] [TEST] Processing batch 4432/18932 ...
[09/07 23:31:16] [TEST] Processing batch 4433/18932 ...
[09/07 23:31:16] [TEST] Processing batch 4434/18932 ...
[09/07 23:31:16] [TEST] Processing batch 4435/18932 ...
[09/07 23:31:16] [TEST] Processing batch 4436/18932 ...
[09/07 23:31:16] [TEST] Processing batch 4437/18932 ...
[09/07 23:31:16] [TEST] Processing batch 4438/18932 ...
[09/07 23:31:16] [TEST] Processing batch 4439/18932 ...
[09/07 23:31:16] [TEST] Processing batch 4440/18932 ...
[09/07 23:31:16] [TEST] Processing batch 4441/18932 ...
[09/07 23:31:16] [TEST] Processing batch 4442/18932 ...
[09/07 23:31:16] [TEST] Processing batch 4443/18932 ...
[09/07 23:31:16] [TEST] Processing batch 4444/18932 ...
[09/07 23:31:17] [TEST] Processing batch 4445/18932 ...
[09/07 23:31:17] [TEST] Processing batch 4446/18932 ...
[09/07 23:31:17] [TEST] Processing batch 4447/18932 ...
[09/07 23:31:17] [TEST] Processing batch 4448/18932 ...
[09/07 23:31:17] [TEST] Processing batch 4449/18932 ...
[09/07 23:31:17] [TEST] Processing batch 4450/18932 ...
[09/07 23:31:17] [TEST] Processing batch 4451/18932 ...
[09/07 23:31:17] [TEST] Processing batch 4452/18932 ...
[09/07 23:31:17] [TEST] Processing batch 4453/18932 ...
[09/07 23:31:17] [TEST] Processing batch 4454/18932 ...
[09/07 23:31:17] [TEST] Processing batch 4455/18932 ...
[09/07 23:31:17] [TEST] Processing batch 4456/18932 ...
[09/07 23:31:17] [TEST] Processing batch 4457/18932 ...
[09/07 23:31:17] [TEST] Processing batch 4458/18932 ...
[09/07 23:31:17] [TEST] Processing batch 4459/18932 ...
[09/07 23:31:17] [TEST] Processing batch 4460/18932 ...
[09/07 23:31:17] [TEST] Processing batch 4461/18932 ...
[09/07 23:31:18] [TEST] Processing batch 4462/18932 ...
[09/07 23:31:18] [TEST] Processing batch 4463/18932 ...
[09/07 23:31:18] [TEST] Processing batch 4464/18932 ...
[09/07 23:31:18] [TEST] Processing batch 4465/18932 ...
[09/07 23:31:18] [TEST] Processing batch 4466/18932 ...
[09/07 23:31:18] [TEST] Processing batch 4467/18932 ...
[09/07 23:31:18] [TEST] Processing batch 4468/18932 ...
[09/07 23:31:18] [TEST] Processing batch 4469/18932 ...
[09/07 23:31:18] [TEST] Processing batch 4470/18932 ...
[09/07 23:31:18] [TEST] Processing batch 4471/18932 ...
[09/07 23:31:18] [TEST] Processing batch 4472/18932 ...
[09/07 23:31:18] [TEST] Processing batch 4473/18932 ...
[09/07 23:31:18] [TEST] Processing batch 4474/18932 ...
[09/07 23:31:18] [TEST] Processing batch 4475/18932 ...
[09/07 23:31:18] [TEST] Processing batch 4476/18932 ...
[09/07 23:31:18] [TEST] Processing batch 4477/18932 ...
[09/07 23:31:19] [TEST] Processing batch 4478/18932 ...
[09/07 23:31:19] [TEST] Processing batch 4479/18932 ...
[09/07 23:31:19] [TEST] Processing batch 4480/18932 ...
[09/07 23:31:19] [TEST] Processing batch 4481/18932 ...
[09/07 23:31:19] [TEST] Processing batch 4482/18932 ...
[09/07 23:31:19] [TEST] Processing batch 4483/18932 ...
[09/07 23:31:19] [TEST] Processing batch 4484/18932 ...
[09/07 23:31:19] [TEST] Processing batch 4485/18932 ...
[09/07 23:31:19] [TEST] Processing batch 4486/18932 ...
[09/07 23:31:19] [TEST] Processing batch 4487/18932 ...
[09/07 23:31:19] [TEST] Processing batch 4488/18932 ...
[09/07 23:31:19] [TEST] Processing batch 4489/18932 ...
[09/07 23:31:19] [TEST] Processing batch 4490/18932 ...
[09/07 23:31:19] [TEST] Processing batch 4491/18932 ...
[09/07 23:31:19] [TEST] Processing batch 4492/18932 ...
[09/07 23:31:19] [TEST] Processing batch 4493/18932 ...
[09/07 23:31:19] [TEST] Processing batch 4494/18932 ...
[09/07 23:31:20] [TEST] Processing batch 4495/18932 ...
[09/07 23:31:20] [TEST] Processing batch 4496/18932 ...
[09/07 23:31:20] [TEST] Processing batch 4497/18932 ...
[09/07 23:31:20] [TEST] Processing batch 4498/18932 ...
[09/07 23:31:20] [TEST] Processing batch 4499/18932 ...
[09/07 23:31:20] [TEST] Processing batch 4500/18932 ...
[09/07 23:31:20] [TEST] Processing batch 4501/18932 ...
[09/07 23:31:20] [TEST] Processing batch 4502/18932 ...
[09/07 23:31:20] [TEST] Processing batch 4503/18932 ...
[09/07 23:31:20] [TEST] Processing batch 4504/18932 ...
[09/07 23:31:20] [TEST] Processing batch 4505/18932 ...
[09/07 23:31:20] [TEST] Processing batch 4506/18932 ...
[09/07 23:31:20] [TEST] Processing batch 4507/18932 ...
[09/07 23:31:20] [TEST] Processing batch 4508/18932 ...
[09/07 23:31:20] [TEST] Processing batch 4509/18932 ...
[09/07 23:31:20] [TEST] Processing batch 4510/18932 ...
[09/07 23:31:21] [TEST] Processing batch 4511/18932 ...
[09/07 23:31:21] [TEST] Processing batch 4512/18932 ...
[09/07 23:31:21] [TEST] Processing batch 4513/18932 ...
[09/07 23:31:21] [TEST] Processing batch 4514/18932 ...
[09/07 23:31:21] [TEST] Processing batch 4515/18932 ...
[09/07 23:31:21] [TEST] Processing batch 4516/18932 ...
[09/07 23:31:21] [TEST] Processing batch 4517/18932 ...
[09/07 23:31:21] [TEST] Processing batch 4518/18932 ...
[09/07 23:31:21] [TEST] Processing batch 4519/18932 ...
[09/07 23:31:21] [TEST] Processing batch 4520/18932 ...
[09/07 23:31:21] [TEST] Processing batch 4521/18932 ...
[09/07 23:31:21] [TEST] Processing batch 4522/18932 ...
[09/07 23:31:21] [TEST] Processing batch 4523/18932 ...
[09/07 23:31:21] [TEST] Processing batch 4524/18932 ...
[09/07 23:31:21] [TEST] Processing batch 4525/18932 ...
[09/07 23:31:21] [TEST] Processing batch 4526/18932 ...
[09/07 23:31:22] [TEST] Processing batch 4527/18932 ...
[09/07 23:31:22] [TEST] Processing batch 4528/18932 ...
[09/07 23:31:22] [TEST] Processing batch 4529/18932 ...
[09/07 23:31:22] [TEST] Processing batch 4530/18932 ...
[09/07 23:31:22] [TEST] Processing batch 4531/18932 ...
[09/07 23:31:22] [TEST] Processing batch 4532/18932 ...
[09/07 23:31:22] [TEST] Processing batch 4533/18932 ...
[09/07 23:31:22] [TEST] Processing batch 4534/18932 ...
[09/07 23:31:22] [TEST] Processing batch 4535/18932 ...
[09/07 23:31:22] [TEST] Processing batch 4536/18932 ...
[09/07 23:31:22] [TEST] Processing batch 4537/18932 ...
[09/07 23:31:22] [TEST] Processing batch 4538/18932 ...
[09/07 23:31:22] [TEST] Processing batch 4539/18932 ...
[09/07 23:31:22] [TEST] Processing batch 4540/18932 ...
[09/07 23:31:22] [TEST] Processing batch 4541/18932 ...
[09/07 23:31:22] [TEST] Processing batch 4542/18932 ...
[09/07 23:31:22] [TEST] Processing batch 4543/18932 ...
[09/07 23:31:23] [TEST] Processing batch 4544/18932 ...
[09/07 23:31:23] [TEST] Processing batch 4545/18932 ...
[09/07 23:31:23] [TEST] Processing batch 4546/18932 ...
[09/07 23:31:23] [TEST] Processing batch 4547/18932 ...
[09/07 23:31:23] [TEST] Processing batch 4548/18932 ...
[09/07 23:31:23] [TEST] Processing batch 4549/18932 ...
[09/07 23:31:23] [TEST] Processing batch 4550/18932 ...
[09/07 23:31:23] [TEST] Processing batch 4551/18932 ...
[09/07 23:31:23] [TEST] Processing batch 4552/18932 ...
[09/07 23:31:23] [TEST] Processing batch 4553/18932 ...
[09/07 23:31:23] [TEST] Processing batch 4554/18932 ...
[09/07 23:31:23] [TEST] Processing batch 4555/18932 ...
[09/07 23:31:23] [TEST] Processing batch 4556/18932 ...
[09/07 23:31:23] [TEST] Processing batch 4557/18932 ...
[09/07 23:31:23] [TEST] Processing batch 4558/18932 ...
[09/07 23:31:23] [TEST] Processing batch 4559/18932 ...
[09/07 23:31:24] [TEST] Processing batch 4560/18932 ...
[09/07 23:31:24] [TEST] Processing batch 4561/18932 ...
[09/07 23:31:24] [TEST] Processing batch 4562/18932 ...
[09/07 23:31:24] [TEST] Processing batch 4563/18932 ...
[09/07 23:31:24] [TEST] Processing batch 4564/18932 ...
[09/07 23:31:24] [TEST] Processing batch 4565/18932 ...
[09/07 23:31:24] [TEST] Processing batch 4566/18932 ...
[09/07 23:31:24] [TEST] Processing batch 4567/18932 ...
[09/07 23:31:24] [TEST] Processing batch 4568/18932 ...
[09/07 23:31:24] [TEST] Processing batch 4569/18932 ...
[09/07 23:31:24] [TEST] Processing batch 4570/18932 ...
[09/07 23:31:24] [TEST] Processing batch 4571/18932 ...
[09/07 23:31:24] [TEST] Processing batch 4572/18932 ...
[09/07 23:31:24] [TEST] Processing batch 4573/18932 ...
[09/07 23:31:24] [TEST] Processing batch 4574/18932 ...
[09/07 23:31:24] [TEST] Processing batch 4575/18932 ...
[09/07 23:31:24] [TEST] Processing batch 4576/18932 ...
[09/07 23:31:25] [TEST] Processing batch 4577/18932 ...
[09/07 23:31:25] [TEST] Processing batch 4578/18932 ...
[09/07 23:31:25] [TEST] Processing batch 4579/18932 ...
[09/07 23:31:25] [TEST] Processing batch 4580/18932 ...
[09/07 23:31:25] [TEST] Processing batch 4581/18932 ...
[09/07 23:31:25] [TEST] Processing batch 4582/18932 ...
[09/07 23:31:25] [TEST] Processing batch 4583/18932 ...
[09/07 23:31:25] [TEST] Processing batch 4584/18932 ...
[09/07 23:31:25] [TEST] Processing batch 4585/18932 ...
[09/07 23:31:25] [TEST] Processing batch 4586/18932 ...
[09/07 23:31:25] [TEST] Processing batch 4587/18932 ...
[09/07 23:31:25] [TEST] Processing batch 4588/18932 ...
[09/07 23:31:25] [TEST] Processing batch 4589/18932 ...
[09/07 23:31:25] [TEST] Processing batch 4590/18932 ...
[09/07 23:31:25] [TEST] Processing batch 4591/18932 ...
[09/07 23:31:25] [TEST] Processing batch 4592/18932 ...
[09/07 23:31:26] [TEST] Processing batch 4593/18932 ...
[09/07 23:31:26] [TEST] Processing batch 4594/18932 ...
[09/07 23:31:26] [TEST] Processing batch 4595/18932 ...
[09/07 23:31:26] [TEST] Processing batch 4596/18932 ...
[09/07 23:31:26] [TEST] Processing batch 4597/18932 ...
[09/07 23:31:26] [TEST] Processing batch 4598/18932 ...
[09/07 23:31:26] [TEST] Processing batch 4599/18932 ...
[09/07 23:31:26] [TEST] Processing batch 4600/18932 ...
[09/07 23:31:26] [TEST] Processing batch 4601/18932 ...
[09/07 23:31:26] [TEST] Processing batch 4602/18932 ...
[09/07 23:31:26] [TEST] Processing batch 4603/18932 ...
[09/07 23:31:26] [TEST] Processing batch 4604/18932 ...
[09/07 23:31:26] [TEST] Processing batch 4605/18932 ...
[09/07 23:31:26] [TEST] Processing batch 4606/18932 ...
[09/07 23:31:26] [TEST] Processing batch 4607/18932 ...
[09/07 23:31:26] [TEST] Processing batch 4608/18932 ...
[09/07 23:31:27] [TEST] Processing batch 4609/18932 ...
[09/07 23:31:27] [TEST] Processing batch 4610/18932 ...
[09/07 23:31:27] [TEST] Processing batch 4611/18932 ...
[09/07 23:31:27] [TEST] Processing batch 4612/18932 ...
[09/07 23:31:27] [TEST] Processing batch 4613/18932 ...
[09/07 23:31:27] [TEST] Processing batch 4614/18932 ...
[09/07 23:31:27] [TEST] Processing batch 4615/18932 ...
[09/07 23:31:27] [TEST] Processing batch 4616/18932 ...
[09/07 23:31:27] [TEST] Processing batch 4617/18932 ...
[09/07 23:31:27] [TEST] Processing batch 4618/18932 ...
[09/07 23:31:27] [TEST] Processing batch 4619/18932 ...
[09/07 23:31:27] [TEST] Processing batch 4620/18932 ...
[09/07 23:31:27] [TEST] Processing batch 4621/18932 ...
[09/07 23:31:27] [TEST] Processing batch 4622/18932 ...
[09/07 23:31:27] [TEST] Processing batch 4623/18932 ...
[09/07 23:31:27] [TEST] Processing batch 4624/18932 ...
[09/07 23:31:27] [TEST] Processing batch 4625/18932 ...
[09/07 23:31:28] [TEST] Processing batch 4626/18932 ...
[09/07 23:31:28] [TEST] Processing batch 4627/18932 ...
[09/07 23:31:28] [TEST] Processing batch 4628/18932 ...
[09/07 23:31:28] [TEST] Processing batch 4629/18932 ...
[09/07 23:31:28] [TEST] Processing batch 4630/18932 ...
[09/07 23:31:28] [TEST] Processing batch 4631/18932 ...
[09/07 23:31:28] [TEST] Processing batch 4632/18932 ...
[09/07 23:31:28] [TEST] Processing batch 4633/18932 ...
[09/07 23:31:28] [TEST] Processing batch 4634/18932 ...
[09/07 23:31:28] [TEST] Processing batch 4635/18932 ...
[09/07 23:31:28] [TEST] Processing batch 4636/18932 ...
[09/07 23:31:28] [TEST] Processing batch 4637/18932 ...
[09/07 23:31:28] [TEST] Processing batch 4638/18932 ...
[09/07 23:31:28] [TEST] Processing batch 4639/18932 ...
[09/07 23:31:28] [TEST] Processing batch 4640/18932 ...
[09/07 23:31:28] [TEST] Processing batch 4641/18932 ...
[09/07 23:31:29] [TEST] Processing batch 4642/18932 ...
[09/07 23:31:29] [TEST] Processing batch 4643/18932 ...
[09/07 23:31:29] [TEST] Processing batch 4644/18932 ...
[09/07 23:31:29] [TEST] Processing batch 4645/18932 ...
[09/07 23:31:29] [TEST] Processing batch 4646/18932 ...
[09/07 23:31:29] [TEST] Processing batch 4647/18932 ...
[09/07 23:31:29] [TEST] Processing batch 4648/18932 ...
[09/07 23:31:29] [TEST] Processing batch 4649/18932 ...
[09/07 23:31:29] [TEST] Processing batch 4650/18932 ...
[09/07 23:31:29] [TEST] Processing batch 4651/18932 ...
[09/07 23:31:29] [TEST] Processing batch 4652/18932 ...
[09/07 23:31:29] [TEST] Processing batch 4653/18932 ...
[09/07 23:31:29] [TEST] Processing batch 4654/18932 ...
[09/07 23:31:29] [TEST] Processing batch 4655/18932 ...
[09/07 23:31:29] [TEST] Processing batch 4656/18932 ...
[09/07 23:31:29] [TEST] Processing batch 4657/18932 ...
[09/07 23:31:29] [TEST] Processing batch 4658/18932 ...
[09/07 23:31:30] [TEST] Processing batch 4659/18932 ...
[09/07 23:31:30] [TEST] Processing batch 4660/18932 ...
[09/07 23:31:30] [TEST] Processing batch 4661/18932 ...
[09/07 23:31:30] [TEST] Processing batch 4662/18932 ...
[09/07 23:31:30] [TEST] Processing batch 4663/18932 ...
[09/07 23:31:30] [TEST] Processing batch 4664/18932 ...
[09/07 23:31:30] [TEST] Processing batch 4665/18932 ...
[09/07 23:31:30] [TEST] Processing batch 4666/18932 ...
[09/07 23:31:30] [TEST] Processing batch 4667/18932 ...
[09/07 23:31:30] [TEST] Processing batch 4668/18932 ...
[09/07 23:31:30] [TEST] Processing batch 4669/18932 ...
[09/07 23:31:30] [TEST] Processing batch 4670/18932 ...
[09/07 23:31:30] [TEST] Processing batch 4671/18932 ...
[09/07 23:31:30] [TEST] Processing batch 4672/18932 ...
[09/07 23:31:30] [TEST] Processing batch 4673/18932 ...
[09/07 23:31:30] [TEST] Processing batch 4674/18932 ...
[09/07 23:31:31] [TEST] Processing batch 4675/18932 ...
[09/07 23:31:31] [TEST] Processing batch 4676/18932 ...
[09/07 23:31:31] [TEST] Processing batch 4677/18932 ...
[09/07 23:31:31] [TEST] Processing batch 4678/18932 ...
[09/07 23:31:31] [TEST] Processing batch 4679/18932 ...
[09/07 23:31:31] [TEST] Processing batch 4680/18932 ...
[09/07 23:31:31] [TEST] Processing batch 4681/18932 ...
[09/07 23:31:31] [TEST] Processing batch 4682/18932 ...
[09/07 23:31:31] [TEST] Processing batch 4683/18932 ...
[09/07 23:31:31] [TEST] Processing batch 4684/18932 ...
[09/07 23:31:31] [TEST] Processing batch 4685/18932 ...
[09/07 23:31:31] [TEST] Processing batch 4686/18932 ...
[09/07 23:31:31] [TEST] Processing batch 4687/18932 ...
[09/07 23:31:31] [TEST] Processing batch 4688/18932 ...
[09/07 23:31:31] [TEST] Processing batch 4689/18932 ...
[09/07 23:31:31] [TEST] Processing batch 4690/18932 ...
[09/07 23:31:32] [TEST] Processing batch 4691/18932 ...
[09/07 23:31:32] [TEST] Processing batch 4692/18932 ...
[09/07 23:31:32] [TEST] Processing batch 4693/18932 ...
[09/07 23:31:32] [TEST] Processing batch 4694/18932 ...
[09/07 23:31:32] [TEST] Processing batch 4695/18932 ...
[09/07 23:31:32] [TEST] Processing batch 4696/18932 ...
[09/07 23:31:32] [TEST] Processing batch 4697/18932 ...
[09/07 23:31:32] [TEST] Processing batch 4698/18932 ...
[09/07 23:31:32] [TEST] Processing batch 4699/18932 ...
[09/07 23:31:32] [TEST] Processing batch 4700/18932 ...
[09/07 23:31:32] [TEST] Processing batch 4701/18932 ...
[09/07 23:31:32] [TEST] Processing batch 4702/18932 ...
[09/07 23:31:32] [TEST] Processing batch 4703/18932 ...
[09/07 23:31:32] [TEST] Processing batch 4704/18932 ...
[09/07 23:31:32] [TEST] Processing batch 4705/18932 ...
[09/07 23:31:32] [TEST] Processing batch 4706/18932 ...
[09/07 23:31:33] [TEST] Processing batch 4707/18932 ...
[09/07 23:31:33] [TEST] Processing batch 4708/18932 ...
[09/07 23:31:33] [TEST] Processing batch 4709/18932 ...
[09/07 23:31:33] [TEST] Processing batch 4710/18932 ...
[09/07 23:31:33] [TEST] Processing batch 4711/18932 ...
[09/07 23:31:33] [TEST] Processing batch 4712/18932 ...
[09/07 23:31:33] [TEST] Processing batch 4713/18932 ...
[09/07 23:31:33] [TEST] Processing batch 4714/18932 ...
[09/07 23:31:33] [TEST] Processing batch 4715/18932 ...
[09/07 23:31:33] [TEST] Processing batch 4716/18932 ...
[09/07 23:31:33] [TEST] Processing batch 4717/18932 ...
[09/07 23:31:33] [TEST] Processing batch 4718/18932 ...
[09/07 23:31:33] [TEST] Processing batch 4719/18932 ...
[09/07 23:31:33] [TEST] Processing batch 4720/18932 ...
[09/07 23:31:33] [TEST] Processing batch 4721/18932 ...
[09/07 23:31:33] [TEST] Processing batch 4722/18932 ...
[09/07 23:31:34] [TEST] Processing batch 4723/18932 ...
[09/07 23:31:34] [TEST] Processing batch 4724/18932 ...
[09/07 23:31:34] [TEST] Processing batch 4725/18932 ...
[09/07 23:31:34] [TEST] Processing batch 4726/18932 ...
[09/07 23:31:34] [TEST] Processing batch 4727/18932 ...
[09/07 23:31:34] [TEST] Processing batch 4728/18932 ...
[09/07 23:31:34] [TEST] Processing batch 4729/18932 ...
[09/07 23:31:34] [TEST] Processing batch 4730/18932 ...
[09/07 23:31:34] [TEST] Processing batch 4731/18932 ...
[09/07 23:31:34] [TEST] Processing batch 4732/18932 ...
[09/07 23:31:34] [TEST] Processing batch 4733/18932 ...
[09/07 23:31:34] [TEST] Processing batch 4734/18932 ...
[09/07 23:31:34] [TEST] Processing batch 4735/18932 ...
[09/07 23:31:34] [TEST] Processing batch 4736/18932 ...
[09/07 23:31:34] [TEST] Processing batch 4737/18932 ...
[09/07 23:31:34] [TEST] Processing batch 4738/18932 ...
[09/07 23:31:34] [TEST] Processing batch 4739/18932 ...
[09/07 23:31:35] [TEST] Processing batch 4740/18932 ...
[09/07 23:31:35] [TEST] Processing batch 4741/18932 ...
[09/07 23:31:35] [TEST] Processing batch 4742/18932 ...
[09/07 23:31:35] [TEST] Processing batch 4743/18932 ...
[09/07 23:31:35] [TEST] Processing batch 4744/18932 ...
[09/07 23:31:35] [TEST] Processing batch 4745/18932 ...
[09/07 23:31:35] [TEST] Processing batch 4746/18932 ...
[09/07 23:31:35] [TEST] Processing batch 4747/18932 ...
[09/07 23:31:35] [TEST] Processing batch 4748/18932 ...
[09/07 23:31:35] [TEST] Processing batch 4749/18932 ...
[09/07 23:31:35] [TEST] Processing batch 4750/18932 ...
[09/07 23:31:35] [TEST] Processing batch 4751/18932 ...
[09/07 23:31:35] [TEST] Processing batch 4752/18932 ...
[09/07 23:31:35] [TEST] Processing batch 4753/18932 ...
[09/07 23:31:35] [TEST] Processing batch 4754/18932 ...
[09/07 23:31:35] [TEST] Processing batch 4755/18932 ...
[09/07 23:31:36] [TEST] Processing batch 4756/18932 ...
[09/07 23:31:36] [TEST] Processing batch 4757/18932 ...
[09/07 23:31:36] [TEST] Processing batch 4758/18932 ...
[09/07 23:31:36] [TEST] Processing batch 4759/18932 ...
[09/07 23:31:36] [TEST] Processing batch 4760/18932 ...
[09/07 23:31:36] [TEST] Processing batch 4761/18932 ...
[09/07 23:31:36] [TEST] Processing batch 4762/18932 ...
[09/07 23:31:36] [TEST] Processing batch 4763/18932 ...
[09/07 23:31:36] [TEST] Processing batch 4764/18932 ...
[09/07 23:31:36] [TEST] Processing batch 4765/18932 ...
[09/07 23:31:36] [TEST] Processing batch 4766/18932 ...
[09/07 23:31:36] [TEST] Processing batch 4767/18932 ...
[09/07 23:31:36] [TEST] Processing batch 4768/18932 ...
[09/07 23:31:36] [TEST] Processing batch 4769/18932 ...
[09/07 23:31:36] [TEST] Processing batch 4770/18932 ...
[09/07 23:31:36] [TEST] Processing batch 4771/18932 ...
[09/07 23:31:37] [TEST] Processing batch 4772/18932 ...
[09/07 23:31:37] [TEST] Processing batch 4773/18932 ...
[09/07 23:31:37] [TEST] Processing batch 4774/18932 ...
[09/07 23:31:37] [TEST] Processing batch 4775/18932 ...
[09/07 23:31:37] [TEST] Processing batch 4776/18932 ...
[09/07 23:31:37] [TEST] Processing batch 4777/18932 ...
[09/07 23:31:37] [TEST] Processing batch 4778/18932 ...
[09/07 23:31:37] [TEST] Processing batch 4779/18932 ...
[09/07 23:31:37] [TEST] Processing batch 4780/18932 ...
[09/07 23:31:37] [TEST] Processing batch 4781/18932 ...
[09/07 23:31:37] [TEST] Processing batch 4782/18932 ...
[09/07 23:31:37] [TEST] Processing batch 4783/18932 ...
[09/07 23:31:37] [TEST] Processing batch 4784/18932 ...
[09/07 23:31:37] [TEST] Processing batch 4785/18932 ...
[09/07 23:31:37] [TEST] Processing batch 4786/18932 ...
[09/07 23:31:37] [TEST] Processing batch 4787/18932 ...
[09/07 23:31:37] [TEST] Processing batch 4788/18932 ...
[09/07 23:31:38] [TEST] Processing batch 4789/18932 ...
[09/07 23:31:38] [TEST] Processing batch 4790/18932 ...
[09/07 23:31:38] [TEST] Processing batch 4791/18932 ...
[09/07 23:31:38] [TEST] Processing batch 4792/18932 ...
[09/07 23:31:38] [TEST] Processing batch 4793/18932 ...
[09/07 23:31:38] [TEST] Processing batch 4794/18932 ...
[09/07 23:31:38] [TEST] Processing batch 4795/18932 ...
[09/07 23:31:38] [TEST] Processing batch 4796/18932 ...
[09/07 23:31:38] [TEST] Processing batch 4797/18932 ...
[09/07 23:31:38] [TEST] Processing batch 4798/18932 ...
[09/07 23:31:38] [TEST] Processing batch 4799/18932 ...
[09/07 23:31:38] [TEST] Processing batch 4800/18932 ...
[09/07 23:31:38] [TEST] Processing batch 4801/18932 ...
[09/07 23:31:38] [TEST] Processing batch 4802/18932 ...
[09/07 23:31:38] [TEST] Processing batch 4803/18932 ...
[09/07 23:31:38] [TEST] Processing batch 4804/18932 ...
[09/07 23:31:39] [TEST] Processing batch 4805/18932 ...
[09/07 23:31:39] [TEST] Processing batch 4806/18932 ...
[09/07 23:31:39] [TEST] Processing batch 4807/18932 ...
[09/07 23:31:39] [TEST] Processing batch 4808/18932 ...
[09/07 23:31:39] [TEST] Processing batch 4809/18932 ...
[09/07 23:31:39] [TEST] Processing batch 4810/18932 ...
[09/07 23:31:39] [TEST] Processing batch 4811/18932 ...
[09/07 23:31:39] [TEST] Processing batch 4812/18932 ...
[09/07 23:31:39] [TEST] Processing batch 4813/18932 ...
[09/07 23:31:39] [TEST] Processing batch 4814/18932 ...
[09/07 23:31:39] [TEST] Processing batch 4815/18932 ...
[09/07 23:31:39] [TEST] Processing batch 4816/18932 ...
[09/07 23:31:39] [TEST] Processing batch 4817/18932 ...
[09/07 23:31:39] [TEST] Processing batch 4818/18932 ...
[09/07 23:31:39] [TEST] Processing batch 4819/18932 ...
[09/07 23:31:39] [TEST] Processing batch 4820/18932 ...
[09/07 23:31:39] [TEST] Processing batch 4821/18932 ...
[09/07 23:31:40] [TEST] Processing batch 4822/18932 ...
[09/07 23:31:40] [TEST] Processing batch 4823/18932 ...
[09/07 23:31:40] [TEST] Processing batch 4824/18932 ...
[09/07 23:31:40] [TEST] Processing batch 4825/18932 ...
[09/07 23:31:40] [TEST] Processing batch 4826/18932 ...
[09/07 23:31:40] [TEST] Processing batch 4827/18932 ...
[09/07 23:31:40] [TEST] Processing batch 4828/18932 ...
[09/07 23:31:40] [TEST] Processing batch 4829/18932 ...
[09/07 23:31:40] [TEST] Processing batch 4830/18932 ...
[09/07 23:31:40] [TEST] Processing batch 4831/18932 ...
[09/07 23:31:40] [TEST] Processing batch 4832/18932 ...
[09/07 23:31:40] [TEST] Processing batch 4833/18932 ...
[09/07 23:31:40] [TEST] Processing batch 4834/18932 ...
[09/07 23:31:40] [TEST] Processing batch 4835/18932 ...
[09/07 23:31:40] [TEST] Processing batch 4836/18932 ...
[09/07 23:31:40] [TEST] Processing batch 4837/18932 ...
[09/07 23:31:41] [TEST] Processing batch 4838/18932 ...
[09/07 23:31:41] [TEST] Processing batch 4839/18932 ...
[09/07 23:31:41] [TEST] Processing batch 4840/18932 ...
[09/07 23:31:41] [TEST] Processing batch 4841/18932 ...
[09/07 23:31:41] [TEST] Processing batch 4842/18932 ...
[09/07 23:31:41] [TEST] Processing batch 4843/18932 ...
[09/07 23:31:41] [TEST] Processing batch 4844/18932 ...
[09/07 23:31:41] [TEST] Processing batch 4845/18932 ...
[09/07 23:31:41] [TEST] Processing batch 4846/18932 ...
[09/07 23:31:41] [TEST] Processing batch 4847/18932 ...
[09/07 23:31:41] [TEST] Processing batch 4848/18932 ...
[09/07 23:31:41] [TEST] Processing batch 4849/18932 ...
[09/07 23:31:41] [TEST] Processing batch 4850/18932 ...
[09/07 23:31:41] [TEST] Processing batch 4851/18932 ...
[09/07 23:31:41] [TEST] Processing batch 4852/18932 ...
[09/07 23:31:41] [TEST] Processing batch 4853/18932 ...
[09/07 23:31:42] [TEST] Processing batch 4854/18932 ...
[09/07 23:31:42] [TEST] Processing batch 4855/18932 ...
[09/07 23:31:42] [TEST] Processing batch 4856/18932 ...
[09/07 23:31:42] [TEST] Processing batch 4857/18932 ...
[09/07 23:31:42] [TEST] Processing batch 4858/18932 ...
[09/07 23:31:42] [TEST] Processing batch 4859/18932 ...
[09/07 23:31:42] [TEST] Processing batch 4860/18932 ...
[09/07 23:31:42] [TEST] Processing batch 4861/18932 ...
[09/07 23:31:42] [TEST] Processing batch 4862/18932 ...
[09/07 23:31:42] [TEST] Processing batch 4863/18932 ...
[09/07 23:31:42] [TEST] Processing batch 4864/18932 ...
[09/07 23:31:42] [TEST] Processing batch 4865/18932 ...
[09/07 23:31:42] [TEST] Processing batch 4866/18932 ...
[09/07 23:31:42] [TEST] Processing batch 4867/18932 ...
[09/07 23:31:42] [TEST] Processing batch 4868/18932 ...
[09/07 23:31:42] [TEST] Processing batch 4869/18932 ...
[09/07 23:31:43] [TEST] Processing batch 4870/18932 ...
[09/07 23:31:43] [TEST] Processing batch 4871/18932 ...
[09/07 23:31:43] [TEST] Processing batch 4872/18932 ...
[09/07 23:31:43] [TEST] Processing batch 4873/18932 ...
[09/07 23:31:43] [TEST] Processing batch 4874/18932 ...
[09/07 23:31:43] [TEST] Processing batch 4875/18932 ...
[09/07 23:31:43] [TEST] Processing batch 4876/18932 ...
[09/07 23:31:43] [TEST] Processing batch 4877/18932 ...
[09/07 23:31:43] [TEST] Processing batch 4878/18932 ...
[09/07 23:31:43] [TEST] Processing batch 4879/18932 ...
[09/07 23:31:43] [TEST] Processing batch 4880/18932 ...
[09/07 23:31:43] [TEST] Processing batch 4881/18932 ...
[09/07 23:31:43] [TEST] Processing batch 4882/18932 ...
[09/07 23:31:43] [TEST] Processing batch 4883/18932 ...
[09/07 23:31:43] [TEST] Processing batch 4884/18932 ...
[09/07 23:31:43] [TEST] Processing batch 4885/18932 ...
[09/07 23:31:43] [TEST] Processing batch 4886/18932 ...
[09/07 23:31:44] [TEST] Processing batch 4887/18932 ...
[09/07 23:31:44] [TEST] Processing batch 4888/18932 ...
[09/07 23:31:44] [TEST] Processing batch 4889/18932 ...
[09/07 23:31:44] [TEST] Processing batch 4890/18932 ...
[09/07 23:31:44] [TEST] Processing batch 4891/18932 ...
[09/07 23:31:44] [TEST] Processing batch 4892/18932 ...
[09/07 23:31:44] [TEST] Processing batch 4893/18932 ...
[09/07 23:31:44] [TEST] Processing batch 4894/18932 ...
[09/07 23:31:44] [TEST] Processing batch 4895/18932 ...
[09/07 23:31:44] [TEST] Processing batch 4896/18932 ...
[09/07 23:31:44] [TEST] Processing batch 4897/18932 ...
[09/07 23:31:44] [TEST] Processing batch 4898/18932 ...
[09/07 23:31:44] [TEST] Processing batch 4899/18932 ...
[09/07 23:31:44] [TEST] Processing batch 4900/18932 ...
[09/07 23:31:44] [TEST] Processing batch 4901/18932 ...
[09/07 23:31:44] [TEST] Processing batch 4902/18932 ...
[09/07 23:31:45] [TEST] Processing batch 4903/18932 ...
[09/07 23:31:45] [TEST] Processing batch 4904/18932 ...
[09/07 23:31:45] [TEST] Processing batch 4905/18932 ...
[09/07 23:31:45] [TEST] Processing batch 4906/18932 ...
[09/07 23:31:45] [TEST] Processing batch 4907/18932 ...
[09/07 23:31:45] [TEST] Processing batch 4908/18932 ...
[09/07 23:31:45] [TEST] Processing batch 4909/18932 ...
[09/07 23:31:45] [TEST] Processing batch 4910/18932 ...
[09/07 23:31:45] [TEST] Processing batch 4911/18932 ...
[09/07 23:31:45] [TEST] Processing batch 4912/18932 ...
[09/07 23:31:45] [TEST] Processing batch 4913/18932 ...
[09/07 23:31:45] [TEST] Processing batch 4914/18932 ...
[09/07 23:31:45] [TEST] Processing batch 4915/18932 ...
[09/07 23:31:45] [TEST] Processing batch 4916/18932 ...
[09/07 23:31:45] [TEST] Processing batch 4917/18932 ...
[09/07 23:31:45] [TEST] Processing batch 4918/18932 ...
[09/07 23:31:46] [TEST] Processing batch 4919/18932 ...
[09/07 23:31:46] [TEST] Processing batch 4920/18932 ...
[09/07 23:31:46] [TEST] Processing batch 4921/18932 ...
[09/07 23:31:46] [TEST] Processing batch 4922/18932 ...
[09/07 23:31:46] [TEST] Processing batch 4923/18932 ...
[09/07 23:31:46] [TEST] Processing batch 4924/18932 ...
[09/07 23:31:46] [TEST] Processing batch 4925/18932 ...
[09/07 23:31:46] [TEST] Processing batch 4926/18932 ...
[09/07 23:31:46] [TEST] Processing batch 4927/18932 ...
[09/07 23:31:46] [TEST] Processing batch 4928/18932 ...
[09/07 23:31:46] [TEST] Processing batch 4929/18932 ...
[09/07 23:31:46] [TEST] Processing batch 4930/18932 ...
[09/07 23:31:46] [TEST] Processing batch 4931/18932 ...
[09/07 23:31:46] [TEST] Processing batch 4932/18932 ...
[09/07 23:31:46] [TEST] Processing batch 4933/18932 ...
[09/07 23:31:46] [TEST] Processing batch 4934/18932 ...
[09/07 23:31:47] [TEST] Processing batch 4935/18932 ...
[09/07 23:31:47] [TEST] Processing batch 4936/18932 ...
[09/07 23:31:47] [TEST] Processing batch 4937/18932 ...
[09/07 23:31:47] [TEST] Processing batch 4938/18932 ...
[09/07 23:31:47] [TEST] Processing batch 4939/18932 ...
[09/07 23:31:47] [TEST] Processing batch 4940/18932 ...
[09/07 23:31:47] [TEST] Processing batch 4941/18932 ...
[09/07 23:31:47] [TEST] Processing batch 4942/18932 ...
[09/07 23:31:47] [TEST] Processing batch 4943/18932 ...
[09/07 23:31:47] [TEST] Processing batch 4944/18932 ...
[09/07 23:31:47] [TEST] Processing batch 4945/18932 ...
[09/07 23:31:47] [TEST] Processing batch 4946/18932 ...
[09/07 23:31:47] [TEST] Processing batch 4947/18932 ...
[09/07 23:31:47] [TEST] Processing batch 4948/18932 ...
[09/07 23:31:47] [TEST] Processing batch 4949/18932 ...
[09/07 23:31:47] [TEST] Processing batch 4950/18932 ...
[09/07 23:31:48] [TEST] Processing batch 4951/18932 ...
[09/07 23:31:48] [TEST] Processing batch 4952/18932 ...
[09/07 23:31:48] [TEST] Processing batch 4953/18932 ...
[09/07 23:31:48] [TEST] Processing batch 4954/18932 ...
[09/07 23:31:48] [TEST] Processing batch 4955/18932 ...
[09/07 23:31:48] [TEST] Processing batch 4956/18932 ...
[09/07 23:31:48] [TEST] Processing batch 4957/18932 ...
[09/07 23:31:48] [TEST] Processing batch 4958/18932 ...
[09/07 23:31:48] [TEST] Processing batch 4959/18932 ...
[09/07 23:31:48] [TEST] Processing batch 4960/18932 ...
[09/07 23:31:48] [TEST] Processing batch 4961/18932 ...
[09/07 23:31:48] [TEST] Processing batch 4962/18932 ...
[09/07 23:31:48] [TEST] Processing batch 4963/18932 ...
[09/07 23:31:48] [TEST] Processing batch 4964/18932 ...
[09/07 23:31:48] [TEST] Processing batch 4965/18932 ...
[09/07 23:31:48] [TEST] Processing batch 4966/18932 ...
[09/07 23:31:48] [TEST] Processing batch 4967/18932 ...
[09/07 23:31:49] [TEST] Processing batch 4968/18932 ...
[09/07 23:31:49] [TEST] Processing batch 4969/18932 ...
[09/07 23:31:49] [TEST] Processing batch 4970/18932 ...
[09/07 23:31:49] [TEST] Processing batch 4971/18932 ...
[09/07 23:31:49] [TEST] Processing batch 4972/18932 ...
[09/07 23:31:49] [TEST] Processing batch 4973/18932 ...
[09/07 23:31:49] [TEST] Processing batch 4974/18932 ...
[09/07 23:31:49] [TEST] Processing batch 4975/18932 ...
[09/07 23:31:49] [TEST] Processing batch 4976/18932 ...
[09/07 23:31:49] [TEST] Processing batch 4977/18932 ...
[09/07 23:31:49] [TEST] Processing batch 4978/18932 ...
[09/07 23:31:49] [TEST] Processing batch 4979/18932 ...
[09/07 23:31:49] [TEST] Processing batch 4980/18932 ...
[09/07 23:31:49] [TEST] Processing batch 4981/18932 ...
[09/07 23:31:49] [TEST] Processing batch 4982/18932 ...
[09/07 23:31:49] [TEST] Processing batch 4983/18932 ...
[09/07 23:31:50] [TEST] Processing batch 4984/18932 ...
[09/07 23:31:50] [TEST] Processing batch 4985/18932 ...
[09/07 23:31:50] [TEST] Processing batch 4986/18932 ...
[09/07 23:31:50] [TEST] Processing batch 4987/18932 ...
[09/07 23:31:50] [TEST] Processing batch 4988/18932 ...
[09/07 23:31:50] [TEST] Processing batch 4989/18932 ...
[09/07 23:31:50] [TEST] Processing batch 4990/18932 ...
[09/07 23:31:50] [TEST] Processing batch 4991/18932 ...
[09/07 23:31:50] [TEST] Processing batch 4992/18932 ...
[09/07 23:31:50] [TEST] Processing batch 4993/18932 ...
[09/07 23:31:50] [TEST] Processing batch 4994/18932 ...
[09/07 23:31:50] [TEST] Processing batch 4995/18932 ...
[09/07 23:31:50] [TEST] Processing batch 4996/18932 ...
[09/07 23:31:50] [TEST] Processing batch 4997/18932 ...
[09/07 23:31:50] [TEST] Processing batch 4998/18932 ...
[09/07 23:31:50] [TEST] Processing batch 4999/18932 ...
[09/07 23:31:51] [TEST] Processing batch 5000/18932 ...
[09/07 23:31:51] [TEST] Processing batch 5001/18932 ...
[09/07 23:31:51] [TEST] Processing batch 5002/18932 ...
[09/07 23:31:51] [TEST] Processing batch 5003/18932 ...
[09/07 23:31:51] [TEST] Processing batch 5004/18932 ...
[09/07 23:31:51] [TEST] Processing batch 5005/18932 ...
[09/07 23:31:51] [TEST] Processing batch 5006/18932 ...
[09/07 23:31:51] [TEST] Processing batch 5007/18932 ...
[09/07 23:31:51] [TEST] Processing batch 5008/18932 ...
[09/07 23:31:51] [TEST] Processing batch 5009/18932 ...
[09/07 23:31:51] [TEST] Processing batch 5010/18932 ...
[09/07 23:31:51] [TEST] Processing batch 5011/18932 ...
[09/07 23:31:51] [TEST] Processing batch 5012/18932 ...
[09/07 23:31:51] [TEST] Processing batch 5013/18932 ...
[09/07 23:31:51] [TEST] Processing batch 5014/18932 ...
[09/07 23:31:51] [TEST] Processing batch 5015/18932 ...
[09/07 23:31:51] [TEST] Processing batch 5016/18932 ...
[09/07 23:31:52] [TEST] Processing batch 5017/18932 ...
[09/07 23:31:52] [TEST] Processing batch 5018/18932 ...
[09/07 23:31:52] [TEST] Processing batch 5019/18932 ...
[09/07 23:31:52] [TEST] Processing batch 5020/18932 ...
[09/07 23:31:52] [TEST] Processing batch 5021/18932 ...
[09/07 23:31:52] [TEST] Processing batch 5022/18932 ...
[09/07 23:31:52] [TEST] Processing batch 5023/18932 ...
[09/07 23:31:52] [TEST] Processing batch 5024/18932 ...
[09/07 23:31:52] [TEST] Processing batch 5025/18932 ...
[09/07 23:31:52] [TEST] Processing batch 5026/18932 ...
[09/07 23:31:52] [TEST] Processing batch 5027/18932 ...
[09/07 23:31:52] [TEST] Processing batch 5028/18932 ...
[09/07 23:31:52] [TEST] Processing batch 5029/18932 ...
[09/07 23:31:52] [TEST] Processing batch 5030/18932 ...
[09/07 23:31:52] [TEST] Processing batch 5031/18932 ...
[09/07 23:31:52] [TEST] Processing batch 5032/18932 ...
[09/07 23:31:53] [TEST] Processing batch 5033/18932 ...
[09/07 23:31:53] [TEST] Processing batch 5034/18932 ...
[09/07 23:31:53] [TEST] Processing batch 5035/18932 ...
[09/07 23:31:53] [TEST] Processing batch 5036/18932 ...
[09/07 23:31:53] [TEST] Processing batch 5037/18932 ...
[09/07 23:31:53] [TEST] Processing batch 5038/18932 ...
[09/07 23:31:53] [TEST] Processing batch 5039/18932 ...
[09/07 23:31:53] [TEST] Processing batch 5040/18932 ...
[09/07 23:31:53] [TEST] Processing batch 5041/18932 ...
[09/07 23:31:53] [TEST] Processing batch 5042/18932 ...
[09/07 23:31:53] [TEST] Processing batch 5043/18932 ...
[09/07 23:31:53] [TEST] Processing batch 5044/18932 ...
[09/07 23:31:53] [TEST] Processing batch 5045/18932 ...
[09/07 23:31:53] [TEST] Processing batch 5046/18932 ...
[09/07 23:31:53] [TEST] Processing batch 5047/18932 ...
[09/07 23:31:53] [TEST] Processing batch 5048/18932 ...
[09/07 23:31:54] [TEST] Processing batch 5049/18932 ...
[09/07 23:31:54] [TEST] Processing batch 5050/18932 ...
[09/07 23:31:54] [TEST] Processing batch 5051/18932 ...
[09/07 23:31:54] [TEST] Processing batch 5052/18932 ...
[09/07 23:31:54] [TEST] Processing batch 5053/18932 ...
[09/07 23:31:54] [TEST] Processing batch 5054/18932 ...
[09/07 23:31:54] [TEST] Processing batch 5055/18932 ...
[09/07 23:31:54] [TEST] Processing batch 5056/18932 ...
[09/07 23:31:54] [TEST] Processing batch 5057/18932 ...
[09/07 23:31:54] [TEST] Processing batch 5058/18932 ...
[09/07 23:31:54] [TEST] Processing batch 5059/18932 ...
[09/07 23:31:54] [TEST] Processing batch 5060/18932 ...
[09/07 23:31:54] [TEST] Processing batch 5061/18932 ...
[09/07 23:31:54] [TEST] Processing batch 5062/18932 ...
[09/07 23:31:54] [TEST] Processing batch 5063/18932 ...
[09/07 23:31:54] [TEST] Processing batch 5064/18932 ...
[09/07 23:31:54] [TEST] Processing batch 5065/18932 ...
[09/07 23:31:55] [TEST] Processing batch 5066/18932 ...
[09/07 23:31:55] [TEST] Processing batch 5067/18932 ...
[09/07 23:31:55] [TEST] Processing batch 5068/18932 ...
[09/07 23:31:55] [TEST] Processing batch 5069/18932 ...
[09/07 23:31:55] [TEST] Processing batch 5070/18932 ...
[09/07 23:31:55] [TEST] Processing batch 5071/18932 ...
[09/07 23:31:55] [TEST] Processing batch 5072/18932 ...
[09/07 23:31:55] [TEST] Processing batch 5073/18932 ...
[09/07 23:31:55] [TEST] Processing batch 5074/18932 ...
[09/07 23:31:55] [TEST] Processing batch 5075/18932 ...
[09/07 23:31:55] [TEST] Processing batch 5076/18932 ...
[09/07 23:31:55] [TEST] Processing batch 5077/18932 ...
[09/07 23:31:55] [TEST] Processing batch 5078/18932 ...
[09/07 23:31:55] [TEST] Processing batch 5079/18932 ...
[09/07 23:31:55] [TEST] Processing batch 5080/18932 ...
[09/07 23:31:55] [TEST] Processing batch 5081/18932 ...
[09/07 23:31:56] [TEST] Processing batch 5082/18932 ...
[09/07 23:31:56] [TEST] Processing batch 5083/18932 ...
[09/07 23:31:56] [TEST] Processing batch 5084/18932 ...
[09/07 23:31:56] [TEST] Processing batch 5085/18932 ...
[09/07 23:31:56] [TEST] Processing batch 5086/18932 ...
[09/07 23:31:56] [TEST] Processing batch 5087/18932 ...
[09/07 23:31:56] [TEST] Processing batch 5088/18932 ...
[09/07 23:31:56] [TEST] Processing batch 5089/18932 ...
[09/07 23:31:56] [TEST] Processing batch 5090/18932 ...
[09/07 23:31:56] [TEST] Processing batch 5091/18932 ...
[09/07 23:31:56] [TEST] Processing batch 5092/18932 ...
[09/07 23:31:56] [TEST] Processing batch 5093/18932 ...
[09/07 23:31:56] [TEST] Processing batch 5094/18932 ...
[09/07 23:31:56] [TEST] Processing batch 5095/18932 ...
[09/07 23:31:56] [TEST] Processing batch 5096/18932 ...
[09/07 23:31:56] [TEST] Processing batch 5097/18932 ...
[09/07 23:31:56] [TEST] Processing batch 5098/18932 ...
[09/07 23:31:57] [TEST] Processing batch 5099/18932 ...
[09/07 23:31:57] [TEST] Processing batch 5100/18932 ...
[09/07 23:31:57] [TEST] Processing batch 5101/18932 ...
[09/07 23:31:57] [TEST] Processing batch 5102/18932 ...
[09/07 23:31:57] [TEST] Processing batch 5103/18932 ...
[09/07 23:31:57] [TEST] Processing batch 5104/18932 ...
[09/07 23:31:57] [TEST] Processing batch 5105/18932 ...
[09/07 23:31:57] [TEST] Processing batch 5106/18932 ...
[09/07 23:31:57] [TEST] Processing batch 5107/18932 ...
[09/07 23:31:57] [TEST] Processing batch 5108/18932 ...
[09/07 23:31:57] [TEST] Processing batch 5109/18932 ...
[09/07 23:31:57] [TEST] Processing batch 5110/18932 ...
[09/07 23:31:57] [TEST] Processing batch 5111/18932 ...
[09/07 23:31:57] [TEST] Processing batch 5112/18932 ...
[09/07 23:31:57] [TEST] Processing batch 5113/18932 ...
[09/07 23:31:57] [TEST] Processing batch 5114/18932 ...
[09/07 23:31:58] [TEST] Processing batch 5115/18932 ...
[09/07 23:31:58] [TEST] Processing batch 5116/18932 ...
[09/07 23:31:58] [TEST] Processing batch 5117/18932 ...
[09/07 23:31:58] [TEST] Processing batch 5118/18932 ...
[09/07 23:31:58] [TEST] Processing batch 5119/18932 ...
[09/07 23:31:58] [TEST] Processing batch 5120/18932 ...
[09/07 23:31:58] [TEST] Processing batch 5121/18932 ...
[09/07 23:31:58] [TEST] Processing batch 5122/18932 ...
[09/07 23:31:58] [TEST] Processing batch 5123/18932 ...
[09/07 23:31:58] [TEST] Processing batch 5124/18932 ...
[09/07 23:31:58] [TEST] Processing batch 5125/18932 ...
[09/07 23:31:58] [TEST] Processing batch 5126/18932 ...
[09/07 23:31:58] [TEST] Processing batch 5127/18932 ...
[09/07 23:31:58] [TEST] Processing batch 5128/18932 ...
[09/07 23:31:58] [TEST] Processing batch 5129/18932 ...
[09/07 23:31:58] [TEST] Processing batch 5130/18932 ...
[09/07 23:31:59] [TEST] Processing batch 5131/18932 ...
[09/07 23:31:59] [TEST] Processing batch 5132/18932 ...
[09/07 23:31:59] [TEST] Processing batch 5133/18932 ...
[09/07 23:31:59] [TEST] Processing batch 5134/18932 ...
[09/07 23:31:59] [TEST] Processing batch 5135/18932 ...
[09/07 23:31:59] [TEST] Processing batch 5136/18932 ...
[09/07 23:31:59] [TEST] Processing batch 5137/18932 ...
[09/07 23:31:59] [TEST] Processing batch 5138/18932 ...
[09/07 23:31:59] [TEST] Processing batch 5139/18932 ...
[09/07 23:31:59] [TEST] Processing batch 5140/18932 ...
[09/07 23:31:59] [TEST] Processing batch 5141/18932 ...
[09/07 23:31:59] [TEST] Processing batch 5142/18932 ...
[09/07 23:31:59] [TEST] Processing batch 5143/18932 ...
[09/07 23:31:59] [TEST] Processing batch 5144/18932 ...
[09/07 23:31:59] [TEST] Processing batch 5145/18932 ...
[09/07 23:31:59] [TEST] Processing batch 5146/18932 ...
[09/07 23:31:59] [TEST] Processing batch 5147/18932 ...
[09/07 23:32:00] [TEST] Processing batch 5148/18932 ...
[09/07 23:32:00] [TEST] Processing batch 5149/18932 ...
[09/07 23:32:00] [TEST] Processing batch 5150/18932 ...
[09/07 23:32:00] [TEST] Processing batch 5151/18932 ...
[09/07 23:32:00] [TEST] Processing batch 5152/18932 ...
[09/07 23:32:00] [TEST] Processing batch 5153/18932 ...
[09/07 23:32:00] [TEST] Processing batch 5154/18932 ...
[09/07 23:32:00] [TEST] Processing batch 5155/18932 ...
[09/07 23:32:00] [TEST] Processing batch 5156/18932 ...
[09/07 23:32:00] [TEST] Processing batch 5157/18932 ...
[09/07 23:32:00] [TEST] Processing batch 5158/18932 ...
[09/07 23:32:00] [TEST] Processing batch 5159/18932 ...
[09/07 23:32:00] [TEST] Processing batch 5160/18932 ...
[09/07 23:32:00] [TEST] Processing batch 5161/18932 ...
[09/07 23:32:00] [TEST] Processing batch 5162/18932 ...
[09/07 23:32:00] [TEST] Processing batch 5163/18932 ...
[09/07 23:32:01] [TEST] Processing batch 5164/18932 ...
[09/07 23:32:01] [TEST] Processing batch 5165/18932 ...
[09/07 23:32:01] [TEST] Processing batch 5166/18932 ...
[09/07 23:32:01] [TEST] Processing batch 5167/18932 ...
[09/07 23:32:01] [TEST] Processing batch 5168/18932 ...
[09/07 23:32:01] [TEST] Processing batch 5169/18932 ...
[09/07 23:32:01] [TEST] Processing batch 5170/18932 ...
[09/07 23:32:01] [TEST] Processing batch 5171/18932 ...
[09/07 23:32:01] [TEST] Processing batch 5172/18932 ...
[09/07 23:32:01] [TEST] Processing batch 5173/18932 ...
[09/07 23:32:01] [TEST] Processing batch 5174/18932 ...
[09/07 23:32:01] [TEST] Processing batch 5175/18932 ...
[09/07 23:32:01] [TEST] Processing batch 5176/18932 ...
[09/07 23:32:01] [TEST] Processing batch 5177/18932 ...
[09/07 23:32:01] [TEST] Processing batch 5178/18932 ...
[09/07 23:32:01] [TEST] Processing batch 5179/18932 ...
[09/07 23:32:02] [TEST] Processing batch 5180/18932 ...
[09/07 23:32:02] [TEST] Processing batch 5181/18932 ...
[09/07 23:32:02] [TEST] Processing batch 5182/18932 ...
[09/07 23:32:02] [TEST] Processing batch 5183/18932 ...
[09/07 23:32:02] [TEST] Processing batch 5184/18932 ...
[09/07 23:32:02] [TEST] Processing batch 5185/18932 ...
[09/07 23:32:02] [TEST] Processing batch 5186/18932 ...
[09/07 23:32:02] [TEST] Processing batch 5187/18932 ...
[09/07 23:32:02] [TEST] Processing batch 5188/18932 ...
[09/07 23:32:02] [TEST] Processing batch 5189/18932 ...
[09/07 23:32:02] [TEST] Processing batch 5190/18932 ...
[09/07 23:32:02] [TEST] Processing batch 5191/18932 ...
[09/07 23:32:02] [TEST] Processing batch 5192/18932 ...
[09/07 23:32:02] [TEST] Processing batch 5193/18932 ...
[09/07 23:32:02] [TEST] Processing batch 5194/18932 ...
[09/07 23:32:02] [TEST] Processing batch 5195/18932 ...
[09/07 23:32:03] [TEST] Processing batch 5196/18932 ...
[09/07 23:32:03] [TEST] Processing batch 5197/18932 ...
[09/07 23:32:03] [TEST] Processing batch 5198/18932 ...
[09/07 23:32:03] [TEST] Processing batch 5199/18932 ...
[09/07 23:32:03] [TEST] Processing batch 5200/18932 ...
[09/07 23:32:03] [TEST] Processing batch 5201/18932 ...
[09/07 23:32:03] [TEST] Processing batch 5202/18932 ...
[09/07 23:32:03] [TEST] Processing batch 5203/18932 ...
[09/07 23:32:03] [TEST] Processing batch 5204/18932 ...
[09/07 23:32:03] [TEST] Processing batch 5205/18932 ...
[09/07 23:32:03] [TEST] Processing batch 5206/18932 ...
[09/07 23:32:03] [TEST] Processing batch 5207/18932 ...
[09/07 23:32:03] [TEST] Processing batch 5208/18932 ...
[09/07 23:32:03] [TEST] Processing batch 5209/18932 ...
[09/07 23:32:03] [TEST] Processing batch 5210/18932 ...
[09/07 23:32:03] [TEST] Processing batch 5211/18932 ...
[09/07 23:32:04] [TEST] Processing batch 5212/18932 ...
[09/07 23:32:04] [TEST] Processing batch 5213/18932 ...
[09/07 23:32:04] [TEST] Processing batch 5214/18932 ...
[09/07 23:32:04] [TEST] Processing batch 5215/18932 ...
[09/07 23:32:04] [TEST] Processing batch 5216/18932 ...
[09/07 23:32:04] [TEST] Processing batch 5217/18932 ...
[09/07 23:32:04] [TEST] Processing batch 5218/18932 ...
[09/07 23:32:04] [TEST] Processing batch 5219/18932 ...
[09/07 23:32:04] [TEST] Processing batch 5220/18932 ...
[09/07 23:32:04] [TEST] Processing batch 5221/18932 ...
[09/07 23:32:04] [TEST] Processing batch 5222/18932 ...
[09/07 23:32:04] [TEST] Processing batch 5223/18932 ...
[09/07 23:32:04] [TEST] Processing batch 5224/18932 ...
[09/07 23:32:04] [TEST] Processing batch 5225/18932 ...
[09/07 23:32:04] [TEST] Processing batch 5226/18932 ...
[09/07 23:32:05] [TEST] Processing batch 5227/18932 ...
[09/07 23:32:05] [TEST] Processing batch 5228/18932 ...
[09/07 23:32:05] [TEST] Processing batch 5229/18932 ...
[09/07 23:32:05] [TEST] Processing batch 5230/18932 ...
[09/07 23:32:05] [TEST] Processing batch 5231/18932 ...
[09/07 23:32:05] [TEST] Processing batch 5232/18932 ...
[09/07 23:32:05] [TEST] Processing batch 5233/18932 ...
[09/07 23:32:05] [TEST] Processing batch 5234/18932 ...
[09/07 23:32:05] [TEST] Processing batch 5235/18932 ...
[09/07 23:32:05] [TEST] Processing batch 5236/18932 ...
[09/07 23:32:05] [TEST] Processing batch 5237/18932 ...
[09/07 23:32:05] [TEST] Processing batch 5238/18932 ...
[09/07 23:32:05] [TEST] Processing batch 5239/18932 ...
[09/07 23:32:05] [TEST] Processing batch 5240/18932 ...
[09/07 23:32:05] [TEST] Processing batch 5241/18932 ...
[09/07 23:32:05] [TEST] Processing batch 5242/18932 ...
[09/07 23:32:06] [TEST] Processing batch 5243/18932 ...
[09/07 23:32:06] [TEST] Processing batch 5244/18932 ...
[09/07 23:32:06] [TEST] Processing batch 5245/18932 ...
[09/07 23:32:06] [TEST] Processing batch 5246/18932 ...
[09/07 23:32:06] [TEST] Processing batch 5247/18932 ...
[09/07 23:32:06] [TEST] Processing batch 5248/18932 ...
[09/07 23:32:06] [TEST] Processing batch 5249/18932 ...
[09/07 23:32:06] [TEST] Processing batch 5250/18932 ...
[09/07 23:32:06] [TEST] Processing batch 5251/18932 ...
[09/07 23:32:06] [TEST] Processing batch 5252/18932 ...
[09/07 23:32:06] [TEST] Processing batch 5253/18932 ...
[09/07 23:32:06] [TEST] Processing batch 5254/18932 ...
[09/07 23:32:06] [TEST] Processing batch 5255/18932 ...
[09/07 23:32:06] [TEST] Processing batch 5256/18932 ...
[09/07 23:32:06] [TEST] Processing batch 5257/18932 ...
[09/07 23:32:06] [TEST] Processing batch 5258/18932 ...
[09/07 23:32:07] [TEST] Processing batch 5259/18932 ...
[09/07 23:32:07] [TEST] Processing batch 5260/18932 ...
[09/07 23:32:07] [TEST] Processing batch 5261/18932 ...
[09/07 23:32:07] [TEST] Processing batch 5262/18932 ...
[09/07 23:32:07] [TEST] Processing batch 5263/18932 ...
[09/07 23:32:07] [TEST] Processing batch 5264/18932 ...
[09/07 23:32:07] [TEST] Processing batch 5265/18932 ...
[09/07 23:32:07] [TEST] Processing batch 5266/18932 ...
[09/07 23:32:07] [TEST] Processing batch 5267/18932 ...
[09/07 23:32:07] [TEST] Processing batch 5268/18932 ...
[09/07 23:32:07] [TEST] Processing batch 5269/18932 ...
[09/07 23:32:07] [TEST] Processing batch 5270/18932 ...
[09/07 23:32:07] [TEST] Processing batch 5271/18932 ...
[09/07 23:32:07] [TEST] Processing batch 5272/18932 ...
[09/07 23:32:07] [TEST] Processing batch 5273/18932 ...
[09/07 23:32:07] [TEST] Processing batch 5274/18932 ...
[09/07 23:32:08] [TEST] Processing batch 5275/18932 ...
[09/07 23:32:08] [TEST] Processing batch 5276/18932 ...
[09/07 23:32:08] [TEST] Processing batch 5277/18932 ...
[09/07 23:32:08] [TEST] Processing batch 5278/18932 ...
[09/07 23:32:08] [TEST] Processing batch 5279/18932 ...
[09/07 23:32:08] [TEST] Processing batch 5280/18932 ...
[09/07 23:32:08] [TEST] Processing batch 5281/18932 ...
[09/07 23:32:08] [TEST] Processing batch 5282/18932 ...
[09/07 23:32:08] [TEST] Processing batch 5283/18932 ...
[09/07 23:32:08] [TEST] Processing batch 5284/18932 ...
[09/07 23:32:08] [TEST] Processing batch 5285/18932 ...
[09/07 23:32:08] [TEST] Processing batch 5286/18932 ...
[09/07 23:32:08] [TEST] Processing batch 5287/18932 ...
[09/07 23:32:08] [TEST] Processing batch 5288/18932 ...
[09/07 23:32:08] [TEST] Processing batch 5289/18932 ...
[09/07 23:32:08] [TEST] Processing batch 5290/18932 ...
[09/07 23:32:09] [TEST] Processing batch 5291/18932 ...
[09/07 23:32:09] [TEST] Processing batch 5292/18932 ...
[09/07 23:32:09] [TEST] Processing batch 5293/18932 ...
[09/07 23:32:09] [TEST] Processing batch 5294/18932 ...
[09/07 23:32:09] [TEST] Processing batch 5295/18932 ...
[09/07 23:32:09] [TEST] Processing batch 5296/18932 ...
[09/07 23:32:09] [TEST] Processing batch 5297/18932 ...
[09/07 23:32:09] [TEST] Processing batch 5298/18932 ...
[09/07 23:32:09] [TEST] Processing batch 5299/18932 ...
[09/07 23:32:09] [TEST] Processing batch 5300/18932 ...
[09/07 23:32:09] [TEST] Processing batch 5301/18932 ...
[09/07 23:32:09] [TEST] Processing batch 5302/18932 ...
[09/07 23:32:09] [TEST] Processing batch 5303/18932 ...
[09/07 23:32:09] [TEST] Processing batch 5304/18932 ...
[09/07 23:32:09] [TEST] Processing batch 5305/18932 ...
[09/07 23:32:09] [TEST] Processing batch 5306/18932 ...
[09/07 23:32:10] [TEST] Processing batch 5307/18932 ...
[09/07 23:32:10] [TEST] Processing batch 5308/18932 ...
[09/07 23:32:10] [TEST] Processing batch 5309/18932 ...
[09/07 23:32:10] [TEST] Processing batch 5310/18932 ...
[09/07 23:32:10] [TEST] Processing batch 5311/18932 ...
[09/07 23:32:10] [TEST] Processing batch 5312/18932 ...
[09/07 23:32:10] [TEST] Processing batch 5313/18932 ...
[09/07 23:32:10] [TEST] Processing batch 5314/18932 ...
[09/07 23:32:10] [TEST] Processing batch 5315/18932 ...
[09/07 23:32:10] [TEST] Processing batch 5316/18932 ...
[09/07 23:32:10] [TEST] Processing batch 5317/18932 ...
[09/07 23:32:10] [TEST] Processing batch 5318/18932 ...
[09/07 23:32:10] [TEST] Processing batch 5319/18932 ...
[09/07 23:32:10] [TEST] Processing batch 5320/18932 ...
[09/07 23:32:10] [TEST] Processing batch 5321/18932 ...
[09/07 23:32:10] [TEST] Processing batch 5322/18932 ...
[09/07 23:32:11] [TEST] Processing batch 5323/18932 ...
[09/07 23:32:11] [TEST] Processing batch 5324/18932 ...
[09/07 23:32:11] [TEST] Processing batch 5325/18932 ...
[09/07 23:32:11] [TEST] Processing batch 5326/18932 ...
[09/07 23:32:11] [TEST] Processing batch 5327/18932 ...
[09/07 23:32:11] [TEST] Processing batch 5328/18932 ...
[09/07 23:32:11] [TEST] Processing batch 5329/18932 ...
[09/07 23:32:11] [TEST] Processing batch 5330/18932 ...
[09/07 23:32:11] [TEST] Processing batch 5331/18932 ...
[09/07 23:32:11] [TEST] Processing batch 5332/18932 ...
[09/07 23:32:11] [TEST] Processing batch 5333/18932 ...
[09/07 23:32:11] [TEST] Processing batch 5334/18932 ...
[09/07 23:32:11] [TEST] Processing batch 5335/18932 ...
[09/07 23:32:11] [TEST] Processing batch 5336/18932 ...
[09/07 23:32:11] [TEST] Processing batch 5337/18932 ...
[09/07 23:32:11] [TEST] Processing batch 5338/18932 ...
[09/07 23:32:12] [TEST] Processing batch 5339/18932 ...
[09/07 23:32:12] [TEST] Processing batch 5340/18932 ...
[09/07 23:32:12] [TEST] Processing batch 5341/18932 ...
[09/07 23:32:12] [TEST] Processing batch 5342/18932 ...
[09/07 23:32:12] [TEST] Processing batch 5343/18932 ...
[09/07 23:32:12] [TEST] Processing batch 5344/18932 ...
[09/07 23:32:12] [TEST] Processing batch 5345/18932 ...
[09/07 23:32:12] [TEST] Processing batch 5346/18932 ...
[09/07 23:32:12] [TEST] Processing batch 5347/18932 ...
[09/07 23:32:12] [TEST] Processing batch 5348/18932 ...
[09/07 23:32:12] [TEST] Processing batch 5349/18932 ...
[09/07 23:32:12] [TEST] Processing batch 5350/18932 ...
[09/07 23:32:12] [TEST] Processing batch 5351/18932 ...
[09/07 23:32:12] [TEST] Processing batch 5352/18932 ...
[09/07 23:32:12] [TEST] Processing batch 5353/18932 ...
[09/07 23:32:12] [TEST] Processing batch 5354/18932 ...
[09/07 23:32:13] [TEST] Processing batch 5355/18932 ...
[09/07 23:32:13] [TEST] Processing batch 5356/18932 ...
[09/07 23:32:13] [TEST] Processing batch 5357/18932 ...
[09/07 23:32:13] [TEST] Processing batch 5358/18932 ...
[09/07 23:32:13] [TEST] Processing batch 5359/18932 ...
[09/07 23:32:13] [TEST] Processing batch 5360/18932 ...
[09/07 23:32:13] [TEST] Processing batch 5361/18932 ...
[09/07 23:32:13] [TEST] Processing batch 5362/18932 ...
[09/07 23:32:13] [TEST] Processing batch 5363/18932 ...
[09/07 23:32:13] [TEST] Processing batch 5364/18932 ...
[09/07 23:32:13] [TEST] Processing batch 5365/18932 ...
[09/07 23:32:13] [TEST] Processing batch 5366/18932 ...
[09/07 23:32:13] [TEST] Processing batch 5367/18932 ...
[09/07 23:32:13] [TEST] Processing batch 5368/18932 ...
[09/07 23:32:13] [TEST] Processing batch 5369/18932 ...
[09/07 23:32:13] [TEST] Processing batch 5370/18932 ...
[09/07 23:32:14] [TEST] Processing batch 5371/18932 ...
[09/07 23:32:14] [TEST] Processing batch 5372/18932 ...
[09/07 23:32:14] [TEST] Processing batch 5373/18932 ...
[09/07 23:32:14] [TEST] Processing batch 5374/18932 ...
[09/07 23:32:14] [TEST] Processing batch 5375/18932 ...
[09/07 23:32:14] [TEST] Processing batch 5376/18932 ...
[09/07 23:32:14] [TEST] Processing batch 5377/18932 ...
[09/07 23:32:14] [TEST] Processing batch 5378/18932 ...
[09/07 23:32:14] [TEST] Processing batch 5379/18932 ...
[09/07 23:32:14] [TEST] Processing batch 5380/18932 ...
[09/07 23:32:14] [TEST] Processing batch 5381/18932 ...
[09/07 23:32:14] [TEST] Processing batch 5382/18932 ...
[09/07 23:32:14] [TEST] Processing batch 5383/18932 ...
[09/07 23:32:14] [TEST] Processing batch 5384/18932 ...
[09/07 23:32:14] [TEST] Processing batch 5385/18932 ...
[09/07 23:32:14] [TEST] Processing batch 5386/18932 ...
[09/07 23:32:15] [TEST] Processing batch 5387/18932 ...
[09/07 23:32:15] [TEST] Processing batch 5388/18932 ...
[09/07 23:32:15] [TEST] Processing batch 5389/18932 ...
[09/07 23:32:15] [TEST] Processing batch 5390/18932 ...
[09/07 23:32:15] [TEST] Processing batch 5391/18932 ...
[09/07 23:32:15] [TEST] Processing batch 5392/18932 ...
[09/07 23:32:15] [TEST] Processing batch 5393/18932 ...
[09/07 23:32:15] [TEST] Processing batch 5394/18932 ...
[09/07 23:32:15] [TEST] Processing batch 5395/18932 ...
[09/07 23:32:15] [TEST] Processing batch 5396/18932 ...
[09/07 23:32:15] [TEST] Processing batch 5397/18932 ...
[09/07 23:32:15] [TEST] Processing batch 5398/18932 ...
[09/07 23:32:15] [TEST] Processing batch 5399/18932 ...
[09/07 23:32:15] [TEST] Processing batch 5400/18932 ...
[09/07 23:32:15] [TEST] Processing batch 5401/18932 ...
[09/07 23:32:15] [TEST] Processing batch 5402/18932 ...
[09/07 23:32:16] [TEST] Processing batch 5403/18932 ...
[09/07 23:32:16] [TEST] Processing batch 5404/18932 ...
[09/07 23:32:16] [TEST] Processing batch 5405/18932 ...
[09/07 23:32:16] [TEST] Processing batch 5406/18932 ...
[09/07 23:32:16] [TEST] Processing batch 5407/18932 ...
[09/07 23:32:16] [TEST] Processing batch 5408/18932 ...
[09/07 23:32:16] [TEST] Processing batch 5409/18932 ...
[09/07 23:32:16] [TEST] Processing batch 5410/18932 ...
[09/07 23:32:16] [TEST] Processing batch 5411/18932 ...
[09/07 23:32:16] [TEST] Processing batch 5412/18932 ...
[09/07 23:32:16] [TEST] Processing batch 5413/18932 ...
[09/07 23:32:16] [TEST] Processing batch 5414/18932 ...
[09/07 23:32:16] [TEST] Processing batch 5415/18932 ...
[09/07 23:32:16] [TEST] Processing batch 5416/18932 ...
[09/07 23:32:16] [TEST] Processing batch 5417/18932 ...
[09/07 23:32:16] [TEST] Processing batch 5418/18932 ...
[09/07 23:32:17] [TEST] Processing batch 5419/18932 ...
[09/07 23:32:17] [TEST] Processing batch 5420/18932 ...
[09/07 23:32:17] [TEST] Processing batch 5421/18932 ...
[09/07 23:32:17] [TEST] Processing batch 5422/18932 ...
[09/07 23:32:17] [TEST] Processing batch 5423/18932 ...
[09/07 23:32:17] [TEST] Processing batch 5424/18932 ...
[09/07 23:32:17] [TEST] Processing batch 5425/18932 ...
[09/07 23:32:17] [TEST] Processing batch 5426/18932 ...
[09/07 23:32:17] [TEST] Processing batch 5427/18932 ...
[09/07 23:32:17] [TEST] Processing batch 5428/18932 ...
[09/07 23:32:17] [TEST] Processing batch 5429/18932 ...
[09/07 23:32:17] [TEST] Processing batch 5430/18932 ...
[09/07 23:32:17] [TEST] Processing batch 5431/18932 ...
[09/07 23:32:17] [TEST] Processing batch 5432/18932 ...
[09/07 23:32:17] [TEST] Processing batch 5433/18932 ...
[09/07 23:32:17] [TEST] Processing batch 5434/18932 ...
[09/07 23:32:18] [TEST] Processing batch 5435/18932 ...
[09/07 23:32:18] [TEST] Processing batch 5436/18932 ...
[09/07 23:32:18] [TEST] Processing batch 5437/18932 ...
[09/07 23:32:18] [TEST] Processing batch 5438/18932 ...
[09/07 23:32:18] [TEST] Processing batch 5439/18932 ...
[09/07 23:32:18] [TEST] Processing batch 5440/18932 ...
[09/07 23:32:18] [TEST] Processing batch 5441/18932 ...
[09/07 23:32:18] [TEST] Processing batch 5442/18932 ...
[09/07 23:32:18] [TEST] Processing batch 5443/18932 ...
[09/07 23:32:18] [TEST] Processing batch 5444/18932 ...
[09/07 23:32:18] [TEST] Processing batch 5445/18932 ...
[09/07 23:32:18] [TEST] Processing batch 5446/18932 ...
[09/07 23:32:18] [TEST] Processing batch 5447/18932 ...
[09/07 23:32:18] [TEST] Processing batch 5448/18932 ...
[09/07 23:32:18] [TEST] Processing batch 5449/18932 ...
[09/07 23:32:18] [TEST] Processing batch 5450/18932 ...
[09/07 23:32:19] [TEST] Processing batch 5451/18932 ...
[09/07 23:32:19] [TEST] Processing batch 5452/18932 ...
[09/07 23:32:19] [TEST] Processing batch 5453/18932 ...
[09/07 23:32:19] [TEST] Processing batch 5454/18932 ...
[09/07 23:32:19] [TEST] Processing batch 5455/18932 ...
[09/07 23:32:19] [TEST] Processing batch 5456/18932 ...
[09/07 23:32:19] [TEST] Processing batch 5457/18932 ...
[09/07 23:32:19] [TEST] Processing batch 5458/18932 ...
[09/07 23:32:19] [TEST] Processing batch 5459/18932 ...
[09/07 23:32:19] [TEST] Processing batch 5460/18932 ...
[09/07 23:32:19] [TEST] Processing batch 5461/18932 ...
[09/07 23:32:19] [TEST] Processing batch 5462/18932 ...
[09/07 23:32:19] [TEST] Processing batch 5463/18932 ...
[09/07 23:32:19] [TEST] Processing batch 5464/18932 ...
[09/07 23:32:19] [TEST] Processing batch 5465/18932 ...
[09/07 23:32:19] [TEST] Processing batch 5466/18932 ...
[09/07 23:32:20] [TEST] Processing batch 5467/18932 ...
[09/07 23:32:20] [TEST] Processing batch 5468/18932 ...
[09/07 23:32:20] [TEST] Processing batch 5469/18932 ...
[09/07 23:32:20] [TEST] Processing batch 5470/18932 ...
[09/07 23:32:20] [TEST] Processing batch 5471/18932 ...
[09/07 23:32:20] [TEST] Processing batch 5472/18932 ...
[09/07 23:32:20] [TEST] Processing batch 5473/18932 ...
[09/07 23:32:20] [TEST] Processing batch 5474/18932 ...
[09/07 23:32:20] [TEST] Processing batch 5475/18932 ...
[09/07 23:32:20] [TEST] Processing batch 5476/18932 ...
[09/07 23:32:20] [TEST] Processing batch 5477/18932 ...
[09/07 23:32:20] [TEST] Processing batch 5478/18932 ...
[09/07 23:32:20] [TEST] Processing batch 5479/18932 ...
[09/07 23:32:20] [TEST] Processing batch 5480/18932 ...
[09/07 23:32:20] [TEST] Processing batch 5481/18932 ...
[09/07 23:32:20] [TEST] Processing batch 5482/18932 ...
[09/07 23:32:21] [TEST] Processing batch 5483/18932 ...
[09/07 23:32:21] [TEST] Processing batch 5484/18932 ...
[09/07 23:32:21] [TEST] Processing batch 5485/18932 ...
[09/07 23:32:21] [TEST] Processing batch 5486/18932 ...
[09/07 23:32:21] [TEST] Processing batch 5487/18932 ...
[09/07 23:32:21] [TEST] Processing batch 5488/18932 ...
[09/07 23:32:21] [TEST] Processing batch 5489/18932 ...
[09/07 23:32:21] [TEST] Processing batch 5490/18932 ...
[09/07 23:32:21] [TEST] Processing batch 5491/18932 ...
[09/07 23:32:21] [TEST] Processing batch 5492/18932 ...
[09/07 23:32:21] [TEST] Processing batch 5493/18932 ...
[09/07 23:32:21] [TEST] Processing batch 5494/18932 ...
[09/07 23:32:21] [TEST] Processing batch 5495/18932 ...
[09/07 23:32:21] [TEST] Processing batch 5496/18932 ...
[09/07 23:32:21] [TEST] Processing batch 5497/18932 ...
[09/07 23:32:21] [TEST] Processing batch 5498/18932 ...
[09/07 23:32:22] [TEST] Processing batch 5499/18932 ...
[09/07 23:32:22] [TEST] Processing batch 5500/18932 ...
[09/07 23:32:22] [TEST] Processing batch 5501/18932 ...
[09/07 23:32:22] [TEST] Processing batch 5502/18932 ...
[09/07 23:32:22] [TEST] Processing batch 5503/18932 ...
[09/07 23:32:22] [TEST] Processing batch 5504/18932 ...
[09/07 23:32:22] [TEST] Processing batch 5505/18932 ...
[09/07 23:32:22] [TEST] Processing batch 5506/18932 ...
[09/07 23:32:22] [TEST] Processing batch 5507/18932 ...
[09/07 23:32:22] [TEST] Processing batch 5508/18932 ...
[09/07 23:32:22] [TEST] Processing batch 5509/18932 ...
[09/07 23:32:22] [TEST] Processing batch 5510/18932 ...
[09/07 23:32:22] [TEST] Processing batch 5511/18932 ...
[09/07 23:32:22] [TEST] Processing batch 5512/18932 ...
[09/07 23:32:22] [TEST] Processing batch 5513/18932 ...
[09/07 23:32:22] [TEST] Processing batch 5514/18932 ...
[09/07 23:32:23] [TEST] Processing batch 5515/18932 ...
[09/07 23:32:23] [TEST] Processing batch 5516/18932 ...
[09/07 23:32:23] [TEST] Processing batch 5517/18932 ...
[09/07 23:32:23] [TEST] Processing batch 5518/18932 ...
[09/07 23:32:23] [TEST] Processing batch 5519/18932 ...
[09/07 23:32:23] [TEST] Processing batch 5520/18932 ...
[09/07 23:32:23] [TEST] Processing batch 5521/18932 ...
[09/07 23:32:23] [TEST] Processing batch 5522/18932 ...
[09/07 23:32:23] [TEST] Processing batch 5523/18932 ...
[09/07 23:32:23] [TEST] Processing batch 5524/18932 ...
[09/07 23:32:23] [TEST] Processing batch 5525/18932 ...
[09/07 23:32:23] [TEST] Processing batch 5526/18932 ...
[09/07 23:32:23] [TEST] Processing batch 5527/18932 ...
[09/07 23:32:23] [TEST] Processing batch 5528/18932 ...
[09/07 23:32:23] [TEST] Processing batch 5529/18932 ...
[09/07 23:32:23] [TEST] Processing batch 5530/18932 ...
[09/07 23:32:24] [TEST] Processing batch 5531/18932 ...
[09/07 23:32:24] [TEST] Processing batch 5532/18932 ...
[09/07 23:32:24] [TEST] Processing batch 5533/18932 ...
[09/07 23:32:24] [TEST] Processing batch 5534/18932 ...
[09/07 23:32:24] [TEST] Processing batch 5535/18932 ...
[09/07 23:32:24] [TEST] Processing batch 5536/18932 ...
[09/07 23:32:24] [TEST] Processing batch 5537/18932 ...
[09/07 23:32:24] [TEST] Processing batch 5538/18932 ...
[09/07 23:32:24] [TEST] Processing batch 5539/18932 ...
[09/07 23:32:24] [TEST] Processing batch 5540/18932 ...
[09/07 23:32:24] [TEST] Processing batch 5541/18932 ...
[09/07 23:32:24] [TEST] Processing batch 5542/18932 ...
[09/07 23:32:24] [TEST] Processing batch 5543/18932 ...
[09/07 23:32:24] [TEST] Processing batch 5544/18932 ...
[09/07 23:32:24] [TEST] Processing batch 5545/18932 ...
[09/07 23:32:24] [TEST] Processing batch 5546/18932 ...
[09/07 23:32:25] [TEST] Processing batch 5547/18932 ...
[09/07 23:32:25] [TEST] Processing batch 5548/18932 ...
[09/07 23:32:25] [TEST] Processing batch 5549/18932 ...
[09/07 23:32:25] [TEST] Processing batch 5550/18932 ...
[09/07 23:32:25] [TEST] Processing batch 5551/18932 ...
[09/07 23:32:25] [TEST] Processing batch 5552/18932 ...
[09/07 23:32:25] [TEST] Processing batch 5553/18932 ...
[09/07 23:32:25] [TEST] Processing batch 5554/18932 ...
[09/07 23:32:25] [TEST] Processing batch 5555/18932 ...
[09/07 23:32:25] [TEST] Processing batch 5556/18932 ...
[09/07 23:32:25] [TEST] Processing batch 5557/18932 ...
[09/07 23:32:25] [TEST] Processing batch 5558/18932 ...
[09/07 23:32:25] [TEST] Processing batch 5559/18932 ...
[09/07 23:32:25] [TEST] Processing batch 5560/18932 ...
[09/07 23:32:25] [TEST] Processing batch 5561/18932 ...
[09/07 23:32:25] [TEST] Processing batch 5562/18932 ...
[09/07 23:32:26] [TEST] Processing batch 5563/18932 ...
[09/07 23:32:26] [TEST] Processing batch 5564/18932 ...
[09/07 23:32:26] [TEST] Processing batch 5565/18932 ...
[09/07 23:32:26] [TEST] Processing batch 5566/18932 ...
[09/07 23:32:26] [TEST] Processing batch 5567/18932 ...
[09/07 23:32:26] [TEST] Processing batch 5568/18932 ...
[09/07 23:32:26] [TEST] Processing batch 5569/18932 ...
[09/07 23:32:26] [TEST] Processing batch 5570/18932 ...
[09/07 23:32:26] [TEST] Processing batch 5571/18932 ...
[09/07 23:32:26] [TEST] Processing batch 5572/18932 ...
[09/07 23:32:26] [TEST] Processing batch 5573/18932 ...
[09/07 23:32:26] [TEST] Processing batch 5574/18932 ...
[09/07 23:32:26] [TEST] Processing batch 5575/18932 ...
[09/07 23:32:26] [TEST] Processing batch 5576/18932 ...
[09/07 23:32:26] [TEST] Processing batch 5577/18932 ...
[09/07 23:32:27] [TEST] Processing batch 5578/18932 ...
[09/07 23:32:27] [TEST] Processing batch 5579/18932 ...
[09/07 23:32:27] [TEST] Processing batch 5580/18932 ...
[09/07 23:32:27] [TEST] Processing batch 5581/18932 ...
[09/07 23:32:27] [TEST] Processing batch 5582/18932 ...
[09/07 23:32:27] [TEST] Processing batch 5583/18932 ...
[09/07 23:32:27] [TEST] Processing batch 5584/18932 ...
[09/07 23:32:27] [TEST] Processing batch 5585/18932 ...
[09/07 23:32:27] [TEST] Processing batch 5586/18932 ...
[09/07 23:32:27] [TEST] Processing batch 5587/18932 ...
[09/07 23:32:27] [TEST] Processing batch 5588/18932 ...
[09/07 23:32:27] [TEST] Processing batch 5589/18932 ...
[09/07 23:32:27] [TEST] Processing batch 5590/18932 ...
[09/07 23:32:27] [TEST] Processing batch 5591/18932 ...
[09/07 23:32:27] [TEST] Processing batch 5592/18932 ...
[09/07 23:32:27] [TEST] Processing batch 5593/18932 ...
[09/07 23:32:28] [TEST] Processing batch 5594/18932 ...
[09/07 23:32:28] [TEST] Processing batch 5595/18932 ...
[09/07 23:32:28] [TEST] Processing batch 5596/18932 ...
[09/07 23:32:28] [TEST] Processing batch 5597/18932 ...
[09/07 23:32:28] [TEST] Processing batch 5598/18932 ...
[09/07 23:32:28] [TEST] Processing batch 5599/18932 ...
[09/07 23:32:28] [TEST] Processing batch 5600/18932 ...
[09/07 23:32:28] [TEST] Processing batch 5601/18932 ...
[09/07 23:32:28] [TEST] Processing batch 5602/18932 ...
[09/07 23:32:28] [TEST] Processing batch 5603/18932 ...
[09/07 23:32:28] [TEST] Processing batch 5604/18932 ...
[09/07 23:32:28] [TEST] Processing batch 5605/18932 ...
[09/07 23:32:28] [TEST] Processing batch 5606/18932 ...
[09/07 23:32:28] [TEST] Processing batch 5607/18932 ...
[09/07 23:32:28] [TEST] Processing batch 5608/18932 ...
[09/07 23:32:28] [TEST] Processing batch 5609/18932 ...
[09/07 23:32:29] [TEST] Processing batch 5610/18932 ...
[09/07 23:32:29] [TEST] Processing batch 5611/18932 ...
[09/07 23:32:29] [TEST] Processing batch 5612/18932 ...
[09/07 23:32:29] [TEST] Processing batch 5613/18932 ...
[09/07 23:32:29] [TEST] Processing batch 5614/18932 ...
[09/07 23:32:29] [TEST] Processing batch 5615/18932 ...
[09/07 23:32:29] [TEST] Processing batch 5616/18932 ...
[09/07 23:32:29] [TEST] Processing batch 5617/18932 ...
[09/07 23:32:29] [TEST] Processing batch 5618/18932 ...
[09/07 23:32:29] [TEST] Processing batch 5619/18932 ...
[09/07 23:32:29] [TEST] Processing batch 5620/18932 ...
[09/07 23:32:29] [TEST] Processing batch 5621/18932 ...
[09/07 23:32:29] [TEST] Processing batch 5622/18932 ...
[09/07 23:32:29] [TEST] Processing batch 5623/18932 ...
[09/07 23:32:29] [TEST] Processing batch 5624/18932 ...
[09/07 23:32:29] [TEST] Processing batch 5625/18932 ...
[09/07 23:32:30] [TEST] Processing batch 5626/18932 ...
[09/07 23:32:30] [TEST] Processing batch 5627/18932 ...
[09/07 23:32:30] [TEST] Processing batch 5628/18932 ...
[09/07 23:32:30] [TEST] Processing batch 5629/18932 ...
[09/07 23:32:30] [TEST] Processing batch 5630/18932 ...
[09/07 23:32:30] [TEST] Processing batch 5631/18932 ...
[09/07 23:32:30] [TEST] Processing batch 5632/18932 ...
[09/07 23:32:30] [TEST] Processing batch 5633/18932 ...
[09/07 23:32:30] [TEST] Processing batch 5634/18932 ...
[09/07 23:32:30] [TEST] Processing batch 5635/18932 ...
[09/07 23:32:30] [TEST] Processing batch 5636/18932 ...
[09/07 23:32:30] [TEST] Processing batch 5637/18932 ...
[09/07 23:32:30] [TEST] Processing batch 5638/18932 ...
[09/07 23:32:30] [TEST] Processing batch 5639/18932 ...
[09/07 23:32:30] [TEST] Processing batch 5640/18932 ...
[09/07 23:32:31] [TEST] Processing batch 5641/18932 ...
[09/07 23:32:31] [TEST] Processing batch 5642/18932 ...
[09/07 23:32:31] [TEST] Processing batch 5643/18932 ...
[09/07 23:32:31] [TEST] Processing batch 5644/18932 ...
[09/07 23:32:31] [TEST] Processing batch 5645/18932 ...
[09/07 23:32:31] [TEST] Processing batch 5646/18932 ...
[09/07 23:32:31] [TEST] Processing batch 5647/18932 ...
[09/07 23:32:31] [TEST] Processing batch 5648/18932 ...
[09/07 23:32:31] [TEST] Processing batch 5649/18932 ...
[09/07 23:32:31] [TEST] Processing batch 5650/18932 ...
[09/07 23:32:31] [TEST] Processing batch 5651/18932 ...
[09/07 23:32:31] [TEST] Processing batch 5652/18932 ...
[09/07 23:32:31] [TEST] Processing batch 5653/18932 ...
[09/07 23:32:31] [TEST] Processing batch 5654/18932 ...
[09/07 23:32:31] [TEST] Processing batch 5655/18932 ...
[09/07 23:32:31] [TEST] Processing batch 5656/18932 ...
[09/07 23:32:32] [TEST] Processing batch 5657/18932 ...
[09/07 23:32:32] [TEST] Processing batch 5658/18932 ...
[09/07 23:32:32] [TEST] Processing batch 5659/18932 ...
[09/07 23:32:32] [TEST] Processing batch 5660/18932 ...
[09/07 23:32:32] [TEST] Processing batch 5661/18932 ...
[09/07 23:32:32] [TEST] Processing batch 5662/18932 ...
[09/07 23:32:32] [TEST] Processing batch 5663/18932 ...
[09/07 23:32:32] [TEST] Processing batch 5664/18932 ...
[09/07 23:32:32] [TEST] Processing batch 5665/18932 ...
[09/07 23:32:32] [TEST] Processing batch 5666/18932 ...
[09/07 23:32:32] [TEST] Processing batch 5667/18932 ...
[09/07 23:32:32] [TEST] Processing batch 5668/18932 ...
[09/07 23:32:32] [TEST] Processing batch 5669/18932 ...
[09/07 23:32:32] [TEST] Processing batch 5670/18932 ...
[09/07 23:32:32] [TEST] Processing batch 5671/18932 ...
[09/07 23:32:32] [TEST] Processing batch 5672/18932 ...
[09/07 23:32:33] [TEST] Processing batch 5673/18932 ...
[09/07 23:32:33] [TEST] Processing batch 5674/18932 ...
[09/07 23:32:33] [TEST] Processing batch 5675/18932 ...
[09/07 23:32:33] [TEST] Processing batch 5676/18932 ...
[09/07 23:32:33] [TEST] Processing batch 5677/18932 ...
[09/07 23:32:33] [TEST] Processing batch 5678/18932 ...
[09/07 23:32:33] [TEST] Processing batch 5679/18932 ...
[09/07 23:32:33] [TEST] Processing batch 5680/18932 ...
[09/07 23:32:33] [TEST] Processing batch 5681/18932 ...
[09/07 23:32:33] [TEST] Processing batch 5682/18932 ...
[09/07 23:32:33] [TEST] Processing batch 5683/18932 ...
[09/07 23:32:33] [TEST] Processing batch 5684/18932 ...
[09/07 23:32:33] [TEST] Processing batch 5685/18932 ...
[09/07 23:32:33] [TEST] Processing batch 5686/18932 ...
[09/07 23:32:33] [TEST] Processing batch 5687/18932 ...
[09/07 23:32:33] [TEST] Processing batch 5688/18932 ...
[09/07 23:32:34] [TEST] Processing batch 5689/18932 ...
[09/07 23:32:34] [TEST] Processing batch 5690/18932 ...
[09/07 23:32:34] [TEST] Processing batch 5691/18932 ...
[09/07 23:32:34] [TEST] Processing batch 5692/18932 ...
[09/07 23:32:34] [TEST] Processing batch 5693/18932 ...
[09/07 23:32:34] [TEST] Processing batch 5694/18932 ...
[09/07 23:32:34] [TEST] Processing batch 5695/18932 ...
[09/07 23:32:34] [TEST] Processing batch 5696/18932 ...
[09/07 23:32:34] [TEST] Processing batch 5697/18932 ...
[09/07 23:32:34] [TEST] Processing batch 5698/18932 ...
[09/07 23:32:34] [TEST] Processing batch 5699/18932 ...
[09/07 23:32:34] [TEST] Processing batch 5700/18932 ...
[09/07 23:32:34] [TEST] Processing batch 5701/18932 ...
[09/07 23:32:34] [TEST] Processing batch 5702/18932 ...
[09/07 23:32:34] [TEST] Processing batch 5703/18932 ...
[09/07 23:32:34] [TEST] Processing batch 5704/18932 ...
[09/07 23:32:35] [TEST] Processing batch 5705/18932 ...
[09/07 23:32:35] [TEST] Processing batch 5706/18932 ...
[09/07 23:32:35] [TEST] Processing batch 5707/18932 ...
[09/07 23:32:35] [TEST] Processing batch 5708/18932 ...
[09/07 23:32:35] [TEST] Processing batch 5709/18932 ...
[09/07 23:32:35] [TEST] Processing batch 5710/18932 ...
[09/07 23:32:35] [TEST] Processing batch 5711/18932 ...
[09/07 23:32:35] [TEST] Processing batch 5712/18932 ...
[09/07 23:32:35] [TEST] Processing batch 5713/18932 ...
[09/07 23:32:35] [TEST] Processing batch 5714/18932 ...
[09/07 23:32:35] [TEST] Processing batch 5715/18932 ...
[09/07 23:32:35] [TEST] Processing batch 5716/18932 ...
[09/07 23:32:35] [TEST] Processing batch 5717/18932 ...
[09/07 23:32:35] [TEST] Processing batch 5718/18932 ...
[09/07 23:32:35] [TEST] Processing batch 5719/18932 ...
[09/07 23:32:35] [TEST] Processing batch 5720/18932 ...
[09/07 23:32:36] [TEST] Processing batch 5721/18932 ...
[09/07 23:32:36] [TEST] Processing batch 5722/18932 ...
[09/07 23:32:36] [TEST] Processing batch 5723/18932 ...
[09/07 23:32:36] [TEST] Processing batch 5724/18932 ...
[09/07 23:32:36] [TEST] Processing batch 5725/18932 ...
[09/07 23:32:36] [TEST] Processing batch 5726/18932 ...
[09/07 23:32:36] [TEST] Processing batch 5727/18932 ...
[09/07 23:32:36] [TEST] Processing batch 5728/18932 ...
[09/07 23:32:36] [TEST] Processing batch 5729/18932 ...
[09/07 23:32:36] [TEST] Processing batch 5730/18932 ...
[09/07 23:32:36] [TEST] Processing batch 5731/18932 ...
[09/07 23:32:36] [TEST] Processing batch 5732/18932 ...
[09/07 23:32:36] [TEST] Processing batch 5733/18932 ...
[09/07 23:32:36] [TEST] Processing batch 5734/18932 ...
[09/07 23:32:36] [TEST] Processing batch 5735/18932 ...
[09/07 23:32:36] [TEST] Processing batch 5736/18932 ...
[09/07 23:32:37] [TEST] Processing batch 5737/18932 ...
[09/07 23:32:37] [TEST] Processing batch 5738/18932 ...
[09/07 23:32:37] [TEST] Processing batch 5739/18932 ...
[09/07 23:32:37] [TEST] Processing batch 5740/18932 ...
[09/07 23:32:37] [TEST] Processing batch 5741/18932 ...
[09/07 23:32:37] [TEST] Processing batch 5742/18932 ...
[09/07 23:32:37] [TEST] Processing batch 5743/18932 ...
[09/07 23:32:37] [TEST] Processing batch 5744/18932 ...
[09/07 23:32:37] [TEST] Processing batch 5745/18932 ...
[09/07 23:32:37] [TEST] Processing batch 5746/18932 ...
[09/07 23:32:37] [TEST] Processing batch 5747/18932 ...
[09/07 23:32:37] [TEST] Processing batch 5748/18932 ...
[09/07 23:32:37] [TEST] Processing batch 5749/18932 ...
[09/07 23:32:37] [TEST] Processing batch 5750/18932 ...
[09/07 23:32:37] [TEST] Processing batch 5751/18932 ...
[09/07 23:32:37] [TEST] Processing batch 5752/18932 ...
[09/07 23:32:38] [TEST] Processing batch 5753/18932 ...
[09/07 23:32:38] [TEST] Processing batch 5754/18932 ...
[09/07 23:32:38] [TEST] Processing batch 5755/18932 ...
[09/07 23:32:38] [TEST] Processing batch 5756/18932 ...
[09/07 23:32:38] [TEST] Processing batch 5757/18932 ...
[09/07 23:32:38] [TEST] Processing batch 5758/18932 ...
[09/07 23:32:38] [TEST] Processing batch 5759/18932 ...
[09/07 23:32:38] [TEST] Processing batch 5760/18932 ...
[09/07 23:32:38] [TEST] Processing batch 5761/18932 ...
[09/07 23:32:38] [TEST] Processing batch 5762/18932 ...
[09/07 23:32:38] [TEST] Processing batch 5763/18932 ...
[09/07 23:32:38] [TEST] Processing batch 5764/18932 ...
[09/07 23:32:38] [TEST] Processing batch 5765/18932 ...
[09/07 23:32:38] [TEST] Processing batch 5766/18932 ...
[09/07 23:32:38] [TEST] Processing batch 5767/18932 ...
[09/07 23:32:38] [TEST] Processing batch 5768/18932 ...
[09/07 23:32:39] [TEST] Processing batch 5769/18932 ...
[09/07 23:32:39] [TEST] Processing batch 5770/18932 ...
[09/07 23:32:39] [TEST] Processing batch 5771/18932 ...
[09/07 23:32:39] [TEST] Processing batch 5772/18932 ...
[09/07 23:32:39] [TEST] Processing batch 5773/18932 ...
[09/07 23:32:39] [TEST] Processing batch 5774/18932 ...
[09/07 23:32:39] [TEST] Processing batch 5775/18932 ...
[09/07 23:32:39] [TEST] Processing batch 5776/18932 ...
[09/07 23:32:39] [TEST] Processing batch 5777/18932 ...
[09/07 23:32:39] [TEST] Processing batch 5778/18932 ...
[09/07 23:32:39] [TEST] Processing batch 5779/18932 ...
[09/07 23:32:39] [TEST] Processing batch 5780/18932 ...
[09/07 23:32:39] [TEST] Processing batch 5781/18932 ...
[09/07 23:32:39] [TEST] Processing batch 5782/18932 ...
[09/07 23:32:39] [TEST] Processing batch 5783/18932 ...
[09/07 23:32:39] [TEST] Processing batch 5784/18932 ...
[09/07 23:32:40] [TEST] Processing batch 5785/18932 ...
[09/07 23:32:40] [TEST] Processing batch 5786/18932 ...
[09/07 23:32:40] [TEST] Processing batch 5787/18932 ...
[09/07 23:32:40] [TEST] Processing batch 5788/18932 ...
[09/07 23:32:40] [TEST] Processing batch 5789/18932 ...
[09/07 23:32:40] [TEST] Processing batch 5790/18932 ...
[09/07 23:32:40] [TEST] Processing batch 5791/18932 ...
[09/07 23:32:40] [TEST] Processing batch 5792/18932 ...
[09/07 23:32:40] [TEST] Processing batch 5793/18932 ...
[09/07 23:32:40] [TEST] Processing batch 5794/18932 ...
[09/07 23:32:40] [TEST] Processing batch 5795/18932 ...
[09/07 23:32:40] [TEST] Processing batch 5796/18932 ...
[09/07 23:32:40] [TEST] Processing batch 5797/18932 ...
[09/07 23:32:40] [TEST] Processing batch 5798/18932 ...
[09/07 23:32:40] [TEST] Processing batch 5799/18932 ...
[09/07 23:32:40] [TEST] Processing batch 5800/18932 ...
[09/07 23:32:41] [TEST] Processing batch 5801/18932 ...
[09/07 23:32:41] [TEST] Processing batch 5802/18932 ...
[09/07 23:32:41] [TEST] Processing batch 5803/18932 ...
[09/07 23:32:41] [TEST] Processing batch 5804/18932 ...
[09/07 23:32:41] [TEST] Processing batch 5805/18932 ...
[09/07 23:32:41] [TEST] Processing batch 5806/18932 ...
[09/07 23:32:41] [TEST] Processing batch 5807/18932 ...
[09/07 23:32:41] [TEST] Processing batch 5808/18932 ...
[09/07 23:32:41] [TEST] Processing batch 5809/18932 ...
[09/07 23:32:41] [TEST] Processing batch 5810/18932 ...
[09/07 23:32:41] [TEST] Processing batch 5811/18932 ...
[09/07 23:32:41] [TEST] Processing batch 5812/18932 ...
[09/07 23:32:41] [TEST] Processing batch 5813/18932 ...
[09/07 23:32:41] [TEST] Processing batch 5814/18932 ...
[09/07 23:32:41] [TEST] Processing batch 5815/18932 ...
[09/07 23:32:42] [TEST] Processing batch 5816/18932 ...
[09/07 23:32:42] [TEST] Processing batch 5817/18932 ...
[09/07 23:32:42] [TEST] Processing batch 5818/18932 ...
[09/07 23:32:42] [TEST] Processing batch 5819/18932 ...
[09/07 23:32:42] [TEST] Processing batch 5820/18932 ...
[09/07 23:32:42] [TEST] Processing batch 5821/18932 ...
[09/07 23:32:42] [TEST] Processing batch 5822/18932 ...
[09/07 23:32:42] [TEST] Processing batch 5823/18932 ...
[09/07 23:32:42] [TEST] Processing batch 5824/18932 ...
[09/07 23:32:42] [TEST] Processing batch 5825/18932 ...
[09/07 23:32:42] [TEST] Processing batch 5826/18932 ...
[09/07 23:32:42] [TEST] Processing batch 5827/18932 ...
[09/07 23:32:42] [TEST] Processing batch 5828/18932 ...
[09/07 23:32:42] [TEST] Processing batch 5829/18932 ...
[09/07 23:32:42] [TEST] Processing batch 5830/18932 ...
[09/07 23:32:42] [TEST] Processing batch 5831/18932 ...
[09/07 23:32:43] [TEST] Processing batch 5832/18932 ...
[09/07 23:32:43] [TEST] Processing batch 5833/18932 ...
[09/07 23:32:43] [TEST] Processing batch 5834/18932 ...
[09/07 23:32:43] [TEST] Processing batch 5835/18932 ...
[09/07 23:32:43] [TEST] Processing batch 5836/18932 ...
[09/07 23:32:43] [TEST] Processing batch 5837/18932 ...
[09/07 23:32:43] [TEST] Processing batch 5838/18932 ...
[09/07 23:32:43] [TEST] Processing batch 5839/18932 ...
[09/07 23:32:43] [TEST] Processing batch 5840/18932 ...
[09/07 23:32:43] [TEST] Processing batch 5841/18932 ...
[09/07 23:32:43] [TEST] Processing batch 5842/18932 ...
[09/07 23:32:43] [TEST] Processing batch 5843/18932 ...
[09/07 23:32:43] [TEST] Processing batch 5844/18932 ...
[09/07 23:32:43] [TEST] Processing batch 5845/18932 ...
[09/07 23:32:43] [TEST] Processing batch 5846/18932 ...
[09/07 23:32:43] [TEST] Processing batch 5847/18932 ...
[09/07 23:32:44] [TEST] Processing batch 5848/18932 ...
[09/07 23:32:44] [TEST] Processing batch 5849/18932 ...
[09/07 23:32:44] [TEST] Processing batch 5850/18932 ...
[09/07 23:32:44] [TEST] Processing batch 5851/18932 ...
[09/07 23:32:44] [TEST] Processing batch 5852/18932 ...
[09/07 23:32:44] [TEST] Processing batch 5853/18932 ...
[09/07 23:32:44] [TEST] Processing batch 5854/18932 ...
[09/07 23:32:44] [TEST] Processing batch 5855/18932 ...
[09/07 23:32:44] [TEST] Processing batch 5856/18932 ...
[09/07 23:32:44] [TEST] Processing batch 5857/18932 ...
[09/07 23:32:44] [TEST] Processing batch 5858/18932 ...
[09/07 23:32:44] [TEST] Processing batch 5859/18932 ...
[09/07 23:32:44] [TEST] Processing batch 5860/18932 ...
[09/07 23:32:44] [TEST] Processing batch 5861/18932 ...
[09/07 23:32:44] [TEST] Processing batch 5862/18932 ...
[09/07 23:32:44] [TEST] Processing batch 5863/18932 ...
[09/07 23:32:45] [TEST] Processing batch 5864/18932 ...
[09/07 23:32:45] [TEST] Processing batch 5865/18932 ...
[09/07 23:32:45] [TEST] Processing batch 5866/18932 ...
[09/07 23:32:45] [TEST] Processing batch 5867/18932 ...
[09/07 23:32:45] [TEST] Processing batch 5868/18932 ...
[09/07 23:32:45] [TEST] Processing batch 5869/18932 ...
[09/07 23:32:45] [TEST] Processing batch 5870/18932 ...
[09/07 23:32:45] [TEST] Processing batch 5871/18932 ...
[09/07 23:32:45] [TEST] Processing batch 5872/18932 ...
[09/07 23:32:45] [TEST] Processing batch 5873/18932 ...
[09/07 23:32:45] [TEST] Processing batch 5874/18932 ...
[09/07 23:32:45] [TEST] Processing batch 5875/18932 ...
[09/07 23:32:45] [TEST] Processing batch 5876/18932 ...
[09/07 23:32:45] [TEST] Processing batch 5877/18932 ...
[09/07 23:32:45] [TEST] Processing batch 5878/18932 ...
[09/07 23:32:45] [TEST] Processing batch 5879/18932 ...
[09/07 23:32:46] [TEST] Processing batch 5880/18932 ...
[09/07 23:32:46] [TEST] Processing batch 5881/18932 ...
[09/07 23:32:46] [TEST] Processing batch 5882/18932 ...
[09/07 23:32:46] [TEST] Processing batch 5883/18932 ...
[09/07 23:32:46] [TEST] Processing batch 5884/18932 ...
[09/07 23:32:46] [TEST] Processing batch 5885/18932 ...
[09/07 23:32:46] [TEST] Processing batch 5886/18932 ...
[09/07 23:32:46] [TEST] Processing batch 5887/18932 ...
[09/07 23:32:46] [TEST] Processing batch 5888/18932 ...
[09/07 23:32:46] [TEST] Processing batch 5889/18932 ...
[09/07 23:32:46] [TEST] Processing batch 5890/18932 ...
[09/07 23:32:46] [TEST] Processing batch 5891/18932 ...
[09/07 23:32:46] [TEST] Processing batch 5892/18932 ...
[09/07 23:32:46] [TEST] Processing batch 5893/18932 ...
[09/07 23:32:46] [TEST] Processing batch 5894/18932 ...
[09/07 23:32:46] [TEST] Processing batch 5895/18932 ...
[09/07 23:32:47] [TEST] Processing batch 5896/18932 ...
[09/07 23:32:47] [TEST] Processing batch 5897/18932 ...
[09/07 23:32:47] [TEST] Processing batch 5898/18932 ...
[09/07 23:32:47] [TEST] Processing batch 5899/18932 ...
[09/07 23:32:47] [TEST] Processing batch 5900/18932 ...
[09/07 23:32:47] [TEST] Processing batch 5901/18932 ...
[09/07 23:32:47] [TEST] Processing batch 5902/18932 ...
[09/07 23:32:47] [TEST] Processing batch 5903/18932 ...
[09/07 23:32:47] [TEST] Processing batch 5904/18932 ...
[09/07 23:32:47] [TEST] Processing batch 5905/18932 ...
[09/07 23:32:47] [TEST] Processing batch 5906/18932 ...
[09/07 23:32:47] [TEST] Processing batch 5907/18932 ...
[09/07 23:32:47] [TEST] Processing batch 5908/18932 ...
[09/07 23:32:47] [TEST] Processing batch 5909/18932 ...
[09/07 23:32:47] [TEST] Processing batch 5910/18932 ...
[09/07 23:32:47] [TEST] Processing batch 5911/18932 ...
[09/07 23:32:48] [TEST] Processing batch 5912/18932 ...
[09/07 23:32:48] [TEST] Processing batch 5913/18932 ...
[09/07 23:32:48] [TEST] Processing batch 5914/18932 ...
[09/07 23:32:48] [TEST] Processing batch 5915/18932 ...
[09/07 23:32:48] [TEST] Processing batch 5916/18932 ...
[09/07 23:32:48] [TEST] Processing batch 5917/18932 ...
[09/07 23:32:48] [TEST] Processing batch 5918/18932 ...
[09/07 23:32:48] [TEST] Processing batch 5919/18932 ...
[09/07 23:32:48] [TEST] Processing batch 5920/18932 ...
[09/07 23:32:48] [TEST] Processing batch 5921/18932 ...
[09/07 23:32:48] [TEST] Processing batch 5922/18932 ...
[09/07 23:32:48] [TEST] Processing batch 5923/18932 ...
[09/07 23:32:48] [TEST] Processing batch 5924/18932 ...
[09/07 23:32:48] [TEST] Processing batch 5925/18932 ...
[09/07 23:32:48] [TEST] Processing batch 5926/18932 ...
[09/07 23:32:48] [TEST] Processing batch 5927/18932 ...
[09/07 23:32:49] [TEST] Processing batch 5928/18932 ...
[09/07 23:32:49] [TEST] Processing batch 5929/18932 ...
[09/07 23:32:49] [TEST] Processing batch 5930/18932 ...
[09/07 23:32:49] [TEST] Processing batch 5931/18932 ...
[09/07 23:32:49] [TEST] Processing batch 5932/18932 ...
[09/07 23:32:49] [TEST] Processing batch 5933/18932 ...
[09/07 23:32:49] [TEST] Processing batch 5934/18932 ...
[09/07 23:32:49] [TEST] Processing batch 5935/18932 ...
[09/07 23:32:49] [TEST] Processing batch 5936/18932 ...
[09/07 23:32:49] [TEST] Processing batch 5937/18932 ...
[09/07 23:32:49] [TEST] Processing batch 5938/18932 ...
[09/07 23:32:49] [TEST] Processing batch 5939/18932 ...
[09/07 23:32:49] [TEST] Processing batch 5940/18932 ...
[09/07 23:32:49] [TEST] Processing batch 5941/18932 ...
[09/07 23:32:49] [TEST] Processing batch 5942/18932 ...
[09/07 23:32:50] [TEST] Processing batch 5943/18932 ...
[09/07 23:32:50] [TEST] Processing batch 5944/18932 ...
[09/07 23:32:50] [TEST] Processing batch 5945/18932 ...
[09/07 23:32:50] [TEST] Processing batch 5946/18932 ...
[09/07 23:32:50] [TEST] Processing batch 5947/18932 ...
[09/07 23:32:50] [TEST] Processing batch 5948/18932 ...
[09/07 23:32:50] [TEST] Processing batch 5949/18932 ...
[09/07 23:32:50] [TEST] Processing batch 5950/18932 ...
[09/07 23:32:50] [TEST] Processing batch 5951/18932 ...
[09/07 23:32:50] [TEST] Processing batch 5952/18932 ...
[09/07 23:32:50] [TEST] Processing batch 5953/18932 ...
[09/07 23:32:50] [TEST] Processing batch 5954/18932 ...
[09/07 23:32:50] [TEST] Processing batch 5955/18932 ...
[09/07 23:32:50] [TEST] Processing batch 5956/18932 ...
[09/07 23:32:50] [TEST] Processing batch 5957/18932 ...
[09/07 23:32:50] [TEST] Processing batch 5958/18932 ...
[09/07 23:32:51] [TEST] Processing batch 5959/18932 ...
[09/07 23:32:51] [TEST] Processing batch 5960/18932 ...
[09/07 23:32:51] [TEST] Processing batch 5961/18932 ...
[09/07 23:32:51] [TEST] Processing batch 5962/18932 ...
[09/07 23:32:51] [TEST] Processing batch 5963/18932 ...
[09/07 23:32:51] [TEST] Processing batch 5964/18932 ...
[09/07 23:32:51] [TEST] Processing batch 5965/18932 ...
[09/07 23:32:51] [TEST] Processing batch 5966/18932 ...
[09/07 23:32:51] [TEST] Processing batch 5967/18932 ...
[09/07 23:32:51] [TEST] Processing batch 5968/18932 ...
[09/07 23:32:51] [TEST] Processing batch 5969/18932 ...
[09/07 23:32:51] [TEST] Processing batch 5970/18932 ...
[09/07 23:32:51] [TEST] Processing batch 5971/18932 ...
[09/07 23:32:51] [TEST] Processing batch 5972/18932 ...
[09/07 23:32:51] [TEST] Processing batch 5973/18932 ...
[09/07 23:32:51] [TEST] Processing batch 5974/18932 ...
[09/07 23:32:52] [TEST] Processing batch 5975/18932 ...
[09/07 23:32:52] [TEST] Processing batch 5976/18932 ...
[09/07 23:32:52] [TEST] Processing batch 5977/18932 ...
[09/07 23:32:52] [TEST] Processing batch 5978/18932 ...
[09/07 23:32:52] [TEST] Processing batch 5979/18932 ...
[09/07 23:32:52] [TEST] Processing batch 5980/18932 ...
[09/07 23:32:52] [TEST] Processing batch 5981/18932 ...
[09/07 23:32:52] [TEST] Processing batch 5982/18932 ...
[09/07 23:32:52] [TEST] Processing batch 5983/18932 ...
[09/07 23:32:52] [TEST] Processing batch 5984/18932 ...
[09/07 23:32:52] [TEST] Processing batch 5985/18932 ...
[09/07 23:32:52] [TEST] Processing batch 5986/18932 ...
[09/07 23:32:52] [TEST] Processing batch 5987/18932 ...
[09/07 23:32:52] [TEST] Processing batch 5988/18932 ...
[09/07 23:32:52] [TEST] Processing batch 5989/18932 ...
[09/07 23:32:52] [TEST] Processing batch 5990/18932 ...
[09/07 23:32:53] [TEST] Processing batch 5991/18932 ...
[09/07 23:32:53] [TEST] Processing batch 5992/18932 ...
[09/07 23:32:53] [TEST] Processing batch 5993/18932 ...
[09/07 23:32:53] [TEST] Processing batch 5994/18932 ...
[09/07 23:32:53] [TEST] Processing batch 5995/18932 ...
[09/07 23:32:53] [TEST] Processing batch 5996/18932 ...
[09/07 23:32:53] [TEST] Processing batch 5997/18932 ...
[09/07 23:32:53] [TEST] Processing batch 5998/18932 ...
[09/07 23:32:53] [TEST] Processing batch 5999/18932 ...
[09/07 23:32:53] [TEST] Processing batch 6000/18932 ...
[09/07 23:32:53] [TEST] Processing batch 6001/18932 ...
[09/07 23:32:53] [TEST] Processing batch 6002/18932 ...
[09/07 23:32:53] [TEST] Processing batch 6003/18932 ...
[09/07 23:32:53] [TEST] Processing batch 6004/18932 ...
[09/07 23:32:53] [TEST] Processing batch 6005/18932 ...
[09/07 23:32:53] [TEST] Processing batch 6006/18932 ...
[09/07 23:32:54] [TEST] Processing batch 6007/18932 ...
[09/07 23:32:54] [TEST] Processing batch 6008/18932 ...
[09/07 23:32:54] [TEST] Processing batch 6009/18932 ...
[09/07 23:32:54] [TEST] Processing batch 6010/18932 ...
[09/07 23:32:54] [TEST] Processing batch 6011/18932 ...
[09/07 23:32:54] [TEST] Processing batch 6012/18932 ...
[09/07 23:32:54] [TEST] Processing batch 6013/18932 ...
[09/07 23:32:54] [TEST] Processing batch 6014/18932 ...
[09/07 23:32:54] [TEST] Processing batch 6015/18932 ...
[09/07 23:32:54] [TEST] Processing batch 6016/18932 ...
[09/07 23:32:54] [TEST] Processing batch 6017/18932 ...
[09/07 23:32:54] [TEST] Processing batch 6018/18932 ...
[09/07 23:32:54] [TEST] Processing batch 6019/18932 ...
[09/07 23:32:54] [TEST] Processing batch 6020/18932 ...
[09/07 23:32:54] [TEST] Processing batch 6021/18932 ...
[09/07 23:32:54] [TEST] Processing batch 6022/18932 ...
[09/07 23:32:55] [TEST] Processing batch 6023/18932 ...
[09/07 23:32:55] [TEST] Processing batch 6024/18932 ...
[09/07 23:32:55] [TEST] Processing batch 6025/18932 ...
[09/07 23:32:55] [TEST] Processing batch 6026/18932 ...
[09/07 23:32:55] [TEST] Processing batch 6027/18932 ...
[09/07 23:32:55] [TEST] Processing batch 6028/18932 ...
[09/07 23:32:55] [TEST] Processing batch 6029/18932 ...
[09/07 23:32:55] [TEST] Processing batch 6030/18932 ...
[09/07 23:32:55] [TEST] Processing batch 6031/18932 ...
[09/07 23:32:55] [TEST] Processing batch 6032/18932 ...
[09/07 23:32:55] [TEST] Processing batch 6033/18932 ...
[09/07 23:32:55] [TEST] Processing batch 6034/18932 ...
[09/07 23:32:55] [TEST] Processing batch 6035/18932 ...
[09/07 23:32:55] [TEST] Processing batch 6036/18932 ...
[09/07 23:32:55] [TEST] Processing batch 6037/18932 ...
[09/07 23:32:55] [TEST] Processing batch 6038/18932 ...
[09/07 23:32:56] [TEST] Processing batch 6039/18932 ...
[09/07 23:32:56] [TEST] Processing batch 6040/18932 ...
[09/07 23:32:56] [TEST] Processing batch 6041/18932 ...
[09/07 23:32:56] [TEST] Processing batch 6042/18932 ...
[09/07 23:32:56] [TEST] Processing batch 6043/18932 ...
[09/07 23:32:56] [TEST] Processing batch 6044/18932 ...
[09/07 23:32:56] [TEST] Processing batch 6045/18932 ...
[09/07 23:32:56] [TEST] Processing batch 6046/18932 ...
[09/07 23:32:56] [TEST] Processing batch 6047/18932 ...
[09/07 23:32:56] [TEST] Processing batch 6048/18932 ...
[09/07 23:32:56] [TEST] Processing batch 6049/18932 ...
[09/07 23:32:56] [TEST] Processing batch 6050/18932 ...
[09/07 23:32:56] [TEST] Processing batch 6051/18932 ...
[09/07 23:32:56] [TEST] Processing batch 6052/18932 ...
[09/07 23:32:56] [TEST] Processing batch 6053/18932 ...
[09/07 23:32:56] [TEST] Processing batch 6054/18932 ...
[09/07 23:32:57] [TEST] Processing batch 6055/18932 ...
[09/07 23:32:57] [TEST] Processing batch 6056/18932 ...
[09/07 23:32:57] [TEST] Processing batch 6057/18932 ...
[09/07 23:32:57] [TEST] Processing batch 6058/18932 ...
[09/07 23:32:57] [TEST] Processing batch 6059/18932 ...
[09/07 23:32:57] [TEST] Processing batch 6060/18932 ...
[09/07 23:32:57] [TEST] Processing batch 6061/18932 ...
[09/07 23:32:57] [TEST] Processing batch 6062/18932 ...
[09/07 23:32:57] [TEST] Processing batch 6063/18932 ...
[09/07 23:32:57] [TEST] Processing batch 6064/18932 ...
[09/07 23:32:57] [TEST] Processing batch 6065/18932 ...
[09/07 23:32:57] [TEST] Processing batch 6066/18932 ...
[09/07 23:32:57] [TEST] Processing batch 6067/18932 ...
[09/07 23:32:57] [TEST] Processing batch 6068/18932 ...
[09/07 23:32:57] [TEST] Processing batch 6069/18932 ...
[09/07 23:32:57] [TEST] Processing batch 6070/18932 ...
[09/07 23:32:58] [TEST] Processing batch 6071/18932 ...
[09/07 23:32:58] [TEST] Processing batch 6072/18932 ...
[09/07 23:32:58] [TEST] Processing batch 6073/18932 ...
[09/07 23:32:58] [TEST] Processing batch 6074/18932 ...
[09/07 23:32:58] [TEST] Processing batch 6075/18932 ...
[09/07 23:32:58] [TEST] Processing batch 6076/18932 ...
[09/07 23:32:58] [TEST] Processing batch 6077/18932 ...
[09/07 23:32:58] [TEST] Processing batch 6078/18932 ...
[09/07 23:32:58] [TEST] Processing batch 6079/18932 ...
[09/07 23:32:58] [TEST] Processing batch 6080/18932 ...
[09/07 23:32:58] [TEST] Processing batch 6081/18932 ...
[09/07 23:32:58] [TEST] Processing batch 6082/18932 ...
[09/07 23:32:58] [TEST] Processing batch 6083/18932 ...
[09/07 23:32:58] [TEST] Processing batch 6084/18932 ...
[09/07 23:32:58] [TEST] Processing batch 6085/18932 ...
[09/07 23:32:58] [TEST] Processing batch 6086/18932 ...
[09/07 23:32:59] [TEST] Processing batch 6087/18932 ...
[09/07 23:32:59] [TEST] Processing batch 6088/18932 ...
[09/07 23:32:59] [TEST] Processing batch 6089/18932 ...
[09/07 23:32:59] [TEST] Processing batch 6090/18932 ...
[09/07 23:32:59] [TEST] Processing batch 6091/18932 ...
[09/07 23:32:59] [TEST] Processing batch 6092/18932 ...
[09/07 23:32:59] [TEST] Processing batch 6093/18932 ...
[09/07 23:32:59] [TEST] Processing batch 6094/18932 ...
[09/07 23:32:59] [TEST] Processing batch 6095/18932 ...
[09/07 23:32:59] [TEST] Processing batch 6096/18932 ...
[09/07 23:32:59] [TEST] Processing batch 6097/18932 ...
[09/07 23:32:59] [TEST] Processing batch 6098/18932 ...
[09/07 23:32:59] [TEST] Processing batch 6099/18932 ...
[09/07 23:32:59] [TEST] Processing batch 6100/18932 ...
[09/07 23:32:59] [TEST] Processing batch 6101/18932 ...
[09/07 23:32:59] [TEST] Processing batch 6102/18932 ...
[09/07 23:33:00] [TEST] Processing batch 6103/18932 ...
[09/07 23:33:00] [TEST] Processing batch 6104/18932 ...
[09/07 23:33:00] [TEST] Processing batch 6105/18932 ...
[09/07 23:33:00] [TEST] Processing batch 6106/18932 ...
[09/07 23:33:00] [TEST] Processing batch 6107/18932 ...
[09/07 23:33:00] [TEST] Processing batch 6108/18932 ...
[09/07 23:33:00] [TEST] Processing batch 6109/18932 ...
[09/07 23:33:00] [TEST] Processing batch 6110/18932 ...
[09/07 23:33:00] [TEST] Processing batch 6111/18932 ...
[09/07 23:33:00] [TEST] Processing batch 6112/18932 ...
[09/07 23:33:00] [TEST] Processing batch 6113/18932 ...
[09/07 23:33:00] [TEST] Processing batch 6114/18932 ...
[09/07 23:33:00] [TEST] Processing batch 6115/18932 ...
[09/07 23:33:00] [TEST] Processing batch 6116/18932 ...
[09/07 23:33:00] [TEST] Processing batch 6117/18932 ...
[09/07 23:33:00] [TEST] Processing batch 6118/18932 ...
[09/07 23:33:01] [TEST] Processing batch 6119/18932 ...
[09/07 23:33:01] [TEST] Processing batch 6120/18932 ...
[09/07 23:33:01] [TEST] Processing batch 6121/18932 ...
[09/07 23:33:01] [TEST] Processing batch 6122/18932 ...
[09/07 23:33:01] [TEST] Processing batch 6123/18932 ...
[09/07 23:33:01] [TEST] Processing batch 6124/18932 ...
[09/07 23:33:01] [TEST] Processing batch 6125/18932 ...
[09/07 23:33:01] [TEST] Processing batch 6126/18932 ...
[09/07 23:33:01] [TEST] Processing batch 6127/18932 ...
[09/07 23:33:01] [TEST] Processing batch 6128/18932 ...
[09/07 23:33:01] [TEST] Processing batch 6129/18932 ...
[09/07 23:33:01] [TEST] Processing batch 6130/18932 ...
[09/07 23:33:01] [TEST] Processing batch 6131/18932 ...
[09/07 23:33:01] [TEST] Processing batch 6132/18932 ...
[09/07 23:33:01] [TEST] Processing batch 6133/18932 ...
[09/07 23:33:01] [TEST] Processing batch 6134/18932 ...
[09/07 23:33:02] [TEST] Processing batch 6135/18932 ...
[09/07 23:33:02] [TEST] Processing batch 6136/18932 ...
[09/07 23:33:02] [TEST] Processing batch 6137/18932 ...
[09/07 23:33:02] [TEST] Processing batch 6138/18932 ...
[09/07 23:33:02] [TEST] Processing batch 6139/18932 ...
[09/07 23:33:02] [TEST] Processing batch 6140/18932 ...
[09/07 23:33:02] [TEST] Processing batch 6141/18932 ...
[09/07 23:33:02] [TEST] Processing batch 6142/18932 ...
[09/07 23:33:02] [TEST] Processing batch 6143/18932 ...
[09/07 23:33:02] [TEST] Processing batch 6144/18932 ...
[09/07 23:33:02] [TEST] Processing batch 6145/18932 ...
[09/07 23:33:02] [TEST] Processing batch 6146/18932 ...
[09/07 23:33:02] [TEST] Processing batch 6147/18932 ...
[09/07 23:33:02] [TEST] Processing batch 6148/18932 ...
[09/07 23:33:02] [TEST] Processing batch 6149/18932 ...
[09/07 23:33:02] [TEST] Processing batch 6150/18932 ...
[09/07 23:33:02] [TEST] Processing batch 6151/18932 ...
[09/07 23:33:02] [TEST] Processing batch 6152/18932 ...
[09/07 23:33:03] [TEST] Processing batch 6153/18932 ...
[09/07 23:33:03] [TEST] Processing batch 6154/18932 ...
[09/07 23:33:03] [TEST] Processing batch 6155/18932 ...
[09/07 23:33:03] [TEST] Processing batch 6156/18932 ...
[09/07 23:33:03] [TEST] Processing batch 6157/18932 ...
[09/07 23:33:03] [TEST] Processing batch 6158/18932 ...
[09/07 23:33:03] [TEST] Processing batch 6159/18932 ...
[09/07 23:33:03] [TEST] Processing batch 6160/18932 ...
[09/07 23:33:03] [TEST] Processing batch 6161/18932 ...
[09/07 23:33:03] [TEST] Processing batch 6162/18932 ...
[09/07 23:33:03] [TEST] Processing batch 6163/18932 ...
[09/07 23:33:03] [TEST] Processing batch 6164/18932 ...
[09/07 23:33:03] [TEST] Processing batch 6165/18932 ...
[09/07 23:33:03] [TEST] Processing batch 6166/18932 ...
[09/07 23:33:03] [TEST] Processing batch 6167/18932 ...
[09/07 23:33:03] [TEST] Processing batch 6168/18932 ...
[09/07 23:33:03] [TEST] Processing batch 6169/18932 ...
[09/07 23:33:03] [TEST] Processing batch 6170/18932 ...
[09/07 23:33:04] [TEST] Processing batch 6171/18932 ...
[09/07 23:33:04] [TEST] Processing batch 6172/18932 ...
[09/07 23:33:04] [TEST] Processing batch 6173/18932 ...
[09/07 23:33:04] [TEST] Processing batch 6174/18932 ...
[09/07 23:33:04] [TEST] Processing batch 6175/18932 ...
[09/07 23:33:04] [TEST] Processing batch 6176/18932 ...
[09/07 23:33:04] [TEST] Processing batch 6177/18932 ...
[09/07 23:33:04] [TEST] Processing batch 6178/18932 ...
[09/07 23:33:04] [TEST] Processing batch 6179/18932 ...
[09/07 23:33:04] [TEST] Processing batch 6180/18932 ...
[09/07 23:33:04] [TEST] Processing batch 6181/18932 ...
[09/07 23:33:04] [TEST] Processing batch 6182/18932 ...
[09/07 23:33:04] [TEST] Processing batch 6183/18932 ...
[09/07 23:33:04] [TEST] Processing batch 6184/18932 ...
[09/07 23:33:04] [TEST] Processing batch 6185/18932 ...
[09/07 23:33:04] [TEST] Processing batch 6186/18932 ...
[09/07 23:33:04] [TEST] Processing batch 6187/18932 ...
[09/07 23:33:04] [TEST] Processing batch 6188/18932 ...
[09/07 23:33:05] [TEST] Processing batch 6189/18932 ...
[09/07 23:33:05] [TEST] Processing batch 6190/18932 ...
[09/07 23:33:05] [TEST] Processing batch 6191/18932 ...
[09/07 23:33:05] [TEST] Processing batch 6192/18932 ...
[09/07 23:33:05] [TEST] Processing batch 6193/18932 ...
[09/07 23:33:05] [TEST] Processing batch 6194/18932 ...
[09/07 23:33:05] [TEST] Processing batch 6195/18932 ...
[09/07 23:33:05] [TEST] Processing batch 6196/18932 ...
[09/07 23:33:05] [TEST] Processing batch 6197/18932 ...
[09/07 23:33:05] [TEST] Processing batch 6198/18932 ...
[09/07 23:33:05] [TEST] Processing batch 6199/18932 ...
[09/07 23:33:05] [TEST] Processing batch 6200/18932 ...
[09/07 23:33:05] [TEST] Processing batch 6201/18932 ...
[09/07 23:33:05] [TEST] Processing batch 6202/18932 ...
[09/07 23:33:05] [TEST] Processing batch 6203/18932 ...
[09/07 23:33:05] [TEST] Processing batch 6204/18932 ...
[09/07 23:33:05] [TEST] Processing batch 6205/18932 ...
[09/07 23:33:06] [TEST] Processing batch 6206/18932 ...
[09/07 23:33:06] [TEST] Processing batch 6207/18932 ...
[09/07 23:33:06] [TEST] Processing batch 6208/18932 ...
[09/07 23:33:06] [TEST] Processing batch 6209/18932 ...
[09/07 23:33:06] [TEST] Processing batch 6210/18932 ...
[09/07 23:33:06] [TEST] Processing batch 6211/18932 ...
[09/07 23:33:06] [TEST] Processing batch 6212/18932 ...
[09/07 23:33:06] [TEST] Processing batch 6213/18932 ...
[09/07 23:33:06] [TEST] Processing batch 6214/18932 ...
[09/07 23:33:06] [TEST] Processing batch 6215/18932 ...
[09/07 23:33:06] [TEST] Processing batch 6216/18932 ...
[09/07 23:33:06] [TEST] Processing batch 6217/18932 ...
[09/07 23:33:06] [TEST] Processing batch 6218/18932 ...
[09/07 23:33:06] [TEST] Processing batch 6219/18932 ...
[09/07 23:33:06] [TEST] Processing batch 6220/18932 ...
[09/07 23:33:06] [TEST] Processing batch 6221/18932 ...
[09/07 23:33:06] [TEST] Processing batch 6222/18932 ...
[09/07 23:33:06] [TEST] Processing batch 6223/18932 ...
[09/07 23:33:07] [TEST] Processing batch 6224/18932 ...
[09/07 23:33:07] [TEST] Processing batch 6225/18932 ...
[09/07 23:33:07] [TEST] Processing batch 6226/18932 ...
[09/07 23:33:07] [TEST] Processing batch 6227/18932 ...
[09/07 23:33:07] [TEST] Processing batch 6228/18932 ...
[09/07 23:33:07] [TEST] Processing batch 6229/18932 ...
[09/07 23:33:07] [TEST] Processing batch 6230/18932 ...
[09/07 23:33:07] [TEST] Processing batch 6231/18932 ...
[09/07 23:33:07] [TEST] Processing batch 6232/18932 ...
[09/07 23:33:07] [TEST] Processing batch 6233/18932 ...
[09/07 23:33:07] [TEST] Processing batch 6234/18932 ...
[09/07 23:33:07] [TEST] Processing batch 6235/18932 ...
[09/07 23:33:07] [TEST] Processing batch 6236/18932 ...
[09/07 23:33:07] [TEST] Processing batch 6237/18932 ...
[09/07 23:33:07] [TEST] Processing batch 6238/18932 ...
[09/07 23:33:07] [TEST] Processing batch 6239/18932 ...
[09/07 23:33:07] [TEST] Processing batch 6240/18932 ...
[09/07 23:33:07] [TEST] Processing batch 6241/18932 ...
[09/07 23:33:08] [TEST] Processing batch 6242/18932 ...
[09/07 23:33:08] [TEST] Processing batch 6243/18932 ...
[09/07 23:33:08] [TEST] Processing batch 6244/18932 ...
[09/07 23:33:08] [TEST] Processing batch 6245/18932 ...
[09/07 23:33:08] [TEST] Processing batch 6246/18932 ...
[09/07 23:33:08] [TEST] Processing batch 6247/18932 ...
[09/07 23:33:08] [TEST] Processing batch 6248/18932 ...
[09/07 23:33:08] [TEST] Processing batch 6249/18932 ...
[09/07 23:33:08] [TEST] Processing batch 6250/18932 ...
[09/07 23:33:08] [TEST] Processing batch 6251/18932 ...
[09/07 23:33:08] [TEST] Processing batch 6252/18932 ...
[09/07 23:33:08] [TEST] Processing batch 6253/18932 ...
[09/07 23:33:08] [TEST] Processing batch 6254/18932 ...
[09/07 23:33:08] [TEST] Processing batch 6255/18932 ...
[09/07 23:33:08] [TEST] Processing batch 6256/18932 ...
[09/07 23:33:08] [TEST] Processing batch 6257/18932 ...
[09/07 23:33:08] [TEST] Processing batch 6258/18932 ...
[09/07 23:33:08] [TEST] Processing batch 6259/18932 ...
[09/07 23:33:09] [TEST] Processing batch 6260/18932 ...
[09/07 23:33:09] [TEST] Processing batch 6261/18932 ...
[09/07 23:33:09] [TEST] Processing batch 6262/18932 ...
[09/07 23:33:09] [TEST] Processing batch 6263/18932 ...
[09/07 23:33:09] [TEST] Processing batch 6264/18932 ...
[09/07 23:33:09] [TEST] Processing batch 6265/18932 ...
[09/07 23:33:09] [TEST] Processing batch 6266/18932 ...
[09/07 23:33:09] [TEST] Processing batch 6267/18932 ...
[09/07 23:33:09] [TEST] Processing batch 6268/18932 ...
[09/07 23:33:09] [TEST] Processing batch 6269/18932 ...
[09/07 23:33:09] [TEST] Processing batch 6270/18932 ...
[09/07 23:33:09] [TEST] Processing batch 6271/18932 ...
[09/07 23:33:09] [TEST] Processing batch 6272/18932 ...
[09/07 23:33:09] [TEST] Processing batch 6273/18932 ...
[09/07 23:33:09] [TEST] Processing batch 6274/18932 ...
[09/07 23:33:09] [TEST] Processing batch 6275/18932 ...
[09/07 23:33:09] [TEST] Processing batch 6276/18932 ...
[09/07 23:33:10] [TEST] Processing batch 6277/18932 ...
[09/07 23:33:10] [TEST] Processing batch 6278/18932 ...
[09/07 23:33:10] [TEST] Processing batch 6279/18932 ...
[09/07 23:33:10] [TEST] Processing batch 6280/18932 ...
[09/07 23:33:10] [TEST] Processing batch 6281/18932 ...
[09/07 23:33:10] [TEST] Processing batch 6282/18932 ...
[09/07 23:33:10] [TEST] Processing batch 6283/18932 ...
[09/07 23:33:10] [TEST] Processing batch 6284/18932 ...
[09/07 23:33:10] [TEST] Processing batch 6285/18932 ...
[09/07 23:33:10] [TEST] Processing batch 6286/18932 ...
[09/07 23:33:10] [TEST] Processing batch 6287/18932 ...
[09/07 23:33:10] [TEST] Processing batch 6288/18932 ...
[09/07 23:33:10] [TEST] Processing batch 6289/18932 ...
[09/07 23:33:10] [TEST] Processing batch 6290/18932 ...
[09/07 23:33:10] [TEST] Processing batch 6291/18932 ...
[09/07 23:33:10] [TEST] Processing batch 6292/18932 ...
[09/07 23:33:10] [TEST] Processing batch 6293/18932 ...
[09/07 23:33:10] [TEST] Processing batch 6294/18932 ...
[09/07 23:33:11] [TEST] Processing batch 6295/18932 ...
[09/07 23:33:11] [TEST] Processing batch 6296/18932 ...
[09/07 23:33:11] [TEST] Processing batch 6297/18932 ...
[09/07 23:33:11] [TEST] Processing batch 6298/18932 ...
[09/07 23:33:11] [TEST] Processing batch 6299/18932 ...
[09/07 23:33:11] [TEST] Processing batch 6300/18932 ...
[09/07 23:33:11] [TEST] Processing batch 6301/18932 ...
[09/07 23:33:11] [TEST] Processing batch 6302/18932 ...
[09/07 23:33:11] [TEST] Processing batch 6303/18932 ...
[09/07 23:33:11] [TEST] Processing batch 6304/18932 ...
[09/07 23:33:11] [TEST] Processing batch 6305/18932 ...
[09/07 23:33:11] [TEST] Processing batch 6306/18932 ...
[09/07 23:33:11] [TEST] Processing batch 6307/18932 ...
[09/07 23:33:11] [TEST] Processing batch 6308/18932 ...
[09/07 23:33:11] [TEST] Processing batch 6309/18932 ...
[09/07 23:33:11] [TEST] Processing batch 6310/18932 ...
[09/07 23:33:11] [TEST] Processing batch 6311/18932 ...
[09/07 23:33:11] [TEST] Processing batch 6312/18932 ...
[09/07 23:33:12] [TEST] Processing batch 6313/18932 ...
[09/07 23:33:12] [TEST] Processing batch 6314/18932 ...
[09/07 23:33:12] [TEST] Processing batch 6315/18932 ...
[09/07 23:33:12] [TEST] Processing batch 6316/18932 ...
[09/07 23:33:12] [TEST] Processing batch 6317/18932 ...
[09/07 23:33:12] [TEST] Processing batch 6318/18932 ...
[09/07 23:33:12] [TEST] Processing batch 6319/18932 ...
[09/07 23:33:12] [TEST] Processing batch 6320/18932 ...
[09/07 23:33:12] [TEST] Processing batch 6321/18932 ...
[09/07 23:33:12] [TEST] Processing batch 6322/18932 ...
[09/07 23:33:12] [TEST] Processing batch 6323/18932 ...
[09/07 23:33:12] [TEST] Processing batch 6324/18932 ...
[09/07 23:33:12] [TEST] Processing batch 6325/18932 ...
[09/07 23:33:12] [TEST] Processing batch 6326/18932 ...
[09/07 23:33:12] [TEST] Processing batch 6327/18932 ...
[09/07 23:33:12] [TEST] Processing batch 6328/18932 ...
[09/07 23:33:12] [TEST] Processing batch 6329/18932 ...
[09/07 23:33:13] [TEST] Processing batch 6330/18932 ...
[09/07 23:33:13] [TEST] Processing batch 6331/18932 ...
[09/07 23:33:13] [TEST] Processing batch 6332/18932 ...
[09/07 23:33:13] [TEST] Processing batch 6333/18932 ...
[09/07 23:33:13] [TEST] Processing batch 6334/18932 ...
[09/07 23:33:13] [TEST] Processing batch 6335/18932 ...
[09/07 23:33:13] [TEST] Processing batch 6336/18932 ...
[09/07 23:33:13] [TEST] Processing batch 6337/18932 ...
[09/07 23:33:13] [TEST] Processing batch 6338/18932 ...
[09/07 23:33:13] [TEST] Processing batch 6339/18932 ...
[09/07 23:33:13] [TEST] Processing batch 6340/18932 ...
[09/07 23:33:13] [TEST] Processing batch 6341/18932 ...
[09/07 23:33:13] [TEST] Processing batch 6342/18932 ...
[09/07 23:33:13] [TEST] Processing batch 6343/18932 ...
[09/07 23:33:13] [TEST] Processing batch 6344/18932 ...
[09/07 23:33:13] [TEST] Processing batch 6345/18932 ...
[09/07 23:33:13] [TEST] Processing batch 6346/18932 ...
[09/07 23:33:13] [TEST] Processing batch 6347/18932 ...
[09/07 23:33:14] [TEST] Processing batch 6348/18932 ...
[09/07 23:33:14] [TEST] Processing batch 6349/18932 ...
[09/07 23:33:14] [TEST] Processing batch 6350/18932 ...
[09/07 23:33:14] [TEST] Processing batch 6351/18932 ...
[09/07 23:33:14] [TEST] Processing batch 6352/18932 ...
[09/07 23:33:14] [TEST] Processing batch 6353/18932 ...
[09/07 23:33:14] [TEST] Processing batch 6354/18932 ...
[09/07 23:33:14] [TEST] Processing batch 6355/18932 ...
[09/07 23:33:14] [TEST] Processing batch 6356/18932 ...
[09/07 23:33:14] [TEST] Processing batch 6357/18932 ...
[09/07 23:33:14] [TEST] Processing batch 6358/18932 ...
[09/07 23:33:14] [TEST] Processing batch 6359/18932 ...
[09/07 23:33:14] [TEST] Processing batch 6360/18932 ...
[09/07 23:33:14] [TEST] Processing batch 6361/18932 ...
[09/07 23:33:14] [TEST] Processing batch 6362/18932 ...
[09/07 23:33:14] [TEST] Processing batch 6363/18932 ...
[09/07 23:33:14] [TEST] Processing batch 6364/18932 ...
[09/07 23:33:14] [TEST] Processing batch 6365/18932 ...
[09/07 23:33:15] [TEST] Processing batch 6366/18932 ...
[09/07 23:33:15] [TEST] Processing batch 6367/18932 ...
[09/07 23:33:15] [TEST] Processing batch 6368/18932 ...
[09/07 23:33:15] [TEST] Processing batch 6369/18932 ...
[09/07 23:33:15] [TEST] Processing batch 6370/18932 ...
[09/07 23:33:15] [TEST] Processing batch 6371/18932 ...
[09/07 23:33:15] [TEST] Processing batch 6372/18932 ...
[09/07 23:33:15] [TEST] Processing batch 6373/18932 ...
[09/07 23:33:15] [TEST] Processing batch 6374/18932 ...
[09/07 23:33:15] [TEST] Processing batch 6375/18932 ...
[09/07 23:33:15] [TEST] Processing batch 6376/18932 ...
[09/07 23:33:15] [TEST] Processing batch 6377/18932 ...
[09/07 23:33:15] [TEST] Processing batch 6378/18932 ...
[09/07 23:33:15] [TEST] Processing batch 6379/18932 ...
[09/07 23:33:15] [TEST] Processing batch 6380/18932 ...
[09/07 23:33:15] [TEST] Processing batch 6381/18932 ...
[09/07 23:33:15] [TEST] Processing batch 6382/18932 ...
[09/07 23:33:15] [TEST] Processing batch 6383/18932 ...
[09/07 23:33:16] [TEST] Processing batch 6384/18932 ...
[09/07 23:33:16] [TEST] Processing batch 6385/18932 ...
[09/07 23:33:16] [TEST] Processing batch 6386/18932 ...
[09/07 23:33:16] [TEST] Processing batch 6387/18932 ...
[09/07 23:33:16] [TEST] Processing batch 6388/18932 ...
[09/07 23:33:16] [TEST] Processing batch 6389/18932 ...
[09/07 23:33:16] [TEST] Processing batch 6390/18932 ...
[09/07 23:33:16] [TEST] Processing batch 6391/18932 ...
[09/07 23:33:16] [TEST] Processing batch 6392/18932 ...
[09/07 23:33:16] [TEST] Processing batch 6393/18932 ...
[09/07 23:33:16] [TEST] Processing batch 6394/18932 ...
[09/07 23:33:16] [TEST] Processing batch 6395/18932 ...
[09/07 23:33:16] [TEST] Processing batch 6396/18932 ...
[09/07 23:33:16] [TEST] Processing batch 6397/18932 ...
[09/07 23:33:16] [TEST] Processing batch 6398/18932 ...
[09/07 23:33:16] [TEST] Processing batch 6399/18932 ...
[09/07 23:33:16] [TEST] Processing batch 6400/18932 ...
[09/07 23:33:16] [TEST] Processing batch 6401/18932 ...
[09/07 23:33:17] [TEST] Processing batch 6402/18932 ...
[09/07 23:33:17] [TEST] Processing batch 6403/18932 ...
[09/07 23:33:17] [TEST] Processing batch 6404/18932 ...
[09/07 23:33:17] [TEST] Processing batch 6405/18932 ...
[09/07 23:33:17] [TEST] Processing batch 6406/18932 ...
[09/07 23:33:17] [TEST] Processing batch 6407/18932 ...
[09/07 23:33:17] [TEST] Processing batch 6408/18932 ...
[09/07 23:33:17] [TEST] Processing batch 6409/18932 ...
[09/07 23:33:17] [TEST] Processing batch 6410/18932 ...
[09/07 23:33:17] [TEST] Processing batch 6411/18932 ...
[09/07 23:33:17] [TEST] Processing batch 6412/18932 ...
[09/07 23:33:17] [TEST] Processing batch 6413/18932 ...
[09/07 23:33:17] [TEST] Processing batch 6414/18932 ...
[09/07 23:33:17] [TEST] Processing batch 6415/18932 ...
[09/07 23:33:17] [TEST] Processing batch 6416/18932 ...
[09/07 23:33:17] [TEST] Processing batch 6417/18932 ...
[09/07 23:33:17] [TEST] Processing batch 6418/18932 ...
[09/07 23:33:17] [TEST] Processing batch 6419/18932 ...
[09/07 23:33:18] [TEST] Processing batch 6420/18932 ...
[09/07 23:33:18] [TEST] Processing batch 6421/18932 ...
[09/07 23:33:18] [TEST] Processing batch 6422/18932 ...
[09/07 23:33:18] [TEST] Processing batch 6423/18932 ...
[09/07 23:33:18] [TEST] Processing batch 6424/18932 ...
[09/07 23:33:18] [TEST] Processing batch 6425/18932 ...
[09/07 23:33:18] [TEST] Processing batch 6426/18932 ...
[09/07 23:33:18] [TEST] Processing batch 6427/18932 ...
[09/07 23:33:18] [TEST] Processing batch 6428/18932 ...
[09/07 23:33:18] [TEST] Processing batch 6429/18932 ...
[09/07 23:33:18] [TEST] Processing batch 6430/18932 ...
[09/07 23:33:18] [TEST] Processing batch 6431/18932 ...
[09/07 23:33:18] [TEST] Processing batch 6432/18932 ...
[09/07 23:33:18] [TEST] Processing batch 6433/18932 ...
[09/07 23:33:18] [TEST] Processing batch 6434/18932 ...
[09/07 23:33:18] [TEST] Processing batch 6435/18932 ...
[09/07 23:33:18] [TEST] Processing batch 6436/18932 ...
[09/07 23:33:19] [TEST] Processing batch 6437/18932 ...
[09/07 23:33:19] [TEST] Processing batch 6438/18932 ...
[09/07 23:33:19] [TEST] Processing batch 6439/18932 ...
[09/07 23:33:19] [TEST] Processing batch 6440/18932 ...
[09/07 23:33:19] [TEST] Processing batch 6441/18932 ...
[09/07 23:33:19] [TEST] Processing batch 6442/18932 ...
[09/07 23:33:19] [TEST] Processing batch 6443/18932 ...
[09/07 23:33:19] [TEST] Processing batch 6444/18932 ...
[09/07 23:33:19] [TEST] Processing batch 6445/18932 ...
[09/07 23:33:19] [TEST] Processing batch 6446/18932 ...
[09/07 23:33:19] [TEST] Processing batch 6447/18932 ...
[09/07 23:33:19] [TEST] Processing batch 6448/18932 ...
[09/07 23:33:19] [TEST] Processing batch 6449/18932 ...
[09/07 23:33:19] [TEST] Processing batch 6450/18932 ...
[09/07 23:33:19] [TEST] Processing batch 6451/18932 ...
[09/07 23:33:19] [TEST] Processing batch 6452/18932 ...
[09/07 23:33:19] [TEST] Processing batch 6453/18932 ...
[09/07 23:33:19] [TEST] Processing batch 6454/18932 ...
[09/07 23:33:20] [TEST] Processing batch 6455/18932 ...
[09/07 23:33:20] [TEST] Processing batch 6456/18932 ...
[09/07 23:33:20] [TEST] Processing batch 6457/18932 ...
[09/07 23:33:20] [TEST] Processing batch 6458/18932 ...
[09/07 23:33:20] [TEST] Processing batch 6459/18932 ...
[09/07 23:33:20] [TEST] Processing batch 6460/18932 ...
[09/07 23:33:20] [TEST] Processing batch 6461/18932 ...
[09/07 23:33:20] [TEST] Processing batch 6462/18932 ...
[09/07 23:33:20] [TEST] Processing batch 6463/18932 ...
[09/07 23:33:20] [TEST] Processing batch 6464/18932 ...
[09/07 23:33:20] [TEST] Processing batch 6465/18932 ...
[09/07 23:33:20] [TEST] Processing batch 6466/18932 ...
[09/07 23:33:20] [TEST] Processing batch 6467/18932 ...
[09/07 23:33:20] [TEST] Processing batch 6468/18932 ...
[09/07 23:33:20] [TEST] Processing batch 6469/18932 ...
[09/07 23:33:20] [TEST] Processing batch 6470/18932 ...
[09/07 23:33:20] [TEST] Processing batch 6471/18932 ...
[09/07 23:33:21] [TEST] Processing batch 6472/18932 ...
[09/07 23:33:21] [TEST] Processing batch 6473/18932 ...
[09/07 23:33:21] [TEST] Processing batch 6474/18932 ...
[09/07 23:33:21] [TEST] Processing batch 6475/18932 ...
[09/07 23:33:21] [TEST] Processing batch 6476/18932 ...
[09/07 23:33:21] [TEST] Processing batch 6477/18932 ...
[09/07 23:33:21] [TEST] Processing batch 6478/18932 ...
[09/07 23:33:21] [TEST] Processing batch 6479/18932 ...
[09/07 23:33:21] [TEST] Processing batch 6480/18932 ...
[09/07 23:33:21] [TEST] Processing batch 6481/18932 ...
[09/07 23:33:21] [TEST] Processing batch 6482/18932 ...
[09/07 23:33:21] [TEST] Processing batch 6483/18932 ...
[09/07 23:33:21] [TEST] Processing batch 6484/18932 ...
[09/07 23:33:21] [TEST] Processing batch 6485/18932 ...
[09/07 23:33:21] [TEST] Processing batch 6486/18932 ...
[09/07 23:33:21] [TEST] Processing batch 6487/18932 ...
[09/07 23:33:22] [TEST] Processing batch 6488/18932 ...
[09/07 23:33:22] [TEST] Processing batch 6489/18932 ...
[09/07 23:33:22] [TEST] Processing batch 6490/18932 ...
[09/07 23:33:22] [TEST] Processing batch 6491/18932 ...
[09/07 23:33:22] [TEST] Processing batch 6492/18932 ...
[09/07 23:33:22] [TEST] Processing batch 6493/18932 ...
[09/07 23:33:22] [TEST] Processing batch 6494/18932 ...
[09/07 23:33:22] [TEST] Processing batch 6495/18932 ...
[09/07 23:33:22] [TEST] Processing batch 6496/18932 ...
[09/07 23:33:22] [TEST] Processing batch 6497/18932 ...
[09/07 23:33:22] [TEST] Processing batch 6498/18932 ...
[09/07 23:33:22] [TEST] Processing batch 6499/18932 ...
[09/07 23:33:22] [TEST] Processing batch 6500/18932 ...
[09/07 23:33:22] [TEST] Processing batch 6501/18932 ...
[09/07 23:33:22] [TEST] Processing batch 6502/18932 ...
[09/07 23:33:22] [TEST] Processing batch 6503/18932 ...
[09/07 23:33:23] [TEST] Processing batch 6504/18932 ...
[09/07 23:33:23] [TEST] Processing batch 6505/18932 ...
[09/07 23:33:23] [TEST] Processing batch 6506/18932 ...
[09/07 23:33:23] [TEST] Processing batch 6507/18932 ...
[09/07 23:33:23] [TEST] Processing batch 6508/18932 ...
[09/07 23:33:23] [TEST] Processing batch 6509/18932 ...
[09/07 23:33:23] [TEST] Processing batch 6510/18932 ...
[09/07 23:33:23] [TEST] Processing batch 6511/18932 ...
[09/07 23:33:23] [TEST] Processing batch 6512/18932 ...
[09/07 23:33:23] [TEST] Processing batch 6513/18932 ...
[09/07 23:33:23] [TEST] Processing batch 6514/18932 ...
[09/07 23:33:23] [TEST] Processing batch 6515/18932 ...
[09/07 23:33:23] [TEST] Processing batch 6516/18932 ...
[09/07 23:33:23] [TEST] Processing batch 6517/18932 ...
[09/07 23:33:23] [TEST] Processing batch 6518/18932 ...
[09/07 23:33:24] [TEST] Processing batch 6519/18932 ...
[09/07 23:33:24] [TEST] Processing batch 6520/18932 ...
[09/07 23:33:24] [TEST] Processing batch 6521/18932 ...
[09/07 23:33:24] [TEST] Processing batch 6522/18932 ...
[09/07 23:33:24] [TEST] Processing batch 6523/18932 ...
[09/07 23:33:24] [TEST] Processing batch 6524/18932 ...
[09/07 23:33:24] [TEST] Processing batch 6525/18932 ...
[09/07 23:33:24] [TEST] Processing batch 6526/18932 ...
[09/07 23:33:24] [TEST] Processing batch 6527/18932 ...
[09/07 23:33:24] [TEST] Processing batch 6528/18932 ...
[09/07 23:33:24] [TEST] Processing batch 6529/18932 ...
[09/07 23:33:24] [TEST] Processing batch 6530/18932 ...
[09/07 23:33:24] [TEST] Processing batch 6531/18932 ...
[09/07 23:33:24] [TEST] Processing batch 6532/18932 ...
[09/07 23:33:24] [TEST] Processing batch 6533/18932 ...
[09/07 23:33:24] [TEST] Processing batch 6534/18932 ...
[09/07 23:33:25] [TEST] Processing batch 6535/18932 ...
[09/07 23:33:25] [TEST] Processing batch 6536/18932 ...
[09/07 23:33:25] [TEST] Processing batch 6537/18932 ...
[09/07 23:33:25] [TEST] Processing batch 6538/18932 ...
[09/07 23:33:25] [TEST] Processing batch 6539/18932 ...
[09/07 23:33:25] [TEST] Processing batch 6540/18932 ...
[09/07 23:33:25] [TEST] Processing batch 6541/18932 ...
[09/07 23:33:25] [TEST] Processing batch 6542/18932 ...
[09/07 23:33:25] [TEST] Processing batch 6543/18932 ...
[09/07 23:33:25] [TEST] Processing batch 6544/18932 ...
[09/07 23:33:25] [TEST] Processing batch 6545/18932 ...
[09/07 23:33:25] [TEST] Processing batch 6546/18932 ...
[09/07 23:33:25] [TEST] Processing batch 6547/18932 ...
[09/07 23:33:25] [TEST] Processing batch 6548/18932 ...
[09/07 23:33:25] [TEST] Processing batch 6549/18932 ...
[09/07 23:33:26] [TEST] Processing batch 6550/18932 ...
[09/07 23:33:26] [TEST] Processing batch 6551/18932 ...
[09/07 23:33:26] [TEST] Processing batch 6552/18932 ...
[09/07 23:33:26] [TEST] Processing batch 6553/18932 ...
[09/07 23:33:26] [TEST] Processing batch 6554/18932 ...
[09/07 23:33:26] [TEST] Processing batch 6555/18932 ...
[09/07 23:33:26] [TEST] Processing batch 6556/18932 ...
[09/07 23:33:26] [TEST] Processing batch 6557/18932 ...
[09/07 23:33:26] [TEST] Processing batch 6558/18932 ...
[09/07 23:33:26] [TEST] Processing batch 6559/18932 ...
[09/07 23:33:26] [TEST] Processing batch 6560/18932 ...
[09/07 23:33:26] [TEST] Processing batch 6561/18932 ...
[09/07 23:33:26] [TEST] Processing batch 6562/18932 ...
[09/07 23:33:26] [TEST] Processing batch 6563/18932 ...
[09/07 23:33:26] [TEST] Processing batch 6564/18932 ...
[09/07 23:33:26] [TEST] Processing batch 6565/18932 ...
[09/07 23:33:27] [TEST] Processing batch 6566/18932 ...
[09/07 23:33:27] [TEST] Processing batch 6567/18932 ...
[09/07 23:33:27] [TEST] Processing batch 6568/18932 ...
[09/07 23:33:27] [TEST] Processing batch 6569/18932 ...
[09/07 23:33:27] [TEST] Processing batch 6570/18932 ...
[09/07 23:33:27] [TEST] Processing batch 6571/18932 ...
[09/07 23:33:27] [TEST] Processing batch 6572/18932 ...
[09/07 23:33:27] [TEST] Processing batch 6573/18932 ...
[09/07 23:33:27] [TEST] Processing batch 6574/18932 ...
[09/07 23:33:27] [TEST] Processing batch 6575/18932 ...
[09/07 23:33:27] [TEST] Processing batch 6576/18932 ...
[09/07 23:33:27] [TEST] Processing batch 6577/18932 ...
[09/07 23:33:27] [TEST] Processing batch 6578/18932 ...
[09/07 23:33:27] [TEST] Processing batch 6579/18932 ...
[09/07 23:33:27] [TEST] Processing batch 6580/18932 ...
[09/07 23:33:27] [TEST] Processing batch 6581/18932 ...
[09/07 23:33:28] [TEST] Processing batch 6582/18932 ...
[09/07 23:33:28] [TEST] Processing batch 6583/18932 ...
[09/07 23:33:28] [TEST] Processing batch 6584/18932 ...
[09/07 23:33:28] [TEST] Processing batch 6585/18932 ...
[09/07 23:33:28] [TEST] Processing batch 6586/18932 ...
[09/07 23:33:28] [TEST] Processing batch 6587/18932 ...
[09/07 23:33:28] [TEST] Processing batch 6588/18932 ...
[09/07 23:33:28] [TEST] Processing batch 6589/18932 ...
[09/07 23:33:28] [TEST] Processing batch 6590/18932 ...
[09/07 23:33:28] [TEST] Processing batch 6591/18932 ...
[09/07 23:33:28] [TEST] Processing batch 6592/18932 ...
[09/07 23:33:28] [TEST] Processing batch 6593/18932 ...
[09/07 23:33:28] [TEST] Processing batch 6594/18932 ...
[09/07 23:33:28] [TEST] Processing batch 6595/18932 ...
[09/07 23:33:28] [TEST] Processing batch 6596/18932 ...
[09/07 23:33:28] [TEST] Processing batch 6597/18932 ...
[09/07 23:33:28] [TEST] Processing batch 6598/18932 ...
[09/07 23:33:29] [TEST] Processing batch 6599/18932 ...
[09/07 23:33:29] [TEST] Processing batch 6600/18932 ...
[09/07 23:33:29] [TEST] Processing batch 6601/18932 ...
[09/07 23:33:29] [TEST] Processing batch 6602/18932 ...
[09/07 23:33:29] [TEST] Processing batch 6603/18932 ...
[09/07 23:33:29] [TEST] Processing batch 6604/18932 ...
[09/07 23:33:29] [TEST] Processing batch 6605/18932 ...
[09/07 23:33:29] [TEST] Processing batch 6606/18932 ...
[09/07 23:33:29] [TEST] Processing batch 6607/18932 ...
[09/07 23:33:29] [TEST] Processing batch 6608/18932 ...
[09/07 23:33:29] [TEST] Processing batch 6609/18932 ...
[09/07 23:33:29] [TEST] Processing batch 6610/18932 ...
[09/07 23:33:29] [TEST] Processing batch 6611/18932 ...
[09/07 23:33:29] [TEST] Processing batch 6612/18932 ...
[09/07 23:33:29] [TEST] Processing batch 6613/18932 ...
[09/07 23:33:29] [TEST] Processing batch 6614/18932 ...
[09/07 23:33:30] [TEST] Processing batch 6615/18932 ...
[09/07 23:33:30] [TEST] Processing batch 6616/18932 ...
[09/07 23:33:30] [TEST] Processing batch 6617/18932 ...
[09/07 23:33:30] [TEST] Processing batch 6618/18932 ...
[09/07 23:33:30] [TEST] Processing batch 6619/18932 ...
[09/07 23:33:30] [TEST] Processing batch 6620/18932 ...
[09/07 23:33:30] [TEST] Processing batch 6621/18932 ...
[09/07 23:33:30] [TEST] Processing batch 6622/18932 ...
[09/07 23:33:30] [TEST] Processing batch 6623/18932 ...
[09/07 23:33:30] [TEST] Processing batch 6624/18932 ...
[09/07 23:33:30] [TEST] Processing batch 6625/18932 ...
[09/07 23:33:30] [TEST] Processing batch 6626/18932 ...
[09/07 23:33:30] [TEST] Processing batch 6627/18932 ...
[09/07 23:33:30] [TEST] Processing batch 6628/18932 ...
[09/07 23:33:30] [TEST] Processing batch 6629/18932 ...
[09/07 23:33:30] [TEST] Processing batch 6630/18932 ...
[09/07 23:33:31] [TEST] Processing batch 6631/18932 ...
[09/07 23:33:31] [TEST] Processing batch 6632/18932 ...
[09/07 23:33:31] [TEST] Processing batch 6633/18932 ...
[09/07 23:33:31] [TEST] Processing batch 6634/18932 ...
[09/07 23:33:31] [TEST] Processing batch 6635/18932 ...
[09/07 23:33:31] [TEST] Processing batch 6636/18932 ...
[09/07 23:33:31] [TEST] Processing batch 6637/18932 ...
[09/07 23:33:31] [TEST] Processing batch 6638/18932 ...
[09/07 23:33:31] [TEST] Processing batch 6639/18932 ...
[09/07 23:33:31] [TEST] Processing batch 6640/18932 ...
[09/07 23:33:31] [TEST] Processing batch 6641/18932 ...
[09/07 23:33:31] [TEST] Processing batch 6642/18932 ...
[09/07 23:33:31] [TEST] Processing batch 6643/18932 ...
[09/07 23:33:31] [TEST] Processing batch 6644/18932 ...
[09/07 23:33:31] [TEST] Processing batch 6645/18932 ...
[09/07 23:33:31] [TEST] Processing batch 6646/18932 ...
[09/07 23:33:32] [TEST] Processing batch 6647/18932 ...
[09/07 23:33:32] [TEST] Processing batch 6648/18932 ...
[09/07 23:33:32] [TEST] Processing batch 6649/18932 ...
[09/07 23:33:32] [TEST] Processing batch 6650/18932 ...
[09/07 23:33:32] [TEST] Processing batch 6651/18932 ...
[09/07 23:33:32] [TEST] Processing batch 6652/18932 ...
[09/07 23:33:32] [TEST] Processing batch 6653/18932 ...
[09/07 23:33:32] [TEST] Processing batch 6654/18932 ...
[09/07 23:33:32] [TEST] Processing batch 6655/18932 ...
[09/07 23:33:32] [TEST] Processing batch 6656/18932 ...
[09/07 23:33:32] [TEST] Processing batch 6657/18932 ...
[09/07 23:33:32] [TEST] Processing batch 6658/18932 ...
[09/07 23:33:32] [TEST] Processing batch 6659/18932 ...
[09/07 23:33:32] [TEST] Processing batch 6660/18932 ...
[09/07 23:33:32] [TEST] Processing batch 6661/18932 ...
[09/07 23:33:32] [TEST] Processing batch 6662/18932 ...
[09/07 23:33:33] [TEST] Processing batch 6663/18932 ...
[09/07 23:33:33] [TEST] Processing batch 6664/18932 ...
[09/07 23:33:33] [TEST] Processing batch 6665/18932 ...
[09/07 23:33:33] [TEST] Processing batch 6666/18932 ...
[09/07 23:33:33] [TEST] Processing batch 6667/18932 ...
[09/07 23:33:33] [TEST] Processing batch 6668/18932 ...
[09/07 23:33:33] [TEST] Processing batch 6669/18932 ...
[09/07 23:33:33] [TEST] Processing batch 6670/18932 ...
[09/07 23:33:33] [TEST] Processing batch 6671/18932 ...
[09/07 23:33:33] [TEST] Processing batch 6672/18932 ...
[09/07 23:33:33] [TEST] Processing batch 6673/18932 ...
[09/07 23:33:33] [TEST] Processing batch 6674/18932 ...
[09/07 23:33:33] [TEST] Processing batch 6675/18932 ...
[09/07 23:33:33] [TEST] Processing batch 6676/18932 ...
[09/07 23:33:33] [TEST] Processing batch 6677/18932 ...
[09/07 23:33:33] [TEST] Processing batch 6678/18932 ...
[09/07 23:33:34] [TEST] Processing batch 6679/18932 ...
[09/07 23:33:34] [TEST] Processing batch 6680/18932 ...
[09/07 23:33:34] [TEST] Processing batch 6681/18932 ...
[09/07 23:33:34] [TEST] Processing batch 6682/18932 ...
[09/07 23:33:34] [TEST] Processing batch 6683/18932 ...
[09/07 23:33:34] [TEST] Processing batch 6684/18932 ...
[09/07 23:33:34] [TEST] Processing batch 6685/18932 ...
[09/07 23:33:34] [TEST] Processing batch 6686/18932 ...
[09/07 23:33:34] [TEST] Processing batch 6687/18932 ...
[09/07 23:33:34] [TEST] Processing batch 6688/18932 ...
[09/07 23:33:34] [TEST] Processing batch 6689/18932 ...
[09/07 23:33:34] [TEST] Processing batch 6690/18932 ...
[09/07 23:33:34] [TEST] Processing batch 6691/18932 ...
[09/07 23:33:34] [TEST] Processing batch 6692/18932 ...
[09/07 23:33:34] [TEST] Processing batch 6693/18932 ...
[09/07 23:33:34] [TEST] Processing batch 6694/18932 ...
[09/07 23:33:35] [TEST] Processing batch 6695/18932 ...
[09/07 23:33:35] [TEST] Processing batch 6696/18932 ...
[09/07 23:33:35] [TEST] Processing batch 6697/18932 ...
[09/07 23:33:35] [TEST] Processing batch 6698/18932 ...
[09/07 23:33:35] [TEST] Processing batch 6699/18932 ...
[09/07 23:33:35] [TEST] Processing batch 6700/18932 ...
[09/07 23:33:35] [TEST] Processing batch 6701/18932 ...
[09/07 23:33:35] [TEST] Processing batch 6702/18932 ...
[09/07 23:33:35] [TEST] Processing batch 6703/18932 ...
[09/07 23:33:35] [TEST] Processing batch 6704/18932 ...
[09/07 23:33:35] [TEST] Processing batch 6705/18932 ...
[09/07 23:33:35] [TEST] Processing batch 6706/18932 ...
[09/07 23:33:35] [TEST] Processing batch 6707/18932 ...
[09/07 23:33:35] [TEST] Processing batch 6708/18932 ...
[09/07 23:33:35] [TEST] Processing batch 6709/18932 ...
[09/07 23:33:36] [TEST] Processing batch 6710/18932 ...
[09/07 23:33:36] [TEST] Processing batch 6711/18932 ...
[09/07 23:33:36] [TEST] Processing batch 6712/18932 ...
[09/07 23:33:36] [TEST] Processing batch 6713/18932 ...
[09/07 23:33:36] [TEST] Processing batch 6714/18932 ...
[09/07 23:33:36] [TEST] Processing batch 6715/18932 ...
[09/07 23:33:36] [TEST] Processing batch 6716/18932 ...
[09/07 23:33:36] [TEST] Processing batch 6717/18932 ...
[09/07 23:33:36] [TEST] Processing batch 6718/18932 ...
[09/07 23:33:36] [TEST] Processing batch 6719/18932 ...
[09/07 23:33:36] [TEST] Processing batch 6720/18932 ...
[09/07 23:33:36] [TEST] Processing batch 6721/18932 ...
[09/07 23:33:36] [TEST] Processing batch 6722/18932 ...
[09/07 23:33:36] [TEST] Processing batch 6723/18932 ...
[09/07 23:33:36] [TEST] Processing batch 6724/18932 ...
[09/07 23:33:36] [TEST] Processing batch 6725/18932 ...
[09/07 23:33:36] [TEST] Processing batch 6726/18932 ...
[09/07 23:33:37] [TEST] Processing batch 6727/18932 ...
[09/07 23:33:37] [TEST] Processing batch 6728/18932 ...
[09/07 23:33:37] [TEST] Processing batch 6729/18932 ...
[09/07 23:33:37] [TEST] Processing batch 6730/18932 ...
[09/07 23:33:37] [TEST] Processing batch 6731/18932 ...
[09/07 23:33:37] [TEST] Processing batch 6732/18932 ...
[09/07 23:33:37] [TEST] Processing batch 6733/18932 ...
[09/07 23:33:37] [TEST] Processing batch 6734/18932 ...
[09/07 23:33:37] [TEST] Processing batch 6735/18932 ...
[09/07 23:33:37] [TEST] Processing batch 6736/18932 ...
[09/07 23:33:37] [TEST] Processing batch 6737/18932 ...
[09/07 23:33:37] [TEST] Processing batch 6738/18932 ...
[09/07 23:33:37] [TEST] Processing batch 6739/18932 ...
[09/07 23:33:37] [TEST] Processing batch 6740/18932 ...
[09/07 23:33:37] [TEST] Processing batch 6741/18932 ...
[09/07 23:33:37] [TEST] Processing batch 6742/18932 ...
[09/07 23:33:38] [TEST] Processing batch 6743/18932 ...
[09/07 23:33:38] [TEST] Processing batch 6744/18932 ...
[09/07 23:33:38] [TEST] Processing batch 6745/18932 ...
[09/07 23:33:38] [TEST] Processing batch 6746/18932 ...
[09/07 23:33:38] [TEST] Processing batch 6747/18932 ...
[09/07 23:33:38] [TEST] Processing batch 6748/18932 ...
[09/07 23:33:38] [TEST] Processing batch 6749/18932 ...
[09/07 23:33:38] [TEST] Processing batch 6750/18932 ...
[09/07 23:33:38] [TEST] Processing batch 6751/18932 ...
[09/07 23:33:38] [TEST] Processing batch 6752/18932 ...
[09/07 23:33:38] [TEST] Processing batch 6753/18932 ...
[09/07 23:33:38] [TEST] Processing batch 6754/18932 ...
[09/07 23:33:38] [TEST] Processing batch 6755/18932 ...
[09/07 23:33:38] [TEST] Processing batch 6756/18932 ...
[09/07 23:33:38] [TEST] Processing batch 6757/18932 ...
[09/07 23:33:38] [TEST] Processing batch 6758/18932 ...
[09/07 23:33:39] [TEST] Processing batch 6759/18932 ...
[09/07 23:33:39] [TEST] Processing batch 6760/18932 ...
[09/07 23:33:39] [TEST] Processing batch 6761/18932 ...
[09/07 23:33:39] [TEST] Processing batch 6762/18932 ...
[09/07 23:33:39] [TEST] Processing batch 6763/18932 ...
[09/07 23:33:39] [TEST] Processing batch 6764/18932 ...
[09/07 23:33:39] [TEST] Processing batch 6765/18932 ...
[09/07 23:33:39] [TEST] Processing batch 6766/18932 ...
[09/07 23:33:39] [TEST] Processing batch 6767/18932 ...
[09/07 23:33:39] [TEST] Processing batch 6768/18932 ...
[09/07 23:33:39] [TEST] Processing batch 6769/18932 ...
[09/07 23:33:39] [TEST] Processing batch 6770/18932 ...
[09/07 23:33:39] [TEST] Processing batch 6771/18932 ...
[09/07 23:33:39] [TEST] Processing batch 6772/18932 ...
[09/07 23:33:39] [TEST] Processing batch 6773/18932 ...
[09/07 23:33:39] [TEST] Processing batch 6774/18932 ...
[09/07 23:33:40] [TEST] Processing batch 6775/18932 ...
[09/07 23:33:40] [TEST] Processing batch 6776/18932 ...
[09/07 23:33:40] [TEST] Processing batch 6777/18932 ...
[09/07 23:33:40] [TEST] Processing batch 6778/18932 ...
[09/07 23:33:40] [TEST] Processing batch 6779/18932 ...
[09/07 23:33:40] [TEST] Processing batch 6780/18932 ...
[09/07 23:33:40] [TEST] Processing batch 6781/18932 ...
[09/07 23:33:40] [TEST] Processing batch 6782/18932 ...
[09/07 23:33:40] [TEST] Processing batch 6783/18932 ...
[09/07 23:33:40] [TEST] Processing batch 6784/18932 ...
[09/07 23:33:40] [TEST] Processing batch 6785/18932 ...
[09/07 23:33:40] [TEST] Processing batch 6786/18932 ...
[09/07 23:33:40] [TEST] Processing batch 6787/18932 ...
[09/07 23:33:40] [TEST] Processing batch 6788/18932 ...
[09/07 23:33:40] [TEST] Processing batch 6789/18932 ...
[09/07 23:33:40] [TEST] Processing batch 6790/18932 ...
[09/07 23:33:41] [TEST] Processing batch 6791/18932 ...
[09/07 23:33:41] [TEST] Processing batch 6792/18932 ...
[09/07 23:33:41] [TEST] Processing batch 6793/18932 ...
[09/07 23:33:41] [TEST] Processing batch 6794/18932 ...
[09/07 23:33:41] [TEST] Processing batch 6795/18932 ...
[09/07 23:33:41] [TEST] Processing batch 6796/18932 ...
[09/07 23:33:41] [TEST] Processing batch 6797/18932 ...
[09/07 23:33:41] [TEST] Processing batch 6798/18932 ...
[09/07 23:33:41] [TEST] Processing batch 6799/18932 ...
[09/07 23:33:41] [TEST] Processing batch 6800/18932 ...
[09/07 23:33:41] [TEST] Processing batch 6801/18932 ...
[09/07 23:33:41] [TEST] Processing batch 6802/18932 ...
[09/07 23:33:41] [TEST] Processing batch 6803/18932 ...
[09/07 23:33:41] [TEST] Processing batch 6804/18932 ...
[09/07 23:33:41] [TEST] Processing batch 6805/18932 ...
[09/07 23:33:42] [TEST] Processing batch 6806/18932 ...
[09/07 23:33:42] [TEST] Processing batch 6807/18932 ...
[09/07 23:33:42] [TEST] Processing batch 6808/18932 ...
[09/07 23:33:42] [TEST] Processing batch 6809/18932 ...
[09/07 23:33:42] [TEST] Processing batch 6810/18932 ...
[09/07 23:33:42] [TEST] Processing batch 6811/18932 ...
[09/07 23:33:42] [TEST] Processing batch 6812/18932 ...
[09/07 23:33:42] [TEST] Processing batch 6813/18932 ...
[09/07 23:33:42] [TEST] Processing batch 6814/18932 ...
[09/07 23:33:42] [TEST] Processing batch 6815/18932 ...
[09/07 23:33:42] [TEST] Processing batch 6816/18932 ...
[09/07 23:33:42] [TEST] Processing batch 6817/18932 ...
[09/07 23:33:42] [TEST] Processing batch 6818/18932 ...
[09/07 23:33:42] [TEST] Processing batch 6819/18932 ...
[09/07 23:33:42] [TEST] Processing batch 6820/18932 ...
[09/07 23:33:42] [TEST] Processing batch 6821/18932 ...
[09/07 23:33:43] [TEST] Processing batch 6822/18932 ...
[09/07 23:33:43] [TEST] Processing batch 6823/18932 ...
[09/07 23:33:43] [TEST] Processing batch 6824/18932 ...
[09/07 23:33:43] [TEST] Processing batch 6825/18932 ...
[09/07 23:33:43] [TEST] Processing batch 6826/18932 ...
[09/07 23:33:43] [TEST] Processing batch 6827/18932 ...
[09/07 23:33:43] [TEST] Processing batch 6828/18932 ...
[09/07 23:33:43] [TEST] Processing batch 6829/18932 ...
[09/07 23:33:43] [TEST] Processing batch 6830/18932 ...
[09/07 23:33:43] [TEST] Processing batch 6831/18932 ...
[09/07 23:33:43] [TEST] Processing batch 6832/18932 ...
[09/07 23:33:43] [TEST] Processing batch 6833/18932 ...
[09/07 23:33:43] [TEST] Processing batch 6834/18932 ...
[09/07 23:33:43] [TEST] Processing batch 6835/18932 ...
[09/07 23:33:43] [TEST] Processing batch 6836/18932 ...
[09/07 23:33:43] [TEST] Processing batch 6837/18932 ...
[09/07 23:33:43] [TEST] Processing batch 6838/18932 ...
[09/07 23:33:44] [TEST] Processing batch 6839/18932 ...
[09/07 23:33:44] [TEST] Processing batch 6840/18932 ...
[09/07 23:33:44] [TEST] Processing batch 6841/18932 ...
[09/07 23:33:44] [TEST] Processing batch 6842/18932 ...
[09/07 23:33:44] [TEST] Processing batch 6843/18932 ...
[09/07 23:33:44] [TEST] Processing batch 6844/18932 ...
[09/07 23:33:44] [TEST] Processing batch 6845/18932 ...
[09/07 23:33:44] [TEST] Processing batch 6846/18932 ...
[09/07 23:33:44] [TEST] Processing batch 6847/18932 ...
[09/07 23:33:44] [TEST] Processing batch 6848/18932 ...
[09/07 23:33:44] [TEST] Processing batch 6849/18932 ...
[09/07 23:33:44] [TEST] Processing batch 6850/18932 ...
[09/07 23:33:44] [TEST] Processing batch 6851/18932 ...
[09/07 23:33:44] [TEST] Processing batch 6852/18932 ...
[09/07 23:33:44] [TEST] Processing batch 6853/18932 ...
[09/07 23:33:44] [TEST] Processing batch 6854/18932 ...
[09/07 23:33:45] [TEST] Processing batch 6855/18932 ...
[09/07 23:33:45] [TEST] Processing batch 6856/18932 ...
[09/07 23:33:45] [TEST] Processing batch 6857/18932 ...
[09/07 23:33:45] [TEST] Processing batch 6858/18932 ...
[09/07 23:33:45] [TEST] Processing batch 6859/18932 ...
[09/07 23:33:45] [TEST] Processing batch 6860/18932 ...
[09/07 23:33:45] [TEST] Processing batch 6861/18932 ...
[09/07 23:33:45] [TEST] Processing batch 6862/18932 ...
[09/07 23:33:45] [TEST] Processing batch 6863/18932 ...
[09/07 23:33:45] [TEST] Processing batch 6864/18932 ...
[09/07 23:33:45] [TEST] Processing batch 6865/18932 ...
[09/07 23:33:45] [TEST] Processing batch 6866/18932 ...
[09/07 23:33:45] [TEST] Processing batch 6867/18932 ...
[09/07 23:33:45] [TEST] Processing batch 6868/18932 ...
[09/07 23:33:45] [TEST] Processing batch 6869/18932 ...
[09/07 23:33:45] [TEST] Processing batch 6870/18932 ...
[09/07 23:33:46] [TEST] Processing batch 6871/18932 ...
[09/07 23:33:46] [TEST] Processing batch 6872/18932 ...
[09/07 23:33:46] [TEST] Processing batch 6873/18932 ...
[09/07 23:33:46] [TEST] Processing batch 6874/18932 ...
[09/07 23:33:46] [TEST] Processing batch 6875/18932 ...
[09/07 23:33:46] [TEST] Processing batch 6876/18932 ...
[09/07 23:33:46] [TEST] Processing batch 6877/18932 ...
[09/07 23:33:46] [TEST] Processing batch 6878/18932 ...
[09/07 23:33:46] [TEST] Processing batch 6879/18932 ...
[09/07 23:33:46] [TEST] Processing batch 6880/18932 ...
[09/07 23:33:46] [TEST] Processing batch 6881/18932 ...
[09/07 23:33:46] [TEST] Processing batch 6882/18932 ...
[09/07 23:33:46] [TEST] Processing batch 6883/18932 ...
[09/07 23:33:46] [TEST] Processing batch 6884/18932 ...
[09/07 23:33:46] [TEST] Processing batch 6885/18932 ...
[09/07 23:33:46] [TEST] Processing batch 6886/18932 ...
[09/07 23:33:47] [TEST] Processing batch 6887/18932 ...
[09/07 23:33:47] [TEST] Processing batch 6888/18932 ...
[09/07 23:33:47] [TEST] Processing batch 6889/18932 ...
[09/07 23:33:47] [TEST] Processing batch 6890/18932 ...
[09/07 23:33:47] [TEST] Processing batch 6891/18932 ...
[09/07 23:33:47] [TEST] Processing batch 6892/18932 ...
[09/07 23:33:47] [TEST] Processing batch 6893/18932 ...
[09/07 23:33:47] [TEST] Processing batch 6894/18932 ...
[09/07 23:33:47] [TEST] Processing batch 6895/18932 ...
[09/07 23:33:47] [TEST] Processing batch 6896/18932 ...
[09/07 23:33:47] [TEST] Processing batch 6897/18932 ...
[09/07 23:33:47] [TEST] Processing batch 6898/18932 ...
[09/07 23:33:47] [TEST] Processing batch 6899/18932 ...
[09/07 23:33:47] [TEST] Processing batch 6900/18932 ...
[09/07 23:33:47] [TEST] Processing batch 6901/18932 ...
[09/07 23:33:47] [TEST] Processing batch 6902/18932 ...
[09/07 23:33:48] [TEST] Processing batch 6903/18932 ...
[09/07 23:33:48] [TEST] Processing batch 6904/18932 ...
[09/07 23:33:48] [TEST] Processing batch 6905/18932 ...
[09/07 23:33:48] [TEST] Processing batch 6906/18932 ...
[09/07 23:33:48] [TEST] Processing batch 6907/18932 ...
[09/07 23:33:48] [TEST] Processing batch 6908/18932 ...
[09/07 23:33:48] [TEST] Processing batch 6909/18932 ...
[09/07 23:33:48] [TEST] Processing batch 6910/18932 ...
[09/07 23:33:48] [TEST] Processing batch 6911/18932 ...
[09/07 23:33:48] [TEST] Processing batch 6912/18932 ...
[09/07 23:33:48] [TEST] Processing batch 6913/18932 ...
[09/07 23:33:48] [TEST] Processing batch 6914/18932 ...
[09/07 23:33:48] [TEST] Processing batch 6915/18932 ...
[09/07 23:33:48] [TEST] Processing batch 6916/18932 ...
[09/07 23:33:48] [TEST] Processing batch 6917/18932 ...
[09/07 23:33:48] [TEST] Processing batch 6918/18932 ...
[09/07 23:33:49] [TEST] Processing batch 6919/18932 ...
[09/07 23:33:49] [TEST] Processing batch 6920/18932 ...
[09/07 23:33:49] [TEST] Processing batch 6921/18932 ...
[09/07 23:33:49] [TEST] Processing batch 6922/18932 ...
[09/07 23:33:49] [TEST] Processing batch 6923/18932 ...
[09/07 23:33:49] [TEST] Processing batch 6924/18932 ...
[09/07 23:33:49] [TEST] Processing batch 6925/18932 ...
[09/07 23:33:49] [TEST] Processing batch 6926/18932 ...
[09/07 23:33:49] [TEST] Processing batch 6927/18932 ...
[09/07 23:33:49] [TEST] Processing batch 6928/18932 ...
[09/07 23:33:49] [TEST] Processing batch 6929/18932 ...
[09/07 23:33:49] [TEST] Processing batch 6930/18932 ...
[09/07 23:33:49] [TEST] Processing batch 6931/18932 ...
[09/07 23:33:49] [TEST] Processing batch 6932/18932 ...
[09/07 23:33:49] [TEST] Processing batch 6933/18932 ...
[09/07 23:33:49] [TEST] Processing batch 6934/18932 ...
[09/07 23:33:49] [TEST] Processing batch 6935/18932 ...
[09/07 23:33:50] [TEST] Processing batch 6936/18932 ...
[09/07 23:33:50] [TEST] Processing batch 6937/18932 ...
[09/07 23:33:50] [TEST] Processing batch 6938/18932 ...
[09/07 23:33:50] [TEST] Processing batch 6939/18932 ...
[09/07 23:33:50] [TEST] Processing batch 6940/18932 ...
[09/07 23:33:50] [TEST] Processing batch 6941/18932 ...
[09/07 23:33:50] [TEST] Processing batch 6942/18932 ...
[09/07 23:33:50] [TEST] Processing batch 6943/18932 ...
[09/07 23:33:50] [TEST] Processing batch 6944/18932 ...
[09/07 23:33:50] [TEST] Processing batch 6945/18932 ...
[09/07 23:33:50] [TEST] Processing batch 6946/18932 ...
[09/07 23:33:50] [TEST] Processing batch 6947/18932 ...
[09/07 23:33:50] [TEST] Processing batch 6948/18932 ...
[09/07 23:33:51] [TEST] Processing batch 6949/18932 ...
[09/07 23:33:51] [TEST] Processing batch 6950/18932 ...
[09/07 23:33:51] [TEST] Processing batch 6951/18932 ...
[09/07 23:33:51] [TEST] Processing batch 6952/18932 ...
[09/07 23:33:51] [TEST] Processing batch 6953/18932 ...
[09/07 23:33:51] [TEST] Processing batch 6954/18932 ...
[09/07 23:33:51] [TEST] Processing batch 6955/18932 ...
[09/07 23:33:51] [TEST] Processing batch 6956/18932 ...
[09/07 23:33:51] [TEST] Processing batch 6957/18932 ...
[09/07 23:33:51] [TEST] Processing batch 6958/18932 ...
[09/07 23:33:51] [TEST] Processing batch 6959/18932 ...
[09/07 23:33:51] [TEST] Processing batch 6960/18932 ...
[09/07 23:33:51] [TEST] Processing batch 6961/18932 ...
[09/07 23:33:51] [TEST] Processing batch 6962/18932 ...
[09/07 23:33:51] [TEST] Processing batch 6963/18932 ...
[09/07 23:33:52] [TEST] Processing batch 6964/18932 ...
[09/07 23:33:52] [TEST] Processing batch 6965/18932 ...
[09/07 23:33:52] [TEST] Processing batch 6966/18932 ...
[09/07 23:33:52] [TEST] Processing batch 6967/18932 ...
[09/07 23:33:52] [TEST] Processing batch 6968/18932 ...
[09/07 23:33:52] [TEST] Processing batch 6969/18932 ...
[09/07 23:33:52] [TEST] Processing batch 6970/18932 ...
[09/07 23:33:52] [TEST] Processing batch 6971/18932 ...
[09/07 23:33:52] [TEST] Processing batch 6972/18932 ...
[09/07 23:33:52] [TEST] Processing batch 6973/18932 ...
[09/07 23:33:52] [TEST] Processing batch 6974/18932 ...
[09/07 23:33:52] [TEST] Processing batch 6975/18932 ...
[09/07 23:33:52] [TEST] Processing batch 6976/18932 ...
[09/07 23:33:52] [TEST] Processing batch 6977/18932 ...
[09/07 23:33:52] [TEST] Processing batch 6978/18932 ...
[09/07 23:33:52] [TEST] Processing batch 6979/18932 ...
[09/07 23:33:53] [TEST] Processing batch 6980/18932 ...
[09/07 23:33:53] [TEST] Processing batch 6981/18932 ...
[09/07 23:33:53] [TEST] Processing batch 6982/18932 ...
[09/07 23:33:53] [TEST] Processing batch 6983/18932 ...
[09/07 23:33:53] [TEST] Processing batch 6984/18932 ...
[09/07 23:33:53] [TEST] Processing batch 6985/18932 ...
[09/07 23:33:53] [TEST] Processing batch 6986/18932 ...
[09/07 23:33:53] [TEST] Processing batch 6987/18932 ...
[09/07 23:33:53] [TEST] Processing batch 6988/18932 ...
[09/07 23:33:53] [TEST] Processing batch 6989/18932 ...
[09/07 23:33:53] [TEST] Processing batch 6990/18932 ...
[09/07 23:33:53] [TEST] Processing batch 6991/18932 ...
[09/07 23:33:53] [TEST] Processing batch 6992/18932 ...
[09/07 23:33:53] [TEST] Processing batch 6993/18932 ...
[09/07 23:33:53] [TEST] Processing batch 6994/18932 ...
[09/07 23:33:53] [TEST] Processing batch 6995/18932 ...
[09/07 23:33:54] [TEST] Processing batch 6996/18932 ...
[09/07 23:33:54] [TEST] Processing batch 6997/18932 ...
[09/07 23:33:54] [TEST] Processing batch 6998/18932 ...
[09/07 23:33:54] [TEST] Processing batch 6999/18932 ...
[09/07 23:33:54] [TEST] Processing batch 7000/18932 ...
[09/07 23:33:54] [TEST] Processing batch 7001/18932 ...
[09/07 23:33:54] [TEST] Processing batch 7002/18932 ...
[09/07 23:33:54] [TEST] Processing batch 7003/18932 ...
[09/07 23:33:54] [TEST] Processing batch 7004/18932 ...
[09/07 23:33:54] [TEST] Processing batch 7005/18932 ...
[09/07 23:33:54] [TEST] Processing batch 7006/18932 ...
[09/07 23:33:54] [TEST] Processing batch 7007/18932 ...
[09/07 23:33:54] [TEST] Processing batch 7008/18932 ...
[09/07 23:33:54] [TEST] Processing batch 7009/18932 ...
[09/07 23:33:54] [TEST] Processing batch 7010/18932 ...
[09/07 23:33:54] [TEST] Processing batch 7011/18932 ...
[09/07 23:33:54] [TEST] Processing batch 7012/18932 ...
[09/07 23:33:55] [TEST] Processing batch 7013/18932 ...
[09/07 23:33:55] [TEST] Processing batch 7014/18932 ...
[09/07 23:33:55] [TEST] Processing batch 7015/18932 ...
[09/07 23:33:55] [TEST] Processing batch 7016/18932 ...
[09/07 23:33:55] [TEST] Processing batch 7017/18932 ...
[09/07 23:33:55] [TEST] Processing batch 7018/18932 ...
[09/07 23:33:55] [TEST] Processing batch 7019/18932 ...
[09/07 23:33:55] [TEST] Processing batch 7020/18932 ...
[09/07 23:33:55] [TEST] Processing batch 7021/18932 ...
[09/07 23:33:55] [TEST] Processing batch 7022/18932 ...
[09/07 23:33:55] [TEST] Processing batch 7023/18932 ...
[09/07 23:33:55] [TEST] Processing batch 7024/18932 ...
[09/07 23:33:55] [TEST] Processing batch 7025/18932 ...
[09/07 23:33:55] [TEST] Processing batch 7026/18932 ...
[09/07 23:33:55] [TEST] Processing batch 7027/18932 ...
[09/07 23:33:55] [TEST] Processing batch 7028/18932 ...
[09/07 23:33:56] [TEST] Processing batch 7029/18932 ...
[09/07 23:33:56] [TEST] Processing batch 7030/18932 ...
[09/07 23:33:56] [TEST] Processing batch 7031/18932 ...
[09/07 23:33:56] [TEST] Processing batch 7032/18932 ...
[09/07 23:33:56] [TEST] Processing batch 7033/18932 ...
[09/07 23:33:56] [TEST] Processing batch 7034/18932 ...
[09/07 23:33:56] [TEST] Processing batch 7035/18932 ...
[09/07 23:33:56] [TEST] Processing batch 7036/18932 ...
[09/07 23:33:56] [TEST] Processing batch 7037/18932 ...
[09/07 23:33:56] [TEST] Processing batch 7038/18932 ...
[09/07 23:33:56] [TEST] Processing batch 7039/18932 ...
[09/07 23:33:56] [TEST] Processing batch 7040/18932 ...
[09/07 23:33:56] [TEST] Processing batch 7041/18932 ...
[09/07 23:33:56] [TEST] Processing batch 7042/18932 ...
[09/07 23:33:56] [TEST] Processing batch 7043/18932 ...
[09/07 23:33:57] [TEST] Processing batch 7044/18932 ...
[09/07 23:33:57] [TEST] Processing batch 7045/18932 ...
[09/07 23:33:57] [TEST] Processing batch 7046/18932 ...
[09/07 23:33:57] [TEST] Processing batch 7047/18932 ...
[09/07 23:33:57] [TEST] Processing batch 7048/18932 ...
[09/07 23:33:57] [TEST] Processing batch 7049/18932 ...
[09/07 23:33:57] [TEST] Processing batch 7050/18932 ...
[09/07 23:33:57] [TEST] Processing batch 7051/18932 ...
[09/07 23:33:57] [TEST] Processing batch 7052/18932 ...
[09/07 23:33:57] [TEST] Processing batch 7053/18932 ...
[09/07 23:33:57] [TEST] Processing batch 7054/18932 ...
[09/07 23:33:57] [TEST] Processing batch 7055/18932 ...
[09/07 23:33:57] [TEST] Processing batch 7056/18932 ...
[09/07 23:33:57] [TEST] Processing batch 7057/18932 ...
[09/07 23:33:57] [TEST] Processing batch 7058/18932 ...
[09/07 23:33:57] [TEST] Processing batch 7059/18932 ...
[09/07 23:33:58] [TEST] Processing batch 7060/18932 ...
[09/07 23:33:58] [TEST] Processing batch 7061/18932 ...
[09/07 23:33:58] [TEST] Processing batch 7062/18932 ...
[09/07 23:33:58] [TEST] Processing batch 7063/18932 ...
[09/07 23:33:58] [TEST] Processing batch 7064/18932 ...
[09/07 23:33:58] [TEST] Processing batch 7065/18932 ...
[09/07 23:33:58] [TEST] Processing batch 7066/18932 ...
[09/07 23:33:58] [TEST] Processing batch 7067/18932 ...
[09/07 23:33:58] [TEST] Processing batch 7068/18932 ...
[09/07 23:33:58] [TEST] Processing batch 7069/18932 ...
[09/07 23:33:58] [TEST] Processing batch 7070/18932 ...
[09/07 23:33:58] [TEST] Processing batch 7071/18932 ...
[09/07 23:33:58] [TEST] Processing batch 7072/18932 ...
[09/07 23:33:58] [TEST] Processing batch 7073/18932 ...
[09/07 23:33:58] [TEST] Processing batch 7074/18932 ...
[09/07 23:33:58] [TEST] Processing batch 7075/18932 ...
[09/07 23:33:59] [TEST] Processing batch 7076/18932 ...
[09/07 23:33:59] [TEST] Processing batch 7077/18932 ...
[09/07 23:33:59] [TEST] Processing batch 7078/18932 ...
[09/07 23:33:59] [TEST] Processing batch 7079/18932 ...
[09/07 23:33:59] [TEST] Processing batch 7080/18932 ...
[09/07 23:33:59] [TEST] Processing batch 7081/18932 ...
[09/07 23:33:59] [TEST] Processing batch 7082/18932 ...
[09/07 23:33:59] [TEST] Processing batch 7083/18932 ...
[09/07 23:33:59] [TEST] Processing batch 7084/18932 ...
[09/07 23:33:59] [TEST] Processing batch 7085/18932 ...
[09/07 23:33:59] [TEST] Processing batch 7086/18932 ...
[09/07 23:33:59] [TEST] Processing batch 7087/18932 ...
[09/07 23:33:59] [TEST] Processing batch 7088/18932 ...
[09/07 23:33:59] [TEST] Processing batch 7089/18932 ...
[09/07 23:33:59] [TEST] Processing batch 7090/18932 ...
[09/07 23:33:59] [TEST] Processing batch 7091/18932 ...
[09/07 23:34:00] [TEST] Processing batch 7092/18932 ...
[09/07 23:34:00] [TEST] Processing batch 7093/18932 ...
[09/07 23:34:00] [TEST] Processing batch 7094/18932 ...
[09/07 23:34:00] [TEST] Processing batch 7095/18932 ...
[09/07 23:34:00] [TEST] Processing batch 7096/18932 ...
[09/07 23:34:00] [TEST] Processing batch 7097/18932 ...
[09/07 23:34:00] [TEST] Processing batch 7098/18932 ...
[09/07 23:34:00] [TEST] Processing batch 7099/18932 ...
[09/07 23:34:00] [TEST] Processing batch 7100/18932 ...
[09/07 23:34:00] [TEST] Processing batch 7101/18932 ...
[09/07 23:34:00] [TEST] Processing batch 7102/18932 ...
[09/07 23:34:00] [TEST] Processing batch 7103/18932 ...
[09/07 23:34:00] [TEST] Processing batch 7104/18932 ...
[09/07 23:34:00] [TEST] Processing batch 7105/18932 ...
[09/07 23:34:00] [TEST] Processing batch 7106/18932 ...
[09/07 23:34:00] [TEST] Processing batch 7107/18932 ...
[09/07 23:34:01] [TEST] Processing batch 7108/18932 ...
[09/07 23:34:01] [TEST] Processing batch 7109/18932 ...
[09/07 23:34:01] [TEST] Processing batch 7110/18932 ...
[09/07 23:34:01] [TEST] Processing batch 7111/18932 ...
[09/07 23:34:01] [TEST] Processing batch 7112/18932 ...
[09/07 23:34:01] [TEST] Processing batch 7113/18932 ...
[09/07 23:34:01] [TEST] Processing batch 7114/18932 ...
[09/07 23:34:01] [TEST] Processing batch 7115/18932 ...
[09/07 23:34:01] [TEST] Processing batch 7116/18932 ...
[09/07 23:34:01] [TEST] Processing batch 7117/18932 ...
[09/07 23:34:01] [TEST] Processing batch 7118/18932 ...
[09/07 23:34:01] [TEST] Processing batch 7119/18932 ...
[09/07 23:34:01] [TEST] Processing batch 7120/18932 ...
[09/07 23:34:01] [TEST] Processing batch 7121/18932 ...
[09/07 23:34:01] [TEST] Processing batch 7122/18932 ...
[09/07 23:34:01] [TEST] Processing batch 7123/18932 ...
[09/07 23:34:02] [TEST] Processing batch 7124/18932 ...
[09/07 23:34:02] [TEST] Processing batch 7125/18932 ...
[09/07 23:34:02] [TEST] Processing batch 7126/18932 ...
[09/07 23:34:02] [TEST] Processing batch 7127/18932 ...
[09/07 23:34:02] [TEST] Processing batch 7128/18932 ...
[09/07 23:34:02] [TEST] Processing batch 7129/18932 ...
[09/07 23:34:02] [TEST] Processing batch 7130/18932 ...
[09/07 23:34:02] [TEST] Processing batch 7131/18932 ...
[09/07 23:34:02] [TEST] Processing batch 7132/18932 ...
[09/07 23:34:02] [TEST] Processing batch 7133/18932 ...
[09/07 23:34:02] [TEST] Processing batch 7134/18932 ...
[09/07 23:34:02] [TEST] Processing batch 7135/18932 ...
[09/07 23:34:02] [TEST] Processing batch 7136/18932 ...
[09/07 23:34:02] [TEST] Processing batch 7137/18932 ...
[09/07 23:34:02] [TEST] Processing batch 7138/18932 ...
[09/07 23:34:02] [TEST] Processing batch 7139/18932 ...
[09/07 23:34:03] [TEST] Processing batch 7140/18932 ...
[09/07 23:34:03] [TEST] Processing batch 7141/18932 ...
[09/07 23:34:03] [TEST] Processing batch 7142/18932 ...
[09/07 23:34:03] [TEST] Processing batch 7143/18932 ...
[09/07 23:34:03] [TEST] Processing batch 7144/18932 ...
[09/07 23:34:03] [TEST] Processing batch 7145/18932 ...
[09/07 23:34:03] [TEST] Processing batch 7146/18932 ...
[09/07 23:34:03] [TEST] Processing batch 7147/18932 ...
[09/07 23:34:03] [TEST] Processing batch 7148/18932 ...
[09/07 23:34:03] [TEST] Processing batch 7149/18932 ...
[09/07 23:34:03] [TEST] Processing batch 7150/18932 ...
[09/07 23:34:03] [TEST] Processing batch 7151/18932 ...
[09/07 23:34:03] [TEST] Processing batch 7152/18932 ...
[09/07 23:34:03] [TEST] Processing batch 7153/18932 ...
[09/07 23:34:03] [TEST] Processing batch 7154/18932 ...
[09/07 23:34:03] [TEST] Processing batch 7155/18932 ...
[09/07 23:34:04] [TEST] Processing batch 7156/18932 ...
[09/07 23:34:04] [TEST] Processing batch 7157/18932 ...
[09/07 23:34:04] [TEST] Processing batch 7158/18932 ...
[09/07 23:34:04] [TEST] Processing batch 7159/18932 ...
[09/07 23:34:04] [TEST] Processing batch 7160/18932 ...
[09/07 23:34:04] [TEST] Processing batch 7161/18932 ...
[09/07 23:34:04] [TEST] Processing batch 7162/18932 ...
[09/07 23:34:04] [TEST] Processing batch 7163/18932 ...
[09/07 23:34:04] [TEST] Processing batch 7164/18932 ...
[09/07 23:34:04] [TEST] Processing batch 7165/18932 ...
[09/07 23:34:04] [TEST] Processing batch 7166/18932 ...
[09/07 23:34:04] [TEST] Processing batch 7167/18932 ...
[09/07 23:34:04] [TEST] Processing batch 7168/18932 ...
[09/07 23:34:04] [TEST] Processing batch 7169/18932 ...
[09/07 23:34:04] [TEST] Processing batch 7170/18932 ...
[09/07 23:34:05] [TEST] Processing batch 7171/18932 ...
[09/07 23:34:05] [TEST] Processing batch 7172/18932 ...
[09/07 23:34:05] [TEST] Processing batch 7173/18932 ...
[09/07 23:34:05] [TEST] Processing batch 7174/18932 ...
[09/07 23:34:05] [TEST] Processing batch 7175/18932 ...
[09/07 23:34:05] [TEST] Processing batch 7176/18932 ...
[09/07 23:34:05] [TEST] Processing batch 7177/18932 ...
[09/07 23:34:05] [TEST] Processing batch 7178/18932 ...
[09/07 23:34:05] [TEST] Processing batch 7179/18932 ...
[09/07 23:34:05] [TEST] Processing batch 7180/18932 ...
[09/07 23:34:05] [TEST] Processing batch 7181/18932 ...
[09/07 23:34:05] [TEST] Processing batch 7182/18932 ...
[09/07 23:34:05] [TEST] Processing batch 7183/18932 ...
[09/07 23:34:05] [TEST] Processing batch 7184/18932 ...
[09/07 23:34:05] [TEST] Processing batch 7185/18932 ...
[09/07 23:34:05] [TEST] Processing batch 7186/18932 ...
[09/07 23:34:05] [TEST] Processing batch 7187/18932 ...
[09/07 23:34:06] [TEST] Processing batch 7188/18932 ...
[09/07 23:34:06] [TEST] Processing batch 7189/18932 ...
[09/07 23:34:06] [TEST] Processing batch 7190/18932 ...
[09/07 23:34:06] [TEST] Processing batch 7191/18932 ...
[09/07 23:34:06] [TEST] Processing batch 7192/18932 ...
[09/07 23:34:06] [TEST] Processing batch 7193/18932 ...
[09/07 23:34:06] [TEST] Processing batch 7194/18932 ...
[09/07 23:34:06] [TEST] Processing batch 7195/18932 ...
[09/07 23:34:06] [TEST] Processing batch 7196/18932 ...
[09/07 23:34:06] [TEST] Processing batch 7197/18932 ...
[09/07 23:34:06] [TEST] Processing batch 7198/18932 ...
[09/07 23:34:06] [TEST] Processing batch 7199/18932 ...
[09/07 23:34:06] [TEST] Processing batch 7200/18932 ...
[09/07 23:34:06] [TEST] Processing batch 7201/18932 ...
[09/07 23:34:06] [TEST] Processing batch 7202/18932 ...
[09/07 23:34:06] [TEST] Processing batch 7203/18932 ...
[09/07 23:34:07] [TEST] Processing batch 7204/18932 ...
[09/07 23:34:07] [TEST] Processing batch 7205/18932 ...
[09/07 23:34:07] [TEST] Processing batch 7206/18932 ...
[09/07 23:34:07] [TEST] Processing batch 7207/18932 ...
[09/07 23:34:07] [TEST] Processing batch 7208/18932 ...
[09/07 23:34:07] [TEST] Processing batch 7209/18932 ...
[09/07 23:34:07] [TEST] Processing batch 7210/18932 ...
[09/07 23:34:07] [TEST] Processing batch 7211/18932 ...
[09/07 23:34:07] [TEST] Processing batch 7212/18932 ...
[09/07 23:34:07] [TEST] Processing batch 7213/18932 ...
[09/07 23:34:07] [TEST] Processing batch 7214/18932 ...
[09/07 23:34:07] [TEST] Processing batch 7215/18932 ...
[09/07 23:34:07] [TEST] Processing batch 7216/18932 ...
[09/07 23:34:07] [TEST] Processing batch 7217/18932 ...
[09/07 23:34:07] [TEST] Processing batch 7218/18932 ...
[09/07 23:34:07] [TEST] Processing batch 7219/18932 ...
[09/07 23:34:08] [TEST] Processing batch 7220/18932 ...
[09/07 23:34:08] [TEST] Processing batch 7221/18932 ...
[09/07 23:34:08] [TEST] Processing batch 7222/18932 ...
[09/07 23:34:08] [TEST] Processing batch 7223/18932 ...
[09/07 23:34:08] [TEST] Processing batch 7224/18932 ...
[09/07 23:34:08] [TEST] Processing batch 7225/18932 ...
[09/07 23:34:08] [TEST] Processing batch 7226/18932 ...
[09/07 23:34:08] [TEST] Processing batch 7227/18932 ...
[09/07 23:34:08] [TEST] Processing batch 7228/18932 ...
[09/07 23:34:08] [TEST] Processing batch 7229/18932 ...
[09/07 23:34:08] [TEST] Processing batch 7230/18932 ...
[09/07 23:34:08] [TEST] Processing batch 7231/18932 ...
[09/07 23:34:08] [TEST] Processing batch 7232/18932 ...
[09/07 23:34:08] [TEST] Processing batch 7233/18932 ...
[09/07 23:34:08] [TEST] Processing batch 7234/18932 ...
[09/07 23:34:08] [TEST] Processing batch 7235/18932 ...
[09/07 23:34:09] [TEST] Processing batch 7236/18932 ...
[09/07 23:34:09] [TEST] Processing batch 7237/18932 ...
[09/07 23:34:09] [TEST] Processing batch 7238/18932 ...
[09/07 23:34:09] [TEST] Processing batch 7239/18932 ...
[09/07 23:34:09] [TEST] Processing batch 7240/18932 ...
[09/07 23:34:09] [TEST] Processing batch 7241/18932 ...
[09/07 23:34:09] [TEST] Processing batch 7242/18932 ...
[09/07 23:34:09] [TEST] Processing batch 7243/18932 ...
[09/07 23:34:09] [TEST] Processing batch 7244/18932 ...
[09/07 23:34:09] [TEST] Processing batch 7245/18932 ...
[09/07 23:34:09] [TEST] Processing batch 7246/18932 ...
[09/07 23:34:09] [TEST] Processing batch 7247/18932 ...
[09/07 23:34:09] [TEST] Processing batch 7248/18932 ...
[09/07 23:34:09] [TEST] Processing batch 7249/18932 ...
[09/07 23:34:09] [TEST] Processing batch 7250/18932 ...
[09/07 23:34:09] [TEST] Processing batch 7251/18932 ...
[09/07 23:34:10] [TEST] Processing batch 7252/18932 ...
[09/07 23:34:10] [TEST] Processing batch 7253/18932 ...
[09/07 23:34:10] [TEST] Processing batch 7254/18932 ...
[09/07 23:34:10] [TEST] Processing batch 7255/18932 ...
[09/07 23:34:10] [TEST] Processing batch 7256/18932 ...
[09/07 23:34:10] [TEST] Processing batch 7257/18932 ...
[09/07 23:34:10] [TEST] Processing batch 7258/18932 ...
[09/07 23:34:10] [TEST] Processing batch 7259/18932 ...
[09/07 23:34:10] [TEST] Processing batch 7260/18932 ...
[09/07 23:34:10] [TEST] Processing batch 7261/18932 ...
[09/07 23:34:10] [TEST] Processing batch 7262/18932 ...
[09/07 23:34:10] [TEST] Processing batch 7263/18932 ...
[09/07 23:34:10] [TEST] Processing batch 7264/18932 ...
[09/07 23:34:10] [TEST] Processing batch 7265/18932 ...
[09/07 23:34:10] [TEST] Processing batch 7266/18932 ...
[09/07 23:34:10] [TEST] Processing batch 7267/18932 ...
[09/07 23:34:11] [TEST] Processing batch 7268/18932 ...
[09/07 23:34:11] [TEST] Processing batch 7269/18932 ...
[09/07 23:34:11] [TEST] Processing batch 7270/18932 ...
[09/07 23:34:11] [TEST] Processing batch 7271/18932 ...
[09/07 23:34:11] [TEST] Processing batch 7272/18932 ...
[09/07 23:34:11] [TEST] Processing batch 7273/18932 ...
[09/07 23:34:11] [TEST] Processing batch 7274/18932 ...
[09/07 23:34:11] [TEST] Processing batch 7275/18932 ...
[09/07 23:34:11] [TEST] Processing batch 7276/18932 ...
[09/07 23:34:11] [TEST] Processing batch 7277/18932 ...
[09/07 23:34:11] [TEST] Processing batch 7278/18932 ...
[09/07 23:34:11] [TEST] Processing batch 7279/18932 ...
[09/07 23:34:11] [TEST] Processing batch 7280/18932 ...
[09/07 23:34:11] [TEST] Processing batch 7281/18932 ...
[09/07 23:34:11] [TEST] Processing batch 7282/18932 ...
[09/07 23:34:11] [TEST] Processing batch 7283/18932 ...
[09/07 23:34:12] [TEST] Processing batch 7284/18932 ...
[09/07 23:34:12] [TEST] Processing batch 7285/18932 ...
[09/07 23:34:12] [TEST] Processing batch 7286/18932 ...
[09/07 23:34:12] [TEST] Processing batch 7287/18932 ...
[09/07 23:34:12] [TEST] Processing batch 7288/18932 ...
[09/07 23:34:12] [TEST] Processing batch 7289/18932 ...
[09/07 23:34:12] [TEST] Processing batch 7290/18932 ...
[09/07 23:34:12] [TEST] Processing batch 7291/18932 ...
[09/07 23:34:12] [TEST] Processing batch 7292/18932 ...
[09/07 23:34:12] [TEST] Processing batch 7293/18932 ...
[09/07 23:34:12] [TEST] Processing batch 7294/18932 ...
[09/07 23:34:12] [TEST] Processing batch 7295/18932 ...
[09/07 23:34:12] [TEST] Processing batch 7296/18932 ...
[09/07 23:34:12] [TEST] Processing batch 7297/18932 ...
[09/07 23:34:12] [TEST] Processing batch 7298/18932 ...
[09/07 23:34:12] [TEST] Processing batch 7299/18932 ...
[09/07 23:34:13] [TEST] Processing batch 7300/18932 ...
[09/07 23:34:13] [TEST] Processing batch 7301/18932 ...
[09/07 23:34:13] [TEST] Processing batch 7302/18932 ...
[09/07 23:34:13] [TEST] Processing batch 7303/18932 ...
[09/07 23:34:13] [TEST] Processing batch 7304/18932 ...
[09/07 23:34:13] [TEST] Processing batch 7305/18932 ...
[09/07 23:34:13] [TEST] Processing batch 7306/18932 ...
[09/07 23:34:13] [TEST] Processing batch 7307/18932 ...
[09/07 23:34:13] [TEST] Processing batch 7308/18932 ...
[09/07 23:34:13] [TEST] Processing batch 7309/18932 ...
[09/07 23:34:13] [TEST] Processing batch 7310/18932 ...
[09/07 23:34:13] [TEST] Processing batch 7311/18932 ...
[09/07 23:34:13] [TEST] Processing batch 7312/18932 ...
[09/07 23:34:13] [TEST] Processing batch 7313/18932 ...
[09/07 23:34:13] [TEST] Processing batch 7314/18932 ...
[09/07 23:34:13] [TEST] Processing batch 7315/18932 ...
[09/07 23:34:14] [TEST] Processing batch 7316/18932 ...
[09/07 23:34:14] [TEST] Processing batch 7317/18932 ...
[09/07 23:34:14] [TEST] Processing batch 7318/18932 ...
[09/07 23:34:14] [TEST] Processing batch 7319/18932 ...
[09/07 23:34:14] [TEST] Processing batch 7320/18932 ...
[09/07 23:34:14] [TEST] Processing batch 7321/18932 ...
[09/07 23:34:14] [TEST] Processing batch 7322/18932 ...
[09/07 23:34:14] [TEST] Processing batch 7323/18932 ...
[09/07 23:34:14] [TEST] Processing batch 7324/18932 ...
[09/07 23:34:14] [TEST] Processing batch 7325/18932 ...
[09/07 23:34:14] [TEST] Processing batch 7326/18932 ...
[09/07 23:34:14] [TEST] Processing batch 7327/18932 ...
[09/07 23:34:14] [TEST] Processing batch 7328/18932 ...
[09/07 23:34:14] [TEST] Processing batch 7329/18932 ...
[09/07 23:34:14] [TEST] Processing batch 7330/18932 ...
[09/07 23:34:14] [TEST] Processing batch 7331/18932 ...
[09/07 23:34:15] [TEST] Processing batch 7332/18932 ...
[09/07 23:34:15] [TEST] Processing batch 7333/18932 ...
[09/07 23:34:15] [TEST] Processing batch 7334/18932 ...
[09/07 23:34:15] [TEST] Processing batch 7335/18932 ...
[09/07 23:34:15] [TEST] Processing batch 7336/18932 ...
[09/07 23:34:15] [TEST] Processing batch 7337/18932 ...
[09/07 23:34:15] [TEST] Processing batch 7338/18932 ...
[09/07 23:34:15] [TEST] Processing batch 7339/18932 ...
[09/07 23:34:15] [TEST] Processing batch 7340/18932 ...
[09/07 23:34:15] [TEST] Processing batch 7341/18932 ...
[09/07 23:34:15] [TEST] Processing batch 7342/18932 ...
[09/07 23:34:15] [TEST] Processing batch 7343/18932 ...
[09/07 23:34:15] [TEST] Processing batch 7344/18932 ...
[09/07 23:34:15] [TEST] Processing batch 7345/18932 ...
[09/07 23:34:15] [TEST] Processing batch 7346/18932 ...
[09/07 23:34:16] [TEST] Processing batch 7347/18932 ...
[09/07 23:34:16] [TEST] Processing batch 7348/18932 ...
[09/07 23:34:16] [TEST] Processing batch 7349/18932 ...
[09/07 23:34:16] [TEST] Processing batch 7350/18932 ...
[09/07 23:34:16] [TEST] Processing batch 7351/18932 ...
[09/07 23:34:16] [TEST] Processing batch 7352/18932 ...
[09/07 23:34:16] [TEST] Processing batch 7353/18932 ...
[09/07 23:34:16] [TEST] Processing batch 7354/18932 ...
[09/07 23:34:16] [TEST] Processing batch 7355/18932 ...
[09/07 23:34:16] [TEST] Processing batch 7356/18932 ...
[09/07 23:34:16] [TEST] Processing batch 7357/18932 ...
[09/07 23:34:16] [TEST] Processing batch 7358/18932 ...
[09/07 23:34:16] [TEST] Processing batch 7359/18932 ...
[09/07 23:34:16] [TEST] Processing batch 7360/18932 ...
[09/07 23:34:16] [TEST] Processing batch 7361/18932 ...
[09/07 23:34:16] [TEST] Processing batch 7362/18932 ...
[09/07 23:34:17] [TEST] Processing batch 7363/18932 ...
[09/07 23:34:17] [TEST] Processing batch 7364/18932 ...
[09/07 23:34:17] [TEST] Processing batch 7365/18932 ...
[09/07 23:34:17] [TEST] Processing batch 7366/18932 ...
[09/07 23:34:17] [TEST] Processing batch 7367/18932 ...
[09/07 23:34:17] [TEST] Processing batch 7368/18932 ...
[09/07 23:34:17] [TEST] Processing batch 7369/18932 ...
[09/07 23:34:17] [TEST] Processing batch 7370/18932 ...
[09/07 23:34:17] [TEST] Processing batch 7371/18932 ...
[09/07 23:34:17] [TEST] Processing batch 7372/18932 ...
[09/07 23:34:17] [TEST] Processing batch 7373/18932 ...
[09/07 23:34:17] [TEST] Processing batch 7374/18932 ...
[09/07 23:34:17] [TEST] Processing batch 7375/18932 ...
[09/07 23:34:17] [TEST] Processing batch 7376/18932 ...
[09/07 23:34:17] [TEST] Processing batch 7377/18932 ...
[09/07 23:34:17] [TEST] Processing batch 7378/18932 ...
[09/07 23:34:17] [TEST] Processing batch 7379/18932 ...
[09/07 23:34:18] [TEST] Processing batch 7380/18932 ...
[09/07 23:34:18] [TEST] Processing batch 7381/18932 ...
[09/07 23:34:18] [TEST] Processing batch 7382/18932 ...
[09/07 23:34:18] [TEST] Processing batch 7383/18932 ...
[09/07 23:34:18] [TEST] Processing batch 7384/18932 ...
[09/07 23:34:18] [TEST] Processing batch 7385/18932 ...
[09/07 23:34:18] [TEST] Processing batch 7386/18932 ...
[09/07 23:34:18] [TEST] Processing batch 7387/18932 ...
[09/07 23:34:18] [TEST] Processing batch 7388/18932 ...
[09/07 23:34:18] [TEST] Processing batch 7389/18932 ...
[09/07 23:34:18] [TEST] Processing batch 7390/18932 ...
[09/07 23:34:18] [TEST] Processing batch 7391/18932 ...
[09/07 23:34:18] [TEST] Processing batch 7392/18932 ...
[09/07 23:34:18] [TEST] Processing batch 7393/18932 ...
[09/07 23:34:18] [TEST] Processing batch 7394/18932 ...
[09/07 23:34:18] [TEST] Processing batch 7395/18932 ...
[09/07 23:34:19] [TEST] Processing batch 7396/18932 ...
[09/07 23:34:19] [TEST] Processing batch 7397/18932 ...
[09/07 23:34:19] [TEST] Processing batch 7398/18932 ...
[09/07 23:34:19] [TEST] Processing batch 7399/18932 ...
[09/07 23:34:19] [TEST] Processing batch 7400/18932 ...
[09/07 23:34:19] [TEST] Processing batch 7401/18932 ...
[09/07 23:34:19] [TEST] Processing batch 7402/18932 ...
[09/07 23:34:19] [TEST] Processing batch 7403/18932 ...
[09/07 23:34:19] [TEST] Processing batch 7404/18932 ...
[09/07 23:34:19] [TEST] Processing batch 7405/18932 ...
[09/07 23:34:19] [TEST] Processing batch 7406/18932 ...
[09/07 23:34:19] [TEST] Processing batch 7407/18932 ...
[09/07 23:34:19] [TEST] Processing batch 7408/18932 ...
[09/07 23:34:19] [TEST] Processing batch 7409/18932 ...
[09/07 23:34:19] [TEST] Processing batch 7410/18932 ...
[09/07 23:34:19] [TEST] Processing batch 7411/18932 ...
[09/07 23:34:19] [TEST] Processing batch 7412/18932 ...
[09/07 23:34:20] [TEST] Processing batch 7413/18932 ...
[09/07 23:34:20] [TEST] Processing batch 7414/18932 ...
[09/07 23:34:20] [TEST] Processing batch 7415/18932 ...
[09/07 23:34:20] [TEST] Processing batch 7416/18932 ...
[09/07 23:34:20] [TEST] Processing batch 7417/18932 ...
[09/07 23:34:20] [TEST] Processing batch 7418/18932 ...
[09/07 23:34:20] [TEST] Processing batch 7419/18932 ...
[09/07 23:34:20] [TEST] Processing batch 7420/18932 ...
[09/07 23:34:20] [TEST] Processing batch 7421/18932 ...
[09/07 23:34:20] [TEST] Processing batch 7422/18932 ...
[09/07 23:34:20] [TEST] Processing batch 7423/18932 ...
[09/07 23:34:20] [TEST] Processing batch 7424/18932 ...
[09/07 23:34:20] [TEST] Processing batch 7425/18932 ...
[09/07 23:34:20] [TEST] Processing batch 7426/18932 ...
[09/07 23:34:20] [TEST] Processing batch 7427/18932 ...
[09/07 23:34:20] [TEST] Processing batch 7428/18932 ...
[09/07 23:34:21] [TEST] Processing batch 7429/18932 ...
[09/07 23:34:21] [TEST] Processing batch 7430/18932 ...
[09/07 23:34:21] [TEST] Processing batch 7431/18932 ...
[09/07 23:34:21] [TEST] Processing batch 7432/18932 ...
[09/07 23:34:21] [TEST] Processing batch 7433/18932 ...
[09/07 23:34:21] [TEST] Processing batch 7434/18932 ...
[09/07 23:34:21] [TEST] Processing batch 7435/18932 ...
[09/07 23:34:21] [TEST] Processing batch 7436/18932 ...
[09/07 23:34:21] [TEST] Processing batch 7437/18932 ...
[09/07 23:34:21] [TEST] Processing batch 7438/18932 ...
[09/07 23:34:21] [TEST] Processing batch 7439/18932 ...
[09/07 23:34:21] [TEST] Processing batch 7440/18932 ...
[09/07 23:34:21] [TEST] Processing batch 7441/18932 ...
[09/07 23:34:21] [TEST] Processing batch 7442/18932 ...
[09/07 23:34:21] [TEST] Processing batch 7443/18932 ...
[09/07 23:34:21] [TEST] Processing batch 7444/18932 ...
[09/07 23:34:22] [TEST] Processing batch 7445/18932 ...
[09/07 23:34:22] [TEST] Processing batch 7446/18932 ...
[09/07 23:34:22] [TEST] Processing batch 7447/18932 ...
[09/07 23:34:22] [TEST] Processing batch 7448/18932 ...
[09/07 23:34:22] [TEST] Processing batch 7449/18932 ...
[09/07 23:34:22] [TEST] Processing batch 7450/18932 ...
[09/07 23:34:22] [TEST] Processing batch 7451/18932 ...
[09/07 23:34:22] [TEST] Processing batch 7452/18932 ...
[09/07 23:34:22] [TEST] Processing batch 7453/18932 ...
[09/07 23:34:22] [TEST] Processing batch 7454/18932 ...
[09/07 23:34:22] [TEST] Processing batch 7455/18932 ...
[09/07 23:34:22] [TEST] Processing batch 7456/18932 ...
[09/07 23:34:22] [TEST] Processing batch 7457/18932 ...
[09/07 23:34:22] [TEST] Processing batch 7458/18932 ...
[09/07 23:34:22] [TEST] Processing batch 7459/18932 ...
[09/07 23:34:22] [TEST] Processing batch 7460/18932 ...
[09/07 23:34:23] [TEST] Processing batch 7461/18932 ...
[09/07 23:34:23] [TEST] Processing batch 7462/18932 ...
[09/07 23:34:23] [TEST] Processing batch 7463/18932 ...
[09/07 23:34:23] [TEST] Processing batch 7464/18932 ...
[09/07 23:34:23] [TEST] Processing batch 7465/18932 ...
[09/07 23:34:23] [TEST] Processing batch 7466/18932 ...
[09/07 23:34:23] [TEST] Processing batch 7467/18932 ...
[09/07 23:34:23] [TEST] Processing batch 7468/18932 ...
[09/07 23:34:23] [TEST] Processing batch 7469/18932 ...
[09/07 23:34:23] [TEST] Processing batch 7470/18932 ...
[09/07 23:34:23] [TEST] Processing batch 7471/18932 ...
[09/07 23:34:23] [TEST] Processing batch 7472/18932 ...
[09/07 23:34:23] [TEST] Processing batch 7473/18932 ...
[09/07 23:34:23] [TEST] Processing batch 7474/18932 ...
[09/07 23:34:23] [TEST] Processing batch 7475/18932 ...
[09/07 23:34:23] [TEST] Processing batch 7476/18932 ...
[09/07 23:34:23] [TEST] Processing batch 7477/18932 ...
[09/07 23:34:24] [TEST] Processing batch 7478/18932 ...
[09/07 23:34:24] [TEST] Processing batch 7479/18932 ...
[09/07 23:34:24] [TEST] Processing batch 7480/18932 ...
[09/07 23:34:24] [TEST] Processing batch 7481/18932 ...
[09/07 23:34:24] [TEST] Processing batch 7482/18932 ...
[09/07 23:34:24] [TEST] Processing batch 7483/18932 ...
[09/07 23:34:24] [TEST] Processing batch 7484/18932 ...
[09/07 23:34:24] [TEST] Processing batch 7485/18932 ...
[09/07 23:34:24] [TEST] Processing batch 7486/18932 ...
[09/07 23:34:24] [TEST] Processing batch 7487/18932 ...
[09/07 23:34:24] [TEST] Processing batch 7488/18932 ...
[09/07 23:34:24] [TEST] Processing batch 7489/18932 ...
[09/07 23:34:24] [TEST] Processing batch 7490/18932 ...
[09/07 23:34:24] [TEST] Processing batch 7491/18932 ...
[09/07 23:34:24] [TEST] Processing batch 7492/18932 ...
[09/07 23:34:24] [TEST] Processing batch 7493/18932 ...
[09/07 23:34:25] [TEST] Processing batch 7494/18932 ...
[09/07 23:34:25] [TEST] Processing batch 7495/18932 ...
[09/07 23:34:25] [TEST] Processing batch 7496/18932 ...
[09/07 23:34:25] [TEST] Processing batch 7497/18932 ...
[09/07 23:34:25] [TEST] Processing batch 7498/18932 ...
[09/07 23:34:25] [TEST] Processing batch 7499/18932 ...
[09/07 23:34:25] [TEST] Processing batch 7500/18932 ...
[09/07 23:34:25] [TEST] Processing batch 7501/18932 ...
[09/07 23:34:25] [TEST] Processing batch 7502/18932 ...
[09/07 23:34:25] [TEST] Processing batch 7503/18932 ...
[09/07 23:34:25] [TEST] Processing batch 7504/18932 ...
[09/07 23:34:25] [TEST] Processing batch 7505/18932 ...
[09/07 23:34:25] [TEST] Processing batch 7506/18932 ...
[09/07 23:34:25] [TEST] Processing batch 7507/18932 ...
[09/07 23:34:25] [TEST] Processing batch 7508/18932 ...
[09/07 23:34:25] [TEST] Processing batch 7509/18932 ...
[09/07 23:34:26] [TEST] Processing batch 7510/18932 ...
[09/07 23:34:26] [TEST] Processing batch 7511/18932 ...
[09/07 23:34:26] [TEST] Processing batch 7512/18932 ...
[09/07 23:34:26] [TEST] Processing batch 7513/18932 ...
[09/07 23:34:26] [TEST] Processing batch 7514/18932 ...
[09/07 23:34:26] [TEST] Processing batch 7515/18932 ...
[09/07 23:34:26] [TEST] Processing batch 7516/18932 ...
[09/07 23:34:26] [TEST] Processing batch 7517/18932 ...
[09/07 23:34:26] [TEST] Processing batch 7518/18932 ...
[09/07 23:34:26] [TEST] Processing batch 7519/18932 ...
[09/07 23:34:26] [TEST] Processing batch 7520/18932 ...
[09/07 23:34:26] [TEST] Processing batch 7521/18932 ...
[09/07 23:34:26] [TEST] Processing batch 7522/18932 ...
[09/07 23:34:26] [TEST] Processing batch 7523/18932 ...
[09/07 23:34:26] [TEST] Processing batch 7524/18932 ...
[09/07 23:34:26] [TEST] Processing batch 7525/18932 ...
[09/07 23:34:27] [TEST] Processing batch 7526/18932 ...
[09/07 23:34:27] [TEST] Processing batch 7527/18932 ...
[09/07 23:34:27] [TEST] Processing batch 7528/18932 ...
[09/07 23:34:27] [TEST] Processing batch 7529/18932 ...
[09/07 23:34:27] [TEST] Processing batch 7530/18932 ...
[09/07 23:34:27] [TEST] Processing batch 7531/18932 ...
[09/07 23:34:27] [TEST] Processing batch 7532/18932 ...
[09/07 23:34:27] [TEST] Processing batch 7533/18932 ...
[09/07 23:34:27] [TEST] Processing batch 7534/18932 ...
[09/07 23:34:27] [TEST] Processing batch 7535/18932 ...
[09/07 23:34:27] [TEST] Processing batch 7536/18932 ...
[09/07 23:34:27] [TEST] Processing batch 7537/18932 ...
[09/07 23:34:27] [TEST] Processing batch 7538/18932 ...
[09/07 23:34:27] [TEST] Processing batch 7539/18932 ...
[09/07 23:34:27] [TEST] Processing batch 7540/18932 ...
[09/07 23:34:27] [TEST] Processing batch 7541/18932 ...
[09/07 23:34:27] [TEST] Processing batch 7542/18932 ...
[09/07 23:34:28] [TEST] Processing batch 7543/18932 ...
[09/07 23:34:28] [TEST] Processing batch 7544/18932 ...
[09/07 23:34:28] [TEST] Processing batch 7545/18932 ...
[09/07 23:34:28] [TEST] Processing batch 7546/18932 ...
[09/07 23:34:28] [TEST] Processing batch 7547/18932 ...
[09/07 23:34:28] [TEST] Processing batch 7548/18932 ...
[09/07 23:34:28] [TEST] Processing batch 7549/18932 ...
[09/07 23:34:28] [TEST] Processing batch 7550/18932 ...
[09/07 23:34:28] [TEST] Processing batch 7551/18932 ...
[09/07 23:34:28] [TEST] Processing batch 7552/18932 ...
[09/07 23:34:28] [TEST] Processing batch 7553/18932 ...
[09/07 23:34:28] [TEST] Processing batch 7554/18932 ...
[09/07 23:34:28] [TEST] Processing batch 7555/18932 ...
[09/07 23:34:28] [TEST] Processing batch 7556/18932 ...
[09/07 23:34:28] [TEST] Processing batch 7557/18932 ...
[09/07 23:34:28] [TEST] Processing batch 7558/18932 ...
[09/07 23:34:29] [TEST] Processing batch 7559/18932 ...
[09/07 23:34:29] [TEST] Processing batch 7560/18932 ...
[09/07 23:34:29] [TEST] Processing batch 7561/18932 ...
[09/07 23:34:29] [TEST] Processing batch 7562/18932 ...
[09/07 23:34:29] [TEST] Processing batch 7563/18932 ...
[09/07 23:34:29] [TEST] Processing batch 7564/18932 ...
[09/07 23:34:29] [TEST] Processing batch 7565/18932 ...
[09/07 23:34:29] [TEST] Processing batch 7566/18932 ...
[09/07 23:34:29] [TEST] Processing batch 7567/18932 ...
[09/07 23:34:29] [TEST] Processing batch 7568/18932 ...
[09/07 23:34:29] [TEST] Processing batch 7569/18932 ...
[09/07 23:34:29] [TEST] Processing batch 7570/18932 ...
[09/07 23:34:29] [TEST] Processing batch 7571/18932 ...
[09/07 23:34:29] [TEST] Processing batch 7572/18932 ...
[09/07 23:34:29] [TEST] Processing batch 7573/18932 ...
[09/07 23:34:29] [TEST] Processing batch 7574/18932 ...
[09/07 23:34:30] [TEST] Processing batch 7575/18932 ...
[09/07 23:34:30] [TEST] Processing batch 7576/18932 ...
[09/07 23:34:30] [TEST] Processing batch 7577/18932 ...
[09/07 23:34:30] [TEST] Processing batch 7578/18932 ...
[09/07 23:34:30] [TEST] Processing batch 7579/18932 ...
[09/07 23:34:30] [TEST] Processing batch 7580/18932 ...
[09/07 23:34:30] [TEST] Processing batch 7581/18932 ...
[09/07 23:34:30] [TEST] Processing batch 7582/18932 ...
[09/07 23:34:30] [TEST] Processing batch 7583/18932 ...
[09/07 23:34:30] [TEST] Processing batch 7584/18932 ...
[09/07 23:34:30] [TEST] Processing batch 7585/18932 ...
[09/07 23:34:30] [TEST] Processing batch 7586/18932 ...
[09/07 23:34:30] [TEST] Processing batch 7587/18932 ...
[09/07 23:34:30] [TEST] Processing batch 7588/18932 ...
[09/07 23:34:30] [TEST] Processing batch 7589/18932 ...
[09/07 23:34:31] [TEST] Processing batch 7590/18932 ...
[09/07 23:34:31] [TEST] Processing batch 7591/18932 ...
[09/07 23:34:31] [TEST] Processing batch 7592/18932 ...
[09/07 23:34:31] [TEST] Processing batch 7593/18932 ...
[09/07 23:34:31] [TEST] Processing batch 7594/18932 ...
[09/07 23:34:31] [TEST] Processing batch 7595/18932 ...
[09/07 23:34:31] [TEST] Processing batch 7596/18932 ...
[09/07 23:34:31] [TEST] Processing batch 7597/18932 ...
[09/07 23:34:31] [TEST] Processing batch 7598/18932 ...
[09/07 23:34:31] [TEST] Processing batch 7599/18932 ...
[09/07 23:34:31] [TEST] Processing batch 7600/18932 ...
[09/07 23:34:31] [TEST] Processing batch 7601/18932 ...
[09/07 23:34:31] [TEST] Processing batch 7602/18932 ...
[09/07 23:34:31] [TEST] Processing batch 7603/18932 ...
[09/07 23:34:31] [TEST] Processing batch 7604/18932 ...
[09/07 23:34:31] [TEST] Processing batch 7605/18932 ...
[09/07 23:34:32] [TEST] Processing batch 7606/18932 ...
[09/07 23:34:32] [TEST] Processing batch 7607/18932 ...
[09/07 23:34:32] [TEST] Processing batch 7608/18932 ...
[09/07 23:34:32] [TEST] Processing batch 7609/18932 ...
[09/07 23:34:32] [TEST] Processing batch 7610/18932 ...
[09/07 23:34:32] [TEST] Processing batch 7611/18932 ...
[09/07 23:34:32] [TEST] Processing batch 7612/18932 ...
[09/07 23:34:32] [TEST] Processing batch 7613/18932 ...
[09/07 23:34:32] [TEST] Processing batch 7614/18932 ...
[09/07 23:34:32] [TEST] Processing batch 7615/18932 ...
[09/07 23:34:32] [TEST] Processing batch 7616/18932 ...
[09/07 23:34:32] [TEST] Processing batch 7617/18932 ...
[09/07 23:34:32] [TEST] Processing batch 7618/18932 ...
[09/07 23:34:32] [TEST] Processing batch 7619/18932 ...
[09/07 23:34:32] [TEST] Processing batch 7620/18932 ...
[09/07 23:34:32] [TEST] Processing batch 7621/18932 ...
[09/07 23:34:33] [TEST] Processing batch 7622/18932 ...
[09/07 23:34:33] [TEST] Processing batch 7623/18932 ...
[09/07 23:34:33] [TEST] Processing batch 7624/18932 ...
[09/07 23:34:33] [TEST] Processing batch 7625/18932 ...
[09/07 23:34:33] [TEST] Processing batch 7626/18932 ...
[09/07 23:34:33] [TEST] Processing batch 7627/18932 ...
[09/07 23:34:33] [TEST] Processing batch 7628/18932 ...
[09/07 23:34:33] [TEST] Processing batch 7629/18932 ...
[09/07 23:34:33] [TEST] Processing batch 7630/18932 ...
[09/07 23:34:33] [TEST] Processing batch 7631/18932 ...
[09/07 23:34:33] [TEST] Processing batch 7632/18932 ...
[09/07 23:34:33] [TEST] Processing batch 7633/18932 ...
[09/07 23:34:33] [TEST] Processing batch 7634/18932 ...
[09/07 23:34:33] [TEST] Processing batch 7635/18932 ...
[09/07 23:34:33] [TEST] Processing batch 7636/18932 ...
[09/07 23:34:33] [TEST] Processing batch 7637/18932 ...
[09/07 23:34:34] [TEST] Processing batch 7638/18932 ...
[09/07 23:34:34] [TEST] Processing batch 7639/18932 ...
[09/07 23:34:34] [TEST] Processing batch 7640/18932 ...
[09/07 23:34:34] [TEST] Processing batch 7641/18932 ...
[09/07 23:34:34] [TEST] Processing batch 7642/18932 ...
[09/07 23:34:34] [TEST] Processing batch 7643/18932 ...
[09/07 23:34:34] [TEST] Processing batch 7644/18932 ...
[09/07 23:34:34] [TEST] Processing batch 7645/18932 ...
[09/07 23:34:34] [TEST] Processing batch 7646/18932 ...
[09/07 23:34:34] [TEST] Processing batch 7647/18932 ...
[09/07 23:34:34] [TEST] Processing batch 7648/18932 ...
[09/07 23:34:34] [TEST] Processing batch 7649/18932 ...
[09/07 23:34:34] [TEST] Processing batch 7650/18932 ...
[09/07 23:34:34] [TEST] Processing batch 7651/18932 ...
[09/07 23:34:34] [TEST] Processing batch 7652/18932 ...
[09/07 23:34:34] [TEST] Processing batch 7653/18932 ...
[09/07 23:34:35] [TEST] Processing batch 7654/18932 ...
[09/07 23:34:35] [TEST] Processing batch 7655/18932 ...
[09/07 23:34:35] [TEST] Processing batch 7656/18932 ...
[09/07 23:34:35] [TEST] Processing batch 7657/18932 ...
[09/07 23:34:35] [TEST] Processing batch 7658/18932 ...
[09/07 23:34:35] [TEST] Processing batch 7659/18932 ...
[09/07 23:34:35] [TEST] Processing batch 7660/18932 ...
[09/07 23:34:35] [TEST] Processing batch 7661/18932 ...
[09/07 23:34:35] [TEST] Processing batch 7662/18932 ...
[09/07 23:34:35] [TEST] Processing batch 7663/18932 ...
[09/07 23:34:35] [TEST] Processing batch 7664/18932 ...
[09/07 23:34:35] [TEST] Processing batch 7665/18932 ...
[09/07 23:34:35] [TEST] Processing batch 7666/18932 ...
[09/07 23:34:35] [TEST] Processing batch 7667/18932 ...
[09/07 23:34:35] [TEST] Processing batch 7668/18932 ...
[09/07 23:34:35] [TEST] Processing batch 7669/18932 ...
[09/07 23:34:36] [TEST] Processing batch 7670/18932 ...
[09/07 23:34:36] [TEST] Processing batch 7671/18932 ...
[09/07 23:34:36] [TEST] Processing batch 7672/18932 ...
[09/07 23:34:36] [TEST] Processing batch 7673/18932 ...
[09/07 23:34:36] [TEST] Processing batch 7674/18932 ...
[09/07 23:34:36] [TEST] Processing batch 7675/18932 ...
[09/07 23:34:36] [TEST] Processing batch 7676/18932 ...
[09/07 23:34:36] [TEST] Processing batch 7677/18932 ...
[09/07 23:34:36] [TEST] Processing batch 7678/18932 ...
[09/07 23:34:36] [TEST] Processing batch 7679/18932 ...
[09/07 23:34:36] [TEST] Processing batch 7680/18932 ...
[09/07 23:34:36] [TEST] Processing batch 7681/18932 ...
[09/07 23:34:36] [TEST] Processing batch 7682/18932 ...
[09/07 23:34:36] [TEST] Processing batch 7683/18932 ...
[09/07 23:34:36] [TEST] Processing batch 7684/18932 ...
[09/07 23:34:36] [TEST] Processing batch 7685/18932 ...
[09/07 23:34:36] [TEST] Processing batch 7686/18932 ...
[09/07 23:34:37] [TEST] Processing batch 7687/18932 ...
[09/07 23:34:37] [TEST] Processing batch 7688/18932 ...
[09/07 23:34:37] [TEST] Processing batch 7689/18932 ...
[09/07 23:34:37] [TEST] Processing batch 7690/18932 ...
[09/07 23:34:37] [TEST] Processing batch 7691/18932 ...
[09/07 23:34:37] [TEST] Processing batch 7692/18932 ...
[09/07 23:34:37] [TEST] Processing batch 7693/18932 ...
[09/07 23:34:37] [TEST] Processing batch 7694/18932 ...
[09/07 23:34:37] [TEST] Processing batch 7695/18932 ...
[09/07 23:34:37] [TEST] Processing batch 7696/18932 ...
[09/07 23:34:37] [TEST] Processing batch 7697/18932 ...
[09/07 23:34:37] [TEST] Processing batch 7698/18932 ...
[09/07 23:34:37] [TEST] Processing batch 7699/18932 ...
[09/07 23:34:37] [TEST] Processing batch 7700/18932 ...
[09/07 23:34:37] [TEST] Processing batch 7701/18932 ...
[09/07 23:34:37] [TEST] Processing batch 7702/18932 ...
[09/07 23:34:38] [TEST] Processing batch 7703/18932 ...
[09/07 23:34:38] [TEST] Processing batch 7704/18932 ...
[09/07 23:34:38] [TEST] Processing batch 7705/18932 ...
[09/07 23:34:38] [TEST] Processing batch 7706/18932 ...
[09/07 23:34:38] [TEST] Processing batch 7707/18932 ...
[09/07 23:34:38] [TEST] Processing batch 7708/18932 ...
[09/07 23:34:38] [TEST] Processing batch 7709/18932 ...
[09/07 23:34:38] [TEST] Processing batch 7710/18932 ...
[09/07 23:34:38] [TEST] Processing batch 7711/18932 ...
[09/07 23:34:38] [TEST] Processing batch 7712/18932 ...
[09/07 23:34:38] [TEST] Processing batch 7713/18932 ...
[09/07 23:34:38] [TEST] Processing batch 7714/18932 ...
[09/07 23:34:38] [TEST] Processing batch 7715/18932 ...
[09/07 23:34:38] [TEST] Processing batch 7716/18932 ...
[09/07 23:34:38] [TEST] Processing batch 7717/18932 ...
[09/07 23:34:38] [TEST] Processing batch 7718/18932 ...
[09/07 23:34:39] [TEST] Processing batch 7719/18932 ...
[09/07 23:34:39] [TEST] Processing batch 7720/18932 ...
[09/07 23:34:39] [TEST] Processing batch 7721/18932 ...
[09/07 23:34:39] [TEST] Processing batch 7722/18932 ...
[09/07 23:34:39] [TEST] Processing batch 7723/18932 ...
[09/07 23:34:39] [TEST] Processing batch 7724/18932 ...
[09/07 23:34:39] [TEST] Processing batch 7725/18932 ...
[09/07 23:34:39] [TEST] Processing batch 7726/18932 ...
[09/07 23:34:39] [TEST] Processing batch 7727/18932 ...
[09/07 23:34:39] [TEST] Processing batch 7728/18932 ...
[09/07 23:34:39] [TEST] Processing batch 7729/18932 ...
[09/07 23:34:39] [TEST] Processing batch 7730/18932 ...
[09/07 23:34:39] [TEST] Processing batch 7731/18932 ...
[09/07 23:34:39] [TEST] Processing batch 7732/18932 ...
[09/07 23:34:39] [TEST] Processing batch 7733/18932 ...
[09/07 23:34:39] [TEST] Processing batch 7734/18932 ...
[09/07 23:34:40] [TEST] Processing batch 7735/18932 ...
[09/07 23:34:40] [TEST] Processing batch 7736/18932 ...
[09/07 23:34:40] [TEST] Processing batch 7737/18932 ...
[09/07 23:34:40] [TEST] Processing batch 7738/18932 ...
[09/07 23:34:40] [TEST] Processing batch 7739/18932 ...
[09/07 23:34:40] [TEST] Processing batch 7740/18932 ...
[09/07 23:34:40] [TEST] Processing batch 7741/18932 ...
[09/07 23:34:40] [TEST] Processing batch 7742/18932 ...
[09/07 23:34:40] [TEST] Processing batch 7743/18932 ...
[09/07 23:34:40] [TEST] Processing batch 7744/18932 ...
[09/07 23:34:40] [TEST] Processing batch 7745/18932 ...
[09/07 23:34:40] [TEST] Processing batch 7746/18932 ...
[09/07 23:34:40] [TEST] Processing batch 7747/18932 ...
[09/07 23:34:40] [TEST] Processing batch 7748/18932 ...
[09/07 23:34:40] [TEST] Processing batch 7749/18932 ...
[09/07 23:34:40] [TEST] Processing batch 7750/18932 ...
[09/07 23:34:41] [TEST] Processing batch 7751/18932 ...
[09/07 23:34:41] [TEST] Processing batch 7752/18932 ...
[09/07 23:34:41] [TEST] Processing batch 7753/18932 ...
[09/07 23:34:41] [TEST] Processing batch 7754/18932 ...
[09/07 23:34:41] [TEST] Processing batch 7755/18932 ...
[09/07 23:34:41] [TEST] Processing batch 7756/18932 ...
[09/07 23:34:41] [TEST] Processing batch 7757/18932 ...
[09/07 23:34:41] [TEST] Processing batch 7758/18932 ...
[09/07 23:34:41] [TEST] Processing batch 7759/18932 ...
[09/07 23:34:41] [TEST] Processing batch 7760/18932 ...
[09/07 23:34:41] [TEST] Processing batch 7761/18932 ...
[09/07 23:34:41] [TEST] Processing batch 7762/18932 ...
[09/07 23:34:41] [TEST] Processing batch 7763/18932 ...
[09/07 23:34:41] [TEST] Processing batch 7764/18932 ...
[09/07 23:34:41] [TEST] Processing batch 7765/18932 ...
[09/07 23:34:41] [TEST] Processing batch 7766/18932 ...
[09/07 23:34:41] [TEST] Processing batch 7767/18932 ...
[09/07 23:34:42] [TEST] Processing batch 7768/18932 ...
[09/07 23:34:42] [TEST] Processing batch 7769/18932 ...
[09/07 23:34:42] [TEST] Processing batch 7770/18932 ...
[09/07 23:34:42] [TEST] Processing batch 7771/18932 ...
[09/07 23:34:42] [TEST] Processing batch 7772/18932 ...
[09/07 23:34:42] [TEST] Processing batch 7773/18932 ...
[09/07 23:34:42] [TEST] Processing batch 7774/18932 ...
[09/07 23:34:42] [TEST] Processing batch 7775/18932 ...
[09/07 23:34:42] [TEST] Processing batch 7776/18932 ...
[09/07 23:34:42] [TEST] Processing batch 7777/18932 ...
[09/07 23:34:42] [TEST] Processing batch 7778/18932 ...
[09/07 23:34:42] [TEST] Processing batch 7779/18932 ...
[09/07 23:34:42] [TEST] Processing batch 7780/18932 ...
[09/07 23:34:42] [TEST] Processing batch 7781/18932 ...
[09/07 23:34:42] [TEST] Processing batch 7782/18932 ...
[09/07 23:34:42] [TEST] Processing batch 7783/18932 ...
[09/07 23:34:43] [TEST] Processing batch 7784/18932 ...
[09/07 23:34:43] [TEST] Processing batch 7785/18932 ...
[09/07 23:34:43] [TEST] Processing batch 7786/18932 ...
[09/07 23:34:43] [TEST] Processing batch 7787/18932 ...
[09/07 23:34:43] [TEST] Processing batch 7788/18932 ...
[09/07 23:34:43] [TEST] Processing batch 7789/18932 ...
[09/07 23:34:43] [TEST] Processing batch 7790/18932 ...
[09/07 23:34:43] [TEST] Processing batch 7791/18932 ...
[09/07 23:34:43] [TEST] Processing batch 7792/18932 ...
[09/07 23:34:43] [TEST] Processing batch 7793/18932 ...
[09/07 23:34:43] [TEST] Processing batch 7794/18932 ...
[09/07 23:34:43] [TEST] Processing batch 7795/18932 ...
[09/07 23:34:43] [TEST] Processing batch 7796/18932 ...
[09/07 23:34:43] [TEST] Processing batch 7797/18932 ...
[09/07 23:34:43] [TEST] Processing batch 7798/18932 ...
[09/07 23:34:43] [TEST] Processing batch 7799/18932 ...
[09/07 23:34:44] [TEST] Processing batch 7800/18932 ...
[09/07 23:34:44] [TEST] Processing batch 7801/18932 ...
[09/07 23:34:44] [TEST] Processing batch 7802/18932 ...
[09/07 23:34:44] [TEST] Processing batch 7803/18932 ...
[09/07 23:34:44] [TEST] Processing batch 7804/18932 ...
[09/07 23:34:44] [TEST] Processing batch 7805/18932 ...
[09/07 23:34:44] [TEST] Processing batch 7806/18932 ...
[09/07 23:34:44] [TEST] Processing batch 7807/18932 ...
[09/07 23:34:44] [TEST] Processing batch 7808/18932 ...
[09/07 23:34:44] [TEST] Processing batch 7809/18932 ...
[09/07 23:34:44] [TEST] Processing batch 7810/18932 ...
[09/07 23:34:44] [TEST] Processing batch 7811/18932 ...
[09/07 23:34:44] [TEST] Processing batch 7812/18932 ...
[09/07 23:34:44] [TEST] Processing batch 7813/18932 ...
[09/07 23:34:44] [TEST] Processing batch 7814/18932 ...
[09/07 23:34:44] [TEST] Processing batch 7815/18932 ...
[09/07 23:34:45] [TEST] Processing batch 7816/18932 ...
[09/07 23:34:45] [TEST] Processing batch 7817/18932 ...
[09/07 23:34:45] [TEST] Processing batch 7818/18932 ...
[09/07 23:34:45] [TEST] Processing batch 7819/18932 ...
[09/07 23:34:45] [TEST] Processing batch 7820/18932 ...
[09/07 23:34:45] [TEST] Processing batch 7821/18932 ...
[09/07 23:34:45] [TEST] Processing batch 7822/18932 ...
[09/07 23:34:45] [TEST] Processing batch 7823/18932 ...
[09/07 23:34:45] [TEST] Processing batch 7824/18932 ...
[09/07 23:34:45] [TEST] Processing batch 7825/18932 ...
[09/07 23:34:45] [TEST] Processing batch 7826/18932 ...
[09/07 23:34:45] [TEST] Processing batch 7827/18932 ...
[09/07 23:34:45] [TEST] Processing batch 7828/18932 ...
[09/07 23:34:45] [TEST] Processing batch 7829/18932 ...
[09/07 23:34:45] [TEST] Processing batch 7830/18932 ...
[09/07 23:34:45] [TEST] Processing batch 7831/18932 ...
[09/07 23:34:46] [TEST] Processing batch 7832/18932 ...
[09/07 23:34:46] [TEST] Processing batch 7833/18932 ...
[09/07 23:34:46] [TEST] Processing batch 7834/18932 ...
[09/07 23:34:46] [TEST] Processing batch 7835/18932 ...
[09/07 23:34:46] [TEST] Processing batch 7836/18932 ...
[09/07 23:34:46] [TEST] Processing batch 7837/18932 ...
[09/07 23:34:46] [TEST] Processing batch 7838/18932 ...
[09/07 23:34:46] [TEST] Processing batch 7839/18932 ...
[09/07 23:34:46] [TEST] Processing batch 7840/18932 ...
[09/07 23:34:46] [TEST] Processing batch 7841/18932 ...
[09/07 23:34:46] [TEST] Processing batch 7842/18932 ...
[09/07 23:34:46] [TEST] Processing batch 7843/18932 ...
[09/07 23:34:46] [TEST] Processing batch 7844/18932 ...
[09/07 23:34:46] [TEST] Processing batch 7845/18932 ...
[09/07 23:34:46] [TEST] Processing batch 7846/18932 ...
[09/07 23:34:46] [TEST] Processing batch 7847/18932 ...
[09/07 23:34:47] [TEST] Processing batch 7848/18932 ...
[09/07 23:34:47] [TEST] Processing batch 7849/18932 ...
[09/07 23:34:47] [TEST] Processing batch 7850/18932 ...
[09/07 23:34:47] [TEST] Processing batch 7851/18932 ...
[09/07 23:34:47] [TEST] Processing batch 7852/18932 ...
[09/07 23:34:47] [TEST] Processing batch 7853/18932 ...
[09/07 23:34:47] [TEST] Processing batch 7854/18932 ...
[09/07 23:34:47] [TEST] Processing batch 7855/18932 ...
[09/07 23:34:47] [TEST] Processing batch 7856/18932 ...
[09/07 23:34:47] [TEST] Processing batch 7857/18932 ...
[09/07 23:34:47] [TEST] Processing batch 7858/18932 ...
[09/07 23:34:47] [TEST] Processing batch 7859/18932 ...
[09/07 23:34:47] [TEST] Processing batch 7860/18932 ...
[09/07 23:34:47] [TEST] Processing batch 7861/18932 ...
[09/07 23:34:47] [TEST] Processing batch 7862/18932 ...
[09/07 23:34:47] [TEST] Processing batch 7863/18932 ...
[09/07 23:34:48] [TEST] Processing batch 7864/18932 ...
[09/07 23:34:48] [TEST] Processing batch 7865/18932 ...
[09/07 23:34:48] [TEST] Processing batch 7866/18932 ...
[09/07 23:34:48] [TEST] Processing batch 7867/18932 ...
[09/07 23:34:48] [TEST] Processing batch 7868/18932 ...
[09/07 23:34:48] [TEST] Processing batch 7869/18932 ...
[09/07 23:34:48] [TEST] Processing batch 7870/18932 ...
[09/07 23:34:48] [TEST] Processing batch 7871/18932 ...
[09/07 23:34:48] [TEST] Processing batch 7872/18932 ...
[09/07 23:34:48] [TEST] Processing batch 7873/18932 ...
[09/07 23:34:48] [TEST] Processing batch 7874/18932 ...
[09/07 23:34:48] [TEST] Processing batch 7875/18932 ...
[09/07 23:34:48] [TEST] Processing batch 7876/18932 ...
[09/07 23:34:48] [TEST] Processing batch 7877/18932 ...
[09/07 23:34:48] [TEST] Processing batch 7878/18932 ...
[09/07 23:34:48] [TEST] Processing batch 7879/18932 ...
[09/07 23:34:49] [TEST] Processing batch 7880/18932 ...
[09/07 23:34:49] [TEST] Processing batch 7881/18932 ...
[09/07 23:34:49] [TEST] Processing batch 7882/18932 ...
[09/07 23:34:49] [TEST] Processing batch 7883/18932 ...
[09/07 23:34:49] [TEST] Processing batch 7884/18932 ...
[09/07 23:34:49] [TEST] Processing batch 7885/18932 ...
[09/07 23:34:49] [TEST] Processing batch 7886/18932 ...
[09/07 23:34:49] [TEST] Processing batch 7887/18932 ...
[09/07 23:34:49] [TEST] Processing batch 7888/18932 ...
[09/07 23:34:49] [TEST] Processing batch 7889/18932 ...
[09/07 23:34:49] [TEST] Processing batch 7890/18932 ...
[09/07 23:34:49] [TEST] Processing batch 7891/18932 ...
[09/07 23:34:49] [TEST] Processing batch 7892/18932 ...
[09/07 23:34:49] [TEST] Processing batch 7893/18932 ...
[09/07 23:34:49] [TEST] Processing batch 7894/18932 ...
[09/07 23:34:49] [TEST] Processing batch 7895/18932 ...
[09/07 23:34:50] [TEST] Processing batch 7896/18932 ...
[09/07 23:34:50] [TEST] Processing batch 7897/18932 ...
[09/07 23:34:50] [TEST] Processing batch 7898/18932 ...
[09/07 23:34:50] [TEST] Processing batch 7899/18932 ...
[09/07 23:34:50] [TEST] Processing batch 7900/18932 ...
[09/07 23:34:50] [TEST] Processing batch 7901/18932 ...
[09/07 23:34:50] [TEST] Processing batch 7902/18932 ...
[09/07 23:34:50] [TEST] Processing batch 7903/18932 ...
[09/07 23:34:50] [TEST] Processing batch 7904/18932 ...
[09/07 23:34:50] [TEST] Processing batch 7905/18932 ...
[09/07 23:34:50] [TEST] Processing batch 7906/18932 ...
[09/07 23:34:50] [TEST] Processing batch 7907/18932 ...
[09/07 23:34:50] [TEST] Processing batch 7908/18932 ...
[09/07 23:34:50] [TEST] Processing batch 7909/18932 ...
[09/07 23:34:50] [TEST] Processing batch 7910/18932 ...
[09/07 23:34:50] [TEST] Processing batch 7911/18932 ...
[09/07 23:34:51] [TEST] Processing batch 7912/18932 ...
[09/07 23:34:51] [TEST] Processing batch 7913/18932 ...
[09/07 23:34:51] [TEST] Processing batch 7914/18932 ...
[09/07 23:34:51] [TEST] Processing batch 7915/18932 ...
[09/07 23:34:51] [TEST] Processing batch 7916/18932 ...
[09/07 23:34:51] [TEST] Processing batch 7917/18932 ...
[09/07 23:34:51] [TEST] Processing batch 7918/18932 ...
[09/07 23:34:51] [TEST] Processing batch 7919/18932 ...
[09/07 23:34:51] [TEST] Processing batch 7920/18932 ...
[09/07 23:34:51] [TEST] Processing batch 7921/18932 ...
[09/07 23:34:51] [TEST] Processing batch 7922/18932 ...
[09/07 23:34:51] [TEST] Processing batch 7923/18932 ...
[09/07 23:34:51] [TEST] Processing batch 7924/18932 ...
[09/07 23:34:51] [TEST] Processing batch 7925/18932 ...
[09/07 23:34:51] [TEST] Processing batch 7926/18932 ...
[09/07 23:34:51] [TEST] Processing batch 7927/18932 ...
[09/07 23:34:52] [TEST] Processing batch 7928/18932 ...
[09/07 23:34:52] [TEST] Processing batch 7929/18932 ...
[09/07 23:34:52] [TEST] Processing batch 7930/18932 ...
[09/07 23:34:52] [TEST] Processing batch 7931/18932 ...
[09/07 23:34:52] [TEST] Processing batch 7932/18932 ...
[09/07 23:34:52] [TEST] Processing batch 7933/18932 ...
[09/07 23:34:52] [TEST] Processing batch 7934/18932 ...
[09/07 23:34:52] [TEST] Processing batch 7935/18932 ...
[09/07 23:34:52] [TEST] Processing batch 7936/18932 ...
[09/07 23:34:52] [TEST] Processing batch 7937/18932 ...
[09/07 23:34:52] [TEST] Processing batch 7938/18932 ...
[09/07 23:34:52] [TEST] Processing batch 7939/18932 ...
[09/07 23:34:52] [TEST] Processing batch 7940/18932 ...
[09/07 23:34:52] [TEST] Processing batch 7941/18932 ...
[09/07 23:34:52] [TEST] Processing batch 7942/18932 ...
[09/07 23:34:52] [TEST] Processing batch 7943/18932 ...
[09/07 23:34:53] [TEST] Processing batch 7944/18932 ...
[09/07 23:34:53] [TEST] Processing batch 7945/18932 ...
[09/07 23:34:53] [TEST] Processing batch 7946/18932 ...
[09/07 23:34:53] [TEST] Processing batch 7947/18932 ...
[09/07 23:34:53] [TEST] Processing batch 7948/18932 ...
[09/07 23:34:53] [TEST] Processing batch 7949/18932 ...
[09/07 23:34:53] [TEST] Processing batch 7950/18932 ...
[09/07 23:34:53] [TEST] Processing batch 7951/18932 ...
[09/07 23:34:53] [TEST] Processing batch 7952/18932 ...
[09/07 23:34:53] [TEST] Processing batch 7953/18932 ...
[09/07 23:34:53] [TEST] Processing batch 7954/18932 ...
[09/07 23:34:53] [TEST] Processing batch 7955/18932 ...
[09/07 23:34:53] [TEST] Processing batch 7956/18932 ...
[09/07 23:34:53] [TEST] Processing batch 7957/18932 ...
[09/07 23:34:53] [TEST] Processing batch 7958/18932 ...
[09/07 23:34:53] [TEST] Processing batch 7959/18932 ...
[09/07 23:34:54] [TEST] Processing batch 7960/18932 ...
[09/07 23:34:54] [TEST] Processing batch 7961/18932 ...
[09/07 23:34:54] [TEST] Processing batch 7962/18932 ...
[09/07 23:34:54] [TEST] Processing batch 7963/18932 ...
[09/07 23:34:54] [TEST] Processing batch 7964/18932 ...
[09/07 23:34:54] [TEST] Processing batch 7965/18932 ...
[09/07 23:34:54] [TEST] Processing batch 7966/18932 ...
[09/07 23:34:54] [TEST] Processing batch 7967/18932 ...
[09/07 23:34:54] [TEST] Processing batch 7968/18932 ...
[09/07 23:34:54] [TEST] Processing batch 7969/18932 ...
[09/07 23:34:54] [TEST] Processing batch 7970/18932 ...
[09/07 23:34:54] [TEST] Processing batch 7971/18932 ...
[09/07 23:34:54] [TEST] Processing batch 7972/18932 ...
[09/07 23:34:54] [TEST] Processing batch 7973/18932 ...
[09/07 23:34:54] [TEST] Processing batch 7974/18932 ...
[09/07 23:34:54] [TEST] Processing batch 7975/18932 ...
[09/07 23:34:55] [TEST] Processing batch 7976/18932 ...
[09/07 23:34:55] [TEST] Processing batch 7977/18932 ...
[09/07 23:34:55] [TEST] Processing batch 7978/18932 ...
[09/07 23:34:55] [TEST] Processing batch 7979/18932 ...
[09/07 23:34:55] [TEST] Processing batch 7980/18932 ...
[09/07 23:34:55] [TEST] Processing batch 7981/18932 ...
[09/07 23:34:55] [TEST] Processing batch 7982/18932 ...
[09/07 23:34:55] [TEST] Processing batch 7983/18932 ...
[09/07 23:34:55] [TEST] Processing batch 7984/18932 ...
[09/07 23:34:55] [TEST] Processing batch 7985/18932 ...
[09/07 23:34:55] [TEST] Processing batch 7986/18932 ...
[09/07 23:34:55] [TEST] Processing batch 7987/18932 ...
[09/07 23:34:55] [TEST] Processing batch 7988/18932 ...
[09/07 23:34:55] [TEST] Processing batch 7989/18932 ...
[09/07 23:34:55] [TEST] Processing batch 7990/18932 ...
[09/07 23:34:55] [TEST] Processing batch 7991/18932 ...
[09/07 23:34:56] [TEST] Processing batch 7992/18932 ...
[09/07 23:34:56] [TEST] Processing batch 7993/18932 ...
[09/07 23:34:56] [TEST] Processing batch 7994/18932 ...
[09/07 23:34:56] [TEST] Processing batch 7995/18932 ...
[09/07 23:34:56] [TEST] Processing batch 7996/18932 ...
[09/07 23:34:56] [TEST] Processing batch 7997/18932 ...
[09/07 23:34:56] [TEST] Processing batch 7998/18932 ...
[09/07 23:34:56] [TEST] Processing batch 7999/18932 ...
[09/07 23:34:56] [TEST] Processing batch 8000/18932 ...
[09/07 23:34:56] [TEST] Processing batch 8001/18932 ...
[09/07 23:34:56] [TEST] Processing batch 8002/18932 ...
[09/07 23:34:56] [TEST] Processing batch 8003/18932 ...
[09/07 23:34:56] [TEST] Processing batch 8004/18932 ...
[09/07 23:34:56] [TEST] Processing batch 8005/18932 ...
[09/07 23:34:56] [TEST] Processing batch 8006/18932 ...
[09/07 23:34:56] [TEST] Processing batch 8007/18932 ...
[09/07 23:34:57] [TEST] Processing batch 8008/18932 ...
[09/07 23:34:57] [TEST] Processing batch 8009/18932 ...
[09/07 23:34:57] [TEST] Processing batch 8010/18932 ...
[09/07 23:34:57] [TEST] Processing batch 8011/18932 ...
[09/07 23:34:57] [TEST] Processing batch 8012/18932 ...
[09/07 23:34:57] [TEST] Processing batch 8013/18932 ...
[09/07 23:34:57] [TEST] Processing batch 8014/18932 ...
[09/07 23:34:57] [TEST] Processing batch 8015/18932 ...
[09/07 23:34:57] [TEST] Processing batch 8016/18932 ...
[09/07 23:34:57] [TEST] Processing batch 8017/18932 ...
[09/07 23:34:57] [TEST] Processing batch 8018/18932 ...
[09/07 23:34:57] [TEST] Processing batch 8019/18932 ...
[09/07 23:34:57] [TEST] Processing batch 8020/18932 ...
[09/07 23:34:57] [TEST] Processing batch 8021/18932 ...
[09/07 23:34:57] [TEST] Processing batch 8022/18932 ...
[09/07 23:34:57] [TEST] Processing batch 8023/18932 ...
[09/07 23:34:58] [TEST] Processing batch 8024/18932 ...
[09/07 23:34:58] [TEST] Processing batch 8025/18932 ...
[09/07 23:34:58] [TEST] Processing batch 8026/18932 ...
[09/07 23:34:58] [TEST] Processing batch 8027/18932 ...
[09/07 23:34:58] [TEST] Processing batch 8028/18932 ...
[09/07 23:34:58] [TEST] Processing batch 8029/18932 ...
[09/07 23:34:58] [TEST] Processing batch 8030/18932 ...
[09/07 23:34:58] [TEST] Processing batch 8031/18932 ...
[09/07 23:34:58] [TEST] Processing batch 8032/18932 ...
[09/07 23:34:58] [TEST] Processing batch 8033/18932 ...
[09/07 23:34:58] [TEST] Processing batch 8034/18932 ...
[09/07 23:34:58] [TEST] Processing batch 8035/18932 ...
[09/07 23:34:58] [TEST] Processing batch 8036/18932 ...
[09/07 23:34:58] [TEST] Processing batch 8037/18932 ...
[09/07 23:34:58] [TEST] Processing batch 8038/18932 ...
[09/07 23:34:58] [TEST] Processing batch 8039/18932 ...
[09/07 23:34:58] [TEST] Processing batch 8040/18932 ...
[09/07 23:34:59] [TEST] Processing batch 8041/18932 ...
[09/07 23:34:59] [TEST] Processing batch 8042/18932 ...
[09/07 23:34:59] [TEST] Processing batch 8043/18932 ...
[09/07 23:34:59] [TEST] Processing batch 8044/18932 ...
[09/07 23:34:59] [TEST] Processing batch 8045/18932 ...
[09/07 23:34:59] [TEST] Processing batch 8046/18932 ...
[09/07 23:34:59] [TEST] Processing batch 8047/18932 ...
[09/07 23:34:59] [TEST] Processing batch 8048/18932 ...
[09/07 23:34:59] [TEST] Processing batch 8049/18932 ...
[09/07 23:34:59] [TEST] Processing batch 8050/18932 ...
[09/07 23:34:59] [TEST] Processing batch 8051/18932 ...
[09/07 23:34:59] [TEST] Processing batch 8052/18932 ...
[09/07 23:34:59] [TEST] Processing batch 8053/18932 ...
[09/07 23:34:59] [TEST] Processing batch 8054/18932 ...
[09/07 23:34:59] [TEST] Processing batch 8055/18932 ...
[09/07 23:34:59] [TEST] Processing batch 8056/18932 ...
[09/07 23:35:00] [TEST] Processing batch 8057/18932 ...
[09/07 23:35:00] [TEST] Processing batch 8058/18932 ...
[09/07 23:35:00] [TEST] Processing batch 8059/18932 ...
[09/07 23:35:00] [TEST] Processing batch 8060/18932 ...
[09/07 23:35:00] [TEST] Processing batch 8061/18932 ...
[09/07 23:35:00] [TEST] Processing batch 8062/18932 ...
[09/07 23:35:00] [TEST] Processing batch 8063/18932 ...
[09/07 23:35:00] [TEST] Processing batch 8064/18932 ...
[09/07 23:35:00] [TEST] Processing batch 8065/18932 ...
[09/07 23:35:00] [TEST] Processing batch 8066/18932 ...
[09/07 23:35:00] [TEST] Processing batch 8067/18932 ...
[09/07 23:35:00] [TEST] Processing batch 8068/18932 ...
[09/07 23:35:00] [TEST] Processing batch 8069/18932 ...
[09/07 23:35:00] [TEST] Processing batch 8070/18932 ...
[09/07 23:35:00] [TEST] Processing batch 8071/18932 ...
[09/07 23:35:00] [TEST] Processing batch 8072/18932 ...
[09/07 23:35:01] [TEST] Processing batch 8073/18932 ...
[09/07 23:35:01] [TEST] Processing batch 8074/18932 ...
[09/07 23:35:01] [TEST] Processing batch 8075/18932 ...
[09/07 23:35:01] [TEST] Processing batch 8076/18932 ...
[09/07 23:35:01] [TEST] Processing batch 8077/18932 ...
[09/07 23:35:01] [TEST] Processing batch 8078/18932 ...
[09/07 23:35:01] [TEST] Processing batch 8079/18932 ...
[09/07 23:35:01] [TEST] Processing batch 8080/18932 ...
[09/07 23:35:01] [TEST] Processing batch 8081/18932 ...
[09/07 23:35:01] [TEST] Processing batch 8082/18932 ...
[09/07 23:35:01] [TEST] Processing batch 8083/18932 ...
[09/07 23:35:01] [TEST] Processing batch 8084/18932 ...
[09/07 23:35:01] [TEST] Processing batch 8085/18932 ...
[09/07 23:35:01] [TEST] Processing batch 8086/18932 ...
[09/07 23:35:01] [TEST] Processing batch 8087/18932 ...
[09/07 23:35:01] [TEST] Processing batch 8088/18932 ...
[09/07 23:35:02] [TEST] Processing batch 8089/18932 ...
[09/07 23:35:02] [TEST] Processing batch 8090/18932 ...
[09/07 23:35:02] [TEST] Processing batch 8091/18932 ...
[09/07 23:35:02] [TEST] Processing batch 8092/18932 ...
[09/07 23:35:02] [TEST] Processing batch 8093/18932 ...
[09/07 23:35:02] [TEST] Processing batch 8094/18932 ...
[09/07 23:35:02] [TEST] Processing batch 8095/18932 ...
[09/07 23:35:02] [TEST] Processing batch 8096/18932 ...
[09/07 23:35:02] [TEST] Processing batch 8097/18932 ...
[09/07 23:35:02] [TEST] Processing batch 8098/18932 ...
[09/07 23:35:02] [TEST] Processing batch 8099/18932 ...
[09/07 23:35:02] [TEST] Processing batch 8100/18932 ...
[09/07 23:35:02] [TEST] Processing batch 8101/18932 ...
[09/07 23:35:02] [TEST] Processing batch 8102/18932 ...
[09/07 23:35:02] [TEST] Processing batch 8103/18932 ...
[09/07 23:35:03] [TEST] Processing batch 8104/18932 ...
[09/07 23:35:03] [TEST] Processing batch 8105/18932 ...
[09/07 23:35:03] [TEST] Processing batch 8106/18932 ...
[09/07 23:35:03] [TEST] Processing batch 8107/18932 ...
[09/07 23:35:03] [TEST] Processing batch 8108/18932 ...
[09/07 23:35:03] [TEST] Processing batch 8109/18932 ...
[09/07 23:35:03] [TEST] Processing batch 8110/18932 ...
[09/07 23:35:03] [TEST] Processing batch 8111/18932 ...
[09/07 23:35:03] [TEST] Processing batch 8112/18932 ...
[09/07 23:35:03] [TEST] Processing batch 8113/18932 ...
[09/07 23:35:03] [TEST] Processing batch 8114/18932 ...
[09/07 23:35:03] [TEST] Processing batch 8115/18932 ...
[09/07 23:35:03] [TEST] Processing batch 8116/18932 ...
[09/07 23:35:03] [TEST] Processing batch 8117/18932 ...
[09/07 23:35:03] [TEST] Processing batch 8118/18932 ...
[09/07 23:35:03] [TEST] Processing batch 8119/18932 ...
[09/07 23:35:04] [TEST] Processing batch 8120/18932 ...
[09/07 23:35:04] [TEST] Processing batch 8121/18932 ...
[09/07 23:35:04] [TEST] Processing batch 8122/18932 ...
[09/07 23:35:04] [TEST] Processing batch 8123/18932 ...
[09/07 23:35:04] [TEST] Processing batch 8124/18932 ...
[09/07 23:35:04] [TEST] Processing batch 8125/18932 ...
[09/07 23:35:04] [TEST] Processing batch 8126/18932 ...
[09/07 23:35:04] [TEST] Processing batch 8127/18932 ...
[09/07 23:35:04] [TEST] Processing batch 8128/18932 ...
[09/07 23:35:04] [TEST] Processing batch 8129/18932 ...
[09/07 23:35:04] [TEST] Processing batch 8130/18932 ...
[09/07 23:35:04] [TEST] Processing batch 8131/18932 ...
[09/07 23:35:04] [TEST] Processing batch 8132/18932 ...
[09/07 23:35:04] [TEST] Processing batch 8133/18932 ...
[09/07 23:35:04] [TEST] Processing batch 8134/18932 ...
[09/07 23:35:04] [TEST] Processing batch 8135/18932 ...
[09/07 23:35:05] [TEST] Processing batch 8136/18932 ...
[09/07 23:35:05] [TEST] Processing batch 8137/18932 ...
[09/07 23:35:05] [TEST] Processing batch 8138/18932 ...
[09/07 23:35:05] [TEST] Processing batch 8139/18932 ...
[09/07 23:35:05] [TEST] Processing batch 8140/18932 ...
[09/07 23:35:05] [TEST] Processing batch 8141/18932 ...
[09/07 23:35:05] [TEST] Processing batch 8142/18932 ...
[09/07 23:35:05] [TEST] Processing batch 8143/18932 ...
[09/07 23:35:05] [TEST] Processing batch 8144/18932 ...
[09/07 23:35:05] [TEST] Processing batch 8145/18932 ...
[09/07 23:35:05] [TEST] Processing batch 8146/18932 ...
[09/07 23:35:05] [TEST] Processing batch 8147/18932 ...
[09/07 23:35:05] [TEST] Processing batch 8148/18932 ...
[09/07 23:35:05] [TEST] Processing batch 8149/18932 ...
[09/07 23:35:05] [TEST] Processing batch 8150/18932 ...
[09/07 23:35:05] [TEST] Processing batch 8151/18932 ...
[09/07 23:35:06] [TEST] Processing batch 8152/18932 ...
[09/07 23:35:06] [TEST] Processing batch 8153/18932 ...
[09/07 23:35:06] [TEST] Processing batch 8154/18932 ...
[09/07 23:35:06] [TEST] Processing batch 8155/18932 ...
[09/07 23:35:06] [TEST] Processing batch 8156/18932 ...
[09/07 23:35:06] [TEST] Processing batch 8157/18932 ...
[09/07 23:35:06] [TEST] Processing batch 8158/18932 ...
[09/07 23:35:06] [TEST] Processing batch 8159/18932 ...
[09/07 23:35:06] [TEST] Processing batch 8160/18932 ...
[09/07 23:35:06] [TEST] Processing batch 8161/18932 ...
[09/07 23:35:06] [TEST] Processing batch 8162/18932 ...
[09/07 23:35:06] [TEST] Processing batch 8163/18932 ...
[09/07 23:35:06] [TEST] Processing batch 8164/18932 ...
[09/07 23:35:06] [TEST] Processing batch 8165/18932 ...
[09/07 23:35:06] [TEST] Processing batch 8166/18932 ...
[09/07 23:35:06] [TEST] Processing batch 8167/18932 ...
[09/07 23:35:07] [TEST] Processing batch 8168/18932 ...
[09/07 23:35:07] [TEST] Processing batch 8169/18932 ...
[09/07 23:35:07] [TEST] Processing batch 8170/18932 ...
[09/07 23:35:07] [TEST] Processing batch 8171/18932 ...
[09/07 23:35:07] [TEST] Processing batch 8172/18932 ...
[09/07 23:35:07] [TEST] Processing batch 8173/18932 ...
[09/07 23:35:07] [TEST] Processing batch 8174/18932 ...
[09/07 23:35:07] [TEST] Processing batch 8175/18932 ...
[09/07 23:35:07] [TEST] Processing batch 8176/18932 ...
[09/07 23:35:07] [TEST] Processing batch 8177/18932 ...
[09/07 23:35:07] [TEST] Processing batch 8178/18932 ...
[09/07 23:35:07] [TEST] Processing batch 8179/18932 ...
[09/07 23:35:07] [TEST] Processing batch 8180/18932 ...
[09/07 23:35:07] [TEST] Processing batch 8181/18932 ...
[09/07 23:35:07] [TEST] Processing batch 8182/18932 ...
[09/07 23:35:07] [TEST] Processing batch 8183/18932 ...
[09/07 23:35:08] [TEST] Processing batch 8184/18932 ...
[09/07 23:35:08] [TEST] Processing batch 8185/18932 ...
[09/07 23:35:08] [TEST] Processing batch 8186/18932 ...
[09/07 23:35:08] [TEST] Processing batch 8187/18932 ...
[09/07 23:35:08] [TEST] Processing batch 8188/18932 ...
[09/07 23:35:08] [TEST] Processing batch 8189/18932 ...
[09/07 23:35:08] [TEST] Processing batch 8190/18932 ...
[09/07 23:35:08] [TEST] Processing batch 8191/18932 ...
[09/07 23:35:08] [TEST] Processing batch 8192/18932 ...
[09/07 23:35:08] [TEST] Processing batch 8193/18932 ...
[09/07 23:35:08] [TEST] Processing batch 8194/18932 ...
[09/07 23:35:08] [TEST] Processing batch 8195/18932 ...
[09/07 23:35:08] [TEST] Processing batch 8196/18932 ...
[09/07 23:35:08] [TEST] Processing batch 8197/18932 ...
[09/07 23:35:08] [TEST] Processing batch 8198/18932 ...
[09/07 23:35:08] [TEST] Processing batch 8199/18932 ...
[09/07 23:35:08] [TEST] Processing batch 8200/18932 ...
[09/07 23:35:09] [TEST] Processing batch 8201/18932 ...
[09/07 23:35:09] [TEST] Processing batch 8202/18932 ...
[09/07 23:35:09] [TEST] Processing batch 8203/18932 ...
[09/07 23:35:09] [TEST] Processing batch 8204/18932 ...
[09/07 23:35:09] [TEST] Processing batch 8205/18932 ...
[09/07 23:35:09] [TEST] Processing batch 8206/18932 ...
[09/07 23:35:09] [TEST] Processing batch 8207/18932 ...
[09/07 23:35:09] [TEST] Processing batch 8208/18932 ...
[09/07 23:35:09] [TEST] Processing batch 8209/18932 ...
[09/07 23:35:09] [TEST] Processing batch 8210/18932 ...
[09/07 23:35:09] [TEST] Processing batch 8211/18932 ...
[09/07 23:35:09] [TEST] Processing batch 8212/18932 ...
[09/07 23:35:09] [TEST] Processing batch 8213/18932 ...
[09/07 23:35:09] [TEST] Processing batch 8214/18932 ...
[09/07 23:35:09] [TEST] Processing batch 8215/18932 ...
[09/07 23:35:09] [TEST] Processing batch 8216/18932 ...
[09/07 23:35:10] [TEST] Processing batch 8217/18932 ...
[09/07 23:35:10] [TEST] Processing batch 8218/18932 ...
[09/07 23:35:10] [TEST] Processing batch 8219/18932 ...
[09/07 23:35:10] [TEST] Processing batch 8220/18932 ...
[09/07 23:35:10] [TEST] Processing batch 8221/18932 ...
[09/07 23:35:10] [TEST] Processing batch 8222/18932 ...
[09/07 23:35:10] [TEST] Processing batch 8223/18932 ...
[09/07 23:35:10] [TEST] Processing batch 8224/18932 ...
[09/07 23:35:10] [TEST] Processing batch 8225/18932 ...
[09/07 23:35:10] [TEST] Processing batch 8226/18932 ...
[09/07 23:35:10] [TEST] Processing batch 8227/18932 ...
[09/07 23:35:10] [TEST] Processing batch 8228/18932 ...
[09/07 23:35:10] [TEST] Processing batch 8229/18932 ...
[09/07 23:35:10] [TEST] Processing batch 8230/18932 ...
[09/07 23:35:10] [TEST] Processing batch 8231/18932 ...
[09/07 23:35:11] [TEST] Processing batch 8232/18932 ...
[09/07 23:35:11] [TEST] Processing batch 8233/18932 ...
[09/07 23:35:11] [TEST] Processing batch 8234/18932 ...
[09/07 23:35:11] [TEST] Processing batch 8235/18932 ...
[09/07 23:35:11] [TEST] Processing batch 8236/18932 ...
[09/07 23:35:11] [TEST] Processing batch 8237/18932 ...
[09/07 23:35:11] [TEST] Processing batch 8238/18932 ...
[09/07 23:35:11] [TEST] Processing batch 8239/18932 ...
[09/07 23:35:11] [TEST] Processing batch 8240/18932 ...
[09/07 23:35:11] [TEST] Processing batch 8241/18932 ...
[09/07 23:35:11] [TEST] Processing batch 8242/18932 ...
[09/07 23:35:11] [TEST] Processing batch 8243/18932 ...
[09/07 23:35:11] [TEST] Processing batch 8244/18932 ...
[09/07 23:35:11] [TEST] Processing batch 8245/18932 ...
[09/07 23:35:11] [TEST] Processing batch 8246/18932 ...
[09/07 23:35:11] [TEST] Processing batch 8247/18932 ...
[09/07 23:35:12] [TEST] Processing batch 8248/18932 ...
[09/07 23:35:12] [TEST] Processing batch 8249/18932 ...
[09/07 23:35:12] [TEST] Processing batch 8250/18932 ...
[09/07 23:35:12] [TEST] Processing batch 8251/18932 ...
[09/07 23:35:12] [TEST] Processing batch 8252/18932 ...
[09/07 23:35:12] [TEST] Processing batch 8253/18932 ...
[09/07 23:35:12] [TEST] Processing batch 8254/18932 ...
[09/07 23:35:12] [TEST] Processing batch 8255/18932 ...
[09/07 23:35:12] [TEST] Processing batch 8256/18932 ...
[09/07 23:35:12] [TEST] Processing batch 8257/18932 ...
[09/07 23:35:12] [TEST] Processing batch 8258/18932 ...
[09/07 23:35:12] [TEST] Processing batch 8259/18932 ...
[09/07 23:35:12] [TEST] Processing batch 8260/18932 ...
[09/07 23:35:12] [TEST] Processing batch 8261/18932 ...
[09/07 23:35:12] [TEST] Processing batch 8262/18932 ...
[09/07 23:35:12] [TEST] Processing batch 8263/18932 ...
[09/07 23:35:13] [TEST] Processing batch 8264/18932 ...
[09/07 23:35:13] [TEST] Processing batch 8265/18932 ...
[09/07 23:35:13] [TEST] Processing batch 8266/18932 ...
[09/07 23:35:13] [TEST] Processing batch 8267/18932 ...
[09/07 23:35:13] [TEST] Processing batch 8268/18932 ...
[09/07 23:35:13] [TEST] Processing batch 8269/18932 ...
[09/07 23:35:13] [TEST] Processing batch 8270/18932 ...
[09/07 23:35:13] [TEST] Processing batch 8271/18932 ...
[09/07 23:35:13] [TEST] Processing batch 8272/18932 ...
[09/07 23:35:13] [TEST] Processing batch 8273/18932 ...
[09/07 23:35:13] [TEST] Processing batch 8274/18932 ...
[09/07 23:35:13] [TEST] Processing batch 8275/18932 ...
[09/07 23:35:13] [TEST] Processing batch 8276/18932 ...
[09/07 23:35:13] [TEST] Processing batch 8277/18932 ...
[09/07 23:35:13] [TEST] Processing batch 8278/18932 ...
[09/07 23:35:13] [TEST] Processing batch 8279/18932 ...
[09/07 23:35:14] [TEST] Processing batch 8280/18932 ...
[09/07 23:35:14] [TEST] Processing batch 8281/18932 ...
[09/07 23:35:14] [TEST] Processing batch 8282/18932 ...
[09/07 23:35:14] [TEST] Processing batch 8283/18932 ...
[09/07 23:35:14] [TEST] Processing batch 8284/18932 ...
[09/07 23:35:14] [TEST] Processing batch 8285/18932 ...
[09/07 23:35:14] [TEST] Processing batch 8286/18932 ...
[09/07 23:35:14] [TEST] Processing batch 8287/18932 ...
[09/07 23:35:14] [TEST] Processing batch 8288/18932 ...
[09/07 23:35:14] [TEST] Processing batch 8289/18932 ...
[09/07 23:35:14] [TEST] Processing batch 8290/18932 ...
[09/07 23:35:14] [TEST] Processing batch 8291/18932 ...
[09/07 23:35:14] [TEST] Processing batch 8292/18932 ...
[09/07 23:35:14] [TEST] Processing batch 8293/18932 ...
[09/07 23:35:14] [TEST] Processing batch 8294/18932 ...
[09/07 23:35:14] [TEST] Processing batch 8295/18932 ...
[09/07 23:35:15] [TEST] Processing batch 8296/18932 ...
[09/07 23:35:15] [TEST] Processing batch 8297/18932 ...
[09/07 23:35:15] [TEST] Processing batch 8298/18932 ...
[09/07 23:35:15] [TEST] Processing batch 8299/18932 ...
[09/07 23:35:15] [TEST] Processing batch 8300/18932 ...
[09/07 23:35:15] [TEST] Processing batch 8301/18932 ...
[09/07 23:35:15] [TEST] Processing batch 8302/18932 ...
[09/07 23:35:15] [TEST] Processing batch 8303/18932 ...
[09/07 23:35:15] [TEST] Processing batch 8304/18932 ...
[09/07 23:35:15] [TEST] Processing batch 8305/18932 ...
[09/07 23:35:15] [TEST] Processing batch 8306/18932 ...
[09/07 23:35:15] [TEST] Processing batch 8307/18932 ...
[09/07 23:35:15] [TEST] Processing batch 8308/18932 ...
[09/07 23:35:15] [TEST] Processing batch 8309/18932 ...
[09/07 23:35:15] [TEST] Processing batch 8310/18932 ...
[09/07 23:35:15] [TEST] Processing batch 8311/18932 ...
[09/07 23:35:16] [TEST] Processing batch 8312/18932 ...
[09/07 23:35:16] [TEST] Processing batch 8313/18932 ...
[09/07 23:35:16] [TEST] Processing batch 8314/18932 ...
[09/07 23:35:16] [TEST] Processing batch 8315/18932 ...
[09/07 23:35:16] [TEST] Processing batch 8316/18932 ...
[09/07 23:35:16] [TEST] Processing batch 8317/18932 ...
[09/07 23:35:16] [TEST] Processing batch 8318/18932 ...
[09/07 23:35:16] [TEST] Processing batch 8319/18932 ...
[09/07 23:35:16] [TEST] Processing batch 8320/18932 ...
[09/07 23:35:16] [TEST] Processing batch 8321/18932 ...
[09/07 23:35:16] [TEST] Processing batch 8322/18932 ...
[09/07 23:35:16] [TEST] Processing batch 8323/18932 ...
[09/07 23:35:16] [TEST] Processing batch 8324/18932 ...
[09/07 23:35:16] [TEST] Processing batch 8325/18932 ...
[09/07 23:35:16] [TEST] Processing batch 8326/18932 ...
[09/07 23:35:16] [TEST] Processing batch 8327/18932 ...
[09/07 23:35:17] [TEST] Processing batch 8328/18932 ...
[09/07 23:35:17] [TEST] Processing batch 8329/18932 ...
[09/07 23:35:17] [TEST] Processing batch 8330/18932 ...
[09/07 23:35:17] [TEST] Processing batch 8331/18932 ...
[09/07 23:35:17] [TEST] Processing batch 8332/18932 ...
[09/07 23:35:17] [TEST] Processing batch 8333/18932 ...
[09/07 23:35:17] [TEST] Processing batch 8334/18932 ...
[09/07 23:35:17] [TEST] Processing batch 8335/18932 ...
[09/07 23:35:17] [TEST] Processing batch 8336/18932 ...
[09/07 23:35:17] [TEST] Processing batch 8337/18932 ...
[09/07 23:35:17] [TEST] Processing batch 8338/18932 ...
[09/07 23:35:17] [TEST] Processing batch 8339/18932 ...
[09/07 23:35:17] [TEST] Processing batch 8340/18932 ...
[09/07 23:35:17] [TEST] Processing batch 8341/18932 ...
[09/07 23:35:17] [TEST] Processing batch 8342/18932 ...
[09/07 23:35:17] [TEST] Processing batch 8343/18932 ...
[09/07 23:35:18] [TEST] Processing batch 8344/18932 ...
[09/07 23:35:18] [TEST] Processing batch 8345/18932 ...
[09/07 23:35:18] [TEST] Processing batch 8346/18932 ...
[09/07 23:35:18] [TEST] Processing batch 8347/18932 ...
[09/07 23:35:18] [TEST] Processing batch 8348/18932 ...
[09/07 23:35:18] [TEST] Processing batch 8349/18932 ...
[09/07 23:35:18] [TEST] Processing batch 8350/18932 ...
[09/07 23:35:18] [TEST] Processing batch 8351/18932 ...
[09/07 23:35:18] [TEST] Processing batch 8352/18932 ...
[09/07 23:35:18] [TEST] Processing batch 8353/18932 ...
[09/07 23:35:18] [TEST] Processing batch 8354/18932 ...
[09/07 23:35:18] [TEST] Processing batch 8355/18932 ...
[09/07 23:35:18] [TEST] Processing batch 8356/18932 ...
[09/07 23:35:18] [TEST] Processing batch 8357/18932 ...
[09/07 23:35:18] [TEST] Processing batch 8358/18932 ...
[09/07 23:35:18] [TEST] Processing batch 8359/18932 ...
[09/07 23:35:19] [TEST] Processing batch 8360/18932 ...
[09/07 23:35:19] [TEST] Processing batch 8361/18932 ...
[09/07 23:35:19] [TEST] Processing batch 8362/18932 ...
[09/07 23:35:19] [TEST] Processing batch 8363/18932 ...
[09/07 23:35:19] [TEST] Processing batch 8364/18932 ...
[09/07 23:35:19] [TEST] Processing batch 8365/18932 ...
[09/07 23:35:19] [TEST] Processing batch 8366/18932 ...
[09/07 23:35:19] [TEST] Processing batch 8367/18932 ...
[09/07 23:35:19] [TEST] Processing batch 8368/18932 ...
[09/07 23:35:19] [TEST] Processing batch 8369/18932 ...
[09/07 23:35:19] [TEST] Processing batch 8370/18932 ...
[09/07 23:35:19] [TEST] Processing batch 8371/18932 ...
[09/07 23:35:19] [TEST] Processing batch 8372/18932 ...
[09/07 23:35:19] [TEST] Processing batch 8373/18932 ...
[09/07 23:35:19] [TEST] Processing batch 8374/18932 ...
[09/07 23:35:19] [TEST] Processing batch 8375/18932 ...
[09/07 23:35:19] [TEST] Processing batch 8376/18932 ...
[09/07 23:35:20] [TEST] Processing batch 8377/18932 ...
[09/07 23:35:20] [TEST] Processing batch 8378/18932 ...
[09/07 23:35:20] [TEST] Processing batch 8379/18932 ...
[09/07 23:35:20] [TEST] Processing batch 8380/18932 ...
[09/07 23:35:20] [TEST] Processing batch 8381/18932 ...
[09/07 23:35:20] [TEST] Processing batch 8382/18932 ...
[09/07 23:35:20] [TEST] Processing batch 8383/18932 ...
[09/07 23:35:20] [TEST] Processing batch 8384/18932 ...
[09/07 23:35:20] [TEST] Processing batch 8385/18932 ...
[09/07 23:35:20] [TEST] Processing batch 8386/18932 ...
[09/07 23:35:20] [TEST] Processing batch 8387/18932 ...
[09/07 23:35:20] [TEST] Processing batch 8388/18932 ...
[09/07 23:35:20] [TEST] Processing batch 8389/18932 ...
[09/07 23:35:20] [TEST] Processing batch 8390/18932 ...
[09/07 23:35:20] [TEST] Processing batch 8391/18932 ...
[09/07 23:35:20] [TEST] Processing batch 8392/18932 ...
[09/07 23:35:21] [TEST] Processing batch 8393/18932 ...
[09/07 23:35:21] [TEST] Processing batch 8394/18932 ...
[09/07 23:35:21] [TEST] Processing batch 8395/18932 ...
[09/07 23:35:21] [TEST] Processing batch 8396/18932 ...
[09/07 23:35:21] [TEST] Processing batch 8397/18932 ...
[09/07 23:35:21] [TEST] Processing batch 8398/18932 ...
[09/07 23:35:21] [TEST] Processing batch 8399/18932 ...
[09/07 23:35:21] [TEST] Processing batch 8400/18932 ...
[09/07 23:35:21] [TEST] Processing batch 8401/18932 ...
[09/07 23:35:21] [TEST] Processing batch 8402/18932 ...
[09/07 23:35:21] [TEST] Processing batch 8403/18932 ...
[09/07 23:35:21] [TEST] Processing batch 8404/18932 ...
[09/07 23:35:21] [TEST] Processing batch 8405/18932 ...
[09/07 23:35:21] [TEST] Processing batch 8406/18932 ...
[09/07 23:35:21] [TEST] Processing batch 8407/18932 ...
[09/07 23:35:22] [TEST] Processing batch 8408/18932 ...
[09/07 23:35:22] [TEST] Processing batch 8409/18932 ...
[09/07 23:35:22] [TEST] Processing batch 8410/18932 ...
[09/07 23:35:22] [TEST] Processing batch 8411/18932 ...
[09/07 23:35:22] [TEST] Processing batch 8412/18932 ...
[09/07 23:35:22] [TEST] Processing batch 8413/18932 ...
[09/07 23:35:22] [TEST] Processing batch 8414/18932 ...
[09/07 23:35:22] [TEST] Processing batch 8415/18932 ...
[09/07 23:35:22] [TEST] Processing batch 8416/18932 ...
[09/07 23:35:22] [TEST] Processing batch 8417/18932 ...
[09/07 23:35:22] [TEST] Processing batch 8418/18932 ...
[09/07 23:35:22] [TEST] Processing batch 8419/18932 ...
[09/07 23:35:22] [TEST] Processing batch 8420/18932 ...
[09/07 23:35:22] [TEST] Processing batch 8421/18932 ...
[09/07 23:35:22] [TEST] Processing batch 8422/18932 ...
[09/07 23:35:22] [TEST] Processing batch 8423/18932 ...
[09/07 23:35:23] [TEST] Processing batch 8424/18932 ...
[09/07 23:35:23] [TEST] Processing batch 8425/18932 ...
[09/07 23:35:23] [TEST] Processing batch 8426/18932 ...
[09/07 23:35:23] [TEST] Processing batch 8427/18932 ...
[09/07 23:35:23] [TEST] Processing batch 8428/18932 ...
[09/07 23:35:23] [TEST] Processing batch 8429/18932 ...
[09/07 23:35:23] [TEST] Processing batch 8430/18932 ...
[09/07 23:35:23] [TEST] Processing batch 8431/18932 ...
[09/07 23:35:23] [TEST] Processing batch 8432/18932 ...
[09/07 23:35:23] [TEST] Processing batch 8433/18932 ...
[09/07 23:35:23] [TEST] Processing batch 8434/18932 ...
[09/07 23:35:23] [TEST] Processing batch 8435/18932 ...
[09/07 23:35:23] [TEST] Processing batch 8436/18932 ...
[09/07 23:35:23] [TEST] Processing batch 8437/18932 ...
[09/07 23:35:23] [TEST] Processing batch 8438/18932 ...
[09/07 23:35:23] [TEST] Processing batch 8439/18932 ...
[09/07 23:35:24] [TEST] Processing batch 8440/18932 ...
[09/07 23:35:24] [TEST] Processing batch 8441/18932 ...
[09/07 23:35:24] [TEST] Processing batch 8442/18932 ...
[09/07 23:35:24] [TEST] Processing batch 8443/18932 ...
[09/07 23:35:24] [TEST] Processing batch 8444/18932 ...
[09/07 23:35:24] [TEST] Processing batch 8445/18932 ...
[09/07 23:35:24] [TEST] Processing batch 8446/18932 ...
[09/07 23:35:24] [TEST] Processing batch 8447/18932 ...
[09/07 23:35:24] [TEST] Processing batch 8448/18932 ...
[09/07 23:35:24] [TEST] Processing batch 8449/18932 ...
[09/07 23:35:24] [TEST] Processing batch 8450/18932 ...
[09/07 23:35:24] [TEST] Processing batch 8451/18932 ...
[09/07 23:35:24] [TEST] Processing batch 8452/18932 ...
[09/07 23:35:24] [TEST] Processing batch 8453/18932 ...
[09/07 23:35:24] [TEST] Processing batch 8454/18932 ...
[09/07 23:35:24] [TEST] Processing batch 8455/18932 ...
[09/07 23:35:24] [TEST] Processing batch 8456/18932 ...
[09/07 23:35:25] [TEST] Processing batch 8457/18932 ...
[09/07 23:35:25] [TEST] Processing batch 8458/18932 ...
[09/07 23:35:25] [TEST] Processing batch 8459/18932 ...
[09/07 23:35:25] [TEST] Processing batch 8460/18932 ...
[09/07 23:35:25] [TEST] Processing batch 8461/18932 ...
[09/07 23:35:25] [TEST] Processing batch 8462/18932 ...
[09/07 23:35:25] [TEST] Processing batch 8463/18932 ...
[09/07 23:35:25] [TEST] Processing batch 8464/18932 ...
[09/07 23:35:25] [TEST] Processing batch 8465/18932 ...
[09/07 23:35:25] [TEST] Processing batch 8466/18932 ...
[09/07 23:35:25] [TEST] Processing batch 8467/18932 ...
[09/07 23:35:25] [TEST] Processing batch 8468/18932 ...
[09/07 23:35:25] [TEST] Processing batch 8469/18932 ...
[09/07 23:35:25] [TEST] Processing batch 8470/18932 ...
[09/07 23:35:25] [TEST] Processing batch 8471/18932 ...
[09/07 23:35:25] [TEST] Processing batch 8472/18932 ...
[09/07 23:35:26] [TEST] Processing batch 8473/18932 ...
[09/07 23:35:26] [TEST] Processing batch 8474/18932 ...
[09/07 23:35:26] [TEST] Processing batch 8475/18932 ...
[09/07 23:35:26] [TEST] Processing batch 8476/18932 ...
[09/07 23:35:26] [TEST] Processing batch 8477/18932 ...
[09/07 23:35:26] [TEST] Processing batch 8478/18932 ...
[09/07 23:35:26] [TEST] Processing batch 8479/18932 ...
[09/07 23:35:26] [TEST] Processing batch 8480/18932 ...
[09/07 23:35:26] [TEST] Processing batch 8481/18932 ...
[09/07 23:35:26] [TEST] Processing batch 8482/18932 ...
[09/07 23:35:26] [TEST] Processing batch 8483/18932 ...
[09/07 23:35:26] [TEST] Processing batch 8484/18932 ...
[09/07 23:35:26] [TEST] Processing batch 8485/18932 ...
[09/07 23:35:26] [TEST] Processing batch 8486/18932 ...
[09/07 23:35:26] [TEST] Processing batch 8487/18932 ...
[09/07 23:35:26] [TEST] Processing batch 8488/18932 ...
[09/07 23:35:27] [TEST] Processing batch 8489/18932 ...
[09/07 23:35:27] [TEST] Processing batch 8490/18932 ...
[09/07 23:35:27] [TEST] Processing batch 8491/18932 ...
[09/07 23:35:27] [TEST] Processing batch 8492/18932 ...
[09/07 23:35:27] [TEST] Processing batch 8493/18932 ...
[09/07 23:35:27] [TEST] Processing batch 8494/18932 ...
[09/07 23:35:27] [TEST] Processing batch 8495/18932 ...
[09/07 23:35:27] [TEST] Processing batch 8496/18932 ...
[09/07 23:35:27] [TEST] Processing batch 8497/18932 ...
[09/07 23:35:27] [TEST] Processing batch 8498/18932 ...
[09/07 23:35:27] [TEST] Processing batch 8499/18932 ...
[09/07 23:35:27] [TEST] Processing batch 8500/18932 ...
[09/07 23:35:27] [TEST] Processing batch 8501/18932 ...
[09/07 23:35:27] [TEST] Processing batch 8502/18932 ...
[09/07 23:35:27] [TEST] Processing batch 8503/18932 ...
[09/07 23:35:27] [TEST] Processing batch 8504/18932 ...
[09/07 23:35:28] [TEST] Processing batch 8505/18932 ...
[09/07 23:35:28] [TEST] Processing batch 8506/18932 ...
[09/07 23:35:28] [TEST] Processing batch 8507/18932 ...
[09/07 23:35:28] [TEST] Processing batch 8508/18932 ...
[09/07 23:35:28] [TEST] Processing batch 8509/18932 ...
[09/07 23:35:28] [TEST] Processing batch 8510/18932 ...
[09/07 23:35:28] [TEST] Processing batch 8511/18932 ...
[09/07 23:35:28] [TEST] Processing batch 8512/18932 ...
[09/07 23:35:28] [TEST] Processing batch 8513/18932 ...
[09/07 23:35:28] [TEST] Processing batch 8514/18932 ...
[09/07 23:35:28] [TEST] Processing batch 8515/18932 ...
[09/07 23:35:28] [TEST] Processing batch 8516/18932 ...
[09/07 23:35:28] [TEST] Processing batch 8517/18932 ...
[09/07 23:35:28] [TEST] Processing batch 8518/18932 ...
[09/07 23:35:28] [TEST] Processing batch 8519/18932 ...
[09/07 23:35:28] [TEST] Processing batch 8520/18932 ...
[09/07 23:35:29] [TEST] Processing batch 8521/18932 ...
[09/07 23:35:29] [TEST] Processing batch 8522/18932 ...
[09/07 23:35:29] [TEST] Processing batch 8523/18932 ...
[09/07 23:35:29] [TEST] Processing batch 8524/18932 ...
[09/07 23:35:29] [TEST] Processing batch 8525/18932 ...
[09/07 23:35:29] [TEST] Processing batch 8526/18932 ...
[09/07 23:35:29] [TEST] Processing batch 8527/18932 ...
[09/07 23:35:29] [TEST] Processing batch 8528/18932 ...
[09/07 23:35:29] [TEST] Processing batch 8529/18932 ...
[09/07 23:35:29] [TEST] Processing batch 8530/18932 ...
[09/07 23:35:29] [TEST] Processing batch 8531/18932 ...
[09/07 23:35:29] [TEST] Processing batch 8532/18932 ...
[09/07 23:35:29] [TEST] Processing batch 8533/18932 ...
[09/07 23:35:29] [TEST] Processing batch 8534/18932 ...
[09/07 23:35:29] [TEST] Processing batch 8535/18932 ...
[09/07 23:35:29] [TEST] Processing batch 8536/18932 ...
[09/07 23:35:30] [TEST] Processing batch 8537/18932 ...
[09/07 23:35:30] [TEST] Processing batch 8538/18932 ...
[09/07 23:35:30] [TEST] Processing batch 8539/18932 ...
[09/07 23:35:30] [TEST] Processing batch 8540/18932 ...
[09/07 23:35:30] [TEST] Processing batch 8541/18932 ...
[09/07 23:35:30] [TEST] Processing batch 8542/18932 ...
[09/07 23:35:30] [TEST] Processing batch 8543/18932 ...
[09/07 23:35:30] [TEST] Processing batch 8544/18932 ...
[09/07 23:35:30] [TEST] Processing batch 8545/18932 ...
[09/07 23:35:30] [TEST] Processing batch 8546/18932 ...
[09/07 23:35:30] [TEST] Processing batch 8547/18932 ...
[09/07 23:35:30] [TEST] Processing batch 8548/18932 ...
[09/07 23:35:30] [TEST] Processing batch 8549/18932 ...
[09/07 23:35:30] [TEST] Processing batch 8550/18932 ...
[09/07 23:35:30] [TEST] Processing batch 8551/18932 ...
[09/07 23:35:30] [TEST] Processing batch 8552/18932 ...
[09/07 23:35:31] [TEST] Processing batch 8553/18932 ...
[09/07 23:35:31] [TEST] Processing batch 8554/18932 ...
[09/07 23:35:31] [TEST] Processing batch 8555/18932 ...
[09/07 23:35:31] [TEST] Processing batch 8556/18932 ...
[09/07 23:35:31] [TEST] Processing batch 8557/18932 ...
[09/07 23:35:31] [TEST] Processing batch 8558/18932 ...
[09/07 23:35:31] [TEST] Processing batch 8559/18932 ...
[09/07 23:35:31] [TEST] Processing batch 8560/18932 ...
[09/07 23:35:31] [TEST] Processing batch 8561/18932 ...
[09/07 23:35:31] [TEST] Processing batch 8562/18932 ...
[09/07 23:35:31] [TEST] Processing batch 8563/18932 ...
[09/07 23:35:31] [TEST] Processing batch 8564/18932 ...
[09/07 23:35:31] [TEST] Processing batch 8565/18932 ...
[09/07 23:35:31] [TEST] Processing batch 8566/18932 ...
[09/07 23:35:32] [TEST] Processing batch 8567/18932 ...
[09/07 23:35:32] [TEST] Processing batch 8568/18932 ...
[09/07 23:35:32] [TEST] Processing batch 8569/18932 ...
[09/07 23:35:32] [TEST] Processing batch 8570/18932 ...
[09/07 23:35:32] [TEST] Processing batch 8571/18932 ...
[09/07 23:35:32] [TEST] Processing batch 8572/18932 ...
[09/07 23:35:32] [TEST] Processing batch 8573/18932 ...
[09/07 23:35:32] [TEST] Processing batch 8574/18932 ...
[09/07 23:35:32] [TEST] Processing batch 8575/18932 ...
[09/07 23:35:32] [TEST] Processing batch 8576/18932 ...
[09/07 23:35:32] [TEST] Processing batch 8577/18932 ...
[09/07 23:35:32] [TEST] Processing batch 8578/18932 ...
[09/07 23:35:32] [TEST] Processing batch 8579/18932 ...
[09/07 23:35:32] [TEST] Processing batch 8580/18932 ...
[09/07 23:35:32] [TEST] Processing batch 8581/18932 ...
[09/07 23:35:32] [TEST] Processing batch 8582/18932 ...
[09/07 23:35:32] [TEST] Processing batch 8583/18932 ...
[09/07 23:35:32] [TEST] Processing batch 8584/18932 ...
[09/07 23:35:33] [TEST] Processing batch 8585/18932 ...
[09/07 23:35:33] [TEST] Processing batch 8586/18932 ...
[09/07 23:35:33] [TEST] Processing batch 8587/18932 ...
[09/07 23:35:33] [TEST] Processing batch 8588/18932 ...
[09/07 23:35:33] [TEST] Processing batch 8589/18932 ...
[09/07 23:35:33] [TEST] Processing batch 8590/18932 ...
[09/07 23:35:33] [TEST] Processing batch 8591/18932 ...
[09/07 23:35:33] [TEST] Processing batch 8592/18932 ...
[09/07 23:35:33] [TEST] Processing batch 8593/18932 ...
[09/07 23:35:33] [TEST] Processing batch 8594/18932 ...
[09/07 23:35:33] [TEST] Processing batch 8595/18932 ...
[09/07 23:35:33] [TEST] Processing batch 8596/18932 ...
[09/07 23:35:33] [TEST] Processing batch 8597/18932 ...
[09/07 23:35:33] [TEST] Processing batch 8598/18932 ...
[09/07 23:35:33] [TEST] Processing batch 8599/18932 ...
[09/07 23:35:33] [TEST] Processing batch 8600/18932 ...
[09/07 23:35:33] [TEST] Processing batch 8601/18932 ...
[09/07 23:35:34] [TEST] Processing batch 8602/18932 ...
[09/07 23:35:34] [TEST] Processing batch 8603/18932 ...
[09/07 23:35:34] [TEST] Processing batch 8604/18932 ...
[09/07 23:35:34] [TEST] Processing batch 8605/18932 ...
[09/07 23:35:34] [TEST] Processing batch 8606/18932 ...
[09/07 23:35:34] [TEST] Processing batch 8607/18932 ...
[09/07 23:35:34] [TEST] Processing batch 8608/18932 ...
[09/07 23:35:34] [TEST] Processing batch 8609/18932 ...
[09/07 23:35:34] [TEST] Processing batch 8610/18932 ...
[09/07 23:35:34] [TEST] Processing batch 8611/18932 ...
[09/07 23:35:34] [TEST] Processing batch 8612/18932 ...
[09/07 23:35:34] [TEST] Processing batch 8613/18932 ...
[09/07 23:35:34] [TEST] Processing batch 8614/18932 ...
[09/07 23:35:34] [TEST] Processing batch 8615/18932 ...
[09/07 23:35:34] [TEST] Processing batch 8616/18932 ...
[09/07 23:35:34] [TEST] Processing batch 8617/18932 ...
[09/07 23:35:34] [TEST] Processing batch 8618/18932 ...
[09/07 23:35:34] [TEST] Processing batch 8619/18932 ...
[09/07 23:35:35] [TEST] Processing batch 8620/18932 ...
[09/07 23:35:35] [TEST] Processing batch 8621/18932 ...
[09/07 23:35:35] [TEST] Processing batch 8622/18932 ...
[09/07 23:35:35] [TEST] Processing batch 8623/18932 ...
[09/07 23:35:35] [TEST] Processing batch 8624/18932 ...
[09/07 23:35:35] [TEST] Processing batch 8625/18932 ...
[09/07 23:35:35] [TEST] Processing batch 8626/18932 ...
[09/07 23:35:35] [TEST] Processing batch 8627/18932 ...
[09/07 23:35:35] [TEST] Processing batch 8628/18932 ...
[09/07 23:35:35] [TEST] Processing batch 8629/18932 ...
[09/07 23:35:35] [TEST] Processing batch 8630/18932 ...
[09/07 23:35:35] [TEST] Processing batch 8631/18932 ...
[09/07 23:35:35] [TEST] Processing batch 8632/18932 ...
[09/07 23:35:35] [TEST] Processing batch 8633/18932 ...
[09/07 23:35:35] [TEST] Processing batch 8634/18932 ...
[09/07 23:35:35] [TEST] Processing batch 8635/18932 ...
[09/07 23:35:35] [TEST] Processing batch 8636/18932 ...
[09/07 23:35:35] [TEST] Processing batch 8637/18932 ...
[09/07 23:35:36] [TEST] Processing batch 8638/18932 ...
[09/07 23:35:36] [TEST] Processing batch 8639/18932 ...
[09/07 23:35:36] [TEST] Processing batch 8640/18932 ...
[09/07 23:35:36] [TEST] Processing batch 8641/18932 ...
[09/07 23:35:36] [TEST] Processing batch 8642/18932 ...
[09/07 23:35:36] [TEST] Processing batch 8643/18932 ...
[09/07 23:35:36] [TEST] Processing batch 8644/18932 ...
[09/07 23:35:36] [TEST] Processing batch 8645/18932 ...
[09/07 23:35:36] [TEST] Processing batch 8646/18932 ...
[09/07 23:35:36] [TEST] Processing batch 8647/18932 ...
[09/07 23:35:36] [TEST] Processing batch 8648/18932 ...
[09/07 23:35:36] [TEST] Processing batch 8649/18932 ...
[09/07 23:35:36] [TEST] Processing batch 8650/18932 ...
[09/07 23:35:36] [TEST] Processing batch 8651/18932 ...
[09/07 23:35:37] [TEST] Processing batch 8652/18932 ...
[09/07 23:35:37] [TEST] Processing batch 8653/18932 ...
[09/07 23:35:37] [TEST] Processing batch 8654/18932 ...
[09/07 23:35:37] [TEST] Processing batch 8655/18932 ...
[09/07 23:35:37] [TEST] Processing batch 8656/18932 ...
[09/07 23:35:37] [TEST] Processing batch 8657/18932 ...
[09/07 23:35:37] [TEST] Processing batch 8658/18932 ...
[09/07 23:35:37] [TEST] Processing batch 8659/18932 ...
[09/07 23:35:37] [TEST] Processing batch 8660/18932 ...
[09/07 23:35:37] [TEST] Processing batch 8661/18932 ...
[09/07 23:35:37] [TEST] Processing batch 8662/18932 ...
[09/07 23:35:37] [TEST] Processing batch 8663/18932 ...
[09/07 23:35:37] [TEST] Processing batch 8664/18932 ...
[09/07 23:35:37] [TEST] Processing batch 8665/18932 ...
[09/07 23:35:37] [TEST] Processing batch 8666/18932 ...
[09/07 23:35:37] [TEST] Processing batch 8667/18932 ...
[09/07 23:35:37] [TEST] Processing batch 8668/18932 ...
[09/07 23:35:37] [TEST] Processing batch 8669/18932 ...
[09/07 23:35:38] [TEST] Processing batch 8670/18932 ...
[09/07 23:35:38] [TEST] Processing batch 8671/18932 ...
[09/07 23:35:38] [TEST] Processing batch 8672/18932 ...
[09/07 23:35:38] [TEST] Processing batch 8673/18932 ...
[09/07 23:35:38] [TEST] Processing batch 8674/18932 ...
[09/07 23:35:38] [TEST] Processing batch 8675/18932 ...
[09/07 23:35:38] [TEST] Processing batch 8676/18932 ...
[09/07 23:35:38] [TEST] Processing batch 8677/18932 ...
[09/07 23:35:38] [TEST] Processing batch 8678/18932 ...
[09/07 23:35:38] [TEST] Processing batch 8679/18932 ...
[09/07 23:35:38] [TEST] Processing batch 8680/18932 ...
[09/07 23:35:38] [TEST] Processing batch 8681/18932 ...
[09/07 23:35:38] [TEST] Processing batch 8682/18932 ...
[09/07 23:35:38] [TEST] Processing batch 8683/18932 ...
[09/07 23:35:38] [TEST] Processing batch 8684/18932 ...
[09/07 23:35:38] [TEST] Processing batch 8685/18932 ...
[09/07 23:35:38] [TEST] Processing batch 8686/18932 ...
[09/07 23:35:38] [TEST] Processing batch 8687/18932 ...
[09/07 23:35:39] [TEST] Processing batch 8688/18932 ...
[09/07 23:35:39] [TEST] Processing batch 8689/18932 ...
[09/07 23:35:39] [TEST] Processing batch 8690/18932 ...
[09/07 23:35:39] [TEST] Processing batch 8691/18932 ...
[09/07 23:35:39] [TEST] Processing batch 8692/18932 ...
[09/07 23:35:39] [TEST] Processing batch 8693/18932 ...
[09/07 23:35:39] [TEST] Processing batch 8694/18932 ...
[09/07 23:35:39] [TEST] Processing batch 8695/18932 ...
[09/07 23:35:39] [TEST] Processing batch 8696/18932 ...
[09/07 23:35:39] [TEST] Processing batch 8697/18932 ...
[09/07 23:35:39] [TEST] Processing batch 8698/18932 ...
[09/07 23:35:39] [TEST] Processing batch 8699/18932 ...
[09/07 23:35:39] [TEST] Processing batch 8700/18932 ...
[09/07 23:35:39] [TEST] Processing batch 8701/18932 ...
[09/07 23:35:39] [TEST] Processing batch 8702/18932 ...
[09/07 23:35:39] [TEST] Processing batch 8703/18932 ...
[09/07 23:35:39] [TEST] Processing batch 8704/18932 ...
[09/07 23:35:39] [TEST] Processing batch 8705/18932 ...
[09/07 23:35:40] [TEST] Processing batch 8706/18932 ...
[09/07 23:35:40] [TEST] Processing batch 8707/18932 ...
[09/07 23:35:40] [TEST] Processing batch 8708/18932 ...
[09/07 23:35:40] [TEST] Processing batch 8709/18932 ...
[09/07 23:35:40] [TEST] Processing batch 8710/18932 ...
[09/07 23:35:40] [TEST] Processing batch 8711/18932 ...
[09/07 23:35:40] [TEST] Processing batch 8712/18932 ...
[09/07 23:35:40] [TEST] Processing batch 8713/18932 ...
[09/07 23:35:40] [TEST] Processing batch 8714/18932 ...
[09/07 23:35:40] [TEST] Processing batch 8715/18932 ...
[09/07 23:35:40] [TEST] Processing batch 8716/18932 ...
[09/07 23:35:40] [TEST] Processing batch 8717/18932 ...
[09/07 23:35:40] [TEST] Processing batch 8718/18932 ...
[09/07 23:35:40] [TEST] Processing batch 8719/18932 ...
[09/07 23:35:40] [TEST] Processing batch 8720/18932 ...
[09/07 23:35:40] [TEST] Processing batch 8721/18932 ...
[09/07 23:35:40] [TEST] Processing batch 8722/18932 ...
[09/07 23:35:40] [TEST] Processing batch 8723/18932 ...
[09/07 23:35:41] [TEST] Processing batch 8724/18932 ...
[09/07 23:35:41] [TEST] Processing batch 8725/18932 ...
[09/07 23:35:41] [TEST] Processing batch 8726/18932 ...
[09/07 23:35:41] [TEST] Processing batch 8727/18932 ...
[09/07 23:35:41] [TEST] Processing batch 8728/18932 ...
[09/07 23:35:41] [TEST] Processing batch 8729/18932 ...
[09/07 23:35:41] [TEST] Processing batch 8730/18932 ...
[09/07 23:35:41] [TEST] Processing batch 8731/18932 ...
[09/07 23:35:41] [TEST] Processing batch 8732/18932 ...
[09/07 23:35:41] [TEST] Processing batch 8733/18932 ...
[09/07 23:35:41] [TEST] Processing batch 8734/18932 ...
[09/07 23:35:41] [TEST] Processing batch 8735/18932 ...
[09/07 23:35:41] [TEST] Processing batch 8736/18932 ...
[09/07 23:35:41] [TEST] Processing batch 8737/18932 ...
[09/07 23:35:41] [TEST] Processing batch 8738/18932 ...
[09/07 23:35:41] [TEST] Processing batch 8739/18932 ...
[09/07 23:35:41] [TEST] Processing batch 8740/18932 ...
[09/07 23:35:42] [TEST] Processing batch 8741/18932 ...
[09/07 23:35:42] [TEST] Processing batch 8742/18932 ...
[09/07 23:35:42] [TEST] Processing batch 8743/18932 ...
[09/07 23:35:42] [TEST] Processing batch 8744/18932 ...
[09/07 23:35:42] [TEST] Processing batch 8745/18932 ...
[09/07 23:35:42] [TEST] Processing batch 8746/18932 ...
[09/07 23:35:42] [TEST] Processing batch 8747/18932 ...
[09/07 23:35:42] [TEST] Processing batch 8748/18932 ...
[09/07 23:35:42] [TEST] Processing batch 8749/18932 ...
[09/07 23:35:42] [TEST] Processing batch 8750/18932 ...
[09/07 23:35:42] [TEST] Processing batch 8751/18932 ...
[09/07 23:35:42] [TEST] Processing batch 8752/18932 ...
[09/07 23:35:42] [TEST] Processing batch 8753/18932 ...
[09/07 23:35:42] [TEST] Processing batch 8754/18932 ...
[09/07 23:35:42] [TEST] Processing batch 8755/18932 ...
[09/07 23:35:42] [TEST] Processing batch 8756/18932 ...
[09/07 23:35:42] [TEST] Processing batch 8757/18932 ...
[09/07 23:35:42] [TEST] Processing batch 8758/18932 ...
[09/07 23:35:43] [TEST] Processing batch 8759/18932 ...
[09/07 23:35:43] [TEST] Processing batch 8760/18932 ...
[09/07 23:35:43] [TEST] Processing batch 8761/18932 ...
[09/07 23:35:43] [TEST] Processing batch 8762/18932 ...
[09/07 23:35:43] [TEST] Processing batch 8763/18932 ...
[09/07 23:35:43] [TEST] Processing batch 8764/18932 ...
[09/07 23:35:43] [TEST] Processing batch 8765/18932 ...
[09/07 23:35:43] [TEST] Processing batch 8766/18932 ...
[09/07 23:35:43] [TEST] Processing batch 8767/18932 ...
[09/07 23:35:43] [TEST] Processing batch 8768/18932 ...
[09/07 23:35:43] [TEST] Processing batch 8769/18932 ...
[09/07 23:35:43] [TEST] Processing batch 8770/18932 ...
[09/07 23:35:43] [TEST] Processing batch 8771/18932 ...
[09/07 23:35:43] [TEST] Processing batch 8772/18932 ...
[09/07 23:35:43] [TEST] Processing batch 8773/18932 ...
[09/07 23:35:43] [TEST] Processing batch 8774/18932 ...
[09/07 23:35:43] [TEST] Processing batch 8775/18932 ...
[09/07 23:35:43] [TEST] Processing batch 8776/18932 ...
[09/07 23:35:44] [TEST] Processing batch 8777/18932 ...
[09/07 23:35:44] [TEST] Processing batch 8778/18932 ...
[09/07 23:35:44] [TEST] Processing batch 8779/18932 ...
[09/07 23:35:44] [TEST] Processing batch 8780/18932 ...
[09/07 23:35:44] [TEST] Processing batch 8781/18932 ...
[09/07 23:35:44] [TEST] Processing batch 8782/18932 ...
[09/07 23:35:44] [TEST] Processing batch 8783/18932 ...
[09/07 23:35:44] [TEST] Processing batch 8784/18932 ...
[09/07 23:35:44] [TEST] Processing batch 8785/18932 ...
[09/07 23:35:44] [TEST] Processing batch 8786/18932 ...
[09/07 23:35:44] [TEST] Processing batch 8787/18932 ...
[09/07 23:35:44] [TEST] Processing batch 8788/18932 ...
[09/07 23:35:44] [TEST] Processing batch 8789/18932 ...
[09/07 23:35:44] [TEST] Processing batch 8790/18932 ...
[09/07 23:35:44] [TEST] Processing batch 8791/18932 ...
[09/07 23:35:44] [TEST] Processing batch 8792/18932 ...
[09/07 23:35:44] [TEST] Processing batch 8793/18932 ...
[09/07 23:35:44] [TEST] Processing batch 8794/18932 ...
[09/07 23:35:45] [TEST] Processing batch 8795/18932 ...
[09/07 23:35:45] [TEST] Processing batch 8796/18932 ...
[09/07 23:35:45] [TEST] Processing batch 8797/18932 ...
[09/07 23:35:45] [TEST] Processing batch 8798/18932 ...
[09/07 23:35:45] [TEST] Processing batch 8799/18932 ...
[09/07 23:35:45] [TEST] Processing batch 8800/18932 ...
[09/07 23:35:45] [TEST] Processing batch 8801/18932 ...
[09/07 23:35:45] [TEST] Processing batch 8802/18932 ...
[09/07 23:35:45] [TEST] Processing batch 8803/18932 ...
[09/07 23:35:45] [TEST] Processing batch 8804/18932 ...
[09/07 23:35:45] [TEST] Processing batch 8805/18932 ...
[09/07 23:35:45] [TEST] Processing batch 8806/18932 ...
[09/07 23:35:45] [TEST] Processing batch 8807/18932 ...
[09/07 23:35:45] [TEST] Processing batch 8808/18932 ...
[09/07 23:35:45] [TEST] Processing batch 8809/18932 ...
[09/07 23:35:45] [TEST] Processing batch 8810/18932 ...
[09/07 23:35:45] [TEST] Processing batch 8811/18932 ...
[09/07 23:35:45] [TEST] Processing batch 8812/18932 ...
[09/07 23:35:46] [TEST] Processing batch 8813/18932 ...
[09/07 23:35:46] [TEST] Processing batch 8814/18932 ...
[09/07 23:35:46] [TEST] Processing batch 8815/18932 ...
[09/07 23:35:46] [TEST] Processing batch 8816/18932 ...
[09/07 23:35:46] [TEST] Processing batch 8817/18932 ...
[09/07 23:35:46] [TEST] Processing batch 8818/18932 ...
[09/07 23:35:46] [TEST] Processing batch 8819/18932 ...
[09/07 23:35:46] [TEST] Processing batch 8820/18932 ...
[09/07 23:35:46] [TEST] Processing batch 8821/18932 ...
[09/07 23:35:46] [TEST] Processing batch 8822/18932 ...
[09/07 23:35:46] [TEST] Processing batch 8823/18932 ...
[09/07 23:35:46] [TEST] Processing batch 8824/18932 ...
[09/07 23:35:46] [TEST] Processing batch 8825/18932 ...
[09/07 23:35:46] [TEST] Processing batch 8826/18932 ...
[09/07 23:35:46] [TEST] Processing batch 8827/18932 ...
[09/07 23:35:46] [TEST] Processing batch 8828/18932 ...
[09/07 23:35:46] [TEST] Processing batch 8829/18932 ...
[09/07 23:35:46] [TEST] Processing batch 8830/18932 ...
[09/07 23:35:47] [TEST] Processing batch 8831/18932 ...
[09/07 23:35:47] [TEST] Processing batch 8832/18932 ...
[09/07 23:35:47] [TEST] Processing batch 8833/18932 ...
[09/07 23:35:47] [TEST] Processing batch 8834/18932 ...
[09/07 23:35:47] [TEST] Processing batch 8835/18932 ...
[09/07 23:35:47] [TEST] Processing batch 8836/18932 ...
[09/07 23:35:47] [TEST] Processing batch 8837/18932 ...
[09/07 23:35:47] [TEST] Processing batch 8838/18932 ...
[09/07 23:35:47] [TEST] Processing batch 8839/18932 ...
[09/07 23:35:47] [TEST] Processing batch 8840/18932 ...
[09/07 23:35:47] [TEST] Processing batch 8841/18932 ...
[09/07 23:35:47] [TEST] Processing batch 8842/18932 ...
[09/07 23:35:47] [TEST] Processing batch 8843/18932 ...
[09/07 23:35:47] [TEST] Processing batch 8844/18932 ...
[09/07 23:35:47] [TEST] Processing batch 8845/18932 ...
[09/07 23:35:47] [TEST] Processing batch 8846/18932 ...
[09/07 23:35:47] [TEST] Processing batch 8847/18932 ...
[09/07 23:35:47] [TEST] Processing batch 8848/18932 ...
[09/07 23:35:48] [TEST] Processing batch 8849/18932 ...
[09/07 23:35:48] [TEST] Processing batch 8850/18932 ...
[09/07 23:35:48] [TEST] Processing batch 8851/18932 ...
[09/07 23:35:48] [TEST] Processing batch 8852/18932 ...
[09/07 23:35:48] [TEST] Processing batch 8853/18932 ...
[09/07 23:35:48] [TEST] Processing batch 8854/18932 ...
[09/07 23:35:48] [TEST] Processing batch 8855/18932 ...
[09/07 23:35:48] [TEST] Processing batch 8856/18932 ...
[09/07 23:35:48] [TEST] Processing batch 8857/18932 ...
[09/07 23:35:48] [TEST] Processing batch 8858/18932 ...
[09/07 23:35:48] [TEST] Processing batch 8859/18932 ...
[09/07 23:35:48] [TEST] Processing batch 8860/18932 ...
[09/07 23:35:48] [TEST] Processing batch 8861/18932 ...
[09/07 23:35:48] [TEST] Processing batch 8862/18932 ...
[09/07 23:35:48] [TEST] Processing batch 8863/18932 ...
[09/07 23:35:48] [TEST] Processing batch 8864/18932 ...
[09/07 23:35:48] [TEST] Processing batch 8865/18932 ...
[09/07 23:35:48] [TEST] Processing batch 8866/18932 ...
[09/07 23:35:49] [TEST] Processing batch 8867/18932 ...
[09/07 23:35:49] [TEST] Processing batch 8868/18932 ...
[09/07 23:35:49] [TEST] Processing batch 8869/18932 ...
[09/07 23:35:49] [TEST] Processing batch 8870/18932 ...
[09/07 23:35:49] [TEST] Processing batch 8871/18932 ...
[09/07 23:35:49] [TEST] Processing batch 8872/18932 ...
[09/07 23:35:49] [TEST] Processing batch 8873/18932 ...
[09/07 23:35:49] [TEST] Processing batch 8874/18932 ...
[09/07 23:35:49] [TEST] Processing batch 8875/18932 ...
[09/07 23:35:49] [TEST] Processing batch 8876/18932 ...
[09/07 23:35:49] [TEST] Processing batch 8877/18932 ...
[09/07 23:35:49] [TEST] Processing batch 8878/18932 ...
[09/07 23:35:49] [TEST] Processing batch 8879/18932 ...
[09/07 23:35:49] [TEST] Processing batch 8880/18932 ...
[09/07 23:35:49] [TEST] Processing batch 8881/18932 ...
[09/07 23:35:49] [TEST] Processing batch 8882/18932 ...
[09/07 23:35:49] [TEST] Processing batch 8883/18932 ...
[09/07 23:35:49] [TEST] Processing batch 8884/18932 ...
[09/07 23:35:50] [TEST] Processing batch 8885/18932 ...
[09/07 23:35:50] [TEST] Processing batch 8886/18932 ...
[09/07 23:35:50] [TEST] Processing batch 8887/18932 ...
[09/07 23:35:50] [TEST] Processing batch 8888/18932 ...
[09/07 23:35:50] [TEST] Processing batch 8889/18932 ...
[09/07 23:35:50] [TEST] Processing batch 8890/18932 ...
[09/07 23:35:50] [TEST] Processing batch 8891/18932 ...
[09/07 23:35:50] [TEST] Processing batch 8892/18932 ...
[09/07 23:35:50] [TEST] Processing batch 8893/18932 ...
[09/07 23:35:50] [TEST] Processing batch 8894/18932 ...
[09/07 23:35:50] [TEST] Processing batch 8895/18932 ...
[09/07 23:35:50] [TEST] Processing batch 8896/18932 ...
[09/07 23:35:50] [TEST] Processing batch 8897/18932 ...
[09/07 23:35:50] [TEST] Processing batch 8898/18932 ...
[09/07 23:35:50] [TEST] Processing batch 8899/18932 ...
[09/07 23:35:50] [TEST] Processing batch 8900/18932 ...
[09/07 23:35:50] [TEST] Processing batch 8901/18932 ...
[09/07 23:35:50] [TEST] Processing batch 8902/18932 ...
[09/07 23:35:51] [TEST] Processing batch 8903/18932 ...
[09/07 23:35:51] [TEST] Processing batch 8904/18932 ...
[09/07 23:35:51] [TEST] Processing batch 8905/18932 ...
[09/07 23:35:51] [TEST] Processing batch 8906/18932 ...
[09/07 23:35:51] [TEST] Processing batch 8907/18932 ...
[09/07 23:35:51] [TEST] Processing batch 8908/18932 ...
[09/07 23:35:51] [TEST] Processing batch 8909/18932 ...
[09/07 23:35:51] [TEST] Processing batch 8910/18932 ...
[09/07 23:35:51] [TEST] Processing batch 8911/18932 ...
[09/07 23:35:51] [TEST] Processing batch 8912/18932 ...
[09/07 23:35:51] [TEST] Processing batch 8913/18932 ...
[09/07 23:35:51] [TEST] Processing batch 8914/18932 ...
[09/07 23:35:51] [TEST] Processing batch 8915/18932 ...
[09/07 23:35:51] [TEST] Processing batch 8916/18932 ...
[09/07 23:35:51] [TEST] Processing batch 8917/18932 ...
[09/07 23:35:51] [TEST] Processing batch 8918/18932 ...
[09/07 23:35:51] [TEST] Processing batch 8919/18932 ...
[09/07 23:35:51] [TEST] Processing batch 8920/18932 ...
[09/07 23:35:52] [TEST] Processing batch 8921/18932 ...
[09/07 23:35:52] [TEST] Processing batch 8922/18932 ...
[09/07 23:35:52] [TEST] Processing batch 8923/18932 ...
[09/07 23:35:52] [TEST] Processing batch 8924/18932 ...
[09/07 23:35:52] [TEST] Processing batch 8925/18932 ...
[09/07 23:35:52] [TEST] Processing batch 8926/18932 ...
[09/07 23:35:52] [TEST] Processing batch 8927/18932 ...
[09/07 23:35:52] [TEST] Processing batch 8928/18932 ...
[09/07 23:35:52] [TEST] Processing batch 8929/18932 ...
[09/07 23:35:52] [TEST] Processing batch 8930/18932 ...
[09/07 23:35:52] [TEST] Processing batch 8931/18932 ...
[09/07 23:35:52] [TEST] Processing batch 8932/18932 ...
[09/07 23:35:52] [TEST] Processing batch 8933/18932 ...
[09/07 23:35:52] [TEST] Processing batch 8934/18932 ...
[09/07 23:35:52] [TEST] Processing batch 8935/18932 ...
[09/07 23:35:52] [TEST] Processing batch 8936/18932 ...
[09/07 23:35:52] [TEST] Processing batch 8937/18932 ...
[09/07 23:35:52] [TEST] Processing batch 8938/18932 ...
[09/07 23:35:53] [TEST] Processing batch 8939/18932 ...
[09/07 23:35:53] [TEST] Processing batch 8940/18932 ...
[09/07 23:35:53] [TEST] Processing batch 8941/18932 ...
[09/07 23:35:53] [TEST] Processing batch 8942/18932 ...
[09/07 23:35:53] [TEST] Processing batch 8943/18932 ...
[09/07 23:35:53] [TEST] Processing batch 8944/18932 ...
[09/07 23:35:53] [TEST] Processing batch 8945/18932 ...
[09/07 23:35:53] [TEST] Processing batch 8946/18932 ...
[09/07 23:35:53] [TEST] Processing batch 8947/18932 ...
[09/07 23:35:53] [TEST] Processing batch 8948/18932 ...
[09/07 23:35:53] [TEST] Processing batch 8949/18932 ...
[09/07 23:35:53] [TEST] Processing batch 8950/18932 ...
[09/07 23:35:53] [TEST] Processing batch 8951/18932 ...
[09/07 23:35:53] [TEST] Processing batch 8952/18932 ...
[09/07 23:35:53] [TEST] Processing batch 8953/18932 ...
[09/07 23:35:53] [TEST] Processing batch 8954/18932 ...
[09/07 23:35:53] [TEST] Processing batch 8955/18932 ...
[09/07 23:35:53] [TEST] Processing batch 8956/18932 ...
[09/07 23:35:54] [TEST] Processing batch 8957/18932 ...
[09/07 23:35:54] [TEST] Processing batch 8958/18932 ...
[09/07 23:35:54] [TEST] Processing batch 8959/18932 ...
[09/07 23:35:54] [TEST] Processing batch 8960/18932 ...
[09/07 23:35:54] [TEST] Processing batch 8961/18932 ...
[09/07 23:35:54] [TEST] Processing batch 8962/18932 ...
[09/07 23:35:54] [TEST] Processing batch 8963/18932 ...
[09/07 23:35:54] [TEST] Processing batch 8964/18932 ...
[09/07 23:35:54] [TEST] Processing batch 8965/18932 ...
[09/07 23:35:54] [TEST] Processing batch 8966/18932 ...
[09/07 23:35:54] [TEST] Processing batch 8967/18932 ...
[09/07 23:35:54] [TEST] Processing batch 8968/18932 ...
[09/07 23:35:54] [TEST] Processing batch 8969/18932 ...
[09/07 23:35:54] [TEST] Processing batch 8970/18932 ...
[09/07 23:35:54] [TEST] Processing batch 8971/18932 ...
[09/07 23:35:54] [TEST] Processing batch 8972/18932 ...
[09/07 23:35:54] [TEST] Processing batch 8973/18932 ...
[09/07 23:35:54] [TEST] Processing batch 8974/18932 ...
[09/07 23:35:55] [TEST] Processing batch 8975/18932 ...
[09/07 23:35:55] [TEST] Processing batch 8976/18932 ...
[09/07 23:35:55] [TEST] Processing batch 8977/18932 ...
[09/07 23:35:55] [TEST] Processing batch 8978/18932 ...
[09/07 23:35:55] [TEST] Processing batch 8979/18932 ...
[09/07 23:35:55] [TEST] Processing batch 8980/18932 ...
[09/07 23:35:55] [TEST] Processing batch 8981/18932 ...
[09/07 23:35:55] [TEST] Processing batch 8982/18932 ...
[09/07 23:35:55] [TEST] Processing batch 8983/18932 ...
[09/07 23:35:55] [TEST] Processing batch 8984/18932 ...
[09/07 23:35:55] [TEST] Processing batch 8985/18932 ...
[09/07 23:35:55] [TEST] Processing batch 8986/18932 ...
[09/07 23:35:55] [TEST] Processing batch 8987/18932 ...
[09/07 23:35:55] [TEST] Processing batch 8988/18932 ...
[09/07 23:35:55] [TEST] Processing batch 8989/18932 ...
[09/07 23:35:55] [TEST] Processing batch 8990/18932 ...
[09/07 23:35:55] [TEST] Processing batch 8991/18932 ...
[09/07 23:35:55] [TEST] Processing batch 8992/18932 ...
[09/07 23:35:56] [TEST] Processing batch 8993/18932 ...
[09/07 23:35:56] [TEST] Processing batch 8994/18932 ...
[09/07 23:35:56] [TEST] Processing batch 8995/18932 ...
[09/07 23:35:56] [TEST] Processing batch 8996/18932 ...
[09/07 23:35:56] [TEST] Processing batch 8997/18932 ...
[09/07 23:35:56] [TEST] Processing batch 8998/18932 ...
[09/07 23:35:56] [TEST] Processing batch 8999/18932 ...
[09/07 23:35:56] [TEST] Processing batch 9000/18932 ...
[09/07 23:35:56] [TEST] Processing batch 9001/18932 ...
[09/07 23:35:56] [TEST] Processing batch 9002/18932 ...
[09/07 23:35:56] [TEST] Processing batch 9003/18932 ...
[09/07 23:35:56] [TEST] Processing batch 9004/18932 ...
[09/07 23:35:56] [TEST] Processing batch 9005/18932 ...
[09/07 23:35:56] [TEST] Processing batch 9006/18932 ...
[09/07 23:35:56] [TEST] Processing batch 9007/18932 ...
[09/07 23:35:56] [TEST] Processing batch 9008/18932 ...
[09/07 23:35:56] [TEST] Processing batch 9009/18932 ...
[09/07 23:35:56] [TEST] Processing batch 9010/18932 ...
[09/07 23:35:57] [TEST] Processing batch 9011/18932 ...
[09/07 23:35:57] [TEST] Processing batch 9012/18932 ...
[09/07 23:35:57] [TEST] Processing batch 9013/18932 ...
[09/07 23:35:57] [TEST] Processing batch 9014/18932 ...
[09/07 23:35:57] [TEST] Processing batch 9015/18932 ...
[09/07 23:35:57] [TEST] Processing batch 9016/18932 ...
[09/07 23:35:57] [TEST] Processing batch 9017/18932 ...
[09/07 23:35:57] [TEST] Processing batch 9018/18932 ...
[09/07 23:35:57] [TEST] Processing batch 9019/18932 ...
[09/07 23:35:57] [TEST] Processing batch 9020/18932 ...
[09/07 23:35:57] [TEST] Processing batch 9021/18932 ...
[09/07 23:35:57] [TEST] Processing batch 9022/18932 ...
[09/07 23:35:57] [TEST] Processing batch 9023/18932 ...
[09/07 23:35:57] [TEST] Processing batch 9024/18932 ...
[09/07 23:35:57] [TEST] Processing batch 9025/18932 ...
[09/07 23:35:57] [TEST] Processing batch 9026/18932 ...
[09/07 23:35:57] [TEST] Processing batch 9027/18932 ...
[09/07 23:35:57] [TEST] Processing batch 9028/18932 ...
[09/07 23:35:58] [TEST] Processing batch 9029/18932 ...
[09/07 23:35:58] [TEST] Processing batch 9030/18932 ...
[09/07 23:35:58] [TEST] Processing batch 9031/18932 ...
[09/07 23:35:58] [TEST] Processing batch 9032/18932 ...
[09/07 23:35:58] [TEST] Processing batch 9033/18932 ...
[09/07 23:35:58] [TEST] Processing batch 9034/18932 ...
[09/07 23:35:58] [TEST] Processing batch 9035/18932 ...
[09/07 23:35:58] [TEST] Processing batch 9036/18932 ...
[09/07 23:35:58] [TEST] Processing batch 9037/18932 ...
[09/07 23:35:58] [TEST] Processing batch 9038/18932 ...
[09/07 23:35:58] [TEST] Processing batch 9039/18932 ...
[09/07 23:35:58] [TEST] Processing batch 9040/18932 ...
[09/07 23:35:58] [TEST] Processing batch 9041/18932 ...
[09/07 23:35:58] [TEST] Processing batch 9042/18932 ...
[09/07 23:35:58] [TEST] Processing batch 9043/18932 ...
[09/07 23:35:58] [TEST] Processing batch 9044/18932 ...
[09/07 23:35:58] [TEST] Processing batch 9045/18932 ...
[09/07 23:35:58] [TEST] Processing batch 9046/18932 ...
[09/07 23:35:59] [TEST] Processing batch 9047/18932 ...
[09/07 23:35:59] [TEST] Processing batch 9048/18932 ...
[09/07 23:35:59] [TEST] Processing batch 9049/18932 ...
[09/07 23:35:59] [TEST] Processing batch 9050/18932 ...
[09/07 23:35:59] [TEST] Processing batch 9051/18932 ...
[09/07 23:35:59] [TEST] Processing batch 9052/18932 ...
[09/07 23:35:59] [TEST] Processing batch 9053/18932 ...
[09/07 23:35:59] [TEST] Processing batch 9054/18932 ...
[09/07 23:35:59] [TEST] Processing batch 9055/18932 ...
[09/07 23:35:59] [TEST] Processing batch 9056/18932 ...
[09/07 23:35:59] [TEST] Processing batch 9057/18932 ...
[09/07 23:35:59] [TEST] Processing batch 9058/18932 ...
[09/07 23:35:59] [TEST] Processing batch 9059/18932 ...
[09/07 23:35:59] [TEST] Processing batch 9060/18932 ...
[09/07 23:35:59] [TEST] Processing batch 9061/18932 ...
[09/07 23:35:59] [TEST] Processing batch 9062/18932 ...
[09/07 23:35:59] [TEST] Processing batch 9063/18932 ...
[09/07 23:35:59] [TEST] Processing batch 9064/18932 ...
[09/07 23:35:59] [TEST] Processing batch 9065/18932 ...
[09/07 23:36:00] [TEST] Processing batch 9066/18932 ...
[09/07 23:36:00] [TEST] Processing batch 9067/18932 ...
[09/07 23:36:00] [TEST] Processing batch 9068/18932 ...
[09/07 23:36:00] [TEST] Processing batch 9069/18932 ...
[09/07 23:36:00] [TEST] Processing batch 9070/18932 ...
[09/07 23:36:00] [TEST] Processing batch 9071/18932 ...
[09/07 23:36:00] [TEST] Processing batch 9072/18932 ...
[09/07 23:36:00] [TEST] Processing batch 9073/18932 ...
[09/07 23:36:00] [TEST] Processing batch 9074/18932 ...
[09/07 23:36:00] [TEST] Processing batch 9075/18932 ...
[09/07 23:36:00] [TEST] Processing batch 9076/18932 ...
[09/07 23:36:00] [TEST] Processing batch 9077/18932 ...
[09/07 23:36:00] [TEST] Processing batch 9078/18932 ...
[09/07 23:36:00] [TEST] Processing batch 9079/18932 ...
[09/07 23:36:00] [TEST] Processing batch 9080/18932 ...
[09/07 23:36:00] [TEST] Processing batch 9081/18932 ...
[09/07 23:36:00] [TEST] Processing batch 9082/18932 ...
[09/07 23:36:01] [TEST] Processing batch 9083/18932 ...
[09/07 23:36:01] [TEST] Processing batch 9084/18932 ...
[09/07 23:36:01] [TEST] Processing batch 9085/18932 ...
[09/07 23:36:01] [TEST] Processing batch 9086/18932 ...
[09/07 23:36:01] [TEST] Processing batch 9087/18932 ...
[09/07 23:36:01] [TEST] Processing batch 9088/18932 ...
[09/07 23:36:01] [TEST] Processing batch 9089/18932 ...
[09/07 23:36:01] [TEST] Processing batch 9090/18932 ...
[09/07 23:36:01] [TEST] Processing batch 9091/18932 ...
[09/07 23:36:01] [TEST] Processing batch 9092/18932 ...
[09/07 23:36:01] [TEST] Processing batch 9093/18932 ...
[09/07 23:36:01] [TEST] Processing batch 9094/18932 ...
[09/07 23:36:01] [TEST] Processing batch 9095/18932 ...
[09/07 23:36:01] [TEST] Processing batch 9096/18932 ...
[09/07 23:36:01] [TEST] Processing batch 9097/18932 ...
[09/07 23:36:01] [TEST] Processing batch 9098/18932 ...
[09/07 23:36:01] [TEST] Processing batch 9099/18932 ...
[09/07 23:36:01] [TEST] Processing batch 9100/18932 ...
[09/07 23:36:02] [TEST] Processing batch 9101/18932 ...
[09/07 23:36:02] [TEST] Processing batch 9102/18932 ...
[09/07 23:36:02] [TEST] Processing batch 9103/18932 ...
[09/07 23:36:02] [TEST] Processing batch 9104/18932 ...
[09/07 23:36:02] [TEST] Processing batch 9105/18932 ...
[09/07 23:36:02] [TEST] Processing batch 9106/18932 ...
[09/07 23:36:02] [TEST] Processing batch 9107/18932 ...
[09/07 23:36:02] [TEST] Processing batch 9108/18932 ...
[09/07 23:36:02] [TEST] Processing batch 9109/18932 ...
[09/07 23:36:02] [TEST] Processing batch 9110/18932 ...
[09/07 23:36:02] [TEST] Processing batch 9111/18932 ...
[09/07 23:36:02] [TEST] Processing batch 9112/18932 ...
[09/07 23:36:02] [TEST] Processing batch 9113/18932 ...
[09/07 23:36:02] [TEST] Processing batch 9114/18932 ...
[09/07 23:36:02] [TEST] Processing batch 9115/18932 ...
[09/07 23:36:02] [TEST] Processing batch 9116/18932 ...
[09/07 23:36:02] [TEST] Processing batch 9117/18932 ...
[09/07 23:36:02] [TEST] Processing batch 9118/18932 ...
[09/07 23:36:03] [TEST] Processing batch 9119/18932 ...
[09/07 23:36:03] [TEST] Processing batch 9120/18932 ...
[09/07 23:36:03] [TEST] Processing batch 9121/18932 ...
[09/07 23:36:03] [TEST] Processing batch 9122/18932 ...
[09/07 23:36:03] [TEST] Processing batch 9123/18932 ...
[09/07 23:36:03] [TEST] Processing batch 9124/18932 ...
[09/07 23:36:03] [TEST] Processing batch 9125/18932 ...
[09/07 23:36:03] [TEST] Processing batch 9126/18932 ...
[09/07 23:36:03] [TEST] Processing batch 9127/18932 ...
[09/07 23:36:03] [TEST] Processing batch 9128/18932 ...
[09/07 23:36:03] [TEST] Processing batch 9129/18932 ...
[09/07 23:36:03] [TEST] Processing batch 9130/18932 ...
[09/07 23:36:03] [TEST] Processing batch 9131/18932 ...
[09/07 23:36:03] [TEST] Processing batch 9132/18932 ...
[09/07 23:36:03] [TEST] Processing batch 9133/18932 ...
[09/07 23:36:03] [TEST] Processing batch 9134/18932 ...
[09/07 23:36:03] [TEST] Processing batch 9135/18932 ...
[09/07 23:36:03] [TEST] Processing batch 9136/18932 ...
[09/07 23:36:04] [TEST] Processing batch 9137/18932 ...
[09/07 23:36:04] [TEST] Processing batch 9138/18932 ...
[09/07 23:36:04] [TEST] Processing batch 9139/18932 ...
[09/07 23:36:04] [TEST] Processing batch 9140/18932 ...
[09/07 23:36:04] [TEST] Processing batch 9141/18932 ...
[09/07 23:36:04] [TEST] Processing batch 9142/18932 ...
[09/07 23:36:04] [TEST] Processing batch 9143/18932 ...
[09/07 23:36:04] [TEST] Processing batch 9144/18932 ...
[09/07 23:36:04] [TEST] Processing batch 9145/18932 ...
[09/07 23:36:04] [TEST] Processing batch 9146/18932 ...
[09/07 23:36:04] [TEST] Processing batch 9147/18932 ...
[09/07 23:36:04] [TEST] Processing batch 9148/18932 ...
[09/07 23:36:04] [TEST] Processing batch 9149/18932 ...
[09/07 23:36:04] [TEST] Processing batch 9150/18932 ...
[09/07 23:36:04] [TEST] Processing batch 9151/18932 ...
[09/07 23:36:04] [TEST] Processing batch 9152/18932 ...
[09/07 23:36:04] [TEST] Processing batch 9153/18932 ...
[09/07 23:36:04] [TEST] Processing batch 9154/18932 ...
[09/07 23:36:05] [TEST] Processing batch 9155/18932 ...
[09/07 23:36:05] [TEST] Processing batch 9156/18932 ...
[09/07 23:36:05] [TEST] Processing batch 9157/18932 ...
[09/07 23:36:05] [TEST] Processing batch 9158/18932 ...
[09/07 23:36:05] [TEST] Processing batch 9159/18932 ...
[09/07 23:36:05] [TEST] Processing batch 9160/18932 ...
[09/07 23:36:05] [TEST] Processing batch 9161/18932 ...
[09/07 23:36:05] [TEST] Processing batch 9162/18932 ...
[09/07 23:36:05] [TEST] Processing batch 9163/18932 ...
[09/07 23:36:05] [TEST] Processing batch 9164/18932 ...
[09/07 23:36:05] [TEST] Processing batch 9165/18932 ...
[09/07 23:36:05] [TEST] Processing batch 9166/18932 ...
[09/07 23:36:05] [TEST] Processing batch 9167/18932 ...
[09/07 23:36:05] [TEST] Processing batch 9168/18932 ...
[09/07 23:36:05] [TEST] Processing batch 9169/18932 ...
[09/07 23:36:05] [TEST] Processing batch 9170/18932 ...
[09/07 23:36:05] [TEST] Processing batch 9171/18932 ...
[09/07 23:36:05] [TEST] Processing batch 9172/18932 ...
[09/07 23:36:06] [TEST] Processing batch 9173/18932 ...
[09/07 23:36:06] [TEST] Processing batch 9174/18932 ...
[09/07 23:36:06] [TEST] Processing batch 9175/18932 ...
[09/07 23:36:06] [TEST] Processing batch 9176/18932 ...
[09/07 23:36:06] [TEST] Processing batch 9177/18932 ...
[09/07 23:36:06] [TEST] Processing batch 9178/18932 ...
[09/07 23:36:06] [TEST] Processing batch 9179/18932 ...
[09/07 23:36:06] [TEST] Processing batch 9180/18932 ...
[09/07 23:36:06] [TEST] Processing batch 9181/18932 ...
[09/07 23:36:06] [TEST] Processing batch 9182/18932 ...
[09/07 23:36:06] [TEST] Processing batch 9183/18932 ...
[09/07 23:36:06] [TEST] Processing batch 9184/18932 ...
[09/07 23:36:06] [TEST] Processing batch 9185/18932 ...
[09/07 23:36:06] [TEST] Processing batch 9186/18932 ...
[09/07 23:36:06] [TEST] Processing batch 9187/18932 ...
[09/07 23:36:06] [TEST] Processing batch 9188/18932 ...
[09/07 23:36:06] [TEST] Processing batch 9189/18932 ...
[09/07 23:36:06] [TEST] Processing batch 9190/18932 ...
[09/07 23:36:07] [TEST] Processing batch 9191/18932 ...
[09/07 23:36:07] [TEST] Processing batch 9192/18932 ...
[09/07 23:36:07] [TEST] Processing batch 9193/18932 ...
[09/07 23:36:07] [TEST] Processing batch 9194/18932 ...
[09/07 23:36:07] [TEST] Processing batch 9195/18932 ...
[09/07 23:36:07] [TEST] Processing batch 9196/18932 ...
[09/07 23:36:07] [TEST] Processing batch 9197/18932 ...
[09/07 23:36:07] [TEST] Processing batch 9198/18932 ...
[09/07 23:36:07] [TEST] Processing batch 9199/18932 ...
[09/07 23:36:07] [TEST] Processing batch 9200/18932 ...
[09/07 23:36:07] [TEST] Processing batch 9201/18932 ...
[09/07 23:36:07] [TEST] Processing batch 9202/18932 ...
[09/07 23:36:07] [TEST] Processing batch 9203/18932 ...
[09/07 23:36:07] [TEST] Processing batch 9204/18932 ...
[09/07 23:36:07] [TEST] Processing batch 9205/18932 ...
[09/07 23:36:07] [TEST] Processing batch 9206/18932 ...
[09/07 23:36:07] [TEST] Processing batch 9207/18932 ...
[09/07 23:36:07] [TEST] Processing batch 9208/18932 ...
[09/07 23:36:08] [TEST] Processing batch 9209/18932 ...
[09/07 23:36:08] [TEST] Processing batch 9210/18932 ...
[09/07 23:36:08] [TEST] Processing batch 9211/18932 ...
[09/07 23:36:08] [TEST] Processing batch 9212/18932 ...
[09/07 23:36:08] [TEST] Processing batch 9213/18932 ...
[09/07 23:36:08] [TEST] Processing batch 9214/18932 ...
[09/07 23:36:08] [TEST] Processing batch 9215/18932 ...
[09/07 23:36:08] [TEST] Processing batch 9216/18932 ...
[09/07 23:36:08] [TEST] Processing batch 9217/18932 ...
[09/07 23:36:08] [TEST] Processing batch 9218/18932 ...
[09/07 23:36:08] [TEST] Processing batch 9219/18932 ...
[09/07 23:36:08] [TEST] Processing batch 9220/18932 ...
[09/07 23:36:08] [TEST] Processing batch 9221/18932 ...
[09/07 23:36:08] [TEST] Processing batch 9222/18932 ...
[09/07 23:36:08] [TEST] Processing batch 9223/18932 ...
[09/07 23:36:08] [TEST] Processing batch 9224/18932 ...
[09/07 23:36:08] [TEST] Processing batch 9225/18932 ...
[09/07 23:36:08] [TEST] Processing batch 9226/18932 ...
[09/07 23:36:09] [TEST] Processing batch 9227/18932 ...
[09/07 23:36:09] [TEST] Processing batch 9228/18932 ...
[09/07 23:36:09] [TEST] Processing batch 9229/18932 ...
[09/07 23:36:09] [TEST] Processing batch 9230/18932 ...
[09/07 23:36:09] [TEST] Processing batch 9231/18932 ...
[09/07 23:36:09] [TEST] Processing batch 9232/18932 ...
[09/07 23:36:09] [TEST] Processing batch 9233/18932 ...
[09/07 23:36:09] [TEST] Processing batch 9234/18932 ...
[09/07 23:36:09] [TEST] Processing batch 9235/18932 ...
[09/07 23:36:09] [TEST] Processing batch 9236/18932 ...
[09/07 23:36:09] [TEST] Processing batch 9237/18932 ...
[09/07 23:36:09] [TEST] Processing batch 9238/18932 ...
[09/07 23:36:09] [TEST] Processing batch 9239/18932 ...
[09/07 23:36:09] [TEST] Processing batch 9240/18932 ...
[09/07 23:36:09] [TEST] Processing batch 9241/18932 ...
[09/07 23:36:09] [TEST] Processing batch 9242/18932 ...
[09/07 23:36:09] [TEST] Processing batch 9243/18932 ...
[09/07 23:36:10] [TEST] Processing batch 9244/18932 ...
[09/07 23:36:10] [TEST] Processing batch 9245/18932 ...
[09/07 23:36:10] [TEST] Processing batch 9246/18932 ...
[09/07 23:36:10] [TEST] Processing batch 9247/18932 ...
[09/07 23:36:10] [TEST] Processing batch 9248/18932 ...
[09/07 23:36:10] [TEST] Processing batch 9249/18932 ...
[09/07 23:36:10] [TEST] Processing batch 9250/18932 ...
[09/07 23:36:10] [TEST] Processing batch 9251/18932 ...
[09/07 23:36:10] [TEST] Processing batch 9252/18932 ...
[09/07 23:36:10] [TEST] Processing batch 9253/18932 ...
[09/07 23:36:10] [TEST] Processing batch 9254/18932 ...
[09/07 23:36:10] [TEST] Processing batch 9255/18932 ...
[09/07 23:36:10] [TEST] Processing batch 9256/18932 ...
[09/07 23:36:10] [TEST] Processing batch 9257/18932 ...
[09/07 23:36:10] [TEST] Processing batch 9258/18932 ...
[09/07 23:36:10] [TEST] Processing batch 9259/18932 ...
[09/07 23:36:10] [TEST] Processing batch 9260/18932 ...
[09/07 23:36:10] [TEST] Processing batch 9261/18932 ...
[09/07 23:36:11] [TEST] Processing batch 9262/18932 ...
[09/07 23:36:11] [TEST] Processing batch 9263/18932 ...
[09/07 23:36:11] [TEST] Processing batch 9264/18932 ...
[09/07 23:36:11] [TEST] Processing batch 9265/18932 ...
[09/07 23:36:11] [TEST] Processing batch 9266/18932 ...
[09/07 23:36:11] [TEST] Processing batch 9267/18932 ...
[09/07 23:36:11] [TEST] Processing batch 9268/18932 ...
[09/07 23:36:11] [TEST] Processing batch 9269/18932 ...
[09/07 23:36:11] [TEST] Processing batch 9270/18932 ...
[09/07 23:36:11] [TEST] Processing batch 9271/18932 ...
[09/07 23:36:11] [TEST] Processing batch 9272/18932 ...
[09/07 23:36:11] [TEST] Processing batch 9273/18932 ...
[09/07 23:36:11] [TEST] Processing batch 9274/18932 ...
[09/07 23:36:11] [TEST] Processing batch 9275/18932 ...
[09/07 23:36:11] [TEST] Processing batch 9276/18932 ...
[09/07 23:36:11] [TEST] Processing batch 9277/18932 ...
[09/07 23:36:11] [TEST] Processing batch 9278/18932 ...
[09/07 23:36:11] [TEST] Processing batch 9279/18932 ...
[09/07 23:36:12] [TEST] Processing batch 9280/18932 ...
[09/07 23:36:12] [TEST] Processing batch 9281/18932 ...
[09/07 23:36:12] [TEST] Processing batch 9282/18932 ...
[09/07 23:36:12] [TEST] Processing batch 9283/18932 ...
[09/07 23:36:12] [TEST] Processing batch 9284/18932 ...
[09/07 23:36:12] [TEST] Processing batch 9285/18932 ...
[09/07 23:36:12] [TEST] Processing batch 9286/18932 ...
[09/07 23:36:12] [TEST] Processing batch 9287/18932 ...
[09/07 23:36:12] [TEST] Processing batch 9288/18932 ...
[09/07 23:36:12] [TEST] Processing batch 9289/18932 ...
[09/07 23:36:12] [TEST] Processing batch 9290/18932 ...
[09/07 23:36:12] [TEST] Processing batch 9291/18932 ...
[09/07 23:36:12] [TEST] Processing batch 9292/18932 ...
[09/07 23:36:12] [TEST] Processing batch 9293/18932 ...
[09/07 23:36:12] [TEST] Processing batch 9294/18932 ...
[09/07 23:36:12] [TEST] Processing batch 9295/18932 ...
[09/07 23:36:12] [TEST] Processing batch 9296/18932 ...
[09/07 23:36:12] [TEST] Processing batch 9297/18932 ...
[09/07 23:36:13] [TEST] Processing batch 9298/18932 ...
[09/07 23:36:13] [TEST] Processing batch 9299/18932 ...
[09/07 23:36:13] [TEST] Processing batch 9300/18932 ...
[09/07 23:36:13] [TEST] Processing batch 9301/18932 ...
[09/07 23:36:13] [TEST] Processing batch 9302/18932 ...
[09/07 23:36:13] [TEST] Processing batch 9303/18932 ...
[09/07 23:36:13] [TEST] Processing batch 9304/18932 ...
[09/07 23:36:13] [TEST] Processing batch 9305/18932 ...
[09/07 23:36:13] [TEST] Processing batch 9306/18932 ...
[09/07 23:36:13] [TEST] Processing batch 9307/18932 ...
[09/07 23:36:13] [TEST] Processing batch 9308/18932 ...
[09/07 23:36:13] [TEST] Processing batch 9309/18932 ...
[09/07 23:36:13] [TEST] Processing batch 9310/18932 ...
[09/07 23:36:13] [TEST] Processing batch 9311/18932 ...
[09/07 23:36:13] [TEST] Processing batch 9312/18932 ...
[09/07 23:36:13] [TEST] Processing batch 9313/18932 ...
[09/07 23:36:13] [TEST] Processing batch 9314/18932 ...
[09/07 23:36:13] [TEST] Processing batch 9315/18932 ...
[09/07 23:36:13] [TEST] Processing batch 9316/18932 ...
[09/07 23:36:14] [TEST] Processing batch 9317/18932 ...
[09/07 23:36:14] [TEST] Processing batch 9318/18932 ...
[09/07 23:36:14] [TEST] Processing batch 9319/18932 ...
[09/07 23:36:14] [TEST] Processing batch 9320/18932 ...
[09/07 23:36:14] [TEST] Processing batch 9321/18932 ...
[09/07 23:36:14] [TEST] Processing batch 9322/18932 ...
[09/07 23:36:14] [TEST] Processing batch 9323/18932 ...
[09/07 23:36:14] [TEST] Processing batch 9324/18932 ...
[09/07 23:36:14] [TEST] Processing batch 9325/18932 ...
[09/07 23:36:14] [TEST] Processing batch 9326/18932 ...
[09/07 23:36:14] [TEST] Processing batch 9327/18932 ...
[09/07 23:36:14] [TEST] Processing batch 9328/18932 ...
[09/07 23:36:14] [TEST] Processing batch 9329/18932 ...
[09/07 23:36:14] [TEST] Processing batch 9330/18932 ...
[09/07 23:36:14] [TEST] Processing batch 9331/18932 ...
[09/07 23:36:14] [TEST] Processing batch 9332/18932 ...
[09/07 23:36:14] [TEST] Processing batch 9333/18932 ...
[09/07 23:36:14] [TEST] Processing batch 9334/18932 ...
[09/07 23:36:15] [TEST] Processing batch 9335/18932 ...
[09/07 23:36:15] [TEST] Processing batch 9336/18932 ...
[09/07 23:36:15] [TEST] Processing batch 9337/18932 ...
[09/07 23:36:15] [TEST] Processing batch 9338/18932 ...
[09/07 23:36:15] [TEST] Processing batch 9339/18932 ...
[09/07 23:36:15] [TEST] Processing batch 9340/18932 ...
[09/07 23:36:15] [TEST] Processing batch 9341/18932 ...
[09/07 23:36:15] [TEST] Processing batch 9342/18932 ...
[09/07 23:36:15] [TEST] Processing batch 9343/18932 ...
[09/07 23:36:15] [TEST] Processing batch 9344/18932 ...
[09/07 23:36:15] [TEST] Processing batch 9345/18932 ...
[09/07 23:36:15] [TEST] Processing batch 9346/18932 ...
[09/07 23:36:15] [TEST] Processing batch 9347/18932 ...
[09/07 23:36:15] [TEST] Processing batch 9348/18932 ...
[09/07 23:36:15] [TEST] Processing batch 9349/18932 ...
[09/07 23:36:15] [TEST] Processing batch 9350/18932 ...
[09/07 23:36:15] [TEST] Processing batch 9351/18932 ...
[09/07 23:36:15] [TEST] Processing batch 9352/18932 ...
[09/07 23:36:16] [TEST] Processing batch 9353/18932 ...
[09/07 23:36:16] [TEST] Processing batch 9354/18932 ...
[09/07 23:36:16] [TEST] Processing batch 9355/18932 ...
[09/07 23:36:16] [TEST] Processing batch 9356/18932 ...
[09/07 23:36:16] [TEST] Processing batch 9357/18932 ...
[09/07 23:36:16] [TEST] Processing batch 9358/18932 ...
[09/07 23:36:16] [TEST] Processing batch 9359/18932 ...
[09/07 23:36:16] [TEST] Processing batch 9360/18932 ...
[09/07 23:36:16] [TEST] Processing batch 9361/18932 ...
[09/07 23:36:16] [TEST] Processing batch 9362/18932 ...
[09/07 23:36:16] [TEST] Processing batch 9363/18932 ...
[09/07 23:36:16] [TEST] Processing batch 9364/18932 ...
[09/07 23:36:16] [TEST] Processing batch 9365/18932 ...
[09/07 23:36:16] [TEST] Processing batch 9366/18932 ...
[09/07 23:36:16] [TEST] Processing batch 9367/18932 ...
[09/07 23:36:16] [TEST] Processing batch 9368/18932 ...
[09/07 23:36:16] [TEST] Processing batch 9369/18932 ...
[09/07 23:36:17] [TEST] Processing batch 9370/18932 ...
[09/07 23:36:17] [TEST] Processing batch 9371/18932 ...
[09/07 23:36:17] [TEST] Processing batch 9372/18932 ...
[09/07 23:36:17] [TEST] Processing batch 9373/18932 ...
[09/07 23:36:17] [TEST] Processing batch 9374/18932 ...
[09/07 23:36:17] [TEST] Processing batch 9375/18932 ...
[09/07 23:36:17] [TEST] Processing batch 9376/18932 ...
[09/07 23:36:17] [TEST] Processing batch 9377/18932 ...
[09/07 23:36:17] [TEST] Processing batch 9378/18932 ...
[09/07 23:36:17] [TEST] Processing batch 9379/18932 ...
[09/07 23:36:17] [TEST] Processing batch 9380/18932 ...
[09/07 23:36:17] [TEST] Processing batch 9381/18932 ...
[09/07 23:36:17] [TEST] Processing batch 9382/18932 ...
[09/07 23:36:17] [TEST] Processing batch 9383/18932 ...
[09/07 23:36:17] [TEST] Processing batch 9384/18932 ...
[09/07 23:36:17] [TEST] Processing batch 9385/18932 ...
[09/07 23:36:17] [TEST] Processing batch 9386/18932 ...
[09/07 23:36:17] [TEST] Processing batch 9387/18932 ...
[09/07 23:36:18] [TEST] Processing batch 9388/18932 ...
[09/07 23:36:18] [TEST] Processing batch 9389/18932 ...
[09/07 23:36:18] [TEST] Processing batch 9390/18932 ...
[09/07 23:36:18] [TEST] Processing batch 9391/18932 ...
[09/07 23:36:18] [TEST] Processing batch 9392/18932 ...
[09/07 23:36:18] [TEST] Processing batch 9393/18932 ...
[09/07 23:36:18] [TEST] Processing batch 9394/18932 ...
[09/07 23:36:18] [TEST] Processing batch 9395/18932 ...
[09/07 23:36:18] [TEST] Processing batch 9396/18932 ...
[09/07 23:36:18] [TEST] Processing batch 9397/18932 ...
[09/07 23:36:18] [TEST] Processing batch 9398/18932 ...
[09/07 23:36:18] [TEST] Processing batch 9399/18932 ...
[09/07 23:36:18] [TEST] Processing batch 9400/18932 ...
[09/07 23:36:18] [TEST] Processing batch 9401/18932 ...
[09/07 23:36:18] [TEST] Processing batch 9402/18932 ...
[09/07 23:36:18] [TEST] Processing batch 9403/18932 ...
[09/07 23:36:18] [TEST] Processing batch 9404/18932 ...
[09/07 23:36:18] [TEST] Processing batch 9405/18932 ...
[09/07 23:36:18] [TEST] Processing batch 9406/18932 ...
[09/07 23:36:19] [TEST] Processing batch 9407/18932 ...
[09/07 23:36:19] [TEST] Processing batch 9408/18932 ...
[09/07 23:36:19] [TEST] Processing batch 9409/18932 ...
[09/07 23:36:19] [TEST] Processing batch 9410/18932 ...
[09/07 23:36:19] [TEST] Processing batch 9411/18932 ...
[09/07 23:36:19] [TEST] Processing batch 9412/18932 ...
[09/07 23:36:19] [TEST] Processing batch 9413/18932 ...
[09/07 23:36:19] [TEST] Processing batch 9414/18932 ...
[09/07 23:36:19] [TEST] Processing batch 9415/18932 ...
[09/07 23:36:19] [TEST] Processing batch 9416/18932 ...
[09/07 23:36:19] [TEST] Processing batch 9417/18932 ...
[09/07 23:36:19] [TEST] Processing batch 9418/18932 ...
[09/07 23:36:19] [TEST] Processing batch 9419/18932 ...
[09/07 23:36:19] [TEST] Processing batch 9420/18932 ...
[09/07 23:36:19] [TEST] Processing batch 9421/18932 ...
[09/07 23:36:19] [TEST] Processing batch 9422/18932 ...
[09/07 23:36:19] [TEST] Processing batch 9423/18932 ...
[09/07 23:36:19] [TEST] Processing batch 9424/18932 ...
[09/07 23:36:20] [TEST] Processing batch 9425/18932 ...
[09/07 23:36:20] [TEST] Processing batch 9426/18932 ...
[09/07 23:36:20] [TEST] Processing batch 9427/18932 ...
[09/07 23:36:20] [TEST] Processing batch 9428/18932 ...
[09/07 23:36:20] [TEST] Processing batch 9429/18932 ...
[09/07 23:36:20] [TEST] Processing batch 9430/18932 ...
[09/07 23:36:20] [TEST] Processing batch 9431/18932 ...
[09/07 23:36:20] [TEST] Processing batch 9432/18932 ...
[09/07 23:36:20] [TEST] Processing batch 9433/18932 ...
[09/07 23:36:20] [TEST] Processing batch 9434/18932 ...
[09/07 23:36:20] [TEST] Processing batch 9435/18932 ...
[09/07 23:36:20] [TEST] Processing batch 9436/18932 ...
[09/07 23:36:20] [TEST] Processing batch 9437/18932 ...
[09/07 23:36:20] [TEST] Processing batch 9438/18932 ...
[09/07 23:36:20] [TEST] Processing batch 9439/18932 ...
[09/07 23:36:20] [TEST] Processing batch 9440/18932 ...
[09/07 23:36:20] [TEST] Processing batch 9441/18932 ...
[09/07 23:36:20] [TEST] Processing batch 9442/18932 ...
[09/07 23:36:21] [TEST] Processing batch 9443/18932 ...
[09/07 23:36:21] [TEST] Processing batch 9444/18932 ...
[09/07 23:36:21] [TEST] Processing batch 9445/18932 ...
[09/07 23:36:21] [TEST] Processing batch 9446/18932 ...
[09/07 23:36:21] [TEST] Processing batch 9447/18932 ...
[09/07 23:36:21] [TEST] Processing batch 9448/18932 ...
[09/07 23:36:21] [TEST] Processing batch 9449/18932 ...
[09/07 23:36:21] [TEST] Processing batch 9450/18932 ...
[09/07 23:36:21] [TEST] Processing batch 9451/18932 ...
[09/07 23:36:21] [TEST] Processing batch 9452/18932 ...
[09/07 23:36:21] [TEST] Processing batch 9453/18932 ...
[09/07 23:36:21] [TEST] Processing batch 9454/18932 ...
[09/07 23:36:21] [TEST] Processing batch 9455/18932 ...
[09/07 23:36:21] [TEST] Processing batch 9456/18932 ...
[09/07 23:36:21] [TEST] Processing batch 9457/18932 ...
[09/07 23:36:21] [TEST] Processing batch 9458/18932 ...
[09/07 23:36:22] [TEST] Processing batch 9459/18932 ...
[09/07 23:36:22] [TEST] Processing batch 9460/18932 ...
[09/07 23:36:22] [TEST] Processing batch 9461/18932 ...
[09/07 23:36:22] [TEST] Processing batch 9462/18932 ...
[09/07 23:36:22] [TEST] Processing batch 9463/18932 ...
[09/07 23:36:22] [TEST] Processing batch 9464/18932 ...
[09/07 23:36:22] [TEST] Processing batch 9465/18932 ...
[09/07 23:36:22] [TEST] Processing batch 9466/18932 ...
[09/07 23:36:22] [TEST] Processing batch 9467/18932 ...
[09/07 23:36:22] [TEST] Processing batch 9468/18932 ...
[09/07 23:36:22] [TEST] Processing batch 9469/18932 ...
[09/07 23:36:22] [TEST] Processing batch 9470/18932 ...
[09/07 23:36:22] [TEST] Processing batch 9471/18932 ...
[09/07 23:36:22] [TEST] Processing batch 9472/18932 ...
[09/07 23:36:22] [TEST] Processing batch 9473/18932 ...
[09/07 23:36:22] [TEST] Processing batch 9474/18932 ...
[09/07 23:36:23] [TEST] Processing batch 9475/18932 ...
[09/07 23:36:23] [TEST] Processing batch 9476/18932 ...
[09/07 23:36:23] [TEST] Processing batch 9477/18932 ...
[09/07 23:36:23] [TEST] Processing batch 9478/18932 ...
[09/07 23:36:23] [TEST] Processing batch 9479/18932 ...
[09/07 23:36:23] [TEST] Processing batch 9480/18932 ...
[09/07 23:36:23] [TEST] Processing batch 9481/18932 ...
[09/07 23:36:23] [TEST] Processing batch 9482/18932 ...
[09/07 23:36:23] [TEST] Processing batch 9483/18932 ...
[09/07 23:36:23] [TEST] Processing batch 9484/18932 ...
[09/07 23:36:23] [TEST] Processing batch 9485/18932 ...
[09/07 23:36:23] [TEST] Processing batch 9486/18932 ...
[09/07 23:36:23] [TEST] Processing batch 9487/18932 ...
[09/07 23:36:23] [TEST] Processing batch 9488/18932 ...
[09/07 23:36:23] [TEST] Processing batch 9489/18932 ...
[09/07 23:36:23] [TEST] Processing batch 9490/18932 ...
[09/07 23:36:24] [TEST] Processing batch 9491/18932 ...
[09/07 23:36:24] [TEST] Processing batch 9492/18932 ...
[09/07 23:36:24] [TEST] Processing batch 9493/18932 ...
[09/07 23:36:24] [TEST] Processing batch 9494/18932 ...
[09/07 23:36:24] [TEST] Processing batch 9495/18932 ...
[09/07 23:36:24] [TEST] Processing batch 9496/18932 ...
[09/07 23:36:24] [TEST] Processing batch 9497/18932 ...
[09/07 23:36:24] [TEST] Processing batch 9498/18932 ...
[09/07 23:36:24] [TEST] Processing batch 9499/18932 ...
[09/07 23:36:24] [TEST] Processing batch 9500/18932 ...
[09/07 23:36:24] [TEST] Processing batch 9501/18932 ...
[09/07 23:36:24] [TEST] Processing batch 9502/18932 ...
[09/07 23:36:24] [TEST] Processing batch 9503/18932 ...
[09/07 23:36:24] [TEST] Processing batch 9504/18932 ...
[09/07 23:36:24] [TEST] Processing batch 9505/18932 ...
[09/07 23:36:24] [TEST] Processing batch 9506/18932 ...
[09/07 23:36:25] [TEST] Processing batch 9507/18932 ...
[09/07 23:36:25] [TEST] Processing batch 9508/18932 ...
[09/07 23:36:25] [TEST] Processing batch 9509/18932 ...
[09/07 23:36:25] [TEST] Processing batch 9510/18932 ...
[09/07 23:36:25] [TEST] Processing batch 9511/18932 ...
[09/07 23:36:25] [TEST] Processing batch 9512/18932 ...
[09/07 23:36:25] [TEST] Processing batch 9513/18932 ...
[09/07 23:36:25] [TEST] Processing batch 9514/18932 ...
[09/07 23:36:25] [TEST] Processing batch 9515/18932 ...
[09/07 23:36:25] [TEST] Processing batch 9516/18932 ...
[09/07 23:36:25] [TEST] Processing batch 9517/18932 ...
[09/07 23:36:25] [TEST] Processing batch 9518/18932 ...
[09/07 23:36:25] [TEST] Processing batch 9519/18932 ...
[09/07 23:36:25] [TEST] Processing batch 9520/18932 ...
[09/07 23:36:25] [TEST] Processing batch 9521/18932 ...
[09/07 23:36:25] [TEST] Processing batch 9522/18932 ...
[09/07 23:36:25] [TEST] Processing batch 9523/18932 ...
[09/07 23:36:26] [TEST] Processing batch 9524/18932 ...
[09/07 23:36:26] [TEST] Processing batch 9525/18932 ...
[09/07 23:36:26] [TEST] Processing batch 9526/18932 ...
[09/07 23:36:26] [TEST] Processing batch 9527/18932 ...
[09/07 23:36:26] [TEST] Processing batch 9528/18932 ...
[09/07 23:36:26] [TEST] Processing batch 9529/18932 ...
[09/07 23:36:26] [TEST] Processing batch 9530/18932 ...
[09/07 23:36:26] [TEST] Processing batch 9531/18932 ...
[09/07 23:36:26] [TEST] Processing batch 9532/18932 ...
[09/07 23:36:26] [TEST] Processing batch 9533/18932 ...
[09/07 23:36:26] [TEST] Processing batch 9534/18932 ...
[09/07 23:36:26] [TEST] Processing batch 9535/18932 ...
[09/07 23:36:26] [TEST] Processing batch 9536/18932 ...
[09/07 23:36:26] [TEST] Processing batch 9537/18932 ...
[09/07 23:36:26] [TEST] Processing batch 9538/18932 ...
[09/07 23:36:26] [TEST] Processing batch 9539/18932 ...
[09/07 23:36:27] [TEST] Processing batch 9540/18932 ...
[09/07 23:36:27] [TEST] Processing batch 9541/18932 ...
[09/07 23:36:27] [TEST] Processing batch 9542/18932 ...
[09/07 23:36:27] [TEST] Processing batch 9543/18932 ...
[09/07 23:36:27] [TEST] Processing batch 9544/18932 ...
[09/07 23:36:27] [TEST] Processing batch 9545/18932 ...
[09/07 23:36:27] [TEST] Processing batch 9546/18932 ...
[09/07 23:36:27] [TEST] Processing batch 9547/18932 ...
[09/07 23:36:27] [TEST] Processing batch 9548/18932 ...
[09/07 23:36:27] [TEST] Processing batch 9549/18932 ...
[09/07 23:36:27] [TEST] Processing batch 9550/18932 ...
[09/07 23:36:27] [TEST] Processing batch 9551/18932 ...
[09/07 23:36:27] [TEST] Processing batch 9552/18932 ...
[09/07 23:36:27] [TEST] Processing batch 9553/18932 ...
[09/07 23:36:27] [TEST] Processing batch 9554/18932 ...
[09/07 23:36:27] [TEST] Processing batch 9555/18932 ...
[09/07 23:36:28] [TEST] Processing batch 9556/18932 ...
[09/07 23:36:28] [TEST] Processing batch 9557/18932 ...
[09/07 23:36:28] [TEST] Processing batch 9558/18932 ...
[09/07 23:36:28] [TEST] Processing batch 9559/18932 ...
[09/07 23:36:28] [TEST] Processing batch 9560/18932 ...
[09/07 23:36:28] [TEST] Processing batch 9561/18932 ...
[09/07 23:36:28] [TEST] Processing batch 9562/18932 ...
[09/07 23:36:28] [TEST] Processing batch 9563/18932 ...
[09/07 23:36:28] [TEST] Processing batch 9564/18932 ...
[09/07 23:36:28] [TEST] Processing batch 9565/18932 ...
[09/07 23:36:28] [TEST] Processing batch 9566/18932 ...
[09/07 23:36:28] [TEST] Processing batch 9567/18932 ...
[09/07 23:36:28] [TEST] Processing batch 9568/18932 ...
[09/07 23:36:28] [TEST] Processing batch 9569/18932 ...
[09/07 23:36:28] [TEST] Processing batch 9570/18932 ...
[09/07 23:36:28] [TEST] Processing batch 9571/18932 ...
[09/07 23:36:29] [TEST] Processing batch 9572/18932 ...
[09/07 23:36:29] [TEST] Processing batch 9573/18932 ...
[09/07 23:36:29] [TEST] Processing batch 9574/18932 ...
[09/07 23:36:29] [TEST] Processing batch 9575/18932 ...
[09/07 23:36:29] [TEST] Processing batch 9576/18932 ...
[09/07 23:36:29] [TEST] Processing batch 9577/18932 ...
[09/07 23:36:29] [TEST] Processing batch 9578/18932 ...
[09/07 23:36:29] [TEST] Processing batch 9579/18932 ...
[09/07 23:36:29] [TEST] Processing batch 9580/18932 ...
[09/07 23:36:29] [TEST] Processing batch 9581/18932 ...
[09/07 23:36:29] [TEST] Processing batch 9582/18932 ...
[09/07 23:36:29] [TEST] Processing batch 9583/18932 ...
[09/07 23:36:29] [TEST] Processing batch 9584/18932 ...
[09/07 23:36:29] [TEST] Processing batch 9585/18932 ...
[09/07 23:36:29] [TEST] Processing batch 9586/18932 ...
[09/07 23:36:29] [TEST] Processing batch 9587/18932 ...
[09/07 23:36:30] [TEST] Processing batch 9588/18932 ...
[09/07 23:36:30] [TEST] Processing batch 9589/18932 ...
[09/07 23:36:30] [TEST] Processing batch 9590/18932 ...
[09/07 23:36:30] [TEST] Processing batch 9591/18932 ...
[09/07 23:36:30] [TEST] Processing batch 9592/18932 ...
[09/07 23:36:30] [TEST] Processing batch 9593/18932 ...
[09/07 23:36:30] [TEST] Processing batch 9594/18932 ...
[09/07 23:36:30] [TEST] Processing batch 9595/18932 ...
[09/07 23:36:30] [TEST] Processing batch 9596/18932 ...
[09/07 23:36:30] [TEST] Processing batch 9597/18932 ...
[09/07 23:36:30] [TEST] Processing batch 9598/18932 ...
[09/07 23:36:30] [TEST] Processing batch 9599/18932 ...
[09/07 23:36:30] [TEST] Processing batch 9600/18932 ...
[09/07 23:36:30] [TEST] Processing batch 9601/18932 ...
[09/07 23:36:30] [TEST] Processing batch 9602/18932 ...
[09/07 23:36:30] [TEST] Processing batch 9603/18932 ...
[09/07 23:36:30] [TEST] Processing batch 9604/18932 ...
[09/07 23:36:30] [TEST] Processing batch 9605/18932 ...
[09/07 23:36:31] [TEST] Processing batch 9606/18932 ...
[09/07 23:36:31] [TEST] Processing batch 9607/18932 ...
[09/07 23:36:31] [TEST] Processing batch 9608/18932 ...
[09/07 23:36:31] [TEST] Processing batch 9609/18932 ...
[09/07 23:36:31] [TEST] Processing batch 9610/18932 ...
[09/07 23:36:31] [TEST] Processing batch 9611/18932 ...
[09/07 23:36:31] [TEST] Processing batch 9612/18932 ...
[09/07 23:36:31] [TEST] Processing batch 9613/18932 ...
[09/07 23:36:31] [TEST] Processing batch 9614/18932 ...
[09/07 23:36:31] [TEST] Processing batch 9615/18932 ...
[09/07 23:36:31] [TEST] Processing batch 9616/18932 ...
[09/07 23:36:31] [TEST] Processing batch 9617/18932 ...
[09/07 23:36:31] [TEST] Processing batch 9618/18932 ...
[09/07 23:36:31] [TEST] Processing batch 9619/18932 ...
[09/07 23:36:31] [TEST] Processing batch 9620/18932 ...
[09/07 23:36:31] [TEST] Processing batch 9621/18932 ...
[09/07 23:36:31] [TEST] Processing batch 9622/18932 ...
[09/07 23:36:32] [TEST] Processing batch 9623/18932 ...
[09/07 23:36:32] [TEST] Processing batch 9624/18932 ...
[09/07 23:36:32] [TEST] Processing batch 9625/18932 ...
[09/07 23:36:32] [TEST] Processing batch 9626/18932 ...
[09/07 23:36:32] [TEST] Processing batch 9627/18932 ...
[09/07 23:36:32] [TEST] Processing batch 9628/18932 ...
[09/07 23:36:32] [TEST] Processing batch 9629/18932 ...
[09/07 23:36:32] [TEST] Processing batch 9630/18932 ...
[09/07 23:36:32] [TEST] Processing batch 9631/18932 ...
[09/07 23:36:32] [TEST] Processing batch 9632/18932 ...
[09/07 23:36:32] [TEST] Processing batch 9633/18932 ...
[09/07 23:36:32] [TEST] Processing batch 9634/18932 ...
[09/07 23:36:32] [TEST] Processing batch 9635/18932 ...
[09/07 23:36:32] [TEST] Processing batch 9636/18932 ...
[09/07 23:36:32] [TEST] Processing batch 9637/18932 ...
[09/07 23:36:32] [TEST] Processing batch 9638/18932 ...
[09/07 23:36:33] [TEST] Processing batch 9639/18932 ...
[09/07 23:36:33] [TEST] Processing batch 9640/18932 ...
[09/07 23:36:33] [TEST] Processing batch 9641/18932 ...
[09/07 23:36:33] [TEST] Processing batch 9642/18932 ...
[09/07 23:36:33] [TEST] Processing batch 9643/18932 ...
[09/07 23:36:33] [TEST] Processing batch 9644/18932 ...
[09/07 23:36:33] [TEST] Processing batch 9645/18932 ...
[09/07 23:36:33] [TEST] Processing batch 9646/18932 ...
[09/07 23:36:33] [TEST] Processing batch 9647/18932 ...
[09/07 23:36:33] [TEST] Processing batch 9648/18932 ...
[09/07 23:36:33] [TEST] Processing batch 9649/18932 ...
[09/07 23:36:33] [TEST] Processing batch 9650/18932 ...
[09/07 23:36:33] [TEST] Processing batch 9651/18932 ...
[09/07 23:36:33] [TEST] Processing batch 9652/18932 ...
[09/07 23:36:33] [TEST] Processing batch 9653/18932 ...
[09/07 23:36:33] [TEST] Processing batch 9654/18932 ...
[09/07 23:36:34] [TEST] Processing batch 9655/18932 ...
[09/07 23:36:34] [TEST] Processing batch 9656/18932 ...
[09/07 23:36:34] [TEST] Processing batch 9657/18932 ...
[09/07 23:36:34] [TEST] Processing batch 9658/18932 ...
[09/07 23:36:34] [TEST] Processing batch 9659/18932 ...
[09/07 23:36:34] [TEST] Processing batch 9660/18932 ...
[09/07 23:36:34] [TEST] Processing batch 9661/18932 ...
[09/07 23:36:34] [TEST] Processing batch 9662/18932 ...
[09/07 23:36:34] [TEST] Processing batch 9663/18932 ...
[09/07 23:36:34] [TEST] Processing batch 9664/18932 ...
[09/07 23:36:34] [TEST] Processing batch 9665/18932 ...
[09/07 23:36:34] [TEST] Processing batch 9666/18932 ...
[09/07 23:36:34] [TEST] Processing batch 9667/18932 ...
[09/07 23:36:34] [TEST] Processing batch 9668/18932 ...
[09/07 23:36:34] [TEST] Processing batch 9669/18932 ...
[09/07 23:36:35] [TEST] Processing batch 9670/18932 ...
[09/07 23:36:35] [TEST] Processing batch 9671/18932 ...
[09/07 23:36:35] [TEST] Processing batch 9672/18932 ...
[09/07 23:36:35] [TEST] Processing batch 9673/18932 ...
[09/07 23:36:35] [TEST] Processing batch 9674/18932 ...
[09/07 23:36:35] [TEST] Processing batch 9675/18932 ...
[09/07 23:36:35] [TEST] Processing batch 9676/18932 ...
[09/07 23:36:35] [TEST] Processing batch 9677/18932 ...
[09/07 23:36:35] [TEST] Processing batch 9678/18932 ...
[09/07 23:36:35] [TEST] Processing batch 9679/18932 ...
[09/07 23:36:35] [TEST] Processing batch 9680/18932 ...
[09/07 23:36:35] [TEST] Processing batch 9681/18932 ...
[09/07 23:36:35] [TEST] Processing batch 9682/18932 ...
[09/07 23:36:35] [TEST] Processing batch 9683/18932 ...
[09/07 23:36:35] [TEST] Processing batch 9684/18932 ...
[09/07 23:36:35] [TEST] Processing batch 9685/18932 ...
[09/07 23:36:35] [TEST] Processing batch 9686/18932 ...
[09/07 23:36:36] [TEST] Processing batch 9687/18932 ...
[09/07 23:36:36] [TEST] Processing batch 9688/18932 ...
[09/07 23:36:36] [TEST] Processing batch 9689/18932 ...
[09/07 23:36:36] [TEST] Processing batch 9690/18932 ...
[09/07 23:36:36] [TEST] Processing batch 9691/18932 ...
[09/07 23:36:36] [TEST] Processing batch 9692/18932 ...
[09/07 23:36:36] [TEST] Processing batch 9693/18932 ...
[09/07 23:36:36] [TEST] Processing batch 9694/18932 ...
[09/07 23:36:36] [TEST] Processing batch 9695/18932 ...
[09/07 23:36:36] [TEST] Processing batch 9696/18932 ...
[09/07 23:36:36] [TEST] Processing batch 9697/18932 ...
[09/07 23:36:36] [TEST] Processing batch 9698/18932 ...
[09/07 23:36:36] [TEST] Processing batch 9699/18932 ...
[09/07 23:36:36] [TEST] Processing batch 9700/18932 ...
[09/07 23:36:36] [TEST] Processing batch 9701/18932 ...
[09/07 23:36:36] [TEST] Processing batch 9702/18932 ...
[09/07 23:36:37] [TEST] Processing batch 9703/18932 ...
[09/07 23:36:37] [TEST] Processing batch 9704/18932 ...
[09/07 23:36:37] [TEST] Processing batch 9705/18932 ...
[09/07 23:36:37] [TEST] Processing batch 9706/18932 ...
[09/07 23:36:37] [TEST] Processing batch 9707/18932 ...
[09/07 23:36:37] [TEST] Processing batch 9708/18932 ...
[09/07 23:36:37] [TEST] Processing batch 9709/18932 ...
[09/07 23:36:37] [TEST] Processing batch 9710/18932 ...
[09/07 23:36:37] [TEST] Processing batch 9711/18932 ...
[09/07 23:36:37] [TEST] Processing batch 9712/18932 ...
[09/07 23:36:37] [TEST] Processing batch 9713/18932 ...
[09/07 23:36:37] [TEST] Processing batch 9714/18932 ...
[09/07 23:36:37] [TEST] Processing batch 9715/18932 ...
[09/07 23:36:37] [TEST] Processing batch 9716/18932 ...
[09/07 23:36:37] [TEST] Processing batch 9717/18932 ...
[09/07 23:36:37] [TEST] Processing batch 9718/18932 ...
[09/07 23:36:38] [TEST] Processing batch 9719/18932 ...
[09/07 23:36:38] [TEST] Processing batch 9720/18932 ...
[09/07 23:36:38] [TEST] Processing batch 9721/18932 ...
[09/07 23:36:38] [TEST] Processing batch 9722/18932 ...
[09/07 23:36:38] [TEST] Processing batch 9723/18932 ...
[09/07 23:36:38] [TEST] Processing batch 9724/18932 ...
[09/07 23:36:38] [TEST] Processing batch 9725/18932 ...
[09/07 23:36:38] [TEST] Processing batch 9726/18932 ...
[09/07 23:36:38] [TEST] Processing batch 9727/18932 ...
[09/07 23:36:38] [TEST] Processing batch 9728/18932 ...
[09/07 23:36:38] [TEST] Processing batch 9729/18932 ...
[09/07 23:36:38] [TEST] Processing batch 9730/18932 ...
[09/07 23:36:38] [TEST] Processing batch 9731/18932 ...
[09/07 23:36:38] [TEST] Processing batch 9732/18932 ...
[09/07 23:36:38] [TEST] Processing batch 9733/18932 ...
[09/07 23:36:38] [TEST] Processing batch 9734/18932 ...
[09/07 23:36:39] [TEST] Processing batch 9735/18932 ...
[09/07 23:36:39] [TEST] Processing batch 9736/18932 ...
[09/07 23:36:39] [TEST] Processing batch 9737/18932 ...
[09/07 23:36:39] [TEST] Processing batch 9738/18932 ...
[09/07 23:36:39] [TEST] Processing batch 9739/18932 ...
[09/07 23:36:39] [TEST] Processing batch 9740/18932 ...
[09/07 23:36:39] [TEST] Processing batch 9741/18932 ...
[09/07 23:36:39] [TEST] Processing batch 9742/18932 ...
[09/07 23:36:39] [TEST] Processing batch 9743/18932 ...
[09/07 23:36:39] [TEST] Processing batch 9744/18932 ...
[09/07 23:36:39] [TEST] Processing batch 9745/18932 ...
[09/07 23:36:39] [TEST] Processing batch 9746/18932 ...
[09/07 23:36:39] [TEST] Processing batch 9747/18932 ...
[09/07 23:36:39] [TEST] Processing batch 9748/18932 ...
[09/07 23:36:39] [TEST] Processing batch 9749/18932 ...
[09/07 23:36:39] [TEST] Processing batch 9750/18932 ...
[09/07 23:36:40] [TEST] Processing batch 9751/18932 ...
[09/07 23:36:40] [TEST] Processing batch 9752/18932 ...
[09/07 23:36:40] [TEST] Processing batch 9753/18932 ...
[09/07 23:36:40] [TEST] Processing batch 9754/18932 ...
[09/07 23:36:40] [TEST] Processing batch 9755/18932 ...
[09/07 23:36:40] [TEST] Processing batch 9756/18932 ...
[09/07 23:36:40] [TEST] Processing batch 9757/18932 ...
[09/07 23:36:40] [TEST] Processing batch 9758/18932 ...
[09/07 23:36:40] [TEST] Processing batch 9759/18932 ...
[09/07 23:36:40] [TEST] Processing batch 9760/18932 ...
[09/07 23:36:40] [TEST] Processing batch 9761/18932 ...
[09/07 23:36:40] [TEST] Processing batch 9762/18932 ...
[09/07 23:36:40] [TEST] Processing batch 9763/18932 ...
[09/07 23:36:40] [TEST] Processing batch 9764/18932 ...
[09/07 23:36:40] [TEST] Processing batch 9765/18932 ...
[09/07 23:36:40] [TEST] Processing batch 9766/18932 ...
[09/07 23:36:41] [TEST] Processing batch 9767/18932 ...
[09/07 23:36:41] [TEST] Processing batch 9768/18932 ...
[09/07 23:36:41] [TEST] Processing batch 9769/18932 ...
[09/07 23:36:41] [TEST] Processing batch 9770/18932 ...
[09/07 23:36:41] [TEST] Processing batch 9771/18932 ...
[09/07 23:36:41] [TEST] Processing batch 9772/18932 ...
[09/07 23:36:41] [TEST] Processing batch 9773/18932 ...
[09/07 23:36:41] [TEST] Processing batch 9774/18932 ...
[09/07 23:36:41] [TEST] Processing batch 9775/18932 ...
[09/07 23:36:41] [TEST] Processing batch 9776/18932 ...
[09/07 23:36:41] [TEST] Processing batch 9777/18932 ...
[09/07 23:36:41] [TEST] Processing batch 9778/18932 ...
[09/07 23:36:41] [TEST] Processing batch 9779/18932 ...
[09/07 23:36:41] [TEST] Processing batch 9780/18932 ...
[09/07 23:36:41] [TEST] Processing batch 9781/18932 ...
[09/07 23:36:41] [TEST] Processing batch 9782/18932 ...
[09/07 23:36:42] [TEST] Processing batch 9783/18932 ...
[09/07 23:36:42] [TEST] Processing batch 9784/18932 ...
[09/07 23:36:42] [TEST] Processing batch 9785/18932 ...
[09/07 23:36:42] [TEST] Processing batch 9786/18932 ...
[09/07 23:36:42] [TEST] Processing batch 9787/18932 ...
[09/07 23:36:42] [TEST] Processing batch 9788/18932 ...
[09/07 23:36:42] [TEST] Processing batch 9789/18932 ...
[09/07 23:36:42] [TEST] Processing batch 9790/18932 ...
[09/07 23:36:42] [TEST] Processing batch 9791/18932 ...
[09/07 23:36:42] [TEST] Processing batch 9792/18932 ...
[09/07 23:36:42] [TEST] Processing batch 9793/18932 ...
[09/07 23:36:42] [TEST] Processing batch 9794/18932 ...
[09/07 23:36:42] [TEST] Processing batch 9795/18932 ...
[09/07 23:36:42] [TEST] Processing batch 9796/18932 ...
[09/07 23:36:42] [TEST] Processing batch 9797/18932 ...
[09/07 23:36:42] [TEST] Processing batch 9798/18932 ...
[09/07 23:36:43] [TEST] Processing batch 9799/18932 ...
[09/07 23:36:43] [TEST] Processing batch 9800/18932 ...
[09/07 23:36:43] [TEST] Processing batch 9801/18932 ...
[09/07 23:36:43] [TEST] Processing batch 9802/18932 ...
[09/07 23:36:43] [TEST] Processing batch 9803/18932 ...
[09/07 23:36:43] [TEST] Processing batch 9804/18932 ...
[09/07 23:36:43] [TEST] Processing batch 9805/18932 ...
[09/07 23:36:43] [TEST] Processing batch 9806/18932 ...
[09/07 23:36:43] [TEST] Processing batch 9807/18932 ...
[09/07 23:36:43] [TEST] Processing batch 9808/18932 ...
[09/07 23:36:43] [TEST] Processing batch 9809/18932 ...
[09/07 23:36:43] [TEST] Processing batch 9810/18932 ...
[09/07 23:36:43] [TEST] Processing batch 9811/18932 ...
[09/07 23:36:43] [TEST] Processing batch 9812/18932 ...
[09/07 23:36:43] [TEST] Processing batch 9813/18932 ...
[09/07 23:36:43] [TEST] Processing batch 9814/18932 ...
[09/07 23:36:44] [TEST] Processing batch 9815/18932 ...
[09/07 23:36:44] [TEST] Processing batch 9816/18932 ...
[09/07 23:36:44] [TEST] Processing batch 9817/18932 ...
[09/07 23:36:44] [TEST] Processing batch 9818/18932 ...
[09/07 23:36:44] [TEST] Processing batch 9819/18932 ...
[09/07 23:36:44] [TEST] Processing batch 9820/18932 ...
[09/07 23:36:44] [TEST] Processing batch 9821/18932 ...
[09/07 23:36:44] [TEST] Processing batch 9822/18932 ...
[09/07 23:36:44] [TEST] Processing batch 9823/18932 ...
[09/07 23:36:44] [TEST] Processing batch 9824/18932 ...
[09/07 23:36:44] [TEST] Processing batch 9825/18932 ...
[09/07 23:36:44] [TEST] Processing batch 9826/18932 ...
[09/07 23:36:44] [TEST] Processing batch 9827/18932 ...
[09/07 23:36:44] [TEST] Processing batch 9828/18932 ...
[09/07 23:36:44] [TEST] Processing batch 9829/18932 ...
[09/07 23:36:44] [TEST] Processing batch 9830/18932 ...
[09/07 23:36:44] [TEST] Processing batch 9831/18932 ...
[09/07 23:36:44] [TEST] Processing batch 9832/18932 ...
[09/07 23:36:45] [TEST] Processing batch 9833/18932 ...
[09/07 23:36:45] [TEST] Processing batch 9834/18932 ...
[09/07 23:36:45] [TEST] Processing batch 9835/18932 ...
[09/07 23:36:45] [TEST] Processing batch 9836/18932 ...
[09/07 23:36:45] [TEST] Processing batch 9837/18932 ...
[09/07 23:36:45] [TEST] Processing batch 9838/18932 ...
[09/07 23:36:45] [TEST] Processing batch 9839/18932 ...
[09/07 23:36:45] [TEST] Processing batch 9840/18932 ...
[09/07 23:36:45] [TEST] Processing batch 9841/18932 ...
[09/07 23:36:45] [TEST] Processing batch 9842/18932 ...
[09/07 23:36:45] [TEST] Processing batch 9843/18932 ...
[09/07 23:36:45] [TEST] Processing batch 9844/18932 ...
[09/07 23:36:45] [TEST] Processing batch 9845/18932 ...
[09/07 23:36:45] [TEST] Processing batch 9846/18932 ...
[09/07 23:36:45] [TEST] Processing batch 9847/18932 ...
[09/07 23:36:45] [TEST] Processing batch 9848/18932 ...
[09/07 23:36:45] [TEST] Processing batch 9849/18932 ...
[09/07 23:36:46] [TEST] Processing batch 9850/18932 ...
[09/07 23:36:46] [TEST] Processing batch 9851/18932 ...
[09/07 23:36:46] [TEST] Processing batch 9852/18932 ...
[09/07 23:36:46] [TEST] Processing batch 9853/18932 ...
[09/07 23:36:46] [TEST] Processing batch 9854/18932 ...
[09/07 23:36:46] [TEST] Processing batch 9855/18932 ...
[09/07 23:36:46] [TEST] Processing batch 9856/18932 ...
[09/07 23:36:46] [TEST] Processing batch 9857/18932 ...
[09/07 23:36:46] [TEST] Processing batch 9858/18932 ...
[09/07 23:36:46] [TEST] Processing batch 9859/18932 ...
[09/07 23:36:46] [TEST] Processing batch 9860/18932 ...
[09/07 23:36:46] [TEST] Processing batch 9861/18932 ...
[09/07 23:36:46] [TEST] Processing batch 9862/18932 ...
[09/07 23:36:46] [TEST] Processing batch 9863/18932 ...
[09/07 23:36:46] [TEST] Processing batch 9864/18932 ...
[09/07 23:36:47] [TEST] Processing batch 9865/18932 ...
[09/07 23:36:47] [TEST] Processing batch 9866/18932 ...
[09/07 23:36:47] [TEST] Processing batch 9867/18932 ...
[09/07 23:36:47] [TEST] Processing batch 9868/18932 ...
[09/07 23:36:47] [TEST] Processing batch 9869/18932 ...
[09/07 23:36:47] [TEST] Processing batch 9870/18932 ...
[09/07 23:36:47] [TEST] Processing batch 9871/18932 ...
[09/07 23:36:47] [TEST] Processing batch 9872/18932 ...
[09/07 23:36:47] [TEST] Processing batch 9873/18932 ...
[09/07 23:36:47] [TEST] Processing batch 9874/18932 ...
[09/07 23:36:47] [TEST] Processing batch 9875/18932 ...
[09/07 23:36:47] [TEST] Processing batch 9876/18932 ...
[09/07 23:36:47] [TEST] Processing batch 9877/18932 ...
[09/07 23:36:47] [TEST] Processing batch 9878/18932 ...
[09/07 23:36:47] [TEST] Processing batch 9879/18932 ...
[09/07 23:36:47] [TEST] Processing batch 9880/18932 ...
[09/07 23:36:47] [TEST] Processing batch 9881/18932 ...
[09/07 23:36:47] [TEST] Processing batch 9882/18932 ...
[09/07 23:36:48] [TEST] Processing batch 9883/18932 ...
[09/07 23:36:48] [TEST] Processing batch 9884/18932 ...
[09/07 23:36:48] [TEST] Processing batch 9885/18932 ...
[09/07 23:36:48] [TEST] Processing batch 9886/18932 ...
[09/07 23:36:48] [TEST] Processing batch 9887/18932 ...
[09/07 23:36:48] [TEST] Processing batch 9888/18932 ...
[09/07 23:36:48] [TEST] Processing batch 9889/18932 ...
[09/07 23:36:48] [TEST] Processing batch 9890/18932 ...
[09/07 23:36:48] [TEST] Processing batch 9891/18932 ...
[09/07 23:36:48] [TEST] Processing batch 9892/18932 ...
[09/07 23:36:48] [TEST] Processing batch 9893/18932 ...
[09/07 23:36:48] [TEST] Processing batch 9894/18932 ...
[09/07 23:36:48] [TEST] Processing batch 9895/18932 ...
[09/07 23:36:48] [TEST] Processing batch 9896/18932 ...
[09/07 23:36:48] [TEST] Processing batch 9897/18932 ...
[09/07 23:36:48] [TEST] Processing batch 9898/18932 ...
[09/07 23:36:48] [TEST] Processing batch 9899/18932 ...
[09/07 23:36:48] [TEST] Processing batch 9900/18932 ...
[09/07 23:36:49] [TEST] Processing batch 9901/18932 ...
[09/07 23:36:49] [TEST] Processing batch 9902/18932 ...
[09/07 23:36:49] [TEST] Processing batch 9903/18932 ...
[09/07 23:36:49] [TEST] Processing batch 9904/18932 ...
[09/07 23:36:49] [TEST] Processing batch 9905/18932 ...
[09/07 23:36:49] [TEST] Processing batch 9906/18932 ...
[09/07 23:36:49] [TEST] Processing batch 9907/18932 ...
[09/07 23:36:49] [TEST] Processing batch 9908/18932 ...
[09/07 23:36:49] [TEST] Processing batch 9909/18932 ...
[09/07 23:36:49] [TEST] Processing batch 9910/18932 ...
[09/07 23:36:49] [TEST] Processing batch 9911/18932 ...
[09/07 23:36:49] [TEST] Processing batch 9912/18932 ...
[09/07 23:36:49] [TEST] Processing batch 9913/18932 ...
[09/07 23:36:49] [TEST] Processing batch 9914/18932 ...
[09/07 23:36:49] [TEST] Processing batch 9915/18932 ...
[09/07 23:36:49] [TEST] Processing batch 9916/18932 ...
[09/07 23:36:49] [TEST] Processing batch 9917/18932 ...
[09/07 23:36:49] [TEST] Processing batch 9918/18932 ...
[09/07 23:36:50] [TEST] Processing batch 9919/18932 ...
[09/07 23:36:50] [TEST] Processing batch 9920/18932 ...
[09/07 23:36:50] [TEST] Processing batch 9921/18932 ...
[09/07 23:36:50] [TEST] Processing batch 9922/18932 ...
[09/07 23:36:50] [TEST] Processing batch 9923/18932 ...
[09/07 23:36:50] [TEST] Processing batch 9924/18932 ...
[09/07 23:36:50] [TEST] Processing batch 9925/18932 ...
[09/07 23:36:50] [TEST] Processing batch 9926/18932 ...
[09/07 23:36:50] [TEST] Processing batch 9927/18932 ...
[09/07 23:36:50] [TEST] Processing batch 9928/18932 ...
[09/07 23:36:50] [TEST] Processing batch 9929/18932 ...
[09/07 23:36:50] [TEST] Processing batch 9930/18932 ...
[09/07 23:36:50] [TEST] Processing batch 9931/18932 ...
[09/07 23:36:50] [TEST] Processing batch 9932/18932 ...
[09/07 23:36:50] [TEST] Processing batch 9933/18932 ...
[09/07 23:36:50] [TEST] Processing batch 9934/18932 ...
[09/07 23:36:50] [TEST] Processing batch 9935/18932 ...
[09/07 23:36:51] [TEST] Processing batch 9936/18932 ...
[09/07 23:36:51] [TEST] Processing batch 9937/18932 ...
[09/07 23:36:51] [TEST] Processing batch 9938/18932 ...
[09/07 23:36:51] [TEST] Processing batch 9939/18932 ...
[09/07 23:36:51] [TEST] Processing batch 9940/18932 ...
[09/07 23:36:51] [TEST] Processing batch 9941/18932 ...
[09/07 23:36:51] [TEST] Processing batch 9942/18932 ...
[09/07 23:36:51] [TEST] Processing batch 9943/18932 ...
[09/07 23:36:51] [TEST] Processing batch 9944/18932 ...
[09/07 23:36:51] [TEST] Processing batch 9945/18932 ...
[09/07 23:36:51] [TEST] Processing batch 9946/18932 ...
[09/07 23:36:51] [TEST] Processing batch 9947/18932 ...
[09/07 23:36:52] [TEST] Processing batch 9948/18932 ...
[09/07 23:36:52] [TEST] Processing batch 9949/18932 ...
[09/07 23:36:52] [TEST] Processing batch 9950/18932 ...
[09/07 23:36:52] [TEST] Processing batch 9951/18932 ...
[09/07 23:36:52] [TEST] Processing batch 9952/18932 ...
[09/07 23:36:52] [TEST] Processing batch 9953/18932 ...
[09/07 23:36:52] [TEST] Processing batch 9954/18932 ...
[09/07 23:36:52] [TEST] Processing batch 9955/18932 ...
[09/07 23:36:52] [TEST] Processing batch 9956/18932 ...
[09/07 23:36:52] [TEST] Processing batch 9957/18932 ...
[09/07 23:36:52] [TEST] Processing batch 9958/18932 ...
[09/07 23:36:52] [TEST] Processing batch 9959/18932 ...
[09/07 23:36:52] [TEST] Processing batch 9960/18932 ...
[09/07 23:36:52] [TEST] Processing batch 9961/18932 ...
[09/07 23:36:52] [TEST] Processing batch 9962/18932 ...
[09/07 23:36:52] [TEST] Processing batch 9963/18932 ...
[09/07 23:36:52] [TEST] Processing batch 9964/18932 ...
[09/07 23:36:52] [TEST] Processing batch 9965/18932 ...
[09/07 23:36:53] [TEST] Processing batch 9966/18932 ...
[09/07 23:36:53] [TEST] Processing batch 9967/18932 ...
[09/07 23:36:53] [TEST] Processing batch 9968/18932 ...
[09/07 23:36:53] [TEST] Processing batch 9969/18932 ...
[09/07 23:36:53] [TEST] Processing batch 9970/18932 ...
[09/07 23:36:53] [TEST] Processing batch 9971/18932 ...
[09/07 23:36:53] [TEST] Processing batch 9972/18932 ...
[09/07 23:36:53] [TEST] Processing batch 9973/18932 ...
[09/07 23:36:53] [TEST] Processing batch 9974/18932 ...
[09/07 23:36:53] [TEST] Processing batch 9975/18932 ...
[09/07 23:36:53] [TEST] Processing batch 9976/18932 ...
[09/07 23:36:53] [TEST] Processing batch 9977/18932 ...
[09/07 23:36:53] [TEST] Processing batch 9978/18932 ...
[09/07 23:36:53] [TEST] Processing batch 9979/18932 ...
[09/07 23:36:53] [TEST] Processing batch 9980/18932 ...
[09/07 23:36:53] [TEST] Processing batch 9981/18932 ...
[09/07 23:36:53] [TEST] Processing batch 9982/18932 ...
[09/07 23:36:54] [TEST] Processing batch 9983/18932 ...
[09/07 23:36:54] [TEST] Processing batch 9984/18932 ...
[09/07 23:36:54] [TEST] Processing batch 9985/18932 ...
[09/07 23:36:54] [TEST] Processing batch 9986/18932 ...
[09/07 23:36:54] [TEST] Processing batch 9987/18932 ...
[09/07 23:36:54] [TEST] Processing batch 9988/18932 ...
[09/07 23:36:54] [TEST] Processing batch 9989/18932 ...
[09/07 23:36:54] [TEST] Processing batch 9990/18932 ...
[09/07 23:36:54] [TEST] Processing batch 9991/18932 ...
[09/07 23:36:54] [TEST] Processing batch 9992/18932 ...
[09/07 23:36:54] [TEST] Processing batch 9993/18932 ...
[09/07 23:36:54] [TEST] Processing batch 9994/18932 ...
[09/07 23:36:54] [TEST] Processing batch 9995/18932 ...
[09/07 23:36:54] [TEST] Processing batch 9996/18932 ...
[09/07 23:36:54] [TEST] Processing batch 9997/18932 ...
[09/07 23:36:54] [TEST] Processing batch 9998/18932 ...
[09/07 23:36:54] [TEST] Processing batch 9999/18932 ...
[09/07 23:36:54] [TEST] Processing batch 10000/18932 ...
[09/07 23:36:55] [TEST] Processing batch 10001/18932 ...
[09/07 23:36:55] [TEST] Processing batch 10002/18932 ...
[09/07 23:36:55] [TEST] Processing batch 10003/18932 ...
[09/07 23:36:55] [TEST] Processing batch 10004/18932 ...
[09/07 23:36:55] [TEST] Processing batch 10005/18932 ...
[09/07 23:36:55] [TEST] Processing batch 10006/18932 ...
[09/07 23:36:55] [TEST] Processing batch 10007/18932 ...
[09/07 23:36:55] [TEST] Processing batch 10008/18932 ...
[09/07 23:36:55] [TEST] Processing batch 10009/18932 ...
[09/07 23:36:55] [TEST] Processing batch 10010/18932 ...
[09/07 23:36:55] [TEST] Processing batch 10011/18932 ...
[09/07 23:36:55] [TEST] Processing batch 10012/18932 ...
[09/07 23:36:55] [TEST] Processing batch 10013/18932 ...
[09/07 23:36:55] [TEST] Processing batch 10014/18932 ...
[09/07 23:36:55] [TEST] Processing batch 10015/18932 ...
[09/07 23:36:55] [TEST] Processing batch 10016/18932 ...
[09/07 23:36:55] [TEST] Processing batch 10017/18932 ...
[09/07 23:36:55] [TEST] Processing batch 10018/18932 ...
[09/07 23:36:56] [TEST] Processing batch 10019/18932 ...
[09/07 23:36:56] [TEST] Processing batch 10020/18932 ...
[09/07 23:36:56] [TEST] Processing batch 10021/18932 ...
[09/07 23:36:56] [TEST] Processing batch 10022/18932 ...
[09/07 23:36:56] [TEST] Processing batch 10023/18932 ...
[09/07 23:36:56] [TEST] Processing batch 10024/18932 ...
[09/07 23:36:56] [TEST] Processing batch 10025/18932 ...
[09/07 23:36:56] [TEST] Processing batch 10026/18932 ...
[09/07 23:36:56] [TEST] Processing batch 10027/18932 ...
[09/07 23:36:56] [TEST] Processing batch 10028/18932 ...
[09/07 23:36:56] [TEST] Processing batch 10029/18932 ...
[09/07 23:36:56] [TEST] Processing batch 10030/18932 ...
[09/07 23:36:56] [TEST] Processing batch 10031/18932 ...
[09/07 23:36:56] [TEST] Processing batch 10032/18932 ...
[09/07 23:36:56] [TEST] Processing batch 10033/18932 ...
[09/07 23:36:56] [TEST] Processing batch 10034/18932 ...
[09/07 23:36:56] [TEST] Processing batch 10035/18932 ...
[09/07 23:36:56] [TEST] Processing batch 10036/18932 ...
[09/07 23:36:57] [TEST] Processing batch 10037/18932 ...
[09/07 23:36:57] [TEST] Processing batch 10038/18932 ...
[09/07 23:36:57] [TEST] Processing batch 10039/18932 ...
[09/07 23:36:57] [TEST] Processing batch 10040/18932 ...
[09/07 23:36:57] [TEST] Processing batch 10041/18932 ...
[09/07 23:36:57] [TEST] Processing batch 10042/18932 ...
[09/07 23:36:57] [TEST] Processing batch 10043/18932 ...
[09/07 23:36:57] [TEST] Processing batch 10044/18932 ...
[09/07 23:36:57] [TEST] Processing batch 10045/18932 ...
[09/07 23:36:57] [TEST] Processing batch 10046/18932 ...
[09/07 23:36:57] [TEST] Processing batch 10047/18932 ...
[09/07 23:36:57] [TEST] Processing batch 10048/18932 ...
[09/07 23:36:57] [TEST] Processing batch 10049/18932 ...
[09/07 23:36:57] [TEST] Processing batch 10050/18932 ...
[09/07 23:36:57] [TEST] Processing batch 10051/18932 ...
[09/07 23:36:57] [TEST] Processing batch 10052/18932 ...
[09/07 23:36:57] [TEST] Processing batch 10053/18932 ...
[09/07 23:36:58] [TEST] Processing batch 10054/18932 ...
[09/07 23:36:58] [TEST] Processing batch 10055/18932 ...
[09/07 23:36:58] [TEST] Processing batch 10056/18932 ...
[09/07 23:36:58] [TEST] Processing batch 10057/18932 ...
[09/07 23:36:58] [TEST] Processing batch 10058/18932 ...
[09/07 23:36:58] [TEST] Processing batch 10059/18932 ...
[09/07 23:36:58] [TEST] Processing batch 10060/18932 ...
[09/07 23:36:58] [TEST] Processing batch 10061/18932 ...
[09/07 23:36:58] [TEST] Processing batch 10062/18932 ...
[09/07 23:36:58] [TEST] Processing batch 10063/18932 ...
[09/07 23:36:58] [TEST] Processing batch 10064/18932 ...
[09/07 23:36:58] [TEST] Processing batch 10065/18932 ...
[09/07 23:36:58] [TEST] Processing batch 10066/18932 ...
[09/07 23:36:58] [TEST] Processing batch 10067/18932 ...
[09/07 23:36:58] [TEST] Processing batch 10068/18932 ...
[09/07 23:36:58] [TEST] Processing batch 10069/18932 ...
[09/07 23:36:58] [TEST] Processing batch 10070/18932 ...
[09/07 23:36:58] [TEST] Processing batch 10071/18932 ...
[09/07 23:36:59] [TEST] Processing batch 10072/18932 ...
[09/07 23:36:59] [TEST] Processing batch 10073/18932 ...
[09/07 23:36:59] [TEST] Processing batch 10074/18932 ...
[09/07 23:36:59] [TEST] Processing batch 10075/18932 ...
[09/07 23:36:59] [TEST] Processing batch 10076/18932 ...
[09/07 23:36:59] [TEST] Processing batch 10077/18932 ...
[09/07 23:36:59] [TEST] Processing batch 10078/18932 ...
[09/07 23:36:59] [TEST] Processing batch 10079/18932 ...
[09/07 23:36:59] [TEST] Processing batch 10080/18932 ...
[09/07 23:36:59] [TEST] Processing batch 10081/18932 ...
[09/07 23:36:59] [TEST] Processing batch 10082/18932 ...
[09/07 23:36:59] [TEST] Processing batch 10083/18932 ...
[09/07 23:36:59] [TEST] Processing batch 10084/18932 ...
[09/07 23:36:59] [TEST] Processing batch 10085/18932 ...
[09/07 23:36:59] [TEST] Processing batch 10086/18932 ...
[09/07 23:36:59] [TEST] Processing batch 10087/18932 ...
[09/07 23:36:59] [TEST] Processing batch 10088/18932 ...
[09/07 23:36:59] [TEST] Processing batch 10089/18932 ...
[09/07 23:37:00] [TEST] Processing batch 10090/18932 ...
[09/07 23:37:00] [TEST] Processing batch 10091/18932 ...
[09/07 23:37:00] [TEST] Processing batch 10092/18932 ...
[09/07 23:37:00] [TEST] Processing batch 10093/18932 ...
[09/07 23:37:00] [TEST] Processing batch 10094/18932 ...
[09/07 23:37:00] [TEST] Processing batch 10095/18932 ...
[09/07 23:37:00] [TEST] Processing batch 10096/18932 ...
[09/07 23:37:00] [TEST] Processing batch 10097/18932 ...
[09/07 23:37:00] [TEST] Processing batch 10098/18932 ...
[09/07 23:37:00] [TEST] Processing batch 10099/18932 ...
[09/07 23:37:00] [TEST] Processing batch 10100/18932 ...
[09/07 23:37:00] [TEST] Processing batch 10101/18932 ...
[09/07 23:37:00] [TEST] Processing batch 10102/18932 ...
[09/07 23:37:00] [TEST] Processing batch 10103/18932 ...
[09/07 23:37:00] [TEST] Processing batch 10104/18932 ...
[09/07 23:37:00] [TEST] Processing batch 10105/18932 ...
[09/07 23:37:00] [TEST] Processing batch 10106/18932 ...
[09/07 23:37:01] [TEST] Processing batch 10107/18932 ...
[09/07 23:37:01] [TEST] Processing batch 10108/18932 ...
[09/07 23:37:01] [TEST] Processing batch 10109/18932 ...
[09/07 23:37:01] [TEST] Processing batch 10110/18932 ...
[09/07 23:37:01] [TEST] Processing batch 10111/18932 ...
[09/07 23:37:01] [TEST] Processing batch 10112/18932 ...
[09/07 23:37:01] [TEST] Processing batch 10113/18932 ...
[09/07 23:37:01] [TEST] Processing batch 10114/18932 ...
[09/07 23:37:01] [TEST] Processing batch 10115/18932 ...
[09/07 23:37:01] [TEST] Processing batch 10116/18932 ...
[09/07 23:37:01] [TEST] Processing batch 10117/18932 ...
[09/07 23:37:01] [TEST] Processing batch 10118/18932 ...
[09/07 23:37:01] [TEST] Processing batch 10119/18932 ...
[09/07 23:37:01] [TEST] Processing batch 10120/18932 ...
[09/07 23:37:01] [TEST] Processing batch 10121/18932 ...
[09/07 23:37:01] [TEST] Processing batch 10122/18932 ...
[09/07 23:37:02] [TEST] Processing batch 10123/18932 ...
[09/07 23:37:02] [TEST] Processing batch 10124/18932 ...
[09/07 23:37:02] [TEST] Processing batch 10125/18932 ...
[09/07 23:37:02] [TEST] Processing batch 10126/18932 ...
[09/07 23:37:02] [TEST] Processing batch 10127/18932 ...
[09/07 23:37:02] [TEST] Processing batch 10128/18932 ...
[09/07 23:37:02] [TEST] Processing batch 10129/18932 ...
[09/07 23:37:02] [TEST] Processing batch 10130/18932 ...
[09/07 23:37:02] [TEST] Processing batch 10131/18932 ...
[09/07 23:37:02] [TEST] Processing batch 10132/18932 ...
[09/07 23:37:02] [TEST] Processing batch 10133/18932 ...
[09/07 23:37:02] [TEST] Processing batch 10134/18932 ...
[09/07 23:37:02] [TEST] Processing batch 10135/18932 ...
[09/07 23:37:02] [TEST] Processing batch 10136/18932 ...
[09/07 23:37:02] [TEST] Processing batch 10137/18932 ...
[09/07 23:37:02] [TEST] Processing batch 10138/18932 ...
[09/07 23:37:02] [TEST] Processing batch 10139/18932 ...
[09/07 23:37:02] [TEST] Processing batch 10140/18932 ...
[09/07 23:37:03] [TEST] Processing batch 10141/18932 ...
[09/07 23:37:03] [TEST] Processing batch 10142/18932 ...
[09/07 23:37:03] [TEST] Processing batch 10143/18932 ...
[09/07 23:37:03] [TEST] Processing batch 10144/18932 ...
[09/07 23:37:03] [TEST] Processing batch 10145/18932 ...
[09/07 23:37:03] [TEST] Processing batch 10146/18932 ...
[09/07 23:37:03] [TEST] Processing batch 10147/18932 ...
[09/07 23:37:03] [TEST] Processing batch 10148/18932 ...
[09/07 23:37:03] [TEST] Processing batch 10149/18932 ...
[09/07 23:37:03] [TEST] Processing batch 10150/18932 ...
[09/07 23:37:03] [TEST] Processing batch 10151/18932 ...
[09/07 23:37:03] [TEST] Processing batch 10152/18932 ...
[09/07 23:37:03] [TEST] Processing batch 10153/18932 ...
[09/07 23:37:03] [TEST] Processing batch 10154/18932 ...
[09/07 23:37:03] [TEST] Processing batch 10155/18932 ...
[09/07 23:37:03] [TEST] Processing batch 10156/18932 ...
[09/07 23:37:03] [TEST] Processing batch 10157/18932 ...
[09/07 23:37:04] [TEST] Processing batch 10158/18932 ...
[09/07 23:37:04] [TEST] Processing batch 10159/18932 ...
[09/07 23:37:04] [TEST] Processing batch 10160/18932 ...
[09/07 23:37:04] [TEST] Processing batch 10161/18932 ...
[09/07 23:37:04] [TEST] Processing batch 10162/18932 ...
[09/07 23:37:04] [TEST] Processing batch 10163/18932 ...
[09/07 23:37:04] [TEST] Processing batch 10164/18932 ...
[09/07 23:37:04] [TEST] Processing batch 10165/18932 ...
[09/07 23:37:04] [TEST] Processing batch 10166/18932 ...
[09/07 23:37:04] [TEST] Processing batch 10167/18932 ...
[09/07 23:37:04] [TEST] Processing batch 10168/18932 ...
[09/07 23:37:04] [TEST] Processing batch 10169/18932 ...
[09/07 23:37:04] [TEST] Processing batch 10170/18932 ...
[09/07 23:37:04] [TEST] Processing batch 10171/18932 ...
[09/07 23:37:04] [TEST] Processing batch 10172/18932 ...
[09/07 23:37:04] [TEST] Processing batch 10173/18932 ...
[09/07 23:37:04] [TEST] Processing batch 10174/18932 ...
[09/07 23:37:04] [TEST] Processing batch 10175/18932 ...
[09/07 23:37:05] [TEST] Processing batch 10176/18932 ...
[09/07 23:37:05] [TEST] Processing batch 10177/18932 ...
[09/07 23:37:05] [TEST] Processing batch 10178/18932 ...
[09/07 23:37:05] [TEST] Processing batch 10179/18932 ...
[09/07 23:37:05] [TEST] Processing batch 10180/18932 ...
[09/07 23:37:05] [TEST] Processing batch 10181/18932 ...
[09/07 23:37:05] [TEST] Processing batch 10182/18932 ...
[09/07 23:37:05] [TEST] Processing batch 10183/18932 ...
[09/07 23:37:05] [TEST] Processing batch 10184/18932 ...
[09/07 23:37:05] [TEST] Processing batch 10185/18932 ...
[09/07 23:37:05] [TEST] Processing batch 10186/18932 ...
[09/07 23:37:05] [TEST] Processing batch 10187/18932 ...
[09/07 23:37:05] [TEST] Processing batch 10188/18932 ...
[09/07 23:37:05] [TEST] Processing batch 10189/18932 ...
[09/07 23:37:05] [TEST] Processing batch 10190/18932 ...
[09/07 23:37:05] [TEST] Processing batch 10191/18932 ...
[09/07 23:37:05] [TEST] Processing batch 10192/18932 ...
[09/07 23:37:05] [TEST] Processing batch 10193/18932 ...
[09/07 23:37:06] [TEST] Processing batch 10194/18932 ...
[09/07 23:37:06] [TEST] Processing batch 10195/18932 ...
[09/07 23:37:06] [TEST] Processing batch 10196/18932 ...
[09/07 23:37:06] [TEST] Processing batch 10197/18932 ...
[09/07 23:37:06] [TEST] Processing batch 10198/18932 ...
[09/07 23:37:06] [TEST] Processing batch 10199/18932 ...
[09/07 23:37:06] [TEST] Processing batch 10200/18932 ...
[09/07 23:37:06] [TEST] Processing batch 10201/18932 ...
[09/07 23:37:06] [TEST] Processing batch 10202/18932 ...
[09/07 23:37:06] [TEST] Processing batch 10203/18932 ...
[09/07 23:37:06] [TEST] Processing batch 10204/18932 ...
[09/07 23:37:06] [TEST] Processing batch 10205/18932 ...
[09/07 23:37:06] [TEST] Processing batch 10206/18932 ...
[09/07 23:37:06] [TEST] Processing batch 10207/18932 ...
[09/07 23:37:07] [TEST] Processing batch 10208/18932 ...
[09/07 23:37:07] [TEST] Processing batch 10209/18932 ...
[09/07 23:37:07] [TEST] Processing batch 10210/18932 ...
[09/07 23:37:07] [TEST] Processing batch 10211/18932 ...
[09/07 23:37:07] [TEST] Processing batch 10212/18932 ...
[09/07 23:37:07] [TEST] Processing batch 10213/18932 ...
[09/07 23:37:07] [TEST] Processing batch 10214/18932 ...
[09/07 23:37:07] [TEST] Processing batch 10215/18932 ...
[09/07 23:37:07] [TEST] Processing batch 10216/18932 ...
[09/07 23:37:07] [TEST] Processing batch 10217/18932 ...
[09/07 23:37:07] [TEST] Processing batch 10218/18932 ...
[09/07 23:37:07] [TEST] Processing batch 10219/18932 ...
[09/07 23:37:07] [TEST] Processing batch 10220/18932 ...
[09/07 23:37:07] [TEST] Processing batch 10221/18932 ...
[09/07 23:37:07] [TEST] Processing batch 10222/18932 ...
[09/07 23:37:07] [TEST] Processing batch 10223/18932 ...
[09/07 23:37:07] [TEST] Processing batch 10224/18932 ...
[09/07 23:37:07] [TEST] Processing batch 10225/18932 ...
[09/07 23:37:08] [TEST] Processing batch 10226/18932 ...
[09/07 23:37:08] [TEST] Processing batch 10227/18932 ...
[09/07 23:37:08] [TEST] Processing batch 10228/18932 ...
[09/07 23:37:08] [TEST] Processing batch 10229/18932 ...
[09/07 23:37:08] [TEST] Processing batch 10230/18932 ...
[09/07 23:37:08] [TEST] Processing batch 10231/18932 ...
[09/07 23:37:08] [TEST] Processing batch 10232/18932 ...
[09/07 23:37:08] [TEST] Processing batch 10233/18932 ...
[09/07 23:37:08] [TEST] Processing batch 10234/18932 ...
[09/07 23:37:08] [TEST] Processing batch 10235/18932 ...
[09/07 23:37:08] [TEST] Processing batch 10236/18932 ...
[09/07 23:37:08] [TEST] Processing batch 10237/18932 ...
[09/07 23:37:08] [TEST] Processing batch 10238/18932 ...
[09/07 23:37:08] [TEST] Processing batch 10239/18932 ...
[09/07 23:37:08] [TEST] Processing batch 10240/18932 ...
[09/07 23:37:08] [TEST] Processing batch 10241/18932 ...
[09/07 23:37:08] [TEST] Processing batch 10242/18932 ...
[09/07 23:37:09] [TEST] Processing batch 10243/18932 ...
[09/07 23:37:09] [TEST] Processing batch 10244/18932 ...
[09/07 23:37:09] [TEST] Processing batch 10245/18932 ...
[09/07 23:37:09] [TEST] Processing batch 10246/18932 ...
[09/07 23:37:09] [TEST] Processing batch 10247/18932 ...
[09/07 23:37:09] [TEST] Processing batch 10248/18932 ...
[09/07 23:37:09] [TEST] Processing batch 10249/18932 ...
[09/07 23:37:09] [TEST] Processing batch 10250/18932 ...
[09/07 23:37:09] [TEST] Processing batch 10251/18932 ...
[09/07 23:37:09] [TEST] Processing batch 10252/18932 ...
[09/07 23:37:09] [TEST] Processing batch 10253/18932 ...
[09/07 23:37:09] [TEST] Processing batch 10254/18932 ...
[09/07 23:37:09] [TEST] Processing batch 10255/18932 ...
[09/07 23:37:09] [TEST] Processing batch 10256/18932 ...
[09/07 23:37:09] [TEST] Processing batch 10257/18932 ...
[09/07 23:37:09] [TEST] Processing batch 10258/18932 ...
[09/07 23:37:09] [TEST] Processing batch 10259/18932 ...
[09/07 23:37:09] [TEST] Processing batch 10260/18932 ...
[09/07 23:37:10] [TEST] Processing batch 10261/18932 ...
[09/07 23:37:10] [TEST] Processing batch 10262/18932 ...
[09/07 23:37:10] [TEST] Processing batch 10263/18932 ...
[09/07 23:37:10] [TEST] Processing batch 10264/18932 ...
[09/07 23:37:10] [TEST] Processing batch 10265/18932 ...
[09/07 23:37:10] [TEST] Processing batch 10266/18932 ...
[09/07 23:37:10] [TEST] Processing batch 10267/18932 ...
[09/07 23:37:10] [TEST] Processing batch 10268/18932 ...
[09/07 23:37:10] [TEST] Processing batch 10269/18932 ...
[09/07 23:37:10] [TEST] Processing batch 10270/18932 ...
[09/07 23:37:10] [TEST] Processing batch 10271/18932 ...
[09/07 23:37:10] [TEST] Processing batch 10272/18932 ...
[09/07 23:37:10] [TEST] Processing batch 10273/18932 ...
[09/07 23:37:10] [TEST] Processing batch 10274/18932 ...
[09/07 23:37:10] [TEST] Processing batch 10275/18932 ...
[09/07 23:37:10] [TEST] Processing batch 10276/18932 ...
[09/07 23:37:10] [TEST] Processing batch 10277/18932 ...
[09/07 23:37:10] [TEST] Processing batch 10278/18932 ...
[09/07 23:37:11] [TEST] Processing batch 10279/18932 ...
[09/07 23:37:11] [TEST] Processing batch 10280/18932 ...
[09/07 23:37:11] [TEST] Processing batch 10281/18932 ...
[09/07 23:37:11] [TEST] Processing batch 10282/18932 ...
[09/07 23:37:11] [TEST] Processing batch 10283/18932 ...
[09/07 23:37:11] [TEST] Processing batch 10284/18932 ...
[09/07 23:37:11] [TEST] Processing batch 10285/18932 ...
[09/07 23:37:11] [TEST] Processing batch 10286/18932 ...
[09/07 23:37:11] [TEST] Processing batch 10287/18932 ...
[09/07 23:37:11] [TEST] Processing batch 10288/18932 ...
[09/07 23:37:11] [TEST] Processing batch 10289/18932 ...
[09/07 23:37:11] [TEST] Processing batch 10290/18932 ...
[09/07 23:37:11] [TEST] Processing batch 10291/18932 ...
[09/07 23:37:11] [TEST] Processing batch 10292/18932 ...
[09/07 23:37:11] [TEST] Processing batch 10293/18932 ...
[09/07 23:37:12] [TEST] Processing batch 10294/18932 ...
[09/07 23:37:12] [TEST] Processing batch 10295/18932 ...
[09/07 23:37:12] [TEST] Processing batch 10296/18932 ...
[09/07 23:37:12] [TEST] Processing batch 10297/18932 ...
[09/07 23:37:12] [TEST] Processing batch 10298/18932 ...
[09/07 23:37:12] [TEST] Processing batch 10299/18932 ...
[09/07 23:37:12] [TEST] Processing batch 10300/18932 ...
[09/07 23:37:12] [TEST] Processing batch 10301/18932 ...
[09/07 23:37:12] [TEST] Processing batch 10302/18932 ...
[09/07 23:37:12] [TEST] Processing batch 10303/18932 ...
[09/07 23:37:12] [TEST] Processing batch 10304/18932 ...
[09/07 23:37:12] [TEST] Processing batch 10305/18932 ...
[09/07 23:37:12] [TEST] Processing batch 10306/18932 ...
[09/07 23:37:12] [TEST] Processing batch 10307/18932 ...
[09/07 23:37:12] [TEST] Processing batch 10308/18932 ...
[09/07 23:37:12] [TEST] Processing batch 10309/18932 ...
[09/07 23:37:12] [TEST] Processing batch 10310/18932 ...
[09/07 23:37:13] [TEST] Processing batch 10311/18932 ...
[09/07 23:37:13] [TEST] Processing batch 10312/18932 ...
[09/07 23:37:13] [TEST] Processing batch 10313/18932 ...
[09/07 23:37:13] [TEST] Processing batch 10314/18932 ...
[09/07 23:37:13] [TEST] Processing batch 10315/18932 ...
[09/07 23:37:13] [TEST] Processing batch 10316/18932 ...
[09/07 23:37:13] [TEST] Processing batch 10317/18932 ...
[09/07 23:37:13] [TEST] Processing batch 10318/18932 ...
[09/07 23:37:13] [TEST] Processing batch 10319/18932 ...
[09/07 23:37:13] [TEST] Processing batch 10320/18932 ...
[09/07 23:37:13] [TEST] Processing batch 10321/18932 ...
[09/07 23:37:13] [TEST] Processing batch 10322/18932 ...
[09/07 23:37:13] [TEST] Processing batch 10323/18932 ...
[09/07 23:37:13] [TEST] Processing batch 10324/18932 ...
[09/07 23:37:13] [TEST] Processing batch 10325/18932 ...
[09/07 23:37:13] [TEST] Processing batch 10326/18932 ...
[09/07 23:37:13] [TEST] Processing batch 10327/18932 ...
[09/07 23:37:13] [TEST] Processing batch 10328/18932 ...
[09/07 23:37:14] [TEST] Processing batch 10329/18932 ...
[09/07 23:37:14] [TEST] Processing batch 10330/18932 ...
[09/07 23:37:14] [TEST] Processing batch 10331/18932 ...
[09/07 23:37:14] [TEST] Processing batch 10332/18932 ...
[09/07 23:37:14] [TEST] Processing batch 10333/18932 ...
[09/07 23:37:14] [TEST] Processing batch 10334/18932 ...
[09/07 23:37:14] [TEST] Processing batch 10335/18932 ...
[09/07 23:37:14] [TEST] Processing batch 10336/18932 ...
[09/07 23:37:14] [TEST] Processing batch 10337/18932 ...
[09/07 23:37:14] [TEST] Processing batch 10338/18932 ...
[09/07 23:37:14] [TEST] Processing batch 10339/18932 ...
[09/07 23:37:14] [TEST] Processing batch 10340/18932 ...
[09/07 23:37:14] [TEST] Processing batch 10341/18932 ...
[09/07 23:37:14] [TEST] Processing batch 10342/18932 ...
[09/07 23:37:14] [TEST] Processing batch 10343/18932 ...
[09/07 23:37:14] [TEST] Processing batch 10344/18932 ...
[09/07 23:37:14] [TEST] Processing batch 10345/18932 ...
[09/07 23:37:14] [TEST] Processing batch 10346/18932 ...
[09/07 23:37:15] [TEST] Processing batch 10347/18932 ...
[09/07 23:37:15] [TEST] Processing batch 10348/18932 ...
[09/07 23:37:15] [TEST] Processing batch 10349/18932 ...
[09/07 23:37:15] [TEST] Processing batch 10350/18932 ...
[09/07 23:37:15] [TEST] Processing batch 10351/18932 ...
[09/07 23:37:15] [TEST] Processing batch 10352/18932 ...
[09/07 23:37:15] [TEST] Processing batch 10353/18932 ...
[09/07 23:37:15] [TEST] Processing batch 10354/18932 ...
[09/07 23:37:15] [TEST] Processing batch 10355/18932 ...
[09/07 23:37:15] [TEST] Processing batch 10356/18932 ...
[09/07 23:37:15] [TEST] Processing batch 10357/18932 ...
[09/07 23:37:15] [TEST] Processing batch 10358/18932 ...
[09/07 23:37:15] [TEST] Processing batch 10359/18932 ...
[09/07 23:37:15] [TEST] Processing batch 10360/18932 ...
[09/07 23:37:15] [TEST] Processing batch 10361/18932 ...
[09/07 23:37:15] [TEST] Processing batch 10362/18932 ...
[09/07 23:37:15] [TEST] Processing batch 10363/18932 ...
[09/07 23:37:16] [TEST] Processing batch 10364/18932 ...
[09/07 23:37:16] [TEST] Processing batch 10365/18932 ...
[09/07 23:37:16] [TEST] Processing batch 10366/18932 ...
[09/07 23:37:16] [TEST] Processing batch 10367/18932 ...
[09/07 23:37:16] [TEST] Processing batch 10368/18932 ...
[09/07 23:37:16] [TEST] Processing batch 10369/18932 ...
[09/07 23:37:16] [TEST] Processing batch 10370/18932 ...
[09/07 23:37:16] [TEST] Processing batch 10371/18932 ...
[09/07 23:37:16] [TEST] Processing batch 10372/18932 ...
[09/07 23:37:16] [TEST] Processing batch 10373/18932 ...
[09/07 23:37:16] [TEST] Processing batch 10374/18932 ...
[09/07 23:37:16] [TEST] Processing batch 10375/18932 ...
[09/07 23:37:16] [TEST] Processing batch 10376/18932 ...
[09/07 23:37:16] [TEST] Processing batch 10377/18932 ...
[09/07 23:37:16] [TEST] Processing batch 10378/18932 ...
[09/07 23:37:16] [TEST] Processing batch 10379/18932 ...
[09/07 23:37:16] [TEST] Processing batch 10380/18932 ...
[09/07 23:37:16] [TEST] Processing batch 10381/18932 ...
[09/07 23:37:17] [TEST] Processing batch 10382/18932 ...
[09/07 23:37:17] [TEST] Processing batch 10383/18932 ...
[09/07 23:37:17] [TEST] Processing batch 10384/18932 ...
[09/07 23:37:17] [TEST] Processing batch 10385/18932 ...
[09/07 23:37:17] [TEST] Processing batch 10386/18932 ...
[09/07 23:37:17] [TEST] Processing batch 10387/18932 ...
[09/07 23:37:17] [TEST] Processing batch 10388/18932 ...
[09/07 23:37:17] [TEST] Processing batch 10389/18932 ...
[09/07 23:37:17] [TEST] Processing batch 10390/18932 ...
[09/07 23:37:17] [TEST] Processing batch 10391/18932 ...
[09/07 23:37:17] [TEST] Processing batch 10392/18932 ...
[09/07 23:37:17] [TEST] Processing batch 10393/18932 ...
[09/07 23:37:17] [TEST] Processing batch 10394/18932 ...
[09/07 23:37:17] [TEST] Processing batch 10395/18932 ...
[09/07 23:37:17] [TEST] Processing batch 10396/18932 ...
[09/07 23:37:17] [TEST] Processing batch 10397/18932 ...
[09/07 23:37:17] [TEST] Processing batch 10398/18932 ...
[09/07 23:37:17] [TEST] Processing batch 10399/18932 ...
[09/07 23:37:18] [TEST] Processing batch 10400/18932 ...
[09/07 23:37:18] [TEST] Processing batch 10401/18932 ...
[09/07 23:37:18] [TEST] Processing batch 10402/18932 ...
[09/07 23:37:18] [TEST] Processing batch 10403/18932 ...
[09/07 23:37:18] [TEST] Processing batch 10404/18932 ...
[09/07 23:37:18] [TEST] Processing batch 10405/18932 ...
[09/07 23:37:18] [TEST] Processing batch 10406/18932 ...
[09/07 23:37:18] [TEST] Processing batch 10407/18932 ...
[09/07 23:37:18] [TEST] Processing batch 10408/18932 ...
[09/07 23:37:18] [TEST] Processing batch 10409/18932 ...
[09/07 23:37:18] [TEST] Processing batch 10410/18932 ...
[09/07 23:37:18] [TEST] Processing batch 10411/18932 ...
[09/07 23:37:18] [TEST] Processing batch 10412/18932 ...
[09/07 23:37:18] [TEST] Processing batch 10413/18932 ...
[09/07 23:37:18] [TEST] Processing batch 10414/18932 ...
[09/07 23:37:18] [TEST] Processing batch 10415/18932 ...
[09/07 23:37:18] [TEST] Processing batch 10416/18932 ...
[09/07 23:37:18] [TEST] Processing batch 10417/18932 ...
[09/07 23:37:19] [TEST] Processing batch 10418/18932 ...
[09/07 23:37:19] [TEST] Processing batch 10419/18932 ...
[09/07 23:37:19] [TEST] Processing batch 10420/18932 ...
[09/07 23:37:19] [TEST] Processing batch 10421/18932 ...
[09/07 23:37:19] [TEST] Processing batch 10422/18932 ...
[09/07 23:37:19] [TEST] Processing batch 10423/18932 ...
[09/07 23:37:19] [TEST] Processing batch 10424/18932 ...
[09/07 23:37:19] [TEST] Processing batch 10425/18932 ...
[09/07 23:37:19] [TEST] Processing batch 10426/18932 ...
[09/07 23:37:19] [TEST] Processing batch 10427/18932 ...
[09/07 23:37:19] [TEST] Processing batch 10428/18932 ...
[09/07 23:37:19] [TEST] Processing batch 10429/18932 ...
[09/07 23:37:19] [TEST] Processing batch 10430/18932 ...
[09/07 23:37:19] [TEST] Processing batch 10431/18932 ...
[09/07 23:37:19] [TEST] Processing batch 10432/18932 ...
[09/07 23:37:19] [TEST] Processing batch 10433/18932 ...
[09/07 23:37:19] [TEST] Processing batch 10434/18932 ...
[09/07 23:37:20] [TEST] Processing batch 10435/18932 ...
[09/07 23:37:20] [TEST] Processing batch 10436/18932 ...
[09/07 23:37:20] [TEST] Processing batch 10437/18932 ...
[09/07 23:37:20] [TEST] Processing batch 10438/18932 ...
[09/07 23:37:20] [TEST] Processing batch 10439/18932 ...
[09/07 23:37:20] [TEST] Processing batch 10440/18932 ...
[09/07 23:37:20] [TEST] Processing batch 10441/18932 ...
[09/07 23:37:20] [TEST] Processing batch 10442/18932 ...
[09/07 23:37:20] [TEST] Processing batch 10443/18932 ...
[09/07 23:37:20] [TEST] Processing batch 10444/18932 ...
[09/07 23:37:20] [TEST] Processing batch 10445/18932 ...
[09/07 23:37:20] [TEST] Processing batch 10446/18932 ...
[09/07 23:37:20] [TEST] Processing batch 10447/18932 ...
[09/07 23:37:20] [TEST] Processing batch 10448/18932 ...
[09/07 23:37:20] [TEST] Processing batch 10449/18932 ...
[09/07 23:37:20] [TEST] Processing batch 10450/18932 ...
[09/07 23:37:20] [TEST] Processing batch 10451/18932 ...
[09/07 23:37:20] [TEST] Processing batch 10452/18932 ...
[09/07 23:37:21] [TEST] Processing batch 10453/18932 ...
[09/07 23:37:21] [TEST] Processing batch 10454/18932 ...
[09/07 23:37:21] [TEST] Processing batch 10455/18932 ...
[09/07 23:37:21] [TEST] Processing batch 10456/18932 ...
[09/07 23:37:21] [TEST] Processing batch 10457/18932 ...
[09/07 23:37:21] [TEST] Processing batch 10458/18932 ...
[09/07 23:37:21] [TEST] Processing batch 10459/18932 ...
[09/07 23:37:21] [TEST] Processing batch 10460/18932 ...
[09/07 23:37:21] [TEST] Processing batch 10461/18932 ...
[09/07 23:37:21] [TEST] Processing batch 10462/18932 ...
[09/07 23:37:21] [TEST] Processing batch 10463/18932 ...
[09/07 23:37:21] [TEST] Processing batch 10464/18932 ...
[09/07 23:37:21] [TEST] Processing batch 10465/18932 ...
[09/07 23:37:21] [TEST] Processing batch 10466/18932 ...
[09/07 23:37:21] [TEST] Processing batch 10467/18932 ...
[09/07 23:37:21] [TEST] Processing batch 10468/18932 ...
[09/07 23:37:21] [TEST] Processing batch 10469/18932 ...
[09/07 23:37:21] [TEST] Processing batch 10470/18932 ...
[09/07 23:37:22] [TEST] Processing batch 10471/18932 ...
[09/07 23:37:22] [TEST] Processing batch 10472/18932 ...
[09/07 23:37:22] [TEST] Processing batch 10473/18932 ...
[09/07 23:37:22] [TEST] Processing batch 10474/18932 ...
[09/07 23:37:22] [TEST] Processing batch 10475/18932 ...
[09/07 23:37:22] [TEST] Processing batch 10476/18932 ...
[09/07 23:37:22] [TEST] Processing batch 10477/18932 ...
[09/07 23:37:22] [TEST] Processing batch 10478/18932 ...
[09/07 23:37:22] [TEST] Processing batch 10479/18932 ...
[09/07 23:37:22] [TEST] Processing batch 10480/18932 ...
[09/07 23:37:22] [TEST] Processing batch 10481/18932 ...
[09/07 23:37:22] [TEST] Processing batch 10482/18932 ...
[09/07 23:37:22] [TEST] Processing batch 10483/18932 ...
[09/07 23:37:22] [TEST] Processing batch 10484/18932 ...
[09/07 23:37:22] [TEST] Processing batch 10485/18932 ...
[09/07 23:37:22] [TEST] Processing batch 10486/18932 ...
[09/07 23:37:22] [TEST] Processing batch 10487/18932 ...
[09/07 23:37:22] [TEST] Processing batch 10488/18932 ...
[09/07 23:37:22] [TEST] Processing batch 10489/18932 ...
[09/07 23:37:23] [TEST] Processing batch 10490/18932 ...
[09/07 23:37:23] [TEST] Processing batch 10491/18932 ...
[09/07 23:37:23] [TEST] Processing batch 10492/18932 ...
[09/07 23:37:23] [TEST] Processing batch 10493/18932 ...
[09/07 23:37:23] [TEST] Processing batch 10494/18932 ...
[09/07 23:37:23] [TEST] Processing batch 10495/18932 ...
[09/07 23:37:23] [TEST] Processing batch 10496/18932 ...
[09/07 23:37:23] [TEST] Processing batch 10497/18932 ...
[09/07 23:37:23] [TEST] Processing batch 10498/18932 ...
[09/07 23:37:23] [TEST] Processing batch 10499/18932 ...
[09/07 23:37:23] [TEST] Processing batch 10500/18932 ...
[09/07 23:37:23] [TEST] Processing batch 10501/18932 ...
[09/07 23:37:23] [TEST] Processing batch 10502/18932 ...
[09/07 23:37:23] [TEST] Processing batch 10503/18932 ...
[09/07 23:37:23] [TEST] Processing batch 10504/18932 ...
[09/07 23:37:23] [TEST] Processing batch 10505/18932 ...
[09/07 23:37:23] [TEST] Processing batch 10506/18932 ...
[09/07 23:37:23] [TEST] Processing batch 10507/18932 ...
[09/07 23:37:24] [TEST] Processing batch 10508/18932 ...
[09/07 23:37:24] [TEST] Processing batch 10509/18932 ...
[09/07 23:37:24] [TEST] Processing batch 10510/18932 ...
[09/07 23:37:24] [TEST] Processing batch 10511/18932 ...
[09/07 23:37:24] [TEST] Processing batch 10512/18932 ...
[09/07 23:37:24] [TEST] Processing batch 10513/18932 ...
[09/07 23:37:24] [TEST] Processing batch 10514/18932 ...
[09/07 23:37:24] [TEST] Processing batch 10515/18932 ...
[09/07 23:37:24] [TEST] Processing batch 10516/18932 ...
[09/07 23:37:24] [TEST] Processing batch 10517/18932 ...
[09/07 23:37:24] [TEST] Processing batch 10518/18932 ...
[09/07 23:37:24] [TEST] Processing batch 10519/18932 ...
[09/07 23:37:24] [TEST] Processing batch 10520/18932 ...
[09/07 23:37:24] [TEST] Processing batch 10521/18932 ...
[09/07 23:37:24] [TEST] Processing batch 10522/18932 ...
[09/07 23:37:24] [TEST] Processing batch 10523/18932 ...
[09/07 23:37:24] [TEST] Processing batch 10524/18932 ...
[09/07 23:37:24] [TEST] Processing batch 10525/18932 ...
[09/07 23:37:25] [TEST] Processing batch 10526/18932 ...
[09/07 23:37:25] [TEST] Processing batch 10527/18932 ...
[09/07 23:37:25] [TEST] Processing batch 10528/18932 ...
[09/07 23:37:25] [TEST] Processing batch 10529/18932 ...
[09/07 23:37:25] [TEST] Processing batch 10530/18932 ...
[09/07 23:37:25] [TEST] Processing batch 10531/18932 ...
[09/07 23:37:25] [TEST] Processing batch 10532/18932 ...
[09/07 23:37:25] [TEST] Processing batch 10533/18932 ...
[09/07 23:37:25] [TEST] Processing batch 10534/18932 ...
[09/07 23:37:25] [TEST] Processing batch 10535/18932 ...
[09/07 23:37:25] [TEST] Processing batch 10536/18932 ...
[09/07 23:37:25] [TEST] Processing batch 10537/18932 ...
[09/07 23:37:25] [TEST] Processing batch 10538/18932 ...
[09/07 23:37:25] [TEST] Processing batch 10539/18932 ...
[09/07 23:37:25] [TEST] Processing batch 10540/18932 ...
[09/07 23:37:25] [TEST] Processing batch 10541/18932 ...
[09/07 23:37:25] [TEST] Processing batch 10542/18932 ...
[09/07 23:37:25] [TEST] Processing batch 10543/18932 ...
[09/07 23:37:26] [TEST] Processing batch 10544/18932 ...
[09/07 23:37:26] [TEST] Processing batch 10545/18932 ...
[09/07 23:37:26] [TEST] Processing batch 10546/18932 ...
[09/07 23:37:26] [TEST] Processing batch 10547/18932 ...
[09/07 23:37:26] [TEST] Processing batch 10548/18932 ...
[09/07 23:37:26] [TEST] Processing batch 10549/18932 ...
[09/07 23:37:26] [TEST] Processing batch 10550/18932 ...
[09/07 23:37:26] [TEST] Processing batch 10551/18932 ...
[09/07 23:37:26] [TEST] Processing batch 10552/18932 ...
[09/07 23:37:26] [TEST] Processing batch 10553/18932 ...
[09/07 23:37:26] [TEST] Processing batch 10554/18932 ...
[09/07 23:37:26] [TEST] Processing batch 10555/18932 ...
[09/07 23:37:26] [TEST] Processing batch 10556/18932 ...
[09/07 23:37:26] [TEST] Processing batch 10557/18932 ...
[09/07 23:37:26] [TEST] Processing batch 10558/18932 ...
[09/07 23:37:26] [TEST] Processing batch 10559/18932 ...
[09/07 23:37:26] [TEST] Processing batch 10560/18932 ...
[09/07 23:37:26] [TEST] Processing batch 10561/18932 ...
[09/07 23:37:27] [TEST] Processing batch 10562/18932 ...
[09/07 23:37:27] [TEST] Processing batch 10563/18932 ...
[09/07 23:37:27] [TEST] Processing batch 10564/18932 ...
[09/07 23:37:27] [TEST] Processing batch 10565/18932 ...
[09/07 23:37:27] [TEST] Processing batch 10566/18932 ...
[09/07 23:37:27] [TEST] Processing batch 10567/18932 ...
[09/07 23:37:27] [TEST] Processing batch 10568/18932 ...
[09/07 23:37:27] [TEST] Processing batch 10569/18932 ...
[09/07 23:37:27] [TEST] Processing batch 10570/18932 ...
[09/07 23:37:27] [TEST] Processing batch 10571/18932 ...
[09/07 23:37:27] [TEST] Processing batch 10572/18932 ...
[09/07 23:37:27] [TEST] Processing batch 10573/18932 ...
[09/07 23:37:27] [TEST] Processing batch 10574/18932 ...
[09/07 23:37:27] [TEST] Processing batch 10575/18932 ...
[09/07 23:37:27] [TEST] Processing batch 10576/18932 ...
[09/07 23:37:27] [TEST] Processing batch 10577/18932 ...
[09/07 23:37:27] [TEST] Processing batch 10578/18932 ...
[09/07 23:37:27] [TEST] Processing batch 10579/18932 ...
[09/07 23:37:28] [TEST] Processing batch 10580/18932 ...
[09/07 23:37:28] [TEST] Processing batch 10581/18932 ...
[09/07 23:37:28] [TEST] Processing batch 10582/18932 ...
[09/07 23:37:28] [TEST] Processing batch 10583/18932 ...
[09/07 23:37:28] [TEST] Processing batch 10584/18932 ...
[09/07 23:37:28] [TEST] Processing batch 10585/18932 ...
[09/07 23:37:28] [TEST] Processing batch 10586/18932 ...
[09/07 23:37:28] [TEST] Processing batch 10587/18932 ...
[09/07 23:37:28] [TEST] Processing batch 10588/18932 ...
[09/07 23:37:28] [TEST] Processing batch 10589/18932 ...
[09/07 23:37:28] [TEST] Processing batch 10590/18932 ...
[09/07 23:37:28] [TEST] Processing batch 10591/18932 ...
[09/07 23:37:28] [TEST] Processing batch 10592/18932 ...
[09/07 23:37:28] [TEST] Processing batch 10593/18932 ...
[09/07 23:37:28] [TEST] Processing batch 10594/18932 ...
[09/07 23:37:28] [TEST] Processing batch 10595/18932 ...
[09/07 23:37:28] [TEST] Processing batch 10596/18932 ...
[09/07 23:37:28] [TEST] Processing batch 10597/18932 ...
[09/07 23:37:29] [TEST] Processing batch 10598/18932 ...
[09/07 23:37:29] [TEST] Processing batch 10599/18932 ...
[09/07 23:37:29] [TEST] Processing batch 10600/18932 ...
[09/07 23:37:29] [TEST] Processing batch 10601/18932 ...
[09/07 23:37:29] [TEST] Processing batch 10602/18932 ...
[09/07 23:37:29] [TEST] Processing batch 10603/18932 ...
[09/07 23:37:29] [TEST] Processing batch 10604/18932 ...
[09/07 23:37:29] [TEST] Processing batch 10605/18932 ...
[09/07 23:37:29] [TEST] Processing batch 10606/18932 ...
[09/07 23:37:29] [TEST] Processing batch 10607/18932 ...
[09/07 23:37:29] [TEST] Processing batch 10608/18932 ...
[09/07 23:37:29] [TEST] Processing batch 10609/18932 ...
[09/07 23:37:29] [TEST] Processing batch 10610/18932 ...
[09/07 23:37:29] [TEST] Processing batch 10611/18932 ...
[09/07 23:37:29] [TEST] Processing batch 10612/18932 ...
[09/07 23:37:29] [TEST] Processing batch 10613/18932 ...
[09/07 23:37:29] [TEST] Processing batch 10614/18932 ...
[09/07 23:37:29] [TEST] Processing batch 10615/18932 ...
[09/07 23:37:29] [TEST] Processing batch 10616/18932 ...
[09/07 23:37:30] [TEST] Processing batch 10617/18932 ...
[09/07 23:37:30] [TEST] Processing batch 10618/18932 ...
[09/07 23:37:30] [TEST] Processing batch 10619/18932 ...
[09/07 23:37:30] [TEST] Processing batch 10620/18932 ...
[09/07 23:37:30] [TEST] Processing batch 10621/18932 ...
[09/07 23:37:30] [TEST] Processing batch 10622/18932 ...
[09/07 23:37:30] [TEST] Processing batch 10623/18932 ...
[09/07 23:37:30] [TEST] Processing batch 10624/18932 ...
[09/07 23:37:30] [TEST] Processing batch 10625/18932 ...
[09/07 23:37:30] [TEST] Processing batch 10626/18932 ...
[09/07 23:37:30] [TEST] Processing batch 10627/18932 ...
[09/07 23:37:30] [TEST] Processing batch 10628/18932 ...
[09/07 23:37:30] [TEST] Processing batch 10629/18932 ...
[09/07 23:37:30] [TEST] Processing batch 10630/18932 ...
[09/07 23:37:30] [TEST] Processing batch 10631/18932 ...
[09/07 23:37:30] [TEST] Processing batch 10632/18932 ...
[09/07 23:37:30] [TEST] Processing batch 10633/18932 ...
[09/07 23:37:31] [TEST] Processing batch 10634/18932 ...
[09/07 23:37:31] [TEST] Processing batch 10635/18932 ...
[09/07 23:37:31] [TEST] Processing batch 10636/18932 ...
[09/07 23:37:31] [TEST] Processing batch 10637/18932 ...
[09/07 23:37:31] [TEST] Processing batch 10638/18932 ...
[09/07 23:37:31] [TEST] Processing batch 10639/18932 ...
[09/07 23:37:31] [TEST] Processing batch 10640/18932 ...
[09/07 23:37:31] [TEST] Processing batch 10641/18932 ...
[09/07 23:37:31] [TEST] Processing batch 10642/18932 ...
[09/07 23:37:31] [TEST] Processing batch 10643/18932 ...
[09/07 23:37:31] [TEST] Processing batch 10644/18932 ...
[09/07 23:37:31] [TEST] Processing batch 10645/18932 ...
[09/07 23:37:31] [TEST] Processing batch 10646/18932 ...
[09/07 23:37:31] [TEST] Processing batch 10647/18932 ...
[09/07 23:37:31] [TEST] Processing batch 10648/18932 ...
[09/07 23:37:31] [TEST] Processing batch 10649/18932 ...
[09/07 23:37:31] [TEST] Processing batch 10650/18932 ...
[09/07 23:37:31] [TEST] Processing batch 10651/18932 ...
[09/07 23:37:32] [TEST] Processing batch 10652/18932 ...
[09/07 23:37:32] [TEST] Processing batch 10653/18932 ...
[09/07 23:37:32] [TEST] Processing batch 10654/18932 ...
[09/07 23:37:32] [TEST] Processing batch 10655/18932 ...
[09/07 23:37:32] [TEST] Processing batch 10656/18932 ...
[09/07 23:37:32] [TEST] Processing batch 10657/18932 ...
[09/07 23:37:32] [TEST] Processing batch 10658/18932 ...
[09/07 23:37:32] [TEST] Processing batch 10659/18932 ...
[09/07 23:37:32] [TEST] Processing batch 10660/18932 ...
[09/07 23:37:32] [TEST] Processing batch 10661/18932 ...
[09/07 23:37:32] [TEST] Processing batch 10662/18932 ...
[09/07 23:37:32] [TEST] Processing batch 10663/18932 ...
[09/07 23:37:32] [TEST] Processing batch 10664/18932 ...
[09/07 23:37:32] [TEST] Processing batch 10665/18932 ...
[09/07 23:37:32] [TEST] Processing batch 10666/18932 ...
[09/07 23:37:32] [TEST] Processing batch 10667/18932 ...
[09/07 23:37:32] [TEST] Processing batch 10668/18932 ...
[09/07 23:37:32] [TEST] Processing batch 10669/18932 ...
[09/07 23:37:33] [TEST] Processing batch 10670/18932 ...
[09/07 23:37:33] [TEST] Processing batch 10671/18932 ...
[09/07 23:37:33] [TEST] Processing batch 10672/18932 ...
[09/07 23:37:33] [TEST] Processing batch 10673/18932 ...
[09/07 23:37:33] [TEST] Processing batch 10674/18932 ...
[09/07 23:37:33] [TEST] Processing batch 10675/18932 ...
[09/07 23:37:33] [TEST] Processing batch 10676/18932 ...
[09/07 23:37:33] [TEST] Processing batch 10677/18932 ...
[09/07 23:37:33] [TEST] Processing batch 10678/18932 ...
[09/07 23:37:33] [TEST] Processing batch 10679/18932 ...
[09/07 23:37:33] [TEST] Processing batch 10680/18932 ...
[09/07 23:37:33] [TEST] Processing batch 10681/18932 ...
[09/07 23:37:33] [TEST] Processing batch 10682/18932 ...
[09/07 23:37:33] [TEST] Processing batch 10683/18932 ...
[09/07 23:37:33] [TEST] Processing batch 10684/18932 ...
[09/07 23:37:33] [TEST] Processing batch 10685/18932 ...
[09/07 23:37:33] [TEST] Processing batch 10686/18932 ...
[09/07 23:37:33] [TEST] Processing batch 10687/18932 ...
[09/07 23:37:34] [TEST] Processing batch 10688/18932 ...
[09/07 23:37:34] [TEST] Processing batch 10689/18932 ...
[09/07 23:37:34] [TEST] Processing batch 10690/18932 ...
[09/07 23:37:34] [TEST] Processing batch 10691/18932 ...
[09/07 23:37:34] [TEST] Processing batch 10692/18932 ...
[09/07 23:37:34] [TEST] Processing batch 10693/18932 ...
[09/07 23:37:34] [TEST] Processing batch 10694/18932 ...
[09/07 23:37:34] [TEST] Processing batch 10695/18932 ...
[09/07 23:37:34] [TEST] Processing batch 10696/18932 ...
[09/07 23:37:34] [TEST] Processing batch 10697/18932 ...
[09/07 23:37:34] [TEST] Processing batch 10698/18932 ...
[09/07 23:37:34] [TEST] Processing batch 10699/18932 ...
[09/07 23:37:34] [TEST] Processing batch 10700/18932 ...
[09/07 23:37:34] [TEST] Processing batch 10701/18932 ...
[09/07 23:37:34] [TEST] Processing batch 10702/18932 ...
[09/07 23:37:34] [TEST] Processing batch 10703/18932 ...
[09/07 23:37:34] [TEST] Processing batch 10704/18932 ...
[09/07 23:37:34] [TEST] Processing batch 10705/18932 ...
[09/07 23:37:35] [TEST] Processing batch 10706/18932 ...
[09/07 23:37:35] [TEST] Processing batch 10707/18932 ...
[09/07 23:37:35] [TEST] Processing batch 10708/18932 ...
[09/07 23:37:35] [TEST] Processing batch 10709/18932 ...
[09/07 23:37:35] [TEST] Processing batch 10710/18932 ...
[09/07 23:37:35] [TEST] Processing batch 10711/18932 ...
[09/07 23:37:35] [TEST] Processing batch 10712/18932 ...
[09/07 23:37:35] [TEST] Processing batch 10713/18932 ...
[09/07 23:37:35] [TEST] Processing batch 10714/18932 ...
[09/07 23:37:35] [TEST] Processing batch 10715/18932 ...
[09/07 23:37:35] [TEST] Processing batch 10716/18932 ...
[09/07 23:37:35] [TEST] Processing batch 10717/18932 ...
[09/07 23:37:35] [TEST] Processing batch 10718/18932 ...
[09/07 23:37:35] [TEST] Processing batch 10719/18932 ...
[09/07 23:37:35] [TEST] Processing batch 10720/18932 ...
[09/07 23:37:35] [TEST] Processing batch 10721/18932 ...
[09/07 23:37:35] [TEST] Processing batch 10722/18932 ...
[09/07 23:37:35] [TEST] Processing batch 10723/18932 ...
[09/07 23:37:36] [TEST] Processing batch 10724/18932 ...
[09/07 23:37:36] [TEST] Processing batch 10725/18932 ...
[09/07 23:37:36] [TEST] Processing batch 10726/18932 ...
[09/07 23:37:36] [TEST] Processing batch 10727/18932 ...
[09/07 23:37:36] [TEST] Processing batch 10728/18932 ...
[09/07 23:37:36] [TEST] Processing batch 10729/18932 ...
[09/07 23:37:36] [TEST] Processing batch 10730/18932 ...
[09/07 23:37:36] [TEST] Processing batch 10731/18932 ...
[09/07 23:37:36] [TEST] Processing batch 10732/18932 ...
[09/07 23:37:36] [TEST] Processing batch 10733/18932 ...
[09/07 23:37:36] [TEST] Processing batch 10734/18932 ...
[09/07 23:37:36] [TEST] Processing batch 10735/18932 ...
[09/07 23:37:36] [TEST] Processing batch 10736/18932 ...
[09/07 23:37:36] [TEST] Processing batch 10737/18932 ...
[09/07 23:37:36] [TEST] Processing batch 10738/18932 ...
[09/07 23:37:36] [TEST] Processing batch 10739/18932 ...
[09/07 23:37:36] [TEST] Processing batch 10740/18932 ...
[09/07 23:37:36] [TEST] Processing batch 10741/18932 ...
[09/07 23:37:37] [TEST] Processing batch 10742/18932 ...
[09/07 23:37:37] [TEST] Processing batch 10743/18932 ...
[09/07 23:37:37] [TEST] Processing batch 10744/18932 ...
[09/07 23:37:37] [TEST] Processing batch 10745/18932 ...
[09/07 23:37:37] [TEST] Processing batch 10746/18932 ...
[09/07 23:37:37] [TEST] Processing batch 10747/18932 ...
[09/07 23:37:37] [TEST] Processing batch 10748/18932 ...
[09/07 23:37:37] [TEST] Processing batch 10749/18932 ...
[09/07 23:37:37] [TEST] Processing batch 10750/18932 ...
[09/07 23:37:37] [TEST] Processing batch 10751/18932 ...
[09/07 23:37:37] [TEST] Processing batch 10752/18932 ...
[09/07 23:37:37] [TEST] Processing batch 10753/18932 ...
[09/07 23:37:37] [TEST] Processing batch 10754/18932 ...
[09/07 23:37:37] [TEST] Processing batch 10755/18932 ...
[09/07 23:37:37] [TEST] Processing batch 10756/18932 ...
[09/07 23:37:37] [TEST] Processing batch 10757/18932 ...
[09/07 23:37:38] [TEST] Processing batch 10758/18932 ...
[09/07 23:37:38] [TEST] Processing batch 10759/18932 ...
[09/07 23:37:38] [TEST] Processing batch 10760/18932 ...
[09/07 23:37:38] [TEST] Processing batch 10761/18932 ...
[09/07 23:37:38] [TEST] Processing batch 10762/18932 ...
[09/07 23:37:38] [TEST] Processing batch 10763/18932 ...
[09/07 23:37:38] [TEST] Processing batch 10764/18932 ...
[09/07 23:37:38] [TEST] Processing batch 10765/18932 ...
[09/07 23:37:38] [TEST] Processing batch 10766/18932 ...
[09/07 23:37:38] [TEST] Processing batch 10767/18932 ...
[09/07 23:37:38] [TEST] Processing batch 10768/18932 ...
[09/07 23:37:38] [TEST] Processing batch 10769/18932 ...
[09/07 23:37:38] [TEST] Processing batch 10770/18932 ...
[09/07 23:37:38] [TEST] Processing batch 10771/18932 ...
[09/07 23:37:38] [TEST] Processing batch 10772/18932 ...
[09/07 23:37:38] [TEST] Processing batch 10773/18932 ...
[09/07 23:37:39] [TEST] Processing batch 10774/18932 ...
[09/07 23:37:39] [TEST] Processing batch 10775/18932 ...
[09/07 23:37:39] [TEST] Processing batch 10776/18932 ...
[09/07 23:37:39] [TEST] Processing batch 10777/18932 ...
[09/07 23:37:39] [TEST] Processing batch 10778/18932 ...
[09/07 23:37:39] [TEST] Processing batch 10779/18932 ...
[09/07 23:37:39] [TEST] Processing batch 10780/18932 ...
[09/07 23:37:39] [TEST] Processing batch 10781/18932 ...
[09/07 23:37:39] [TEST] Processing batch 10782/18932 ...
[09/07 23:37:39] [TEST] Processing batch 10783/18932 ...
[09/07 23:37:39] [TEST] Processing batch 10784/18932 ...
[09/07 23:37:39] [TEST] Processing batch 10785/18932 ...
[09/07 23:37:39] [TEST] Processing batch 10786/18932 ...
[09/07 23:37:39] [TEST] Processing batch 10787/18932 ...
[09/07 23:37:39] [TEST] Processing batch 10788/18932 ...
[09/07 23:37:39] [TEST] Processing batch 10789/18932 ...
[09/07 23:37:39] [TEST] Processing batch 10790/18932 ...
[09/07 23:37:39] [TEST] Processing batch 10791/18932 ...
[09/07 23:37:40] [TEST] Processing batch 10792/18932 ...
[09/07 23:37:40] [TEST] Processing batch 10793/18932 ...
[09/07 23:37:40] [TEST] Processing batch 10794/18932 ...
[09/07 23:37:40] [TEST] Processing batch 10795/18932 ...
[09/07 23:37:40] [TEST] Processing batch 10796/18932 ...
[09/07 23:37:40] [TEST] Processing batch 10797/18932 ...
[09/07 23:37:40] [TEST] Processing batch 10798/18932 ...
[09/07 23:37:40] [TEST] Processing batch 10799/18932 ...
[09/07 23:37:40] [TEST] Processing batch 10800/18932 ...
[09/07 23:37:40] [TEST] Processing batch 10801/18932 ...
[09/07 23:37:40] [TEST] Processing batch 10802/18932 ...
[09/07 23:37:40] [TEST] Processing batch 10803/18932 ...
[09/07 23:37:40] [TEST] Processing batch 10804/18932 ...
[09/07 23:37:40] [TEST] Processing batch 10805/18932 ...
[09/07 23:37:40] [TEST] Processing batch 10806/18932 ...
[09/07 23:37:40] [TEST] Processing batch 10807/18932 ...
[09/07 23:37:40] [TEST] Processing batch 10808/18932 ...
[09/07 23:37:41] [TEST] Processing batch 10809/18932 ...
[09/07 23:37:41] [TEST] Processing batch 10810/18932 ...
[09/07 23:37:41] [TEST] Processing batch 10811/18932 ...
[09/07 23:37:41] [TEST] Processing batch 10812/18932 ...
[09/07 23:37:41] [TEST] Processing batch 10813/18932 ...
[09/07 23:37:41] [TEST] Processing batch 10814/18932 ...
[09/07 23:37:41] [TEST] Processing batch 10815/18932 ...
[09/07 23:37:41] [TEST] Processing batch 10816/18932 ...
[09/07 23:37:41] [TEST] Processing batch 10817/18932 ...
[09/07 23:37:41] [TEST] Processing batch 10818/18932 ...
[09/07 23:37:41] [TEST] Processing batch 10819/18932 ...
[09/07 23:37:41] [TEST] Processing batch 10820/18932 ...
[09/07 23:37:41] [TEST] Processing batch 10821/18932 ...
[09/07 23:37:41] [TEST] Processing batch 10822/18932 ...
[09/07 23:37:41] [TEST] Processing batch 10823/18932 ...
[09/07 23:37:41] [TEST] Processing batch 10824/18932 ...
[09/07 23:37:41] [TEST] Processing batch 10825/18932 ...
[09/07 23:37:41] [TEST] Processing batch 10826/18932 ...
[09/07 23:37:42] [TEST] Processing batch 10827/18932 ...
[09/07 23:37:42] [TEST] Processing batch 10828/18932 ...
[09/07 23:37:42] [TEST] Processing batch 10829/18932 ...
[09/07 23:37:42] [TEST] Processing batch 10830/18932 ...
[09/07 23:37:42] [TEST] Processing batch 10831/18932 ...
[09/07 23:37:42] [TEST] Processing batch 10832/18932 ...
[09/07 23:37:42] [TEST] Processing batch 10833/18932 ...
[09/07 23:37:42] [TEST] Processing batch 10834/18932 ...
[09/07 23:37:42] [TEST] Processing batch 10835/18932 ...
[09/07 23:37:42] [TEST] Processing batch 10836/18932 ...
[09/07 23:37:42] [TEST] Processing batch 10837/18932 ...
[09/07 23:37:42] [TEST] Processing batch 10838/18932 ...
[09/07 23:37:42] [TEST] Processing batch 10839/18932 ...
[09/07 23:37:42] [TEST] Processing batch 10840/18932 ...
[09/07 23:37:42] [TEST] Processing batch 10841/18932 ...
[09/07 23:37:42] [TEST] Processing batch 10842/18932 ...
[09/07 23:37:42] [TEST] Processing batch 10843/18932 ...
[09/07 23:37:42] [TEST] Processing batch 10844/18932 ...
[09/07 23:37:43] [TEST] Processing batch 10845/18932 ...
[09/07 23:37:43] [TEST] Processing batch 10846/18932 ...
[09/07 23:37:43] [TEST] Processing batch 10847/18932 ...
[09/07 23:37:43] [TEST] Processing batch 10848/18932 ...
[09/07 23:37:43] [TEST] Processing batch 10849/18932 ...
[09/07 23:37:43] [TEST] Processing batch 10850/18932 ...
[09/07 23:37:43] [TEST] Processing batch 10851/18932 ...
[09/07 23:37:43] [TEST] Processing batch 10852/18932 ...
[09/07 23:37:43] [TEST] Processing batch 10853/18932 ...
[09/07 23:37:43] [TEST] Processing batch 10854/18932 ...
[09/07 23:37:43] [TEST] Processing batch 10855/18932 ...
[09/07 23:37:43] [TEST] Processing batch 10856/18932 ...
[09/07 23:37:43] [TEST] Processing batch 10857/18932 ...
[09/07 23:37:43] [TEST] Processing batch 10858/18932 ...
[09/07 23:37:43] [TEST] Processing batch 10859/18932 ...
[09/07 23:37:43] [TEST] Processing batch 10860/18932 ...
[09/07 23:37:43] [TEST] Processing batch 10861/18932 ...
[09/07 23:37:43] [TEST] Processing batch 10862/18932 ...
[09/07 23:37:44] [TEST] Processing batch 10863/18932 ...
[09/07 23:37:44] [TEST] Processing batch 10864/18932 ...
[09/07 23:37:44] [TEST] Processing batch 10865/18932 ...
[09/07 23:37:44] [TEST] Processing batch 10866/18932 ...
[09/07 23:37:44] [TEST] Processing batch 10867/18932 ...
[09/07 23:37:44] [TEST] Processing batch 10868/18932 ...
[09/07 23:37:44] [TEST] Processing batch 10869/18932 ...
[09/07 23:37:44] [TEST] Processing batch 10870/18932 ...
[09/07 23:37:44] [TEST] Processing batch 10871/18932 ...
[09/07 23:37:44] [TEST] Processing batch 10872/18932 ...
[09/07 23:37:44] [TEST] Processing batch 10873/18932 ...
[09/07 23:37:44] [TEST] Processing batch 10874/18932 ...
[09/07 23:37:44] [TEST] Processing batch 10875/18932 ...
[09/07 23:37:44] [TEST] Processing batch 10876/18932 ...
[09/07 23:37:44] [TEST] Processing batch 10877/18932 ...
[09/07 23:37:44] [TEST] Processing batch 10878/18932 ...
[09/07 23:37:44] [TEST] Processing batch 10879/18932 ...
[09/07 23:37:45] [TEST] Processing batch 10880/18932 ...
[09/07 23:37:45] [TEST] Processing batch 10881/18932 ...
[09/07 23:37:45] [TEST] Processing batch 10882/18932 ...
[09/07 23:37:45] [TEST] Processing batch 10883/18932 ...
[09/07 23:37:45] [TEST] Processing batch 10884/18932 ...
[09/07 23:37:45] [TEST] Processing batch 10885/18932 ...
[09/07 23:37:45] [TEST] Processing batch 10886/18932 ...
[09/07 23:37:45] [TEST] Processing batch 10887/18932 ...
[09/07 23:37:45] [TEST] Processing batch 10888/18932 ...
[09/07 23:37:45] [TEST] Processing batch 10889/18932 ...
[09/07 23:37:45] [TEST] Processing batch 10890/18932 ...
[09/07 23:37:45] [TEST] Processing batch 10891/18932 ...
[09/07 23:37:45] [TEST] Processing batch 10892/18932 ...
[09/07 23:37:45] [TEST] Processing batch 10893/18932 ...
[09/07 23:37:45] [TEST] Processing batch 10894/18932 ...
[09/07 23:37:45] [TEST] Processing batch 10895/18932 ...
[09/07 23:37:45] [TEST] Processing batch 10896/18932 ...
[09/07 23:37:45] [TEST] Processing batch 10897/18932 ...
[09/07 23:37:46] [TEST] Processing batch 10898/18932 ...
[09/07 23:37:46] [TEST] Processing batch 10899/18932 ...
[09/07 23:37:46] [TEST] Processing batch 10900/18932 ...
[09/07 23:37:46] [TEST] Processing batch 10901/18932 ...
[09/07 23:37:46] [TEST] Processing batch 10902/18932 ...
[09/07 23:37:46] [TEST] Processing batch 10903/18932 ...
[09/07 23:37:46] [TEST] Processing batch 10904/18932 ...
[09/07 23:37:46] [TEST] Processing batch 10905/18932 ...
[09/07 23:37:46] [TEST] Processing batch 10906/18932 ...
[09/07 23:37:46] [TEST] Processing batch 10907/18932 ...
[09/07 23:37:46] [TEST] Processing batch 10908/18932 ...
[09/07 23:37:46] [TEST] Processing batch 10909/18932 ...
[09/07 23:37:46] [TEST] Processing batch 10910/18932 ...
[09/07 23:37:46] [TEST] Processing batch 10911/18932 ...
[09/07 23:37:46] [TEST] Processing batch 10912/18932 ...
[09/07 23:37:46] [TEST] Processing batch 10913/18932 ...
[09/07 23:37:46] [TEST] Processing batch 10914/18932 ...
[09/07 23:37:47] [TEST] Processing batch 10915/18932 ...
[09/07 23:37:47] [TEST] Processing batch 10916/18932 ...
[09/07 23:37:47] [TEST] Processing batch 10917/18932 ...
[09/07 23:37:47] [TEST] Processing batch 10918/18932 ...
[09/07 23:37:47] [TEST] Processing batch 10919/18932 ...
[09/07 23:37:47] [TEST] Processing batch 10920/18932 ...
[09/07 23:37:47] [TEST] Processing batch 10921/18932 ...
[09/07 23:37:47] [TEST] Processing batch 10922/18932 ...
[09/07 23:37:47] [TEST] Processing batch 10923/18932 ...
[09/07 23:37:47] [TEST] Processing batch 10924/18932 ...
[09/07 23:37:47] [TEST] Processing batch 10925/18932 ...
[09/07 23:37:47] [TEST] Processing batch 10926/18932 ...
[09/07 23:37:47] [TEST] Processing batch 10927/18932 ...
[09/07 23:37:47] [TEST] Processing batch 10928/18932 ...
[09/07 23:37:47] [TEST] Processing batch 10929/18932 ...
[09/07 23:37:47] [TEST] Processing batch 10930/18932 ...
[09/07 23:37:47] [TEST] Processing batch 10931/18932 ...
[09/07 23:37:47] [TEST] Processing batch 10932/18932 ...
[09/07 23:37:47] [TEST] Processing batch 10933/18932 ...
[09/07 23:37:48] [TEST] Processing batch 10934/18932 ...
[09/07 23:37:48] [TEST] Processing batch 10935/18932 ...
[09/07 23:37:48] [TEST] Processing batch 10936/18932 ...
[09/07 23:37:48] [TEST] Processing batch 10937/18932 ...
[09/07 23:37:48] [TEST] Processing batch 10938/18932 ...
[09/07 23:37:48] [TEST] Processing batch 10939/18932 ...
[09/07 23:37:48] [TEST] Processing batch 10940/18932 ...
[09/07 23:37:48] [TEST] Processing batch 10941/18932 ...
[09/07 23:37:48] [TEST] Processing batch 10942/18932 ...
[09/07 23:37:48] [TEST] Processing batch 10943/18932 ...
[09/07 23:37:48] [TEST] Processing batch 10944/18932 ...
[09/07 23:37:48] [TEST] Processing batch 10945/18932 ...
[09/07 23:37:48] [TEST] Processing batch 10946/18932 ...
[09/07 23:37:48] [TEST] Processing batch 10947/18932 ...
[09/07 23:37:48] [TEST] Processing batch 10948/18932 ...
[09/07 23:37:48] [TEST] Processing batch 10949/18932 ...
[09/07 23:37:48] [TEST] Processing batch 10950/18932 ...
[09/07 23:37:48] [TEST] Processing batch 10951/18932 ...
[09/07 23:37:49] [TEST] Processing batch 10952/18932 ...
[09/07 23:37:49] [TEST] Processing batch 10953/18932 ...
[09/07 23:37:49] [TEST] Processing batch 10954/18932 ...
[09/07 23:37:49] [TEST] Processing batch 10955/18932 ...
[09/07 23:37:49] [TEST] Processing batch 10956/18932 ...
[09/07 23:37:49] [TEST] Processing batch 10957/18932 ...
[09/07 23:37:49] [TEST] Processing batch 10958/18932 ...
[09/07 23:37:49] [TEST] Processing batch 10959/18932 ...
[09/07 23:37:49] [TEST] Processing batch 10960/18932 ...
[09/07 23:37:49] [TEST] Processing batch 10961/18932 ...
[09/07 23:37:49] [TEST] Processing batch 10962/18932 ...
[09/07 23:37:49] [TEST] Processing batch 10963/18932 ...
[09/07 23:37:49] [TEST] Processing batch 10964/18932 ...
[09/07 23:37:49] [TEST] Processing batch 10965/18932 ...
[09/07 23:37:49] [TEST] Processing batch 10966/18932 ...
[09/07 23:37:49] [TEST] Processing batch 10967/18932 ...
[09/07 23:37:49] [TEST] Processing batch 10968/18932 ...
[09/07 23:37:49] [TEST] Processing batch 10969/18932 ...
[09/07 23:37:50] [TEST] Processing batch 10970/18932 ...
[09/07 23:37:50] [TEST] Processing batch 10971/18932 ...
[09/07 23:37:50] [TEST] Processing batch 10972/18932 ...
[09/07 23:37:50] [TEST] Processing batch 10973/18932 ...
[09/07 23:37:50] [TEST] Processing batch 10974/18932 ...
[09/07 23:37:50] [TEST] Processing batch 10975/18932 ...
[09/07 23:37:50] [TEST] Processing batch 10976/18932 ...
[09/07 23:37:50] [TEST] Processing batch 10977/18932 ...
[09/07 23:37:50] [TEST] Processing batch 10978/18932 ...
[09/07 23:37:50] [TEST] Processing batch 10979/18932 ...
[09/07 23:37:50] [TEST] Processing batch 10980/18932 ...
[09/07 23:37:50] [TEST] Processing batch 10981/18932 ...
[09/07 23:37:50] [TEST] Processing batch 10982/18932 ...
[09/07 23:37:50] [TEST] Processing batch 10983/18932 ...
[09/07 23:37:50] [TEST] Processing batch 10984/18932 ...
[09/07 23:37:50] [TEST] Processing batch 10985/18932 ...
[09/07 23:37:50] [TEST] Processing batch 10986/18932 ...
[09/07 23:37:50] [TEST] Processing batch 10987/18932 ...
[09/07 23:37:51] [TEST] Processing batch 10988/18932 ...
[09/07 23:37:51] [TEST] Processing batch 10989/18932 ...
[09/07 23:37:51] [TEST] Processing batch 10990/18932 ...
[09/07 23:37:51] [TEST] Processing batch 10991/18932 ...
[09/07 23:37:51] [TEST] Processing batch 10992/18932 ...
[09/07 23:37:51] [TEST] Processing batch 10993/18932 ...
[09/07 23:37:51] [TEST] Processing batch 10994/18932 ...
[09/07 23:37:51] [TEST] Processing batch 10995/18932 ...
[09/07 23:37:51] [TEST] Processing batch 10996/18932 ...
[09/07 23:37:51] [TEST] Processing batch 10997/18932 ...
[09/07 23:37:51] [TEST] Processing batch 10998/18932 ...
[09/07 23:37:51] [TEST] Processing batch 10999/18932 ...
[09/07 23:37:51] [TEST] Processing batch 11000/18932 ...
[09/07 23:37:51] [TEST] Processing batch 11001/18932 ...
[09/07 23:37:51] [TEST] Processing batch 11002/18932 ...
[09/07 23:37:51] [TEST] Processing batch 11003/18932 ...
[09/07 23:37:51] [TEST] Processing batch 11004/18932 ...
[09/07 23:37:51] [TEST] Processing batch 11005/18932 ...
[09/07 23:37:52] [TEST] Processing batch 11006/18932 ...
[09/07 23:37:52] [TEST] Processing batch 11007/18932 ...
[09/07 23:37:52] [TEST] Processing batch 11008/18932 ...
[09/07 23:37:52] [TEST] Processing batch 11009/18932 ...
[09/07 23:37:52] [TEST] Processing batch 11010/18932 ...
[09/07 23:37:52] [TEST] Processing batch 11011/18932 ...
[09/07 23:37:52] [TEST] Processing batch 11012/18932 ...
[09/07 23:37:52] [TEST] Processing batch 11013/18932 ...
[09/07 23:37:52] [TEST] Processing batch 11014/18932 ...
[09/07 23:37:52] [TEST] Processing batch 11015/18932 ...
[09/07 23:37:52] [TEST] Processing batch 11016/18932 ...
[09/07 23:37:52] [TEST] Processing batch 11017/18932 ...
[09/07 23:37:52] [TEST] Processing batch 11018/18932 ...
[09/07 23:37:52] [TEST] Processing batch 11019/18932 ...
[09/07 23:37:52] [TEST] Processing batch 11020/18932 ...
[09/07 23:37:52] [TEST] Processing batch 11021/18932 ...
[09/07 23:37:52] [TEST] Processing batch 11022/18932 ...
[09/07 23:37:52] [TEST] Processing batch 11023/18932 ...
[09/07 23:37:53] [TEST] Processing batch 11024/18932 ...
[09/07 23:37:53] [TEST] Processing batch 11025/18932 ...
[09/07 23:37:53] [TEST] Processing batch 11026/18932 ...
[09/07 23:37:53] [TEST] Processing batch 11027/18932 ...
[09/07 23:37:53] [TEST] Processing batch 11028/18932 ...
[09/07 23:37:53] [TEST] Processing batch 11029/18932 ...
[09/07 23:37:53] [TEST] Processing batch 11030/18932 ...
[09/07 23:37:53] [TEST] Processing batch 11031/18932 ...
[09/07 23:37:53] [TEST] Processing batch 11032/18932 ...
[09/07 23:37:53] [TEST] Processing batch 11033/18932 ...
[09/07 23:37:53] [TEST] Processing batch 11034/18932 ...
[09/07 23:37:53] [TEST] Processing batch 11035/18932 ...
[09/07 23:37:53] [TEST] Processing batch 11036/18932 ...
[09/07 23:37:53] [TEST] Processing batch 11037/18932 ...
[09/07 23:37:53] [TEST] Processing batch 11038/18932 ...
[09/07 23:37:53] [TEST] Processing batch 11039/18932 ...
[09/07 23:37:53] [TEST] Processing batch 11040/18932 ...
[09/07 23:37:53] [TEST] Processing batch 11041/18932 ...
[09/07 23:37:54] [TEST] Processing batch 11042/18932 ...
[09/07 23:37:54] [TEST] Processing batch 11043/18932 ...
[09/07 23:37:54] [TEST] Processing batch 11044/18932 ...
[09/07 23:37:54] [TEST] Processing batch 11045/18932 ...
[09/07 23:37:54] [TEST] Processing batch 11046/18932 ...
[09/07 23:37:54] [TEST] Processing batch 11047/18932 ...
[09/07 23:37:54] [TEST] Processing batch 11048/18932 ...
[09/07 23:37:54] [TEST] Processing batch 11049/18932 ...
[09/07 23:37:54] [TEST] Processing batch 11050/18932 ...
[09/07 23:37:54] [TEST] Processing batch 11051/18932 ...
[09/07 23:37:54] [TEST] Processing batch 11052/18932 ...
[09/07 23:37:54] [TEST] Processing batch 11053/18932 ...
[09/07 23:37:54] [TEST] Processing batch 11054/18932 ...
[09/07 23:37:54] [TEST] Processing batch 11055/18932 ...
[09/07 23:37:54] [TEST] Processing batch 11056/18932 ...
[09/07 23:37:54] [TEST] Processing batch 11057/18932 ...
[09/07 23:37:54] [TEST] Processing batch 11058/18932 ...
[09/07 23:37:54] [TEST] Processing batch 11059/18932 ...
[09/07 23:37:54] [TEST] Processing batch 11060/18932 ...
[09/07 23:37:55] [TEST] Processing batch 11061/18932 ...
[09/07 23:37:55] [TEST] Processing batch 11062/18932 ...
[09/07 23:37:55] [TEST] Processing batch 11063/18932 ...
[09/07 23:37:55] [TEST] Processing batch 11064/18932 ...
[09/07 23:37:55] [TEST] Processing batch 11065/18932 ...
[09/07 23:37:55] [TEST] Processing batch 11066/18932 ...
[09/07 23:37:55] [TEST] Processing batch 11067/18932 ...
[09/07 23:37:55] [TEST] Processing batch 11068/18932 ...
[09/07 23:37:55] [TEST] Processing batch 11069/18932 ...
[09/07 23:37:55] [TEST] Processing batch 11070/18932 ...
[09/07 23:37:55] [TEST] Processing batch 11071/18932 ...
[09/07 23:37:55] [TEST] Processing batch 11072/18932 ...
[09/07 23:37:55] [TEST] Processing batch 11073/18932 ...
[09/07 23:37:55] [TEST] Processing batch 11074/18932 ...
[09/07 23:37:55] [TEST] Processing batch 11075/18932 ...
[09/07 23:37:55] [TEST] Processing batch 11076/18932 ...
[09/07 23:37:55] [TEST] Processing batch 11077/18932 ...
[09/07 23:37:55] [TEST] Processing batch 11078/18932 ...
[09/07 23:37:56] [TEST] Processing batch 11079/18932 ...
[09/07 23:37:56] [TEST] Processing batch 11080/18932 ...
[09/07 23:37:56] [TEST] Processing batch 11081/18932 ...
[09/07 23:37:56] [TEST] Processing batch 11082/18932 ...
[09/07 23:37:56] [TEST] Processing batch 11083/18932 ...
[09/07 23:37:56] [TEST] Processing batch 11084/18932 ...
[09/07 23:37:56] [TEST] Processing batch 11085/18932 ...
[09/07 23:37:56] [TEST] Processing batch 11086/18932 ...
[09/07 23:37:56] [TEST] Processing batch 11087/18932 ...
[09/07 23:37:56] [TEST] Processing batch 11088/18932 ...
[09/07 23:37:56] [TEST] Processing batch 11089/18932 ...
[09/07 23:37:56] [TEST] Processing batch 11090/18932 ...
[09/07 23:37:56] [TEST] Processing batch 11091/18932 ...
[09/07 23:37:56] [TEST] Processing batch 11092/18932 ...
[09/07 23:37:56] [TEST] Processing batch 11093/18932 ...
[09/07 23:37:56] [TEST] Processing batch 11094/18932 ...
[09/07 23:37:56] [TEST] Processing batch 11095/18932 ...
[09/07 23:37:56] [TEST] Processing batch 11096/18932 ...
[09/07 23:37:57] [TEST] Processing batch 11097/18932 ...
[09/07 23:37:57] [TEST] Processing batch 11098/18932 ...
[09/07 23:37:57] [TEST] Processing batch 11099/18932 ...
[09/07 23:37:57] [TEST] Processing batch 11100/18932 ...
[09/07 23:37:57] [TEST] Processing batch 11101/18932 ...
[09/07 23:37:57] [TEST] Processing batch 11102/18932 ...
[09/07 23:37:57] [TEST] Processing batch 11103/18932 ...
[09/07 23:37:57] [TEST] Processing batch 11104/18932 ...
[09/07 23:37:57] [TEST] Processing batch 11105/18932 ...
[09/07 23:37:57] [TEST] Processing batch 11106/18932 ...
[09/07 23:37:57] [TEST] Processing batch 11107/18932 ...
[09/07 23:37:57] [TEST] Processing batch 11108/18932 ...
[09/07 23:37:57] [TEST] Processing batch 11109/18932 ...
[09/07 23:37:57] [TEST] Processing batch 11110/18932 ...
[09/07 23:37:57] [TEST] Processing batch 11111/18932 ...
[09/07 23:37:57] [TEST] Processing batch 11112/18932 ...
[09/07 23:37:57] [TEST] Processing batch 11113/18932 ...
[09/07 23:37:57] [TEST] Processing batch 11114/18932 ...
[09/07 23:37:58] [TEST] Processing batch 11115/18932 ...
[09/07 23:37:58] [TEST] Processing batch 11116/18932 ...
[09/07 23:37:58] [TEST] Processing batch 11117/18932 ...
[09/07 23:37:58] [TEST] Processing batch 11118/18932 ...
[09/07 23:37:58] [TEST] Processing batch 11119/18932 ...
[09/07 23:37:58] [TEST] Processing batch 11120/18932 ...
[09/07 23:37:58] [TEST] Processing batch 11121/18932 ...
[09/07 23:37:58] [TEST] Processing batch 11122/18932 ...
[09/07 23:37:58] [TEST] Processing batch 11123/18932 ...
[09/07 23:37:58] [TEST] Processing batch 11124/18932 ...
[09/07 23:37:58] [TEST] Processing batch 11125/18932 ...
[09/07 23:37:58] [TEST] Processing batch 11126/18932 ...
[09/07 23:37:58] [TEST] Processing batch 11127/18932 ...
[09/07 23:37:58] [TEST] Processing batch 11128/18932 ...
[09/07 23:37:58] [TEST] Processing batch 11129/18932 ...
[09/07 23:37:58] [TEST] Processing batch 11130/18932 ...
[09/07 23:37:58] [TEST] Processing batch 11131/18932 ...
[09/07 23:37:58] [TEST] Processing batch 11132/18932 ...
[09/07 23:37:59] [TEST] Processing batch 11133/18932 ...
[09/07 23:37:59] [TEST] Processing batch 11134/18932 ...
[09/07 23:37:59] [TEST] Processing batch 11135/18932 ...
[09/07 23:37:59] [TEST] Processing batch 11136/18932 ...
[09/07 23:37:59] [TEST] Processing batch 11137/18932 ...
[09/07 23:37:59] [TEST] Processing batch 11138/18932 ...
[09/07 23:37:59] [TEST] Processing batch 11139/18932 ...
[09/07 23:37:59] [TEST] Processing batch 11140/18932 ...
[09/07 23:37:59] [TEST] Processing batch 11141/18932 ...
[09/07 23:37:59] [TEST] Processing batch 11142/18932 ...
[09/07 23:37:59] [TEST] Processing batch 11143/18932 ...
[09/07 23:37:59] [TEST] Processing batch 11144/18932 ...
[09/07 23:37:59] [TEST] Processing batch 11145/18932 ...
[09/07 23:37:59] [TEST] Processing batch 11146/18932 ...
[09/07 23:37:59] [TEST] Processing batch 11147/18932 ...
[09/07 23:37:59] [TEST] Processing batch 11148/18932 ...
[09/07 23:37:59] [TEST] Processing batch 11149/18932 ...
[09/07 23:37:59] [TEST] Processing batch 11150/18932 ...
[09/07 23:38:00] [TEST] Processing batch 11151/18932 ...
[09/07 23:38:00] [TEST] Processing batch 11152/18932 ...
[09/07 23:38:00] [TEST] Processing batch 11153/18932 ...
[09/07 23:38:00] [TEST] Processing batch 11154/18932 ...
[09/07 23:38:00] [TEST] Processing batch 11155/18932 ...
[09/07 23:38:00] [TEST] Processing batch 11156/18932 ...
[09/07 23:38:00] [TEST] Processing batch 11157/18932 ...
[09/07 23:38:00] [TEST] Processing batch 11158/18932 ...
[09/07 23:38:00] [TEST] Processing batch 11159/18932 ...
[09/07 23:38:00] [TEST] Processing batch 11160/18932 ...
[09/07 23:38:00] [TEST] Processing batch 11161/18932 ...
[09/07 23:38:00] [TEST] Processing batch 11162/18932 ...
[09/07 23:38:00] [TEST] Processing batch 11163/18932 ...
[09/07 23:38:00] [TEST] Processing batch 11164/18932 ...
[09/07 23:38:00] [TEST] Processing batch 11165/18932 ...
[09/07 23:38:00] [TEST] Processing batch 11166/18932 ...
[09/07 23:38:00] [TEST] Processing batch 11167/18932 ...
[09/07 23:38:00] [TEST] Processing batch 11168/18932 ...
[09/07 23:38:01] [TEST] Processing batch 11169/18932 ...
[09/07 23:38:01] [TEST] Processing batch 11170/18932 ...
[09/07 23:38:01] [TEST] Processing batch 11171/18932 ...
[09/07 23:38:01] [TEST] Processing batch 11172/18932 ...
[09/07 23:38:01] [TEST] Processing batch 11173/18932 ...
[09/07 23:38:01] [TEST] Processing batch 11174/18932 ...
[09/07 23:38:01] [TEST] Processing batch 11175/18932 ...
[09/07 23:38:01] [TEST] Processing batch 11176/18932 ...
[09/07 23:38:01] [TEST] Processing batch 11177/18932 ...
[09/07 23:38:01] [TEST] Processing batch 11178/18932 ...
[09/07 23:38:01] [TEST] Processing batch 11179/18932 ...
[09/07 23:38:01] [TEST] Processing batch 11180/18932 ...
[09/07 23:38:01] [TEST] Processing batch 11181/18932 ...
[09/07 23:38:01] [TEST] Processing batch 11182/18932 ...
[09/07 23:38:01] [TEST] Processing batch 11183/18932 ...
[09/07 23:38:01] [TEST] Processing batch 11184/18932 ...
[09/07 23:38:01] [TEST] Processing batch 11185/18932 ...
[09/07 23:38:01] [TEST] Processing batch 11186/18932 ...
[09/07 23:38:02] [TEST] Processing batch 11187/18932 ...
[09/07 23:38:02] [TEST] Processing batch 11188/18932 ...
[09/07 23:38:02] [TEST] Processing batch 11189/18932 ...
[09/07 23:38:02] [TEST] Processing batch 11190/18932 ...
[09/07 23:38:02] [TEST] Processing batch 11191/18932 ...
[09/07 23:38:02] [TEST] Processing batch 11192/18932 ...
[09/07 23:38:02] [TEST] Processing batch 11193/18932 ...
[09/07 23:38:02] [TEST] Processing batch 11194/18932 ...
[09/07 23:38:02] [TEST] Processing batch 11195/18932 ...
[09/07 23:38:02] [TEST] Processing batch 11196/18932 ...
[09/07 23:38:02] [TEST] Processing batch 11197/18932 ...
[09/07 23:38:02] [TEST] Processing batch 11198/18932 ...
[09/07 23:38:02] [TEST] Processing batch 11199/18932 ...
[09/07 23:38:02] [TEST] Processing batch 11200/18932 ...
[09/07 23:38:02] [TEST] Processing batch 11201/18932 ...
[09/07 23:38:02] [TEST] Processing batch 11202/18932 ...
[09/07 23:38:02] [TEST] Processing batch 11203/18932 ...
[09/07 23:38:02] [TEST] Processing batch 11204/18932 ...
[09/07 23:38:03] [TEST] Processing batch 11205/18932 ...
[09/07 23:38:03] [TEST] Processing batch 11206/18932 ...
[09/07 23:38:03] [TEST] Processing batch 11207/18932 ...
[09/07 23:38:03] [TEST] Processing batch 11208/18932 ...
[09/07 23:38:03] [TEST] Processing batch 11209/18932 ...
[09/07 23:38:03] [TEST] Processing batch 11210/18932 ...
[09/07 23:38:03] [TEST] Processing batch 11211/18932 ...
[09/07 23:38:03] [TEST] Processing batch 11212/18932 ...
[09/07 23:38:03] [TEST] Processing batch 11213/18932 ...
[09/07 23:38:03] [TEST] Processing batch 11214/18932 ...
[09/07 23:38:03] [TEST] Processing batch 11215/18932 ...
[09/07 23:38:03] [TEST] Processing batch 11216/18932 ...
[09/07 23:38:03] [TEST] Processing batch 11217/18932 ...
[09/07 23:38:03] [TEST] Processing batch 11218/18932 ...
[09/07 23:38:03] [TEST] Processing batch 11219/18932 ...
[09/07 23:38:03] [TEST] Processing batch 11220/18932 ...
[09/07 23:38:03] [TEST] Processing batch 11221/18932 ...
[09/07 23:38:03] [TEST] Processing batch 11222/18932 ...
[09/07 23:38:04] [TEST] Processing batch 11223/18932 ...
[09/07 23:38:04] [TEST] Processing batch 11224/18932 ...
[09/07 23:38:04] [TEST] Processing batch 11225/18932 ...
[09/07 23:38:04] [TEST] Processing batch 11226/18932 ...
[09/07 23:38:04] [TEST] Processing batch 11227/18932 ...
[09/07 23:38:04] [TEST] Processing batch 11228/18932 ...
[09/07 23:38:04] [TEST] Processing batch 11229/18932 ...
[09/07 23:38:04] [TEST] Processing batch 11230/18932 ...
[09/07 23:38:04] [TEST] Processing batch 11231/18932 ...
[09/07 23:38:04] [TEST] Processing batch 11232/18932 ...
[09/07 23:38:04] [TEST] Processing batch 11233/18932 ...
[09/07 23:38:04] [TEST] Processing batch 11234/18932 ...
[09/07 23:38:04] [TEST] Processing batch 11235/18932 ...
[09/07 23:38:04] [TEST] Processing batch 11236/18932 ...
[09/07 23:38:04] [TEST] Processing batch 11237/18932 ...
[09/07 23:38:04] [TEST] Processing batch 11238/18932 ...
[09/07 23:38:04] [TEST] Processing batch 11239/18932 ...
[09/07 23:38:04] [TEST] Processing batch 11240/18932 ...
[09/07 23:38:05] [TEST] Processing batch 11241/18932 ...
[09/07 23:38:05] [TEST] Processing batch 11242/18932 ...
[09/07 23:38:05] [TEST] Processing batch 11243/18932 ...
[09/07 23:38:05] [TEST] Processing batch 11244/18932 ...
[09/07 23:38:05] [TEST] Processing batch 11245/18932 ...
[09/07 23:38:05] [TEST] Processing batch 11246/18932 ...
[09/07 23:38:05] [TEST] Processing batch 11247/18932 ...
[09/07 23:38:05] [TEST] Processing batch 11248/18932 ...
[09/07 23:38:05] [TEST] Processing batch 11249/18932 ...
[09/07 23:38:05] [TEST] Processing batch 11250/18932 ...
[09/07 23:38:05] [TEST] Processing batch 11251/18932 ...
[09/07 23:38:05] [TEST] Processing batch 11252/18932 ...
[09/07 23:38:05] [TEST] Processing batch 11253/18932 ...
[09/07 23:38:05] [TEST] Processing batch 11254/18932 ...
[09/07 23:38:05] [TEST] Processing batch 11255/18932 ...
[09/07 23:38:05] [TEST] Processing batch 11256/18932 ...
[09/07 23:38:05] [TEST] Processing batch 11257/18932 ...
[09/07 23:38:05] [TEST] Processing batch 11258/18932 ...
[09/07 23:38:06] [TEST] Processing batch 11259/18932 ...
[09/07 23:38:06] [TEST] Processing batch 11260/18932 ...
[09/07 23:38:06] [TEST] Processing batch 11261/18932 ...
[09/07 23:38:06] [TEST] Processing batch 11262/18932 ...
[09/07 23:38:06] [TEST] Processing batch 11263/18932 ...
[09/07 23:38:06] [TEST] Processing batch 11264/18932 ...
[09/07 23:38:06] [TEST] Processing batch 11265/18932 ...
[09/07 23:38:06] [TEST] Processing batch 11266/18932 ...
[09/07 23:38:06] [TEST] Processing batch 11267/18932 ...
[09/07 23:38:06] [TEST] Processing batch 11268/18932 ...
[09/07 23:38:06] [TEST] Processing batch 11269/18932 ...
[09/07 23:38:06] [TEST] Processing batch 11270/18932 ...
[09/07 23:38:06] [TEST] Processing batch 11271/18932 ...
[09/07 23:38:06] [TEST] Processing batch 11272/18932 ...
[09/07 23:38:06] [TEST] Processing batch 11273/18932 ...
[09/07 23:38:06] [TEST] Processing batch 11274/18932 ...
[09/07 23:38:06] [TEST] Processing batch 11275/18932 ...
[09/07 23:38:06] [TEST] Processing batch 11276/18932 ...
[09/07 23:38:07] [TEST] Processing batch 11277/18932 ...
[09/07 23:38:07] [TEST] Processing batch 11278/18932 ...
[09/07 23:38:07] [TEST] Processing batch 11279/18932 ...
[09/07 23:38:07] [TEST] Processing batch 11280/18932 ...
[09/07 23:38:07] [TEST] Processing batch 11281/18932 ...
[09/07 23:38:07] [TEST] Processing batch 11282/18932 ...
[09/07 23:38:07] [TEST] Processing batch 11283/18932 ...
[09/07 23:38:07] [TEST] Processing batch 11284/18932 ...
[09/07 23:38:07] [TEST] Processing batch 11285/18932 ...
[09/07 23:38:07] [TEST] Processing batch 11286/18932 ...
[09/07 23:38:07] [TEST] Processing batch 11287/18932 ...
[09/07 23:38:07] [TEST] Processing batch 11288/18932 ...
[09/07 23:38:07] [TEST] Processing batch 11289/18932 ...
[09/07 23:38:07] [TEST] Processing batch 11290/18932 ...
[09/07 23:38:07] [TEST] Processing batch 11291/18932 ...
[09/07 23:38:07] [TEST] Processing batch 11292/18932 ...
[09/07 23:38:07] [TEST] Processing batch 11293/18932 ...
[09/07 23:38:08] [TEST] Processing batch 11294/18932 ...
[09/07 23:38:08] [TEST] Processing batch 11295/18932 ...
[09/07 23:38:08] [TEST] Processing batch 11296/18932 ...
[09/07 23:38:08] [TEST] Processing batch 11297/18932 ...
[09/07 23:38:08] [TEST] Processing batch 11298/18932 ...
[09/07 23:38:08] [TEST] Processing batch 11299/18932 ...
[09/07 23:38:08] [TEST] Processing batch 11300/18932 ...
[09/07 23:38:08] [TEST] Processing batch 11301/18932 ...
[09/07 23:38:08] [TEST] Processing batch 11302/18932 ...
[09/07 23:38:08] [TEST] Processing batch 11303/18932 ...
[09/07 23:38:08] [TEST] Processing batch 11304/18932 ...
[09/07 23:38:08] [TEST] Processing batch 11305/18932 ...
[09/07 23:38:08] [TEST] Processing batch 11306/18932 ...
[09/07 23:38:08] [TEST] Processing batch 11307/18932 ...
[09/07 23:38:08] [TEST] Processing batch 11308/18932 ...
[09/07 23:38:08] [TEST] Processing batch 11309/18932 ...
[09/07 23:38:09] [TEST] Processing batch 11310/18932 ...
[09/07 23:38:09] [TEST] Processing batch 11311/18932 ...
[09/07 23:38:09] [TEST] Processing batch 11312/18932 ...
[09/07 23:38:09] [TEST] Processing batch 11313/18932 ...
[09/07 23:38:09] [TEST] Processing batch 11314/18932 ...
[09/07 23:38:09] [TEST] Processing batch 11315/18932 ...
[09/07 23:38:09] [TEST] Processing batch 11316/18932 ...
[09/07 23:38:09] [TEST] Processing batch 11317/18932 ...
[09/07 23:38:09] [TEST] Processing batch 11318/18932 ...
[09/07 23:38:09] [TEST] Processing batch 11319/18932 ...
[09/07 23:38:09] [TEST] Processing batch 11320/18932 ...
[09/07 23:38:09] [TEST] Processing batch 11321/18932 ...
[09/07 23:38:09] [TEST] Processing batch 11322/18932 ...
[09/07 23:38:09] [TEST] Processing batch 11323/18932 ...
[09/07 23:38:09] [TEST] Processing batch 11324/18932 ...
[09/07 23:38:09] [TEST] Processing batch 11325/18932 ...
[09/07 23:38:10] [TEST] Processing batch 11326/18932 ...
[09/07 23:38:10] [TEST] Processing batch 11327/18932 ...
[09/07 23:38:10] [TEST] Processing batch 11328/18932 ...
[09/07 23:38:10] [TEST] Processing batch 11329/18932 ...
[09/07 23:38:10] [TEST] Processing batch 11330/18932 ...
[09/07 23:38:10] [TEST] Processing batch 11331/18932 ...
[09/07 23:38:10] [TEST] Processing batch 11332/18932 ...
[09/07 23:38:10] [TEST] Processing batch 11333/18932 ...
[09/07 23:38:10] [TEST] Processing batch 11334/18932 ...
[09/07 23:38:10] [TEST] Processing batch 11335/18932 ...
[09/07 23:38:10] [TEST] Processing batch 11336/18932 ...
[09/07 23:38:10] [TEST] Processing batch 11337/18932 ...
[09/07 23:38:10] [TEST] Processing batch 11338/18932 ...
[09/07 23:38:10] [TEST] Processing batch 11339/18932 ...
[09/07 23:38:10] [TEST] Processing batch 11340/18932 ...
[09/07 23:38:10] [TEST] Processing batch 11341/18932 ...
[09/07 23:38:11] [TEST] Processing batch 11342/18932 ...
[09/07 23:38:11] [TEST] Processing batch 11343/18932 ...
[09/07 23:38:11] [TEST] Processing batch 11344/18932 ...
[09/07 23:38:11] [TEST] Processing batch 11345/18932 ...
[09/07 23:38:11] [TEST] Processing batch 11346/18932 ...
[09/07 23:38:11] [TEST] Processing batch 11347/18932 ...
[09/07 23:38:11] [TEST] Processing batch 11348/18932 ...
[09/07 23:38:11] [TEST] Processing batch 11349/18932 ...
[09/07 23:38:11] [TEST] Processing batch 11350/18932 ...
[09/07 23:38:11] [TEST] Processing batch 11351/18932 ...
[09/07 23:38:11] [TEST] Processing batch 11352/18932 ...
[09/07 23:38:11] [TEST] Processing batch 11353/18932 ...
[09/07 23:38:11] [TEST] Processing batch 11354/18932 ...
[09/07 23:38:11] [TEST] Processing batch 11355/18932 ...
[09/07 23:38:11] [TEST] Processing batch 11356/18932 ...
[09/07 23:38:11] [TEST] Processing batch 11357/18932 ...
[09/07 23:38:12] [TEST] Processing batch 11358/18932 ...
[09/07 23:38:12] [TEST] Processing batch 11359/18932 ...
[09/07 23:38:12] [TEST] Processing batch 11360/18932 ...
[09/07 23:38:12] [TEST] Processing batch 11361/18932 ...
[09/07 23:38:12] [TEST] Processing batch 11362/18932 ...
[09/07 23:38:12] [TEST] Processing batch 11363/18932 ...
[09/07 23:38:12] [TEST] Processing batch 11364/18932 ...
[09/07 23:38:12] [TEST] Processing batch 11365/18932 ...
[09/07 23:38:12] [TEST] Processing batch 11366/18932 ...
[09/07 23:38:12] [TEST] Processing batch 11367/18932 ...
[09/07 23:38:12] [TEST] Processing batch 11368/18932 ...
[09/07 23:38:12] [TEST] Processing batch 11369/18932 ...
[09/07 23:38:12] [TEST] Processing batch 11370/18932 ...
[09/07 23:38:12] [TEST] Processing batch 11371/18932 ...
[09/07 23:38:12] [TEST] Processing batch 11372/18932 ...
[09/07 23:38:13] [TEST] Processing batch 11373/18932 ...
[09/07 23:38:13] [TEST] Processing batch 11374/18932 ...
[09/07 23:38:13] [TEST] Processing batch 11375/18932 ...
[09/07 23:38:13] [TEST] Processing batch 11376/18932 ...
[09/07 23:38:13] [TEST] Processing batch 11377/18932 ...
[09/07 23:38:13] [TEST] Processing batch 11378/18932 ...
[09/07 23:38:13] [TEST] Processing batch 11379/18932 ...
[09/07 23:38:13] [TEST] Processing batch 11380/18932 ...
[09/07 23:38:13] [TEST] Processing batch 11381/18932 ...
[09/07 23:38:13] [TEST] Processing batch 11382/18932 ...
[09/07 23:38:13] [TEST] Processing batch 11383/18932 ...
[09/07 23:38:13] [TEST] Processing batch 11384/18932 ...
[09/07 23:38:13] [TEST] Processing batch 11385/18932 ...
[09/07 23:38:13] [TEST] Processing batch 11386/18932 ...
[09/07 23:38:13] [TEST] Processing batch 11387/18932 ...
[09/07 23:38:13] [TEST] Processing batch 11388/18932 ...
[09/07 23:38:14] [TEST] Processing batch 11389/18932 ...
[09/07 23:38:14] [TEST] Processing batch 11390/18932 ...
[09/07 23:38:14] [TEST] Processing batch 11391/18932 ...
[09/07 23:38:14] [TEST] Processing batch 11392/18932 ...
[09/07 23:38:14] [TEST] Processing batch 11393/18932 ...
[09/07 23:38:14] [TEST] Processing batch 11394/18932 ...
[09/07 23:38:14] [TEST] Processing batch 11395/18932 ...
[09/07 23:38:14] [TEST] Processing batch 11396/18932 ...
[09/07 23:38:14] [TEST] Processing batch 11397/18932 ...
[09/07 23:38:14] [TEST] Processing batch 11398/18932 ...
[09/07 23:38:14] [TEST] Processing batch 11399/18932 ...
[09/07 23:38:14] [TEST] Processing batch 11400/18932 ...
[09/07 23:38:14] [TEST] Processing batch 11401/18932 ...
[09/07 23:38:14] [TEST] Processing batch 11402/18932 ...
[09/07 23:38:14] [TEST] Processing batch 11403/18932 ...
[09/07 23:38:14] [TEST] Processing batch 11404/18932 ...
[09/07 23:38:15] [TEST] Processing batch 11405/18932 ...
[09/07 23:38:15] [TEST] Processing batch 11406/18932 ...
[09/07 23:38:15] [TEST] Processing batch 11407/18932 ...
[09/07 23:38:15] [TEST] Processing batch 11408/18932 ...
[09/07 23:38:15] [TEST] Processing batch 11409/18932 ...
[09/07 23:38:15] [TEST] Processing batch 11410/18932 ...
[09/07 23:38:15] [TEST] Processing batch 11411/18932 ...
[09/07 23:38:15] [TEST] Processing batch 11412/18932 ...
[09/07 23:38:15] [TEST] Processing batch 11413/18932 ...
[09/07 23:38:15] [TEST] Processing batch 11414/18932 ...
[09/07 23:38:15] [TEST] Processing batch 11415/18932 ...
[09/07 23:38:15] [TEST] Processing batch 11416/18932 ...
[09/07 23:38:15] [TEST] Processing batch 11417/18932 ...
[09/07 23:38:15] [TEST] Processing batch 11418/18932 ...
[09/07 23:38:15] [TEST] Processing batch 11419/18932 ...
[09/07 23:38:15] [TEST] Processing batch 11420/18932 ...
[09/07 23:38:16] [TEST] Processing batch 11421/18932 ...
[09/07 23:38:16] [TEST] Processing batch 11422/18932 ...
[09/07 23:38:16] [TEST] Processing batch 11423/18932 ...
[09/07 23:38:16] [TEST] Processing batch 11424/18932 ...
[09/07 23:38:16] [TEST] Processing batch 11425/18932 ...
[09/07 23:38:16] [TEST] Processing batch 11426/18932 ...
[09/07 23:38:16] [TEST] Processing batch 11427/18932 ...
[09/07 23:38:16] [TEST] Processing batch 11428/18932 ...
[09/07 23:38:16] [TEST] Processing batch 11429/18932 ...
[09/07 23:38:16] [TEST] Processing batch 11430/18932 ...
[09/07 23:38:16] [TEST] Processing batch 11431/18932 ...
[09/07 23:38:16] [TEST] Processing batch 11432/18932 ...
[09/07 23:38:16] [TEST] Processing batch 11433/18932 ...
[09/07 23:38:16] [TEST] Processing batch 11434/18932 ...
[09/07 23:38:16] [TEST] Processing batch 11435/18932 ...
[09/07 23:38:16] [TEST] Processing batch 11436/18932 ...
[09/07 23:38:16] [TEST] Processing batch 11437/18932 ...
[09/07 23:38:17] [TEST] Processing batch 11438/18932 ...
[09/07 23:38:17] [TEST] Processing batch 11439/18932 ...
[09/07 23:38:17] [TEST] Processing batch 11440/18932 ...
[09/07 23:38:17] [TEST] Processing batch 11441/18932 ...
[09/07 23:38:17] [TEST] Processing batch 11442/18932 ...
[09/07 23:38:17] [TEST] Processing batch 11443/18932 ...
[09/07 23:38:17] [TEST] Processing batch 11444/18932 ...
[09/07 23:38:17] [TEST] Processing batch 11445/18932 ...
[09/07 23:38:17] [TEST] Processing batch 11446/18932 ...
[09/07 23:38:17] [TEST] Processing batch 11447/18932 ...
[09/07 23:38:17] [TEST] Processing batch 11448/18932 ...
[09/07 23:38:17] [TEST] Processing batch 11449/18932 ...
[09/07 23:38:17] [TEST] Processing batch 11450/18932 ...
[09/07 23:38:17] [TEST] Processing batch 11451/18932 ...
[09/07 23:38:17] [TEST] Processing batch 11452/18932 ...
[09/07 23:38:17] [TEST] Processing batch 11453/18932 ...
[09/07 23:38:18] [TEST] Processing batch 11454/18932 ...
[09/07 23:38:18] [TEST] Processing batch 11455/18932 ...
[09/07 23:38:18] [TEST] Processing batch 11456/18932 ...
[09/07 23:38:18] [TEST] Processing batch 11457/18932 ...
[09/07 23:38:18] [TEST] Processing batch 11458/18932 ...
[09/07 23:38:18] [TEST] Processing batch 11459/18932 ...
[09/07 23:38:18] [TEST] Processing batch 11460/18932 ...
[09/07 23:38:18] [TEST] Processing batch 11461/18932 ...
[09/07 23:38:18] [TEST] Processing batch 11462/18932 ...
[09/07 23:38:18] [TEST] Processing batch 11463/18932 ...
[09/07 23:38:18] [TEST] Processing batch 11464/18932 ...
[09/07 23:38:18] [TEST] Processing batch 11465/18932 ...
[09/07 23:38:18] [TEST] Processing batch 11466/18932 ...
[09/07 23:38:18] [TEST] Processing batch 11467/18932 ...
[09/07 23:38:18] [TEST] Processing batch 11468/18932 ...
[09/07 23:38:18] [TEST] Processing batch 11469/18932 ...
[09/07 23:38:19] [TEST] Processing batch 11470/18932 ...
[09/07 23:38:19] [TEST] Processing batch 11471/18932 ...
[09/07 23:38:19] [TEST] Processing batch 11472/18932 ...
[09/07 23:38:19] [TEST] Processing batch 11473/18932 ...
[09/07 23:38:19] [TEST] Processing batch 11474/18932 ...
[09/07 23:38:19] [TEST] Processing batch 11475/18932 ...
[09/07 23:38:19] [TEST] Processing batch 11476/18932 ...
[09/07 23:38:19] [TEST] Processing batch 11477/18932 ...
[09/07 23:38:19] [TEST] Processing batch 11478/18932 ...
[09/07 23:38:19] [TEST] Processing batch 11479/18932 ...
[09/07 23:38:19] [TEST] Processing batch 11480/18932 ...
[09/07 23:38:19] [TEST] Processing batch 11481/18932 ...
[09/07 23:38:19] [TEST] Processing batch 11482/18932 ...
[09/07 23:38:19] [TEST] Processing batch 11483/18932 ...
[09/07 23:38:19] [TEST] Processing batch 11484/18932 ...
[09/07 23:38:20] [TEST] Processing batch 11485/18932 ...
[09/07 23:38:20] [TEST] Processing batch 11486/18932 ...
[09/07 23:38:20] [TEST] Processing batch 11487/18932 ...
[09/07 23:38:20] [TEST] Processing batch 11488/18932 ...
[09/07 23:38:20] [TEST] Processing batch 11489/18932 ...
[09/07 23:38:20] [TEST] Processing batch 11490/18932 ...
[09/07 23:38:20] [TEST] Processing batch 11491/18932 ...
[09/07 23:38:20] [TEST] Processing batch 11492/18932 ...
[09/07 23:38:20] [TEST] Processing batch 11493/18932 ...
[09/07 23:38:20] [TEST] Processing batch 11494/18932 ...
[09/07 23:38:20] [TEST] Processing batch 11495/18932 ...
[09/07 23:38:20] [TEST] Processing batch 11496/18932 ...
[09/07 23:38:20] [TEST] Processing batch 11497/18932 ...
[09/07 23:38:20] [TEST] Processing batch 11498/18932 ...
[09/07 23:38:20] [TEST] Processing batch 11499/18932 ...
[09/07 23:38:20] [TEST] Processing batch 11500/18932 ...
[09/07 23:38:20] [TEST] Processing batch 11501/18932 ...
[09/07 23:38:20] [TEST] Processing batch 11502/18932 ...
[09/07 23:38:21] [TEST] Processing batch 11503/18932 ...
[09/07 23:38:21] [TEST] Processing batch 11504/18932 ...
[09/07 23:38:21] [TEST] Processing batch 11505/18932 ...
[09/07 23:38:21] [TEST] Processing batch 11506/18932 ...
[09/07 23:38:21] [TEST] Processing batch 11507/18932 ...
[09/07 23:38:21] [TEST] Processing batch 11508/18932 ...
[09/07 23:38:21] [TEST] Processing batch 11509/18932 ...
[09/07 23:38:21] [TEST] Processing batch 11510/18932 ...
[09/07 23:38:21] [TEST] Processing batch 11511/18932 ...
[09/07 23:38:21] [TEST] Processing batch 11512/18932 ...
[09/07 23:38:21] [TEST] Processing batch 11513/18932 ...
[09/07 23:38:21] [TEST] Processing batch 11514/18932 ...
[09/07 23:38:21] [TEST] Processing batch 11515/18932 ...
[09/07 23:38:21] [TEST] Processing batch 11516/18932 ...
[09/07 23:38:21] [TEST] Processing batch 11517/18932 ...
[09/07 23:38:22] [TEST] Processing batch 11518/18932 ...
[09/07 23:38:22] [TEST] Processing batch 11519/18932 ...
[09/07 23:38:22] [TEST] Processing batch 11520/18932 ...
[09/07 23:38:22] [TEST] Processing batch 11521/18932 ...
[09/07 23:38:22] [TEST] Processing batch 11522/18932 ...
[09/07 23:38:22] [TEST] Processing batch 11523/18932 ...
[09/07 23:38:22] [TEST] Processing batch 11524/18932 ...
[09/07 23:38:22] [TEST] Processing batch 11525/18932 ...
[09/07 23:38:22] [TEST] Processing batch 11526/18932 ...
[09/07 23:38:22] [TEST] Processing batch 11527/18932 ...
[09/07 23:38:22] [TEST] Processing batch 11528/18932 ...
[09/07 23:38:22] [TEST] Processing batch 11529/18932 ...
[09/07 23:38:22] [TEST] Processing batch 11530/18932 ...
[09/07 23:38:22] [TEST] Processing batch 11531/18932 ...
[09/07 23:38:22] [TEST] Processing batch 11532/18932 ...
[09/07 23:38:22] [TEST] Processing batch 11533/18932 ...
[09/07 23:38:22] [TEST] Processing batch 11534/18932 ...
[09/07 23:38:23] [TEST] Processing batch 11535/18932 ...
[09/07 23:38:23] [TEST] Processing batch 11536/18932 ...
[09/07 23:38:23] [TEST] Processing batch 11537/18932 ...
[09/07 23:38:23] [TEST] Processing batch 11538/18932 ...
[09/07 23:38:23] [TEST] Processing batch 11539/18932 ...
[09/07 23:38:23] [TEST] Processing batch 11540/18932 ...
[09/07 23:38:23] [TEST] Processing batch 11541/18932 ...
[09/07 23:38:23] [TEST] Processing batch 11542/18932 ...
[09/07 23:38:23] [TEST] Processing batch 11543/18932 ...
[09/07 23:38:23] [TEST] Processing batch 11544/18932 ...
[09/07 23:38:23] [TEST] Processing batch 11545/18932 ...
[09/07 23:38:23] [TEST] Processing batch 11546/18932 ...
[09/07 23:38:23] [TEST] Processing batch 11547/18932 ...
[09/07 23:38:23] [TEST] Processing batch 11548/18932 ...
[09/07 23:38:23] [TEST] Processing batch 11549/18932 ...
[09/07 23:38:23] [TEST] Processing batch 11550/18932 ...
[09/07 23:38:23] [TEST] Processing batch 11551/18932 ...
[09/07 23:38:23] [TEST] Processing batch 11552/18932 ...
[09/07 23:38:24] [TEST] Processing batch 11553/18932 ...
[09/07 23:38:24] [TEST] Processing batch 11554/18932 ...
[09/07 23:38:24] [TEST] Processing batch 11555/18932 ...
[09/07 23:38:24] [TEST] Processing batch 11556/18932 ...
[09/07 23:38:24] [TEST] Processing batch 11557/18932 ...
[09/07 23:38:24] [TEST] Processing batch 11558/18932 ...
[09/07 23:38:24] [TEST] Processing batch 11559/18932 ...
[09/07 23:38:24] [TEST] Processing batch 11560/18932 ...
[09/07 23:38:24] [TEST] Processing batch 11561/18932 ...
[09/07 23:38:24] [TEST] Processing batch 11562/18932 ...
[09/07 23:38:24] [TEST] Processing batch 11563/18932 ...
[09/07 23:38:24] [TEST] Processing batch 11564/18932 ...
[09/07 23:38:24] [TEST] Processing batch 11565/18932 ...
[09/07 23:38:24] [TEST] Processing batch 11566/18932 ...
[09/07 23:38:24] [TEST] Processing batch 11567/18932 ...
[09/07 23:38:24] [TEST] Processing batch 11568/18932 ...
[09/07 23:38:24] [TEST] Processing batch 11569/18932 ...
[09/07 23:38:24] [TEST] Processing batch 11570/18932 ...
[09/07 23:38:25] [TEST] Processing batch 11571/18932 ...
[09/07 23:38:25] [TEST] Processing batch 11572/18932 ...
[09/07 23:38:25] [TEST] Processing batch 11573/18932 ...
[09/07 23:38:25] [TEST] Processing batch 11574/18932 ...
[09/07 23:38:25] [TEST] Processing batch 11575/18932 ...
[09/07 23:38:25] [TEST] Processing batch 11576/18932 ...
[09/07 23:38:25] [TEST] Processing batch 11577/18932 ...
[09/07 23:38:25] [TEST] Processing batch 11578/18932 ...
[09/07 23:38:25] [TEST] Processing batch 11579/18932 ...
[09/07 23:38:25] [TEST] Processing batch 11580/18932 ...
[09/07 23:38:25] [TEST] Processing batch 11581/18932 ...
[09/07 23:38:25] [TEST] Processing batch 11582/18932 ...
[09/07 23:38:25] [TEST] Processing batch 11583/18932 ...
[09/07 23:38:25] [TEST] Processing batch 11584/18932 ...
[09/07 23:38:25] [TEST] Processing batch 11585/18932 ...
[09/07 23:38:25] [TEST] Processing batch 11586/18932 ...
[09/07 23:38:25] [TEST] Processing batch 11587/18932 ...
[09/07 23:38:26] [TEST] Processing batch 11588/18932 ...
[09/07 23:38:26] [TEST] Processing batch 11589/18932 ...
[09/07 23:38:26] [TEST] Processing batch 11590/18932 ...
[09/07 23:38:26] [TEST] Processing batch 11591/18932 ...
[09/07 23:38:26] [TEST] Processing batch 11592/18932 ...
[09/07 23:38:26] [TEST] Processing batch 11593/18932 ...
[09/07 23:38:26] [TEST] Processing batch 11594/18932 ...
[09/07 23:38:26] [TEST] Processing batch 11595/18932 ...
[09/07 23:38:26] [TEST] Processing batch 11596/18932 ...
[09/07 23:38:26] [TEST] Processing batch 11597/18932 ...
[09/07 23:38:26] [TEST] Processing batch 11598/18932 ...
[09/07 23:38:26] [TEST] Processing batch 11599/18932 ...
[09/07 23:38:26] [TEST] Processing batch 11600/18932 ...
[09/07 23:38:26] [TEST] Processing batch 11601/18932 ...
[09/07 23:38:26] [TEST] Processing batch 11602/18932 ...
[09/07 23:38:26] [TEST] Processing batch 11603/18932 ...
[09/07 23:38:26] [TEST] Processing batch 11604/18932 ...
[09/07 23:38:27] [TEST] Processing batch 11605/18932 ...
[09/07 23:38:27] [TEST] Processing batch 11606/18932 ...
[09/07 23:38:27] [TEST] Processing batch 11607/18932 ...
[09/07 23:38:27] [TEST] Processing batch 11608/18932 ...
[09/07 23:38:27] [TEST] Processing batch 11609/18932 ...
[09/07 23:38:27] [TEST] Processing batch 11610/18932 ...
[09/07 23:38:27] [TEST] Processing batch 11611/18932 ...
[09/07 23:38:27] [TEST] Processing batch 11612/18932 ...
[09/07 23:38:27] [TEST] Processing batch 11613/18932 ...
[09/07 23:38:27] [TEST] Processing batch 11614/18932 ...
[09/07 23:38:27] [TEST] Processing batch 11615/18932 ...
[09/07 23:38:27] [TEST] Processing batch 11616/18932 ...
[09/07 23:38:27] [TEST] Processing batch 11617/18932 ...
[09/07 23:38:27] [TEST] Processing batch 11618/18932 ...
[09/07 23:38:27] [TEST] Processing batch 11619/18932 ...
[09/07 23:38:27] [TEST] Processing batch 11620/18932 ...
[09/07 23:38:27] [TEST] Processing batch 11621/18932 ...
[09/07 23:38:27] [TEST] Processing batch 11622/18932 ...
[09/07 23:38:27] [TEST] Processing batch 11623/18932 ...
[09/07 23:38:28] [TEST] Processing batch 11624/18932 ...
[09/07 23:38:28] [TEST] Processing batch 11625/18932 ...
[09/07 23:38:28] [TEST] Processing batch 11626/18932 ...
[09/07 23:38:28] [TEST] Processing batch 11627/18932 ...
[09/07 23:38:28] [TEST] Processing batch 11628/18932 ...
[09/07 23:38:28] [TEST] Processing batch 11629/18932 ...
[09/07 23:38:28] [TEST] Processing batch 11630/18932 ...
[09/07 23:38:28] [TEST] Processing batch 11631/18932 ...
[09/07 23:38:28] [TEST] Processing batch 11632/18932 ...
[09/07 23:38:28] [TEST] Processing batch 11633/18932 ...
[09/07 23:38:28] [TEST] Processing batch 11634/18932 ...
[09/07 23:38:28] [TEST] Processing batch 11635/18932 ...
[09/07 23:38:28] [TEST] Processing batch 11636/18932 ...
[09/07 23:38:28] [TEST] Processing batch 11637/18932 ...
[09/07 23:38:28] [TEST] Processing batch 11638/18932 ...
[09/07 23:38:28] [TEST] Processing batch 11639/18932 ...
[09/07 23:38:28] [TEST] Processing batch 11640/18932 ...
[09/07 23:38:28] [TEST] Processing batch 11641/18932 ...
[09/07 23:38:29] [TEST] Processing batch 11642/18932 ...
[09/07 23:38:29] [TEST] Processing batch 11643/18932 ...
[09/07 23:38:29] [TEST] Processing batch 11644/18932 ...
[09/07 23:38:29] [TEST] Processing batch 11645/18932 ...
[09/07 23:38:29] [TEST] Processing batch 11646/18932 ...
[09/07 23:38:29] [TEST] Processing batch 11647/18932 ...
[09/07 23:38:29] [TEST] Processing batch 11648/18932 ...
[09/07 23:38:29] [TEST] Processing batch 11649/18932 ...
[09/07 23:38:29] [TEST] Processing batch 11650/18932 ...
[09/07 23:38:29] [TEST] Processing batch 11651/18932 ...
[09/07 23:38:29] [TEST] Processing batch 11652/18932 ...
[09/07 23:38:29] [TEST] Processing batch 11653/18932 ...
[09/07 23:38:29] [TEST] Processing batch 11654/18932 ...
[09/07 23:38:29] [TEST] Processing batch 11655/18932 ...
[09/07 23:38:29] [TEST] Processing batch 11656/18932 ...
[09/07 23:38:29] [TEST] Processing batch 11657/18932 ...
[09/07 23:38:29] [TEST] Processing batch 11658/18932 ...
[09/07 23:38:29] [TEST] Processing batch 11659/18932 ...
[09/07 23:38:30] [TEST] Processing batch 11660/18932 ...
[09/07 23:38:30] [TEST] Processing batch 11661/18932 ...
[09/07 23:38:30] [TEST] Processing batch 11662/18932 ...
[09/07 23:38:30] [TEST] Processing batch 11663/18932 ...
[09/07 23:38:30] [TEST] Processing batch 11664/18932 ...
[09/07 23:38:30] [TEST] Processing batch 11665/18932 ...
[09/07 23:38:30] [TEST] Processing batch 11666/18932 ...
[09/07 23:38:30] [TEST] Processing batch 11667/18932 ...
[09/07 23:38:30] [TEST] Processing batch 11668/18932 ...
[09/07 23:38:30] [TEST] Processing batch 11669/18932 ...
[09/07 23:38:30] [TEST] Processing batch 11670/18932 ...
[09/07 23:38:30] [TEST] Processing batch 11671/18932 ...
[09/07 23:38:30] [TEST] Processing batch 11672/18932 ...
[09/07 23:38:30] [TEST] Processing batch 11673/18932 ...
[09/07 23:38:30] [TEST] Processing batch 11674/18932 ...
[09/07 23:38:30] [TEST] Processing batch 11675/18932 ...
[09/07 23:38:30] [TEST] Processing batch 11676/18932 ...
[09/07 23:38:30] [TEST] Processing batch 11677/18932 ...
[09/07 23:38:31] [TEST] Processing batch 11678/18932 ...
[09/07 23:38:31] [TEST] Processing batch 11679/18932 ...
[09/07 23:38:31] [TEST] Processing batch 11680/18932 ...
[09/07 23:38:31] [TEST] Processing batch 11681/18932 ...
[09/07 23:38:31] [TEST] Processing batch 11682/18932 ...
[09/07 23:38:31] [TEST] Processing batch 11683/18932 ...
[09/07 23:38:31] [TEST] Processing batch 11684/18932 ...
[09/07 23:38:31] [TEST] Processing batch 11685/18932 ...
[09/07 23:38:31] [TEST] Processing batch 11686/18932 ...
[09/07 23:38:31] [TEST] Processing batch 11687/18932 ...
[09/07 23:38:31] [TEST] Processing batch 11688/18932 ...
[09/07 23:38:31] [TEST] Processing batch 11689/18932 ...
[09/07 23:38:31] [TEST] Processing batch 11690/18932 ...
[09/07 23:38:31] [TEST] Processing batch 11691/18932 ...
[09/07 23:38:31] [TEST] Processing batch 11692/18932 ...
[09/07 23:38:31] [TEST] Processing batch 11693/18932 ...
[09/07 23:38:31] [TEST] Processing batch 11694/18932 ...
[09/07 23:38:32] [TEST] Processing batch 11695/18932 ...
[09/07 23:38:32] [TEST] Processing batch 11696/18932 ...
[09/07 23:38:32] [TEST] Processing batch 11697/18932 ...
[09/07 23:38:32] [TEST] Processing batch 11698/18932 ...
[09/07 23:38:32] [TEST] Processing batch 11699/18932 ...
[09/07 23:38:32] [TEST] Processing batch 11700/18932 ...
[09/07 23:38:32] [TEST] Processing batch 11701/18932 ...
[09/07 23:38:32] [TEST] Processing batch 11702/18932 ...
[09/07 23:38:32] [TEST] Processing batch 11703/18932 ...
[09/07 23:38:32] [TEST] Processing batch 11704/18932 ...
[09/07 23:38:32] [TEST] Processing batch 11705/18932 ...
[09/07 23:38:32] [TEST] Processing batch 11706/18932 ...
[09/07 23:38:32] [TEST] Processing batch 11707/18932 ...
[09/07 23:38:32] [TEST] Processing batch 11708/18932 ...
[09/07 23:38:32] [TEST] Processing batch 11709/18932 ...
[09/07 23:38:32] [TEST] Processing batch 11710/18932 ...
[09/07 23:38:33] [TEST] Processing batch 11711/18932 ...
[09/07 23:38:33] [TEST] Processing batch 11712/18932 ...
[09/07 23:38:33] [TEST] Processing batch 11713/18932 ...
[09/07 23:38:33] [TEST] Processing batch 11714/18932 ...
[09/07 23:38:33] [TEST] Processing batch 11715/18932 ...
[09/07 23:38:33] [TEST] Processing batch 11716/18932 ...
[09/07 23:38:33] [TEST] Processing batch 11717/18932 ...
[09/07 23:38:33] [TEST] Processing batch 11718/18932 ...
[09/07 23:38:33] [TEST] Processing batch 11719/18932 ...
[09/07 23:38:33] [TEST] Processing batch 11720/18932 ...
[09/07 23:38:33] [TEST] Processing batch 11721/18932 ...
[09/07 23:38:33] [TEST] Processing batch 11722/18932 ...
[09/07 23:38:33] [TEST] Processing batch 11723/18932 ...
[09/07 23:38:33] [TEST] Processing batch 11724/18932 ...
[09/07 23:38:33] [TEST] Processing batch 11725/18932 ...
[09/07 23:38:33] [TEST] Processing batch 11726/18932 ...
[09/07 23:38:33] [TEST] Processing batch 11727/18932 ...
[09/07 23:38:33] [TEST] Processing batch 11728/18932 ...
[09/07 23:38:34] [TEST] Processing batch 11729/18932 ...
[09/07 23:38:34] [TEST] Processing batch 11730/18932 ...
[09/07 23:38:34] [TEST] Processing batch 11731/18932 ...
[09/07 23:38:34] [TEST] Processing batch 11732/18932 ...
[09/07 23:38:34] [TEST] Processing batch 11733/18932 ...
[09/07 23:38:34] [TEST] Processing batch 11734/18932 ...
[09/07 23:38:34] [TEST] Processing batch 11735/18932 ...
[09/07 23:38:34] [TEST] Processing batch 11736/18932 ...
[09/07 23:38:34] [TEST] Processing batch 11737/18932 ...
[09/07 23:38:34] [TEST] Processing batch 11738/18932 ...
[09/07 23:38:34] [TEST] Processing batch 11739/18932 ...
[09/07 23:38:34] [TEST] Processing batch 11740/18932 ...
[09/07 23:38:34] [TEST] Processing batch 11741/18932 ...
[09/07 23:38:34] [TEST] Processing batch 11742/18932 ...
[09/07 23:38:34] [TEST] Processing batch 11743/18932 ...
[09/07 23:38:34] [TEST] Processing batch 11744/18932 ...
[09/07 23:38:34] [TEST] Processing batch 11745/18932 ...
[09/07 23:38:34] [TEST] Processing batch 11746/18932 ...
[09/07 23:38:35] [TEST] Processing batch 11747/18932 ...
[09/07 23:38:35] [TEST] Processing batch 11748/18932 ...
[09/07 23:38:35] [TEST] Processing batch 11749/18932 ...
[09/07 23:38:35] [TEST] Processing batch 11750/18932 ...
[09/07 23:38:35] [TEST] Processing batch 11751/18932 ...
[09/07 23:38:35] [TEST] Processing batch 11752/18932 ...
[09/07 23:38:35] [TEST] Processing batch 11753/18932 ...
[09/07 23:38:35] [TEST] Processing batch 11754/18932 ...
[09/07 23:38:35] [TEST] Processing batch 11755/18932 ...
[09/07 23:38:35] [TEST] Processing batch 11756/18932 ...
[09/07 23:38:35] [TEST] Processing batch 11757/18932 ...
[09/07 23:38:35] [TEST] Processing batch 11758/18932 ...
[09/07 23:38:35] [TEST] Processing batch 11759/18932 ...
[09/07 23:38:35] [TEST] Processing batch 11760/18932 ...
[09/07 23:38:35] [TEST] Processing batch 11761/18932 ...
[09/07 23:38:35] [TEST] Processing batch 11762/18932 ...
[09/07 23:38:35] [TEST] Processing batch 11763/18932 ...
[09/07 23:38:35] [TEST] Processing batch 11764/18932 ...
[09/07 23:38:36] [TEST] Processing batch 11765/18932 ...
[09/07 23:38:36] [TEST] Processing batch 11766/18932 ...
[09/07 23:38:36] [TEST] Processing batch 11767/18932 ...
[09/07 23:38:36] [TEST] Processing batch 11768/18932 ...
[09/07 23:38:36] [TEST] Processing batch 11769/18932 ...
[09/07 23:38:36] [TEST] Processing batch 11770/18932 ...
[09/07 23:38:36] [TEST] Processing batch 11771/18932 ...
[09/07 23:38:36] [TEST] Processing batch 11772/18932 ...
[09/07 23:38:36] [TEST] Processing batch 11773/18932 ...
[09/07 23:38:36] [TEST] Processing batch 11774/18932 ...
[09/07 23:38:36] [TEST] Processing batch 11775/18932 ...
[09/07 23:38:36] [TEST] Processing batch 11776/18932 ...
[09/07 23:38:36] [TEST] Processing batch 11777/18932 ...
[09/07 23:38:36] [TEST] Processing batch 11778/18932 ...
[09/07 23:38:36] [TEST] Processing batch 11779/18932 ...
[09/07 23:38:36] [TEST] Processing batch 11780/18932 ...
[09/07 23:38:36] [TEST] Processing batch 11781/18932 ...
[09/07 23:38:36] [TEST] Processing batch 11782/18932 ...
[09/07 23:38:37] [TEST] Processing batch 11783/18932 ...
[09/07 23:38:37] [TEST] Processing batch 11784/18932 ...
[09/07 23:38:37] [TEST] Processing batch 11785/18932 ...
[09/07 23:38:37] [TEST] Processing batch 11786/18932 ...
[09/07 23:38:37] [TEST] Processing batch 11787/18932 ...
[09/07 23:38:37] [TEST] Processing batch 11788/18932 ...
[09/07 23:38:37] [TEST] Processing batch 11789/18932 ...
[09/07 23:38:37] [TEST] Processing batch 11790/18932 ...
[09/07 23:38:37] [TEST] Processing batch 11791/18932 ...
[09/07 23:38:37] [TEST] Processing batch 11792/18932 ...
[09/07 23:38:37] [TEST] Processing batch 11793/18932 ...
[09/07 23:38:37] [TEST] Processing batch 11794/18932 ...
[09/07 23:38:37] [TEST] Processing batch 11795/18932 ...
[09/07 23:38:37] [TEST] Processing batch 11796/18932 ...
[09/07 23:38:37] [TEST] Processing batch 11797/18932 ...
[09/07 23:38:37] [TEST] Processing batch 11798/18932 ...
[09/07 23:38:37] [TEST] Processing batch 11799/18932 ...
[09/07 23:38:37] [TEST] Processing batch 11800/18932 ...
[09/07 23:38:38] [TEST] Processing batch 11801/18932 ...
[09/07 23:38:38] [TEST] Processing batch 11802/18932 ...
[09/07 23:38:38] [TEST] Processing batch 11803/18932 ...
[09/07 23:38:38] [TEST] Processing batch 11804/18932 ...
[09/07 23:38:38] [TEST] Processing batch 11805/18932 ...
[09/07 23:38:38] [TEST] Processing batch 11806/18932 ...
[09/07 23:38:38] [TEST] Processing batch 11807/18932 ...
[09/07 23:38:38] [TEST] Processing batch 11808/18932 ...
[09/07 23:38:38] [TEST] Processing batch 11809/18932 ...
[09/07 23:38:38] [TEST] Processing batch 11810/18932 ...
[09/07 23:38:38] [TEST] Processing batch 11811/18932 ...
[09/07 23:38:38] [TEST] Processing batch 11812/18932 ...
[09/07 23:38:38] [TEST] Processing batch 11813/18932 ...
[09/07 23:38:38] [TEST] Processing batch 11814/18932 ...
[09/07 23:38:38] [TEST] Processing batch 11815/18932 ...
[09/07 23:38:38] [TEST] Processing batch 11816/18932 ...
[09/07 23:38:38] [TEST] Processing batch 11817/18932 ...
[09/07 23:38:38] [TEST] Processing batch 11818/18932 ...
[09/07 23:38:39] [TEST] Processing batch 11819/18932 ...
[09/07 23:38:39] [TEST] Processing batch 11820/18932 ...
[09/07 23:38:39] [TEST] Processing batch 11821/18932 ...
[09/07 23:38:39] [TEST] Processing batch 11822/18932 ...
[09/07 23:38:39] [TEST] Processing batch 11823/18932 ...
[09/07 23:38:39] [TEST] Processing batch 11824/18932 ...
[09/07 23:38:39] [TEST] Processing batch 11825/18932 ...
[09/07 23:38:39] [TEST] Processing batch 11826/18932 ...
[09/07 23:38:39] [TEST] Processing batch 11827/18932 ...
[09/07 23:38:39] [TEST] Processing batch 11828/18932 ...
[09/07 23:38:39] [TEST] Processing batch 11829/18932 ...
[09/07 23:38:39] [TEST] Processing batch 11830/18932 ...
[09/07 23:38:39] [TEST] Processing batch 11831/18932 ...
[09/07 23:38:39] [TEST] Processing batch 11832/18932 ...
[09/07 23:38:39] [TEST] Processing batch 11833/18932 ...
[09/07 23:38:39] [TEST] Processing batch 11834/18932 ...
[09/07 23:38:39] [TEST] Processing batch 11835/18932 ...
[09/07 23:38:39] [TEST] Processing batch 11836/18932 ...
[09/07 23:38:40] [TEST] Processing batch 11837/18932 ...
[09/07 23:38:40] [TEST] Processing batch 11838/18932 ...
[09/07 23:38:40] [TEST] Processing batch 11839/18932 ...
[09/07 23:38:40] [TEST] Processing batch 11840/18932 ...
[09/07 23:38:40] [TEST] Processing batch 11841/18932 ...
[09/07 23:38:40] [TEST] Processing batch 11842/18932 ...
[09/07 23:38:40] [TEST] Processing batch 11843/18932 ...
[09/07 23:38:40] [TEST] Processing batch 11844/18932 ...
[09/07 23:38:40] [TEST] Processing batch 11845/18932 ...
[09/07 23:38:40] [TEST] Processing batch 11846/18932 ...
[09/07 23:38:40] [TEST] Processing batch 11847/18932 ...
[09/07 23:38:40] [TEST] Processing batch 11848/18932 ...
[09/07 23:38:40] [TEST] Processing batch 11849/18932 ...
[09/07 23:38:40] [TEST] Processing batch 11850/18932 ...
[09/07 23:38:40] [TEST] Processing batch 11851/18932 ...
[09/07 23:38:40] [TEST] Processing batch 11852/18932 ...
[09/07 23:38:40] [TEST] Processing batch 11853/18932 ...
[09/07 23:38:40] [TEST] Processing batch 11854/18932 ...
[09/07 23:38:41] [TEST] Processing batch 11855/18932 ...
[09/07 23:38:41] [TEST] Processing batch 11856/18932 ...
[09/07 23:38:41] [TEST] Processing batch 11857/18932 ...
[09/07 23:38:41] [TEST] Processing batch 11858/18932 ...
[09/07 23:38:41] [TEST] Processing batch 11859/18932 ...
[09/07 23:38:41] [TEST] Processing batch 11860/18932 ...
[09/07 23:38:41] [TEST] Processing batch 11861/18932 ...
[09/07 23:38:41] [TEST] Processing batch 11862/18932 ...
[09/07 23:38:41] [TEST] Processing batch 11863/18932 ...
[09/07 23:38:41] [TEST] Processing batch 11864/18932 ...
[09/07 23:38:41] [TEST] Processing batch 11865/18932 ...
[09/07 23:38:41] [TEST] Processing batch 11866/18932 ...
[09/07 23:38:41] [TEST] Processing batch 11867/18932 ...
[09/07 23:38:41] [TEST] Processing batch 11868/18932 ...
[09/07 23:38:41] [TEST] Processing batch 11869/18932 ...
[09/07 23:38:41] [TEST] Processing batch 11870/18932 ...
[09/07 23:38:41] [TEST] Processing batch 11871/18932 ...
[09/07 23:38:41] [TEST] Processing batch 11872/18932 ...
[09/07 23:38:42] [TEST] Processing batch 11873/18932 ...
[09/07 23:38:42] [TEST] Processing batch 11874/18932 ...
[09/07 23:38:42] [TEST] Processing batch 11875/18932 ...
[09/07 23:38:42] [TEST] Processing batch 11876/18932 ...
[09/07 23:38:42] [TEST] Processing batch 11877/18932 ...
[09/07 23:38:42] [TEST] Processing batch 11878/18932 ...
[09/07 23:38:42] [TEST] Processing batch 11879/18932 ...
[09/07 23:38:42] [TEST] Processing batch 11880/18932 ...
[09/07 23:38:42] [TEST] Processing batch 11881/18932 ...
[09/07 23:38:42] [TEST] Processing batch 11882/18932 ...
[09/07 23:38:42] [TEST] Processing batch 11883/18932 ...
[09/07 23:38:42] [TEST] Processing batch 11884/18932 ...
[09/07 23:38:42] [TEST] Processing batch 11885/18932 ...
[09/07 23:38:42] [TEST] Processing batch 11886/18932 ...
[09/07 23:38:42] [TEST] Processing batch 11887/18932 ...
[09/07 23:38:42] [TEST] Processing batch 11888/18932 ...
[09/07 23:38:42] [TEST] Processing batch 11889/18932 ...
[09/07 23:38:42] [TEST] Processing batch 11890/18932 ...
[09/07 23:38:43] [TEST] Processing batch 11891/18932 ...
[09/07 23:38:43] [TEST] Processing batch 11892/18932 ...
[09/07 23:38:43] [TEST] Processing batch 11893/18932 ...
[09/07 23:38:43] [TEST] Processing batch 11894/18932 ...
[09/07 23:38:43] [TEST] Processing batch 11895/18932 ...
[09/07 23:38:43] [TEST] Processing batch 11896/18932 ...
[09/07 23:38:43] [TEST] Processing batch 11897/18932 ...
[09/07 23:38:43] [TEST] Processing batch 11898/18932 ...
[09/07 23:38:43] [TEST] Processing batch 11899/18932 ...
[09/07 23:38:43] [TEST] Processing batch 11900/18932 ...
[09/07 23:38:43] [TEST] Processing batch 11901/18932 ...
[09/07 23:38:43] [TEST] Processing batch 11902/18932 ...
[09/07 23:38:43] [TEST] Processing batch 11903/18932 ...
[09/07 23:38:43] [TEST] Processing batch 11904/18932 ...
[09/07 23:38:43] [TEST] Processing batch 11905/18932 ...
[09/07 23:38:43] [TEST] Processing batch 11906/18932 ...
[09/07 23:38:43] [TEST] Processing batch 11907/18932 ...
[09/07 23:38:43] [TEST] Processing batch 11908/18932 ...
[09/07 23:38:44] [TEST] Processing batch 11909/18932 ...
[09/07 23:38:44] [TEST] Processing batch 11910/18932 ...
[09/07 23:38:44] [TEST] Processing batch 11911/18932 ...
[09/07 23:38:44] [TEST] Processing batch 11912/18932 ...
[09/07 23:38:44] [TEST] Processing batch 11913/18932 ...
[09/07 23:38:44] [TEST] Processing batch 11914/18932 ...
[09/07 23:38:44] [TEST] Processing batch 11915/18932 ...
[09/07 23:38:44] [TEST] Processing batch 11916/18932 ...
[09/07 23:38:44] [TEST] Processing batch 11917/18932 ...
[09/07 23:38:44] [TEST] Processing batch 11918/18932 ...
[09/07 23:38:44] [TEST] Processing batch 11919/18932 ...
[09/07 23:38:44] [TEST] Processing batch 11920/18932 ...
[09/07 23:38:44] [TEST] Processing batch 11921/18932 ...
[09/07 23:38:44] [TEST] Processing batch 11922/18932 ...
[09/07 23:38:44] [TEST] Processing batch 11923/18932 ...
[09/07 23:38:44] [TEST] Processing batch 11924/18932 ...
[09/07 23:38:44] [TEST] Processing batch 11925/18932 ...
[09/07 23:38:44] [TEST] Processing batch 11926/18932 ...
[09/07 23:38:45] [TEST] Processing batch 11927/18932 ...
[09/07 23:38:45] [TEST] Processing batch 11928/18932 ...
[09/07 23:38:45] [TEST] Processing batch 11929/18932 ...
[09/07 23:38:45] [TEST] Processing batch 11930/18932 ...
[09/07 23:38:45] [TEST] Processing batch 11931/18932 ...
[09/07 23:38:45] [TEST] Processing batch 11932/18932 ...
[09/07 23:38:45] [TEST] Processing batch 11933/18932 ...
[09/07 23:38:45] [TEST] Processing batch 11934/18932 ...
[09/07 23:38:45] [TEST] Processing batch 11935/18932 ...
[09/07 23:38:45] [TEST] Processing batch 11936/18932 ...
[09/07 23:38:45] [TEST] Processing batch 11937/18932 ...
[09/07 23:38:45] [TEST] Processing batch 11938/18932 ...
[09/07 23:38:45] [TEST] Processing batch 11939/18932 ...
[09/07 23:38:45] [TEST] Processing batch 11940/18932 ...
[09/07 23:38:45] [TEST] Processing batch 11941/18932 ...
[09/07 23:38:45] [TEST] Processing batch 11942/18932 ...
[09/07 23:38:45] [TEST] Processing batch 11943/18932 ...
[09/07 23:38:45] [TEST] Processing batch 11944/18932 ...
[09/07 23:38:46] [TEST] Processing batch 11945/18932 ...
[09/07 23:38:46] [TEST] Processing batch 11946/18932 ...
[09/07 23:38:46] [TEST] Processing batch 11947/18932 ...
[09/07 23:38:46] [TEST] Processing batch 11948/18932 ...
[09/07 23:38:46] [TEST] Processing batch 11949/18932 ...
[09/07 23:38:46] [TEST] Processing batch 11950/18932 ...
[09/07 23:38:46] [TEST] Processing batch 11951/18932 ...
[09/07 23:38:46] [TEST] Processing batch 11952/18932 ...
[09/07 23:38:46] [TEST] Processing batch 11953/18932 ...
[09/07 23:38:46] [TEST] Processing batch 11954/18932 ...
[09/07 23:38:46] [TEST] Processing batch 11955/18932 ...
[09/07 23:38:46] [TEST] Processing batch 11956/18932 ...
[09/07 23:38:46] [TEST] Processing batch 11957/18932 ...
[09/07 23:38:46] [TEST] Processing batch 11958/18932 ...
[09/07 23:38:46] [TEST] Processing batch 11959/18932 ...
[09/07 23:38:46] [TEST] Processing batch 11960/18932 ...
[09/07 23:38:46] [TEST] Processing batch 11961/18932 ...
[09/07 23:38:46] [TEST] Processing batch 11962/18932 ...
[09/07 23:38:46] [TEST] Processing batch 11963/18932 ...
[09/07 23:38:47] [TEST] Processing batch 11964/18932 ...
[09/07 23:38:47] [TEST] Processing batch 11965/18932 ...
[09/07 23:38:47] [TEST] Processing batch 11966/18932 ...
[09/07 23:38:47] [TEST] Processing batch 11967/18932 ...
[09/07 23:38:47] [TEST] Processing batch 11968/18932 ...
[09/07 23:38:47] [TEST] Processing batch 11969/18932 ...
[09/07 23:38:47] [TEST] Processing batch 11970/18932 ...
[09/07 23:38:47] [TEST] Processing batch 11971/18932 ...
[09/07 23:38:47] [TEST] Processing batch 11972/18932 ...
[09/07 23:38:47] [TEST] Processing batch 11973/18932 ...
[09/07 23:38:47] [TEST] Processing batch 11974/18932 ...
[09/07 23:38:47] [TEST] Processing batch 11975/18932 ...
[09/07 23:38:47] [TEST] Processing batch 11976/18932 ...
[09/07 23:38:47] [TEST] Processing batch 11977/18932 ...
[09/07 23:38:47] [TEST] Processing batch 11978/18932 ...
[09/07 23:38:47] [TEST] Processing batch 11979/18932 ...
[09/07 23:38:47] [TEST] Processing batch 11980/18932 ...
[09/07 23:38:47] [TEST] Processing batch 11981/18932 ...
[09/07 23:38:48] [TEST] Processing batch 11982/18932 ...
[09/07 23:38:48] [TEST] Processing batch 11983/18932 ...
[09/07 23:38:48] [TEST] Processing batch 11984/18932 ...
[09/07 23:38:48] [TEST] Processing batch 11985/18932 ...
[09/07 23:38:48] [TEST] Processing batch 11986/18932 ...
[09/07 23:38:48] [TEST] Processing batch 11987/18932 ...
[09/07 23:38:48] [TEST] Processing batch 11988/18932 ...
[09/07 23:38:48] [TEST] Processing batch 11989/18932 ...
[09/07 23:38:48] [TEST] Processing batch 11990/18932 ...
[09/07 23:38:48] [TEST] Processing batch 11991/18932 ...
[09/07 23:38:48] [TEST] Processing batch 11992/18932 ...
[09/07 23:38:48] [TEST] Processing batch 11993/18932 ...
[09/07 23:38:48] [TEST] Processing batch 11994/18932 ...
[09/07 23:38:48] [TEST] Processing batch 11995/18932 ...
[09/07 23:38:48] [TEST] Processing batch 11996/18932 ...
[09/07 23:38:48] [TEST] Processing batch 11997/18932 ...
[09/07 23:38:48] [TEST] Processing batch 11998/18932 ...
[09/07 23:38:48] [TEST] Processing batch 11999/18932 ...
[09/07 23:38:49] [TEST] Processing batch 12000/18932 ...
[09/07 23:38:49] [TEST] Processing batch 12001/18932 ...
[09/07 23:38:49] [TEST] Processing batch 12002/18932 ...
[09/07 23:38:49] [TEST] Processing batch 12003/18932 ...
[09/07 23:38:49] [TEST] Processing batch 12004/18932 ...
[09/07 23:38:49] [TEST] Processing batch 12005/18932 ...
[09/07 23:38:49] [TEST] Processing batch 12006/18932 ...
[09/07 23:38:49] [TEST] Processing batch 12007/18932 ...
[09/07 23:38:49] [TEST] Processing batch 12008/18932 ...
[09/07 23:38:49] [TEST] Processing batch 12009/18932 ...
[09/07 23:38:49] [TEST] Processing batch 12010/18932 ...
[09/07 23:38:49] [TEST] Processing batch 12011/18932 ...
[09/07 23:38:49] [TEST] Processing batch 12012/18932 ...
[09/07 23:38:49] [TEST] Processing batch 12013/18932 ...
[09/07 23:38:49] [TEST] Processing batch 12014/18932 ...
[09/07 23:38:49] [TEST] Processing batch 12015/18932 ...
[09/07 23:38:49] [TEST] Processing batch 12016/18932 ...
[09/07 23:38:49] [TEST] Processing batch 12017/18932 ...
[09/07 23:38:49] [TEST] Processing batch 12018/18932 ...
[09/07 23:38:50] [TEST] Processing batch 12019/18932 ...
[09/07 23:38:50] [TEST] Processing batch 12020/18932 ...
[09/07 23:38:50] [TEST] Processing batch 12021/18932 ...
[09/07 23:38:50] [TEST] Processing batch 12022/18932 ...
[09/07 23:38:50] [TEST] Processing batch 12023/18932 ...
[09/07 23:38:50] [TEST] Processing batch 12024/18932 ...
[09/07 23:38:50] [TEST] Processing batch 12025/18932 ...
[09/07 23:38:50] [TEST] Processing batch 12026/18932 ...
[09/07 23:38:50] [TEST] Processing batch 12027/18932 ...
[09/07 23:38:50] [TEST] Processing batch 12028/18932 ...
[09/07 23:38:50] [TEST] Processing batch 12029/18932 ...
[09/07 23:38:50] [TEST] Processing batch 12030/18932 ...
[09/07 23:38:50] [TEST] Processing batch 12031/18932 ...
[09/07 23:38:50] [TEST] Processing batch 12032/18932 ...
[09/07 23:38:50] [TEST] Processing batch 12033/18932 ...
[09/07 23:38:50] [TEST] Processing batch 12034/18932 ...
[09/07 23:38:50] [TEST] Processing batch 12035/18932 ...
[09/07 23:38:50] [TEST] Processing batch 12036/18932 ...
[09/07 23:38:51] [TEST] Processing batch 12037/18932 ...
[09/07 23:38:51] [TEST] Processing batch 12038/18932 ...
[09/07 23:38:51] [TEST] Processing batch 12039/18932 ...
[09/07 23:38:51] [TEST] Processing batch 12040/18932 ...
[09/07 23:38:51] [TEST] Processing batch 12041/18932 ...
[09/07 23:38:51] [TEST] Processing batch 12042/18932 ...
[09/07 23:38:51] [TEST] Processing batch 12043/18932 ...
[09/07 23:38:51] [TEST] Processing batch 12044/18932 ...
[09/07 23:38:51] [TEST] Processing batch 12045/18932 ...
[09/07 23:38:51] [TEST] Processing batch 12046/18932 ...
[09/07 23:38:51] [TEST] Processing batch 12047/18932 ...
[09/07 23:38:51] [TEST] Processing batch 12048/18932 ...
[09/07 23:38:51] [TEST] Processing batch 12049/18932 ...
[09/07 23:38:51] [TEST] Processing batch 12050/18932 ...
[09/07 23:38:51] [TEST] Processing batch 12051/18932 ...
[09/07 23:38:51] [TEST] Processing batch 12052/18932 ...
[09/07 23:38:51] [TEST] Processing batch 12053/18932 ...
[09/07 23:38:52] [TEST] Processing batch 12054/18932 ...
[09/07 23:38:52] [TEST] Processing batch 12055/18932 ...
[09/07 23:38:52] [TEST] Processing batch 12056/18932 ...
[09/07 23:38:52] [TEST] Processing batch 12057/18932 ...
[09/07 23:38:52] [TEST] Processing batch 12058/18932 ...
[09/07 23:38:52] [TEST] Processing batch 12059/18932 ...
[09/07 23:38:52] [TEST] Processing batch 12060/18932 ...
[09/07 23:38:52] [TEST] Processing batch 12061/18932 ...
[09/07 23:38:52] [TEST] Processing batch 12062/18932 ...
[09/07 23:38:52] [TEST] Processing batch 12063/18932 ...
[09/07 23:38:52] [TEST] Processing batch 12064/18932 ...
[09/07 23:38:52] [TEST] Processing batch 12065/18932 ...
[09/07 23:38:52] [TEST] Processing batch 12066/18932 ...
[09/07 23:38:52] [TEST] Processing batch 12067/18932 ...
[09/07 23:38:52] [TEST] Processing batch 12068/18932 ...
[09/07 23:38:52] [TEST] Processing batch 12069/18932 ...
[09/07 23:38:52] [TEST] Processing batch 12070/18932 ...
[09/07 23:38:52] [TEST] Processing batch 12071/18932 ...
[09/07 23:38:53] [TEST] Processing batch 12072/18932 ...
[09/07 23:38:53] [TEST] Processing batch 12073/18932 ...
[09/07 23:38:53] [TEST] Processing batch 12074/18932 ...
[09/07 23:38:53] [TEST] Processing batch 12075/18932 ...
[09/07 23:38:53] [TEST] Processing batch 12076/18932 ...
[09/07 23:38:53] [TEST] Processing batch 12077/18932 ...
[09/07 23:38:53] [TEST] Processing batch 12078/18932 ...
[09/07 23:38:53] [TEST] Processing batch 12079/18932 ...
[09/07 23:38:53] [TEST] Processing batch 12080/18932 ...
[09/07 23:38:53] [TEST] Processing batch 12081/18932 ...
[09/07 23:38:53] [TEST] Processing batch 12082/18932 ...
[09/07 23:38:53] [TEST] Processing batch 12083/18932 ...
[09/07 23:38:53] [TEST] Processing batch 12084/18932 ...
[09/07 23:38:53] [TEST] Processing batch 12085/18932 ...
[09/07 23:38:53] [TEST] Processing batch 12086/18932 ...
[09/07 23:38:53] [TEST] Processing batch 12087/18932 ...
[09/07 23:38:53] [TEST] Processing batch 12088/18932 ...
[09/07 23:38:53] [TEST] Processing batch 12089/18932 ...
[09/07 23:38:54] [TEST] Processing batch 12090/18932 ...
[09/07 23:38:54] [TEST] Processing batch 12091/18932 ...
[09/07 23:38:54] [TEST] Processing batch 12092/18932 ...
[09/07 23:38:54] [TEST] Processing batch 12093/18932 ...
[09/07 23:38:54] [TEST] Processing batch 12094/18932 ...
[09/07 23:38:54] [TEST] Processing batch 12095/18932 ...
[09/07 23:38:54] [TEST] Processing batch 12096/18932 ...
[09/07 23:38:54] [TEST] Processing batch 12097/18932 ...
[09/07 23:38:54] [TEST] Processing batch 12098/18932 ...
[09/07 23:38:54] [TEST] Processing batch 12099/18932 ...
[09/07 23:38:54] [TEST] Processing batch 12100/18932 ...
[09/07 23:38:54] [TEST] Processing batch 12101/18932 ...
[09/07 23:38:54] [TEST] Processing batch 12102/18932 ...
[09/07 23:38:54] [TEST] Processing batch 12103/18932 ...
[09/07 23:38:54] [TEST] Processing batch 12104/18932 ...
[09/07 23:38:54] [TEST] Processing batch 12105/18932 ...
[09/07 23:38:54] [TEST] Processing batch 12106/18932 ...
[09/07 23:38:54] [TEST] Processing batch 12107/18932 ...
[09/07 23:38:54] [TEST] Processing batch 12108/18932 ...
[09/07 23:38:55] [TEST] Processing batch 12109/18932 ...
[09/07 23:38:55] [TEST] Processing batch 12110/18932 ...
[09/07 23:38:55] [TEST] Processing batch 12111/18932 ...
[09/07 23:38:55] [TEST] Processing batch 12112/18932 ...
[09/07 23:38:55] [TEST] Processing batch 12113/18932 ...
[09/07 23:38:55] [TEST] Processing batch 12114/18932 ...
[09/07 23:38:55] [TEST] Processing batch 12115/18932 ...
[09/07 23:38:55] [TEST] Processing batch 12116/18932 ...
[09/07 23:38:55] [TEST] Processing batch 12117/18932 ...
[09/07 23:38:55] [TEST] Processing batch 12118/18932 ...
[09/07 23:38:55] [TEST] Processing batch 12119/18932 ...
[09/07 23:38:55] [TEST] Processing batch 12120/18932 ...
[09/07 23:38:55] [TEST] Processing batch 12121/18932 ...
[09/07 23:38:55] [TEST] Processing batch 12122/18932 ...
[09/07 23:38:55] [TEST] Processing batch 12123/18932 ...
[09/07 23:38:55] [TEST] Processing batch 12124/18932 ...
[09/07 23:38:55] [TEST] Processing batch 12125/18932 ...
[09/07 23:38:55] [TEST] Processing batch 12126/18932 ...
[09/07 23:38:56] [TEST] Processing batch 12127/18932 ...
[09/07 23:38:56] [TEST] Processing batch 12128/18932 ...
[09/07 23:38:56] [TEST] Processing batch 12129/18932 ...
[09/07 23:38:56] [TEST] Processing batch 12130/18932 ...
[09/07 23:38:56] [TEST] Processing batch 12131/18932 ...
[09/07 23:38:56] [TEST] Processing batch 12132/18932 ...
[09/07 23:38:56] [TEST] Processing batch 12133/18932 ...
[09/07 23:38:56] [TEST] Processing batch 12134/18932 ...
[09/07 23:38:56] [TEST] Processing batch 12135/18932 ...
[09/07 23:38:56] [TEST] Processing batch 12136/18932 ...
[09/07 23:38:56] [TEST] Processing batch 12137/18932 ...
[09/07 23:38:56] [TEST] Processing batch 12138/18932 ...
[09/07 23:38:56] [TEST] Processing batch 12139/18932 ...
[09/07 23:38:56] [TEST] Processing batch 12140/18932 ...
[09/07 23:38:56] [TEST] Processing batch 12141/18932 ...
[09/07 23:38:56] [TEST] Processing batch 12142/18932 ...
[09/07 23:38:56] [TEST] Processing batch 12143/18932 ...
[09/07 23:38:57] [TEST] Processing batch 12144/18932 ...
[09/07 23:38:57] [TEST] Processing batch 12145/18932 ...
[09/07 23:38:57] [TEST] Processing batch 12146/18932 ...
[09/07 23:38:57] [TEST] Processing batch 12147/18932 ...
[09/07 23:38:57] [TEST] Processing batch 12148/18932 ...
[09/07 23:38:57] [TEST] Processing batch 12149/18932 ...
[09/07 23:38:57] [TEST] Processing batch 12150/18932 ...
[09/07 23:38:57] [TEST] Processing batch 12151/18932 ...
[09/07 23:38:57] [TEST] Processing batch 12152/18932 ...
[09/07 23:38:57] [TEST] Processing batch 12153/18932 ...
[09/07 23:38:57] [TEST] Processing batch 12154/18932 ...
[09/07 23:38:57] [TEST] Processing batch 12155/18932 ...
[09/07 23:38:57] [TEST] Processing batch 12156/18932 ...
[09/07 23:38:57] [TEST] Processing batch 12157/18932 ...
[09/07 23:38:57] [TEST] Processing batch 12158/18932 ...
[09/07 23:38:57] [TEST] Processing batch 12159/18932 ...
[09/07 23:38:57] [TEST] Processing batch 12160/18932 ...
[09/07 23:38:57] [TEST] Processing batch 12161/18932 ...
[09/07 23:38:58] [TEST] Processing batch 12162/18932 ...
[09/07 23:38:58] [TEST] Processing batch 12163/18932 ...
[09/07 23:38:58] [TEST] Processing batch 12164/18932 ...
[09/07 23:38:58] [TEST] Processing batch 12165/18932 ...
[09/07 23:38:58] [TEST] Processing batch 12166/18932 ...
[09/07 23:38:58] [TEST] Processing batch 12167/18932 ...
[09/07 23:38:58] [TEST] Processing batch 12168/18932 ...
[09/07 23:38:58] [TEST] Processing batch 12169/18932 ...
[09/07 23:38:58] [TEST] Processing batch 12170/18932 ...
[09/07 23:38:58] [TEST] Processing batch 12171/18932 ...
[09/07 23:38:58] [TEST] Processing batch 12172/18932 ...
[09/07 23:38:58] [TEST] Processing batch 12173/18932 ...
[09/07 23:38:58] [TEST] Processing batch 12174/18932 ...
[09/07 23:38:58] [TEST] Processing batch 12175/18932 ...
[09/07 23:38:58] [TEST] Processing batch 12176/18932 ...
[09/07 23:38:58] [TEST] Processing batch 12177/18932 ...
[09/07 23:38:58] [TEST] Processing batch 12178/18932 ...
[09/07 23:38:58] [TEST] Processing batch 12179/18932 ...
[09/07 23:38:59] [TEST] Processing batch 12180/18932 ...
[09/07 23:38:59] [TEST] Processing batch 12181/18932 ...
[09/07 23:38:59] [TEST] Processing batch 12182/18932 ...
[09/07 23:38:59] [TEST] Processing batch 12183/18932 ...
[09/07 23:38:59] [TEST] Processing batch 12184/18932 ...
[09/07 23:38:59] [TEST] Processing batch 12185/18932 ...
[09/07 23:38:59] [TEST] Processing batch 12186/18932 ...
[09/07 23:38:59] [TEST] Processing batch 12187/18932 ...
[09/07 23:38:59] [TEST] Processing batch 12188/18932 ...
[09/07 23:38:59] [TEST] Processing batch 12189/18932 ...
[09/07 23:38:59] [TEST] Processing batch 12190/18932 ...
[09/07 23:38:59] [TEST] Processing batch 12191/18932 ...
[09/07 23:38:59] [TEST] Processing batch 12192/18932 ...
[09/07 23:38:59] [TEST] Processing batch 12193/18932 ...
[09/07 23:38:59] [TEST] Processing batch 12194/18932 ...
[09/07 23:38:59] [TEST] Processing batch 12195/18932 ...
[09/07 23:38:59] [TEST] Processing batch 12196/18932 ...
[09/07 23:38:59] [TEST] Processing batch 12197/18932 ...
[09/07 23:39:00] [TEST] Processing batch 12198/18932 ...
[09/07 23:39:00] [TEST] Processing batch 12199/18932 ...
[09/07 23:39:00] [TEST] Processing batch 12200/18932 ...
[09/07 23:39:00] [TEST] Processing batch 12201/18932 ...
[09/07 23:39:00] [TEST] Processing batch 12202/18932 ...
[09/07 23:39:00] [TEST] Processing batch 12203/18932 ...
[09/07 23:39:00] [TEST] Processing batch 12204/18932 ...
[09/07 23:39:00] [TEST] Processing batch 12205/18932 ...
[09/07 23:39:00] [TEST] Processing batch 12206/18932 ...
[09/07 23:39:00] [TEST] Processing batch 12207/18932 ...
[09/07 23:39:00] [TEST] Processing batch 12208/18932 ...
[09/07 23:39:00] [TEST] Processing batch 12209/18932 ...
[09/07 23:39:00] [TEST] Processing batch 12210/18932 ...
[09/07 23:39:00] [TEST] Processing batch 12211/18932 ...
[09/07 23:39:00] [TEST] Processing batch 12212/18932 ...
[09/07 23:39:00] [TEST] Processing batch 12213/18932 ...
[09/07 23:39:00] [TEST] Processing batch 12214/18932 ...
[09/07 23:39:00] [TEST] Processing batch 12215/18932 ...
[09/07 23:39:01] [TEST] Processing batch 12216/18932 ...
[09/07 23:39:01] [TEST] Processing batch 12217/18932 ...
[09/07 23:39:01] [TEST] Processing batch 12218/18932 ...
[09/07 23:39:01] [TEST] Processing batch 12219/18932 ...
[09/07 23:39:01] [TEST] Processing batch 12220/18932 ...
[09/07 23:39:01] [TEST] Processing batch 12221/18932 ...
[09/07 23:39:01] [TEST] Processing batch 12222/18932 ...
[09/07 23:39:01] [TEST] Processing batch 12223/18932 ...
[09/07 23:39:01] [TEST] Processing batch 12224/18932 ...
[09/07 23:39:01] [TEST] Processing batch 12225/18932 ...
[09/07 23:39:01] [TEST] Processing batch 12226/18932 ...
[09/07 23:39:01] [TEST] Processing batch 12227/18932 ...
[09/07 23:39:01] [TEST] Processing batch 12228/18932 ...
[09/07 23:39:01] [TEST] Processing batch 12229/18932 ...
[09/07 23:39:01] [TEST] Processing batch 12230/18932 ...
[09/07 23:39:01] [TEST] Processing batch 12231/18932 ...
[09/07 23:39:01] [TEST] Processing batch 12232/18932 ...
[09/07 23:39:01] [TEST] Processing batch 12233/18932 ...
[09/07 23:39:02] [TEST] Processing batch 12234/18932 ...
[09/07 23:39:02] [TEST] Processing batch 12235/18932 ...
[09/07 23:39:02] [TEST] Processing batch 12236/18932 ...
[09/07 23:39:02] [TEST] Processing batch 12237/18932 ...
[09/07 23:39:02] [TEST] Processing batch 12238/18932 ...
[09/07 23:39:02] [TEST] Processing batch 12239/18932 ...
[09/07 23:39:02] [TEST] Processing batch 12240/18932 ...
[09/07 23:39:02] [TEST] Processing batch 12241/18932 ...
[09/07 23:39:02] [TEST] Processing batch 12242/18932 ...
[09/07 23:39:02] [TEST] Processing batch 12243/18932 ...
[09/07 23:39:02] [TEST] Processing batch 12244/18932 ...
[09/07 23:39:02] [TEST] Processing batch 12245/18932 ...
[09/07 23:39:02] [TEST] Processing batch 12246/18932 ...
[09/07 23:39:02] [TEST] Processing batch 12247/18932 ...
[09/07 23:39:02] [TEST] Processing batch 12248/18932 ...
[09/07 23:39:02] [TEST] Processing batch 12249/18932 ...
[09/07 23:39:02] [TEST] Processing batch 12250/18932 ...
[09/07 23:39:03] [TEST] Processing batch 12251/18932 ...
[09/07 23:39:03] [TEST] Processing batch 12252/18932 ...
[09/07 23:39:03] [TEST] Processing batch 12253/18932 ...
[09/07 23:39:03] [TEST] Processing batch 12254/18932 ...
[09/07 23:39:03] [TEST] Processing batch 12255/18932 ...
[09/07 23:39:03] [TEST] Processing batch 12256/18932 ...
[09/07 23:39:03] [TEST] Processing batch 12257/18932 ...
[09/07 23:39:03] [TEST] Processing batch 12258/18932 ...
[09/07 23:39:03] [TEST] Processing batch 12259/18932 ...
[09/07 23:39:03] [TEST] Processing batch 12260/18932 ...
[09/07 23:39:03] [TEST] Processing batch 12261/18932 ...
[09/07 23:39:03] [TEST] Processing batch 12262/18932 ...
[09/07 23:39:03] [TEST] Processing batch 12263/18932 ...
[09/07 23:39:03] [TEST] Processing batch 12264/18932 ...
[09/07 23:39:03] [TEST] Processing batch 12265/18932 ...
[09/07 23:39:03] [TEST] Processing batch 12266/18932 ...
[09/07 23:39:03] [TEST] Processing batch 12267/18932 ...
[09/07 23:39:03] [TEST] Processing batch 12268/18932 ...
[09/07 23:39:04] [TEST] Processing batch 12269/18932 ...
[09/07 23:39:04] [TEST] Processing batch 12270/18932 ...
[09/07 23:39:04] [TEST] Processing batch 12271/18932 ...
[09/07 23:39:04] [TEST] Processing batch 12272/18932 ...
[09/07 23:39:04] [TEST] Processing batch 12273/18932 ...
[09/07 23:39:04] [TEST] Processing batch 12274/18932 ...
[09/07 23:39:04] [TEST] Processing batch 12275/18932 ...
[09/07 23:39:04] [TEST] Processing batch 12276/18932 ...
[09/07 23:39:04] [TEST] Processing batch 12277/18932 ...
[09/07 23:39:04] [TEST] Processing batch 12278/18932 ...
[09/07 23:39:04] [TEST] Processing batch 12279/18932 ...
[09/07 23:39:04] [TEST] Processing batch 12280/18932 ...
[09/07 23:39:04] [TEST] Processing batch 12281/18932 ...
[09/07 23:39:04] [TEST] Processing batch 12282/18932 ...
[09/07 23:39:04] [TEST] Processing batch 12283/18932 ...
[09/07 23:39:04] [TEST] Processing batch 12284/18932 ...
[09/07 23:39:04] [TEST] Processing batch 12285/18932 ...
[09/07 23:39:04] [TEST] Processing batch 12286/18932 ...
[09/07 23:39:05] [TEST] Processing batch 12287/18932 ...
[09/07 23:39:05] [TEST] Processing batch 12288/18932 ...
[09/07 23:39:05] [TEST] Processing batch 12289/18932 ...
[09/07 23:39:05] [TEST] Processing batch 12290/18932 ...
[09/07 23:39:05] [TEST] Processing batch 12291/18932 ...
[09/07 23:39:05] [TEST] Processing batch 12292/18932 ...
[09/07 23:39:05] [TEST] Processing batch 12293/18932 ...
[09/07 23:39:05] [TEST] Processing batch 12294/18932 ...
[09/07 23:39:05] [TEST] Processing batch 12295/18932 ...
[09/07 23:39:05] [TEST] Processing batch 12296/18932 ...
[09/07 23:39:05] [TEST] Processing batch 12297/18932 ...
[09/07 23:39:05] [TEST] Processing batch 12298/18932 ...
[09/07 23:39:05] [TEST] Processing batch 12299/18932 ...
[09/07 23:39:05] [TEST] Processing batch 12300/18932 ...
[09/07 23:39:05] [TEST] Processing batch 12301/18932 ...
[09/07 23:39:05] [TEST] Processing batch 12302/18932 ...
[09/07 23:39:05] [TEST] Processing batch 12303/18932 ...
[09/07 23:39:05] [TEST] Processing batch 12304/18932 ...
[09/07 23:39:06] [TEST] Processing batch 12305/18932 ...
[09/07 23:39:06] [TEST] Processing batch 12306/18932 ...
[09/07 23:39:06] [TEST] Processing batch 12307/18932 ...
[09/07 23:39:06] [TEST] Processing batch 12308/18932 ...
[09/07 23:39:06] [TEST] Processing batch 12309/18932 ...
[09/07 23:39:06] [TEST] Processing batch 12310/18932 ...
[09/07 23:39:06] [TEST] Processing batch 12311/18932 ...
[09/07 23:39:06] [TEST] Processing batch 12312/18932 ...
[09/07 23:39:06] [TEST] Processing batch 12313/18932 ...
[09/07 23:39:06] [TEST] Processing batch 12314/18932 ...
[09/07 23:39:06] [TEST] Processing batch 12315/18932 ...
[09/07 23:39:06] [TEST] Processing batch 12316/18932 ...
[09/07 23:39:06] [TEST] Processing batch 12317/18932 ...
[09/07 23:39:06] [TEST] Processing batch 12318/18932 ...
[09/07 23:39:06] [TEST] Processing batch 12319/18932 ...
[09/07 23:39:06] [TEST] Processing batch 12320/18932 ...
[09/07 23:39:06] [TEST] Processing batch 12321/18932 ...
[09/07 23:39:07] [TEST] Processing batch 12322/18932 ...
[09/07 23:39:07] [TEST] Processing batch 12323/18932 ...
[09/07 23:39:07] [TEST] Processing batch 12324/18932 ...
[09/07 23:39:07] [TEST] Processing batch 12325/18932 ...
[09/07 23:39:07] [TEST] Processing batch 12326/18932 ...
[09/07 23:39:07] [TEST] Processing batch 12327/18932 ...
[09/07 23:39:07] [TEST] Processing batch 12328/18932 ...
[09/07 23:39:07] [TEST] Processing batch 12329/18932 ...
[09/07 23:39:07] [TEST] Processing batch 12330/18932 ...
[09/07 23:39:07] [TEST] Processing batch 12331/18932 ...
[09/07 23:39:07] [TEST] Processing batch 12332/18932 ...
[09/07 23:39:07] [TEST] Processing batch 12333/18932 ...
[09/07 23:39:07] [TEST] Processing batch 12334/18932 ...
[09/07 23:39:07] [TEST] Processing batch 12335/18932 ...
[09/07 23:39:07] [TEST] Processing batch 12336/18932 ...
[09/07 23:39:07] [TEST] Processing batch 12337/18932 ...
[09/07 23:39:08] [TEST] Processing batch 12338/18932 ...
[09/07 23:39:08] [TEST] Processing batch 12339/18932 ...
[09/07 23:39:08] [TEST] Processing batch 12340/18932 ...
[09/07 23:39:08] [TEST] Processing batch 12341/18932 ...
[09/07 23:39:08] [TEST] Processing batch 12342/18932 ...
[09/07 23:39:08] [TEST] Processing batch 12343/18932 ...
[09/07 23:39:08] [TEST] Processing batch 12344/18932 ...
[09/07 23:39:08] [TEST] Processing batch 12345/18932 ...
[09/07 23:39:08] [TEST] Processing batch 12346/18932 ...
[09/07 23:39:08] [TEST] Processing batch 12347/18932 ...
[09/07 23:39:08] [TEST] Processing batch 12348/18932 ...
[09/07 23:39:08] [TEST] Processing batch 12349/18932 ...
[09/07 23:39:08] [TEST] Processing batch 12350/18932 ...
[09/07 23:39:08] [TEST] Processing batch 12351/18932 ...
[09/07 23:39:08] [TEST] Processing batch 12352/18932 ...
[09/07 23:39:08] [TEST] Processing batch 12353/18932 ...
[09/07 23:39:09] [TEST] Processing batch 12354/18932 ...
[09/07 23:39:09] [TEST] Processing batch 12355/18932 ...
[09/07 23:39:09] [TEST] Processing batch 12356/18932 ...
[09/07 23:39:09] [TEST] Processing batch 12357/18932 ...
[09/07 23:39:09] [TEST] Processing batch 12358/18932 ...
[09/07 23:39:09] [TEST] Processing batch 12359/18932 ...
[09/07 23:39:09] [TEST] Processing batch 12360/18932 ...
[09/07 23:39:09] [TEST] Processing batch 12361/18932 ...
[09/07 23:39:09] [TEST] Processing batch 12362/18932 ...
[09/07 23:39:09] [TEST] Processing batch 12363/18932 ...
[09/07 23:39:09] [TEST] Processing batch 12364/18932 ...
[09/07 23:39:09] [TEST] Processing batch 12365/18932 ...
[09/07 23:39:09] [TEST] Processing batch 12366/18932 ...
[09/07 23:39:09] [TEST] Processing batch 12367/18932 ...
[09/07 23:39:09] [TEST] Processing batch 12368/18932 ...
[09/07 23:39:09] [TEST] Processing batch 12369/18932 ...
[09/07 23:39:10] [TEST] Processing batch 12370/18932 ...
[09/07 23:39:10] [TEST] Processing batch 12371/18932 ...
[09/07 23:39:10] [TEST] Processing batch 12372/18932 ...
[09/07 23:39:10] [TEST] Processing batch 12373/18932 ...
[09/07 23:39:10] [TEST] Processing batch 12374/18932 ...
[09/07 23:39:10] [TEST] Processing batch 12375/18932 ...
[09/07 23:39:10] [TEST] Processing batch 12376/18932 ...
[09/07 23:39:10] [TEST] Processing batch 12377/18932 ...
[09/07 23:39:10] [TEST] Processing batch 12378/18932 ...
[09/07 23:39:10] [TEST] Processing batch 12379/18932 ...
[09/07 23:39:10] [TEST] Processing batch 12380/18932 ...
[09/07 23:39:10] [TEST] Processing batch 12381/18932 ...
[09/07 23:39:10] [TEST] Processing batch 12382/18932 ...
[09/07 23:39:10] [TEST] Processing batch 12383/18932 ...
[09/07 23:39:10] [TEST] Processing batch 12384/18932 ...
[09/07 23:39:10] [TEST] Processing batch 12385/18932 ...
[09/07 23:39:11] [TEST] Processing batch 12386/18932 ...
[09/07 23:39:11] [TEST] Processing batch 12387/18932 ...
[09/07 23:39:11] [TEST] Processing batch 12388/18932 ...
[09/07 23:39:11] [TEST] Processing batch 12389/18932 ...
[09/07 23:39:11] [TEST] Processing batch 12390/18932 ...
[09/07 23:39:11] [TEST] Processing batch 12391/18932 ...
[09/07 23:39:11] [TEST] Processing batch 12392/18932 ...
[09/07 23:39:11] [TEST] Processing batch 12393/18932 ...
[09/07 23:39:11] [TEST] Processing batch 12394/18932 ...
[09/07 23:39:11] [TEST] Processing batch 12395/18932 ...
[09/07 23:39:11] [TEST] Processing batch 12396/18932 ...
[09/07 23:39:11] [TEST] Processing batch 12397/18932 ...
[09/07 23:39:11] [TEST] Processing batch 12398/18932 ...
[09/07 23:39:11] [TEST] Processing batch 12399/18932 ...
[09/07 23:39:11] [TEST] Processing batch 12400/18932 ...
[09/07 23:39:11] [TEST] Processing batch 12401/18932 ...
[09/07 23:39:12] [TEST] Processing batch 12402/18932 ...
[09/07 23:39:12] [TEST] Processing batch 12403/18932 ...
[09/07 23:39:12] [TEST] Processing batch 12404/18932 ...
[09/07 23:39:12] [TEST] Processing batch 12405/18932 ...
[09/07 23:39:12] [TEST] Processing batch 12406/18932 ...
[09/07 23:39:12] [TEST] Processing batch 12407/18932 ...
[09/07 23:39:12] [TEST] Processing batch 12408/18932 ...
[09/07 23:39:12] [TEST] Processing batch 12409/18932 ...
[09/07 23:39:12] [TEST] Processing batch 12410/18932 ...
[09/07 23:39:12] [TEST] Processing batch 12411/18932 ...
[09/07 23:39:12] [TEST] Processing batch 12412/18932 ...
[09/07 23:39:12] [TEST] Processing batch 12413/18932 ...
[09/07 23:39:12] [TEST] Processing batch 12414/18932 ...
[09/07 23:39:12] [TEST] Processing batch 12415/18932 ...
[09/07 23:39:12] [TEST] Processing batch 12416/18932 ...
[09/07 23:39:12] [TEST] Processing batch 12417/18932 ...
[09/07 23:39:13] [TEST] Processing batch 12418/18932 ...
[09/07 23:39:13] [TEST] Processing batch 12419/18932 ...
[09/07 23:39:13] [TEST] Processing batch 12420/18932 ...
[09/07 23:39:13] [TEST] Processing batch 12421/18932 ...
[09/07 23:39:13] [TEST] Processing batch 12422/18932 ...
[09/07 23:39:13] [TEST] Processing batch 12423/18932 ...
[09/07 23:39:13] [TEST] Processing batch 12424/18932 ...
[09/07 23:39:13] [TEST] Processing batch 12425/18932 ...
[09/07 23:39:13] [TEST] Processing batch 12426/18932 ...
[09/07 23:39:13] [TEST] Processing batch 12427/18932 ...
[09/07 23:39:13] [TEST] Processing batch 12428/18932 ...
[09/07 23:39:13] [TEST] Processing batch 12429/18932 ...
[09/07 23:39:13] [TEST] Processing batch 12430/18932 ...
[09/07 23:39:13] [TEST] Processing batch 12431/18932 ...
[09/07 23:39:13] [TEST] Processing batch 12432/18932 ...
[09/07 23:39:13] [TEST] Processing batch 12433/18932 ...
[09/07 23:39:14] [TEST] Processing batch 12434/18932 ...
[09/07 23:39:14] [TEST] Processing batch 12435/18932 ...
[09/07 23:39:14] [TEST] Processing batch 12436/18932 ...
[09/07 23:39:14] [TEST] Processing batch 12437/18932 ...
[09/07 23:39:14] [TEST] Processing batch 12438/18932 ...
[09/07 23:39:14] [TEST] Processing batch 12439/18932 ...
[09/07 23:39:14] [TEST] Processing batch 12440/18932 ...
[09/07 23:39:14] [TEST] Processing batch 12441/18932 ...
[09/07 23:39:14] [TEST] Processing batch 12442/18932 ...
[09/07 23:39:14] [TEST] Processing batch 12443/18932 ...
[09/07 23:39:14] [TEST] Processing batch 12444/18932 ...
[09/07 23:39:14] [TEST] Processing batch 12445/18932 ...
[09/07 23:39:14] [TEST] Processing batch 12446/18932 ...
[09/07 23:39:14] [TEST] Processing batch 12447/18932 ...
[09/07 23:39:14] [TEST] Processing batch 12448/18932 ...
[09/07 23:39:14] [TEST] Processing batch 12449/18932 ...
[09/07 23:39:15] [TEST] Processing batch 12450/18932 ...
[09/07 23:39:15] [TEST] Processing batch 12451/18932 ...
[09/07 23:39:15] [TEST] Processing batch 12452/18932 ...
[09/07 23:39:15] [TEST] Processing batch 12453/18932 ...
[09/07 23:39:15] [TEST] Processing batch 12454/18932 ...
[09/07 23:39:15] [TEST] Processing batch 12455/18932 ...
[09/07 23:39:15] [TEST] Processing batch 12456/18932 ...
[09/07 23:39:15] [TEST] Processing batch 12457/18932 ...
[09/07 23:39:15] [TEST] Processing batch 12458/18932 ...
[09/07 23:39:15] [TEST] Processing batch 12459/18932 ...
[09/07 23:39:15] [TEST] Processing batch 12460/18932 ...
[09/07 23:39:15] [TEST] Processing batch 12461/18932 ...
[09/07 23:39:15] [TEST] Processing batch 12462/18932 ...
[09/07 23:39:15] [TEST] Processing batch 12463/18932 ...
[09/07 23:39:15] [TEST] Processing batch 12464/18932 ...
[09/07 23:39:15] [TEST] Processing batch 12465/18932 ...
[09/07 23:39:16] [TEST] Processing batch 12466/18932 ...
[09/07 23:39:16] [TEST] Processing batch 12467/18932 ...
[09/07 23:39:16] [TEST] Processing batch 12468/18932 ...
[09/07 23:39:16] [TEST] Processing batch 12469/18932 ...
[09/07 23:39:16] [TEST] Processing batch 12470/18932 ...
[09/07 23:39:16] [TEST] Processing batch 12471/18932 ...
[09/07 23:39:16] [TEST] Processing batch 12472/18932 ...
[09/07 23:39:16] [TEST] Processing batch 12473/18932 ...
[09/07 23:39:16] [TEST] Processing batch 12474/18932 ...
[09/07 23:39:16] [TEST] Processing batch 12475/18932 ...
[09/07 23:39:16] [TEST] Processing batch 12476/18932 ...
[09/07 23:39:16] [TEST] Processing batch 12477/18932 ...
[09/07 23:39:16] [TEST] Processing batch 12478/18932 ...
[09/07 23:39:16] [TEST] Processing batch 12479/18932 ...
[09/07 23:39:16] [TEST] Processing batch 12480/18932 ...
[09/07 23:39:16] [TEST] Processing batch 12481/18932 ...
[09/07 23:39:17] [TEST] Processing batch 12482/18932 ...
[09/07 23:39:17] [TEST] Processing batch 12483/18932 ...
[09/07 23:39:17] [TEST] Processing batch 12484/18932 ...
[09/07 23:39:17] [TEST] Processing batch 12485/18932 ...
[09/07 23:39:17] [TEST] Processing batch 12486/18932 ...
[09/07 23:39:17] [TEST] Processing batch 12487/18932 ...
[09/07 23:39:17] [TEST] Processing batch 12488/18932 ...
[09/07 23:39:17] [TEST] Processing batch 12489/18932 ...
[09/07 23:39:17] [TEST] Processing batch 12490/18932 ...
[09/07 23:39:17] [TEST] Processing batch 12491/18932 ...
[09/07 23:39:17] [TEST] Processing batch 12492/18932 ...
[09/07 23:39:17] [TEST] Processing batch 12493/18932 ...
[09/07 23:39:17] [TEST] Processing batch 12494/18932 ...
[09/07 23:39:17] [TEST] Processing batch 12495/18932 ...
[09/07 23:39:17] [TEST] Processing batch 12496/18932 ...
[09/07 23:39:17] [TEST] Processing batch 12497/18932 ...
[09/07 23:39:17] [TEST] Processing batch 12498/18932 ...
[09/07 23:39:18] [TEST] Processing batch 12499/18932 ...
[09/07 23:39:18] [TEST] Processing batch 12500/18932 ...
[09/07 23:39:18] [TEST] Processing batch 12501/18932 ...
[09/07 23:39:18] [TEST] Processing batch 12502/18932 ...
[09/07 23:39:18] [TEST] Processing batch 12503/18932 ...
[09/07 23:39:18] [TEST] Processing batch 12504/18932 ...
[09/07 23:39:18] [TEST] Processing batch 12505/18932 ...
[09/07 23:39:18] [TEST] Processing batch 12506/18932 ...
[09/07 23:39:18] [TEST] Processing batch 12507/18932 ...
[09/07 23:39:18] [TEST] Processing batch 12508/18932 ...
[09/07 23:39:18] [TEST] Processing batch 12509/18932 ...
[09/07 23:39:18] [TEST] Processing batch 12510/18932 ...
[09/07 23:39:18] [TEST] Processing batch 12511/18932 ...
[09/07 23:39:18] [TEST] Processing batch 12512/18932 ...
[09/07 23:39:18] [TEST] Processing batch 12513/18932 ...
[09/07 23:39:18] [TEST] Processing batch 12514/18932 ...
[09/07 23:39:18] [TEST] Processing batch 12515/18932 ...
[09/07 23:39:18] [TEST] Processing batch 12516/18932 ...
[09/07 23:39:19] [TEST] Processing batch 12517/18932 ...
[09/07 23:39:19] [TEST] Processing batch 12518/18932 ...
[09/07 23:39:19] [TEST] Processing batch 12519/18932 ...
[09/07 23:39:19] [TEST] Processing batch 12520/18932 ...
[09/07 23:39:19] [TEST] Processing batch 12521/18932 ...
[09/07 23:39:19] [TEST] Processing batch 12522/18932 ...
[09/07 23:39:19] [TEST] Processing batch 12523/18932 ...
[09/07 23:39:19] [TEST] Processing batch 12524/18932 ...
[09/07 23:39:19] [TEST] Processing batch 12525/18932 ...
[09/07 23:39:19] [TEST] Processing batch 12526/18932 ...
[09/07 23:39:19] [TEST] Processing batch 12527/18932 ...
[09/07 23:39:19] [TEST] Processing batch 12528/18932 ...
[09/07 23:39:19] [TEST] Processing batch 12529/18932 ...
[09/07 23:39:19] [TEST] Processing batch 12530/18932 ...
[09/07 23:39:19] [TEST] Processing batch 12531/18932 ...
[09/07 23:39:19] [TEST] Processing batch 12532/18932 ...
[09/07 23:39:19] [TEST] Processing batch 12533/18932 ...
[09/07 23:39:19] [TEST] Processing batch 12534/18932 ...
[09/07 23:39:20] [TEST] Processing batch 12535/18932 ...
[09/07 23:39:20] [TEST] Processing batch 12536/18932 ...
[09/07 23:39:20] [TEST] Processing batch 12537/18932 ...
[09/07 23:39:20] [TEST] Processing batch 12538/18932 ...
[09/07 23:39:20] [TEST] Processing batch 12539/18932 ...
[09/07 23:39:20] [TEST] Processing batch 12540/18932 ...
[09/07 23:39:20] [TEST] Processing batch 12541/18932 ...
[09/07 23:39:20] [TEST] Processing batch 12542/18932 ...
[09/07 23:39:20] [TEST] Processing batch 12543/18932 ...
[09/07 23:39:20] [TEST] Processing batch 12544/18932 ...
[09/07 23:39:20] [TEST] Processing batch 12545/18932 ...
[09/07 23:39:20] [TEST] Processing batch 12546/18932 ...
[09/07 23:39:20] [TEST] Processing batch 12547/18932 ...
[09/07 23:39:20] [TEST] Processing batch 12548/18932 ...
[09/07 23:39:20] [TEST] Processing batch 12549/18932 ...
[09/07 23:39:20] [TEST] Processing batch 12550/18932 ...
[09/07 23:39:20] [TEST] Processing batch 12551/18932 ...
[09/07 23:39:20] [TEST] Processing batch 12552/18932 ...
[09/07 23:39:21] [TEST] Processing batch 12553/18932 ...
[09/07 23:39:21] [TEST] Processing batch 12554/18932 ...
[09/07 23:39:21] [TEST] Processing batch 12555/18932 ...
[09/07 23:39:21] [TEST] Processing batch 12556/18932 ...
[09/07 23:39:21] [TEST] Processing batch 12557/18932 ...
[09/07 23:39:21] [TEST] Processing batch 12558/18932 ...
[09/07 23:39:21] [TEST] Processing batch 12559/18932 ...
[09/07 23:39:21] [TEST] Processing batch 12560/18932 ...
[09/07 23:39:21] [TEST] Processing batch 12561/18932 ...
[09/07 23:39:21] [TEST] Processing batch 12562/18932 ...
[09/07 23:39:21] [TEST] Processing batch 12563/18932 ...
[09/07 23:39:21] [TEST] Processing batch 12564/18932 ...
[09/07 23:39:21] [TEST] Processing batch 12565/18932 ...
[09/07 23:39:21] [TEST] Processing batch 12566/18932 ...
[09/07 23:39:21] [TEST] Processing batch 12567/18932 ...
[09/07 23:39:21] [TEST] Processing batch 12568/18932 ...
[09/07 23:39:21] [TEST] Processing batch 12569/18932 ...
[09/07 23:39:21] [TEST] Processing batch 12570/18932 ...
[09/07 23:39:22] [TEST] Processing batch 12571/18932 ...
[09/07 23:39:22] [TEST] Processing batch 12572/18932 ...
[09/07 23:39:22] [TEST] Processing batch 12573/18932 ...
[09/07 23:39:22] [TEST] Processing batch 12574/18932 ...
[09/07 23:39:22] [TEST] Processing batch 12575/18932 ...
[09/07 23:39:22] [TEST] Processing batch 12576/18932 ...
[09/07 23:39:22] [TEST] Processing batch 12577/18932 ...
[09/07 23:39:22] [TEST] Processing batch 12578/18932 ...
[09/07 23:39:22] [TEST] Processing batch 12579/18932 ...
[09/07 23:39:22] [TEST] Processing batch 12580/18932 ...
[09/07 23:39:22] [TEST] Processing batch 12581/18932 ...
[09/07 23:39:22] [TEST] Processing batch 12582/18932 ...
[09/07 23:39:22] [TEST] Processing batch 12583/18932 ...
[09/07 23:39:22] [TEST] Processing batch 12584/18932 ...
[09/07 23:39:22] [TEST] Processing batch 12585/18932 ...
[09/07 23:39:22] [TEST] Processing batch 12586/18932 ...
[09/07 23:39:22] [TEST] Processing batch 12587/18932 ...
[09/07 23:39:22] [TEST] Processing batch 12588/18932 ...
[09/07 23:39:23] [TEST] Processing batch 12589/18932 ...
[09/07 23:39:23] [TEST] Processing batch 12590/18932 ...
[09/07 23:39:23] [TEST] Processing batch 12591/18932 ...
[09/07 23:39:23] [TEST] Processing batch 12592/18932 ...
[09/07 23:39:23] [TEST] Processing batch 12593/18932 ...
[09/07 23:39:23] [TEST] Processing batch 12594/18932 ...
[09/07 23:39:23] [TEST] Processing batch 12595/18932 ...
[09/07 23:39:23] [TEST] Processing batch 12596/18932 ...
[09/07 23:39:23] [TEST] Processing batch 12597/18932 ...
[09/07 23:39:23] [TEST] Processing batch 12598/18932 ...
[09/07 23:39:23] [TEST] Processing batch 12599/18932 ...
[09/07 23:39:23] [TEST] Processing batch 12600/18932 ...
[09/07 23:39:23] [TEST] Processing batch 12601/18932 ...
[09/07 23:39:23] [TEST] Processing batch 12602/18932 ...
[09/07 23:39:23] [TEST] Processing batch 12603/18932 ...
[09/07 23:39:23] [TEST] Processing batch 12604/18932 ...
[09/07 23:39:23] [TEST] Processing batch 12605/18932 ...
[09/07 23:39:23] [TEST] Processing batch 12606/18932 ...
[09/07 23:39:24] [TEST] Processing batch 12607/18932 ...
[09/07 23:39:24] [TEST] Processing batch 12608/18932 ...
[09/07 23:39:24] [TEST] Processing batch 12609/18932 ...
[09/07 23:39:24] [TEST] Processing batch 12610/18932 ...
[09/07 23:39:24] [TEST] Processing batch 12611/18932 ...
[09/07 23:39:24] [TEST] Processing batch 12612/18932 ...
[09/07 23:39:24] [TEST] Processing batch 12613/18932 ...
[09/07 23:39:24] [TEST] Processing batch 12614/18932 ...
[09/07 23:39:24] [TEST] Processing batch 12615/18932 ...
[09/07 23:39:24] [TEST] Processing batch 12616/18932 ...
[09/07 23:39:24] [TEST] Processing batch 12617/18932 ...
[09/07 23:39:24] [TEST] Processing batch 12618/18932 ...
[09/07 23:39:24] [TEST] Processing batch 12619/18932 ...
[09/07 23:39:24] [TEST] Processing batch 12620/18932 ...
[09/07 23:39:24] [TEST] Processing batch 12621/18932 ...
[09/07 23:39:24] [TEST] Processing batch 12622/18932 ...
[09/07 23:39:24] [TEST] Processing batch 12623/18932 ...
[09/07 23:39:24] [TEST] Processing batch 12624/18932 ...
[09/07 23:39:25] [TEST] Processing batch 12625/18932 ...
[09/07 23:39:25] [TEST] Processing batch 12626/18932 ...
[09/07 23:39:25] [TEST] Processing batch 12627/18932 ...
[09/07 23:39:25] [TEST] Processing batch 12628/18932 ...
[09/07 23:39:25] [TEST] Processing batch 12629/18932 ...
[09/07 23:39:25] [TEST] Processing batch 12630/18932 ...
[09/07 23:39:25] [TEST] Processing batch 12631/18932 ...
[09/07 23:39:25] [TEST] Processing batch 12632/18932 ...
[09/07 23:39:25] [TEST] Processing batch 12633/18932 ...
[09/07 23:39:25] [TEST] Processing batch 12634/18932 ...
[09/07 23:39:25] [TEST] Processing batch 12635/18932 ...
[09/07 23:39:25] [TEST] Processing batch 12636/18932 ...
[09/07 23:39:25] [TEST] Processing batch 12637/18932 ...
[09/07 23:39:25] [TEST] Processing batch 12638/18932 ...
[09/07 23:39:25] [TEST] Processing batch 12639/18932 ...
[09/07 23:39:25] [TEST] Processing batch 12640/18932 ...
[09/07 23:39:25] [TEST] Processing batch 12641/18932 ...
[09/07 23:39:25] [TEST] Processing batch 12642/18932 ...
[09/07 23:39:26] [TEST] Processing batch 12643/18932 ...
[09/07 23:39:26] [TEST] Processing batch 12644/18932 ...
[09/07 23:39:26] [TEST] Processing batch 12645/18932 ...
[09/07 23:39:26] [TEST] Processing batch 12646/18932 ...
[09/07 23:39:26] [TEST] Processing batch 12647/18932 ...
[09/07 23:39:26] [TEST] Processing batch 12648/18932 ...
[09/07 23:39:26] [TEST] Processing batch 12649/18932 ...
[09/07 23:39:26] [TEST] Processing batch 12650/18932 ...
[09/07 23:39:26] [TEST] Processing batch 12651/18932 ...
[09/07 23:39:26] [TEST] Processing batch 12652/18932 ...
[09/07 23:39:26] [TEST] Processing batch 12653/18932 ...
[09/07 23:39:26] [TEST] Processing batch 12654/18932 ...
[09/07 23:39:26] [TEST] Processing batch 12655/18932 ...
[09/07 23:39:26] [TEST] Processing batch 12656/18932 ...
[09/07 23:39:26] [TEST] Processing batch 12657/18932 ...
[09/07 23:39:26] [TEST] Processing batch 12658/18932 ...
[09/07 23:39:26] [TEST] Processing batch 12659/18932 ...
[09/07 23:39:26] [TEST] Processing batch 12660/18932 ...
[09/07 23:39:27] [TEST] Processing batch 12661/18932 ...
[09/07 23:39:27] [TEST] Processing batch 12662/18932 ...
[09/07 23:39:27] [TEST] Processing batch 12663/18932 ...
[09/07 23:39:27] [TEST] Processing batch 12664/18932 ...
[09/07 23:39:27] [TEST] Processing batch 12665/18932 ...
[09/07 23:39:27] [TEST] Processing batch 12666/18932 ...
[09/07 23:39:27] [TEST] Processing batch 12667/18932 ...
[09/07 23:39:27] [TEST] Processing batch 12668/18932 ...
[09/07 23:39:27] [TEST] Processing batch 12669/18932 ...
[09/07 23:39:27] [TEST] Processing batch 12670/18932 ...
[09/07 23:39:27] [TEST] Processing batch 12671/18932 ...
[09/07 23:39:27] [TEST] Processing batch 12672/18932 ...
[09/07 23:39:27] [TEST] Processing batch 12673/18932 ...
[09/07 23:39:27] [TEST] Processing batch 12674/18932 ...
[09/07 23:39:27] [TEST] Processing batch 12675/18932 ...
[09/07 23:39:27] [TEST] Processing batch 12676/18932 ...
[09/07 23:39:27] [TEST] Processing batch 12677/18932 ...
[09/07 23:39:27] [TEST] Processing batch 12678/18932 ...
[09/07 23:39:28] [TEST] Processing batch 12679/18932 ...
[09/07 23:39:28] [TEST] Processing batch 12680/18932 ...
[09/07 23:39:28] [TEST] Processing batch 12681/18932 ...
[09/07 23:39:28] [TEST] Processing batch 12682/18932 ...
[09/07 23:39:28] [TEST] Processing batch 12683/18932 ...
[09/07 23:39:28] [TEST] Processing batch 12684/18932 ...
[09/07 23:39:28] [TEST] Processing batch 12685/18932 ...
[09/07 23:39:28] [TEST] Processing batch 12686/18932 ...
[09/07 23:39:28] [TEST] Processing batch 12687/18932 ...
[09/07 23:39:28] [TEST] Processing batch 12688/18932 ...
[09/07 23:39:28] [TEST] Processing batch 12689/18932 ...
[09/07 23:39:28] [TEST] Processing batch 12690/18932 ...
[09/07 23:39:28] [TEST] Processing batch 12691/18932 ...
[09/07 23:39:28] [TEST] Processing batch 12692/18932 ...
[09/07 23:39:28] [TEST] Processing batch 12693/18932 ...
[09/07 23:39:28] [TEST] Processing batch 12694/18932 ...
[09/07 23:39:28] [TEST] Processing batch 12695/18932 ...
[09/07 23:39:28] [TEST] Processing batch 12696/18932 ...
[09/07 23:39:29] [TEST] Processing batch 12697/18932 ...
[09/07 23:39:29] [TEST] Processing batch 12698/18932 ...
[09/07 23:39:29] [TEST] Processing batch 12699/18932 ...
[09/07 23:39:29] [TEST] Processing batch 12700/18932 ...
[09/07 23:39:29] [TEST] Processing batch 12701/18932 ...
[09/07 23:39:29] [TEST] Processing batch 12702/18932 ...
[09/07 23:39:29] [TEST] Processing batch 12703/18932 ...
[09/07 23:39:29] [TEST] Processing batch 12704/18932 ...
[09/07 23:39:29] [TEST] Processing batch 12705/18932 ...
[09/07 23:39:29] [TEST] Processing batch 12706/18932 ...
[09/07 23:39:29] [TEST] Processing batch 12707/18932 ...
[09/07 23:39:29] [TEST] Processing batch 12708/18932 ...
[09/07 23:39:29] [TEST] Processing batch 12709/18932 ...
[09/07 23:39:29] [TEST] Processing batch 12710/18932 ...
[09/07 23:39:29] [TEST] Processing batch 12711/18932 ...
[09/07 23:39:29] [TEST] Processing batch 12712/18932 ...
[09/07 23:39:29] [TEST] Processing batch 12713/18932 ...
[09/07 23:39:29] [TEST] Processing batch 12714/18932 ...
[09/07 23:39:30] [TEST] Processing batch 12715/18932 ...
[09/07 23:39:30] [TEST] Processing batch 12716/18932 ...
[09/07 23:39:30] [TEST] Processing batch 12717/18932 ...
[09/07 23:39:30] [TEST] Processing batch 12718/18932 ...
[09/07 23:39:30] [TEST] Processing batch 12719/18932 ...
[09/07 23:39:30] [TEST] Processing batch 12720/18932 ...
[09/07 23:39:30] [TEST] Processing batch 12721/18932 ...
[09/07 23:39:30] [TEST] Processing batch 12722/18932 ...
[09/07 23:39:30] [TEST] Processing batch 12723/18932 ...
[09/07 23:39:30] [TEST] Processing batch 12724/18932 ...
[09/07 23:39:30] [TEST] Processing batch 12725/18932 ...
[09/07 23:39:30] [TEST] Processing batch 12726/18932 ...
[09/07 23:39:30] [TEST] Processing batch 12727/18932 ...
[09/07 23:39:30] [TEST] Processing batch 12728/18932 ...
[09/07 23:39:30] [TEST] Processing batch 12729/18932 ...
[09/07 23:39:30] [TEST] Processing batch 12730/18932 ...
[09/07 23:39:30] [TEST] Processing batch 12731/18932 ...
[09/07 23:39:30] [TEST] Processing batch 12732/18932 ...
[09/07 23:39:31] [TEST] Processing batch 12733/18932 ...
[09/07 23:39:31] [TEST] Processing batch 12734/18932 ...
[09/07 23:39:31] [TEST] Processing batch 12735/18932 ...
[09/07 23:39:31] [TEST] Processing batch 12736/18932 ...
[09/07 23:39:31] [TEST] Processing batch 12737/18932 ...
[09/07 23:39:31] [TEST] Processing batch 12738/18932 ...
[09/07 23:39:31] [TEST] Processing batch 12739/18932 ...
[09/07 23:39:31] [TEST] Processing batch 12740/18932 ...
[09/07 23:39:31] [TEST] Processing batch 12741/18932 ...
[09/07 23:39:31] [TEST] Processing batch 12742/18932 ...
[09/07 23:39:31] [TEST] Processing batch 12743/18932 ...
[09/07 23:39:31] [TEST] Processing batch 12744/18932 ...
[09/07 23:39:31] [TEST] Processing batch 12745/18932 ...
[09/07 23:39:31] [TEST] Processing batch 12746/18932 ...
[09/07 23:39:31] [TEST] Processing batch 12747/18932 ...
[09/07 23:39:31] [TEST] Processing batch 12748/18932 ...
[09/07 23:39:31] [TEST] Processing batch 12749/18932 ...
[09/07 23:39:32] [TEST] Processing batch 12750/18932 ...
[09/07 23:39:32] [TEST] Processing batch 12751/18932 ...
[09/07 23:39:32] [TEST] Processing batch 12752/18932 ...
[09/07 23:39:32] [TEST] Processing batch 12753/18932 ...
[09/07 23:39:32] [TEST] Processing batch 12754/18932 ...
[09/07 23:39:32] [TEST] Processing batch 12755/18932 ...
[09/07 23:39:32] [TEST] Processing batch 12756/18932 ...
[09/07 23:39:32] [TEST] Processing batch 12757/18932 ...
[09/07 23:39:32] [TEST] Processing batch 12758/18932 ...
[09/07 23:39:32] [TEST] Processing batch 12759/18932 ...
[09/07 23:39:32] [TEST] Processing batch 12760/18932 ...
[09/07 23:39:32] [TEST] Processing batch 12761/18932 ...
[09/07 23:39:32] [TEST] Processing batch 12762/18932 ...
[09/07 23:39:32] [TEST] Processing batch 12763/18932 ...
[09/07 23:39:32] [TEST] Processing batch 12764/18932 ...
[09/07 23:39:32] [TEST] Processing batch 12765/18932 ...
[09/07 23:39:32] [TEST] Processing batch 12766/18932 ...
[09/07 23:39:32] [TEST] Processing batch 12767/18932 ...
[09/07 23:39:33] [TEST] Processing batch 12768/18932 ...
[09/07 23:39:33] [TEST] Processing batch 12769/18932 ...
[09/07 23:39:33] [TEST] Processing batch 12770/18932 ...
[09/07 23:39:33] [TEST] Processing batch 12771/18932 ...
[09/07 23:39:33] [TEST] Processing batch 12772/18932 ...
[09/07 23:39:33] [TEST] Processing batch 12773/18932 ...
[09/07 23:39:33] [TEST] Processing batch 12774/18932 ...
[09/07 23:39:33] [TEST] Processing batch 12775/18932 ...
[09/07 23:39:33] [TEST] Processing batch 12776/18932 ...
[09/07 23:39:33] [TEST] Processing batch 12777/18932 ...
[09/07 23:39:33] [TEST] Processing batch 12778/18932 ...
[09/07 23:39:33] [TEST] Processing batch 12779/18932 ...
[09/07 23:39:33] [TEST] Processing batch 12780/18932 ...
[09/07 23:39:33] [TEST] Processing batch 12781/18932 ...
[09/07 23:39:33] [TEST] Processing batch 12782/18932 ...
[09/07 23:39:33] [TEST] Processing batch 12783/18932 ...
[09/07 23:39:33] [TEST] Processing batch 12784/18932 ...
[09/07 23:39:33] [TEST] Processing batch 12785/18932 ...
[09/07 23:39:34] [TEST] Processing batch 12786/18932 ...
[09/07 23:39:34] [TEST] Processing batch 12787/18932 ...
[09/07 23:39:34] [TEST] Processing batch 12788/18932 ...
[09/07 23:39:34] [TEST] Processing batch 12789/18932 ...
[09/07 23:39:34] [TEST] Processing batch 12790/18932 ...
[09/07 23:39:34] [TEST] Processing batch 12791/18932 ...
[09/07 23:39:34] [TEST] Processing batch 12792/18932 ...
[09/07 23:39:34] [TEST] Processing batch 12793/18932 ...
[09/07 23:39:34] [TEST] Processing batch 12794/18932 ...
[09/07 23:39:34] [TEST] Processing batch 12795/18932 ...
[09/07 23:39:34] [TEST] Processing batch 12796/18932 ...
[09/07 23:39:34] [TEST] Processing batch 12797/18932 ...
[09/07 23:39:34] [TEST] Processing batch 12798/18932 ...
[09/07 23:39:34] [TEST] Processing batch 12799/18932 ...
[09/07 23:39:34] [TEST] Processing batch 12800/18932 ...
[09/07 23:39:34] [TEST] Processing batch 12801/18932 ...
[09/07 23:39:34] [TEST] Processing batch 12802/18932 ...
[09/07 23:39:34] [TEST] Processing batch 12803/18932 ...
[09/07 23:39:35] [TEST] Processing batch 12804/18932 ...
[09/07 23:39:35] [TEST] Processing batch 12805/18932 ...
[09/07 23:39:35] [TEST] Processing batch 12806/18932 ...
[09/07 23:39:35] [TEST] Processing batch 12807/18932 ...
[09/07 23:39:35] [TEST] Processing batch 12808/18932 ...
[09/07 23:39:35] [TEST] Processing batch 12809/18932 ...
[09/07 23:39:35] [TEST] Processing batch 12810/18932 ...
[09/07 23:39:35] [TEST] Processing batch 12811/18932 ...
[09/07 23:39:35] [TEST] Processing batch 12812/18932 ...
[09/07 23:39:35] [TEST] Processing batch 12813/18932 ...
[09/07 23:39:35] [TEST] Processing batch 12814/18932 ...
[09/07 23:39:35] [TEST] Processing batch 12815/18932 ...
[09/07 23:39:35] [TEST] Processing batch 12816/18932 ...
[09/07 23:39:35] [TEST] Processing batch 12817/18932 ...
[09/07 23:39:35] [TEST] Processing batch 12818/18932 ...
[09/07 23:39:35] [TEST] Processing batch 12819/18932 ...
[09/07 23:39:35] [TEST] Processing batch 12820/18932 ...
[09/07 23:39:35] [TEST] Processing batch 12821/18932 ...
[09/07 23:39:36] [TEST] Processing batch 12822/18932 ...
[09/07 23:39:36] [TEST] Processing batch 12823/18932 ...
[09/07 23:39:36] [TEST] Processing batch 12824/18932 ...
[09/07 23:39:36] [TEST] Processing batch 12825/18932 ...
[09/07 23:39:36] [TEST] Processing batch 12826/18932 ...
[09/07 23:39:36] [TEST] Processing batch 12827/18932 ...
[09/07 23:39:36] [TEST] Processing batch 12828/18932 ...
[09/07 23:39:36] [TEST] Processing batch 12829/18932 ...
[09/07 23:39:36] [TEST] Processing batch 12830/18932 ...
[09/07 23:39:36] [TEST] Processing batch 12831/18932 ...
[09/07 23:39:36] [TEST] Processing batch 12832/18932 ...
[09/07 23:39:36] [TEST] Processing batch 12833/18932 ...
[09/07 23:39:36] [TEST] Processing batch 12834/18932 ...
[09/07 23:39:36] [TEST] Processing batch 12835/18932 ...
[09/07 23:39:36] [TEST] Processing batch 12836/18932 ...
[09/07 23:39:36] [TEST] Processing batch 12837/18932 ...
[09/07 23:39:36] [TEST] Processing batch 12838/18932 ...
[09/07 23:39:36] [TEST] Processing batch 12839/18932 ...
[09/07 23:39:37] [TEST] Processing batch 12840/18932 ...
[09/07 23:39:37] [TEST] Processing batch 12841/18932 ...
[09/07 23:39:37] [TEST] Processing batch 12842/18932 ...
[09/07 23:39:37] [TEST] Processing batch 12843/18932 ...
[09/07 23:39:37] [TEST] Processing batch 12844/18932 ...
[09/07 23:39:37] [TEST] Processing batch 12845/18932 ...
[09/07 23:39:37] [TEST] Processing batch 12846/18932 ...
[09/07 23:39:37] [TEST] Processing batch 12847/18932 ...
[09/07 23:39:37] [TEST] Processing batch 12848/18932 ...
[09/07 23:39:37] [TEST] Processing batch 12849/18932 ...
[09/07 23:39:37] [TEST] Processing batch 12850/18932 ...
[09/07 23:39:37] [TEST] Processing batch 12851/18932 ...
[09/07 23:39:37] [TEST] Processing batch 12852/18932 ...
[09/07 23:39:37] [TEST] Processing batch 12853/18932 ...
[09/07 23:39:37] [TEST] Processing batch 12854/18932 ...
[09/07 23:39:37] [TEST] Processing batch 12855/18932 ...
[09/07 23:39:37] [TEST] Processing batch 12856/18932 ...
[09/07 23:39:37] [TEST] Processing batch 12857/18932 ...
[09/07 23:39:38] [TEST] Processing batch 12858/18932 ...
[09/07 23:39:38] [TEST] Processing batch 12859/18932 ...
[09/07 23:39:38] [TEST] Processing batch 12860/18932 ...
[09/07 23:39:38] [TEST] Processing batch 12861/18932 ...
[09/07 23:39:38] [TEST] Processing batch 12862/18932 ...
[09/07 23:39:38] [TEST] Processing batch 12863/18932 ...
[09/07 23:39:38] [TEST] Processing batch 12864/18932 ...
[09/07 23:39:38] [TEST] Processing batch 12865/18932 ...
[09/07 23:39:38] [TEST] Processing batch 12866/18932 ...
[09/07 23:39:38] [TEST] Processing batch 12867/18932 ...
[09/07 23:39:38] [TEST] Processing batch 12868/18932 ...
[09/07 23:39:38] [TEST] Processing batch 12869/18932 ...
[09/07 23:39:38] [TEST] Processing batch 12870/18932 ...
[09/07 23:39:38] [TEST] Processing batch 12871/18932 ...
[09/07 23:39:38] [TEST] Processing batch 12872/18932 ...
[09/07 23:39:38] [TEST] Processing batch 12873/18932 ...
[09/07 23:39:38] [TEST] Processing batch 12874/18932 ...
[09/07 23:39:38] [TEST] Processing batch 12875/18932 ...
[09/07 23:39:39] [TEST] Processing batch 12876/18932 ...
[09/07 23:39:39] [TEST] Processing batch 12877/18932 ...
[09/07 23:39:39] [TEST] Processing batch 12878/18932 ...
[09/07 23:39:39] [TEST] Processing batch 12879/18932 ...
[09/07 23:39:39] [TEST] Processing batch 12880/18932 ...
[09/07 23:39:39] [TEST] Processing batch 12881/18932 ...
[09/07 23:39:39] [TEST] Processing batch 12882/18932 ...
[09/07 23:39:39] [TEST] Processing batch 12883/18932 ...
[09/07 23:39:39] [TEST] Processing batch 12884/18932 ...
[09/07 23:39:39] [TEST] Processing batch 12885/18932 ...
[09/07 23:39:39] [TEST] Processing batch 12886/18932 ...
[09/07 23:39:39] [TEST] Processing batch 12887/18932 ...
[09/07 23:39:39] [TEST] Processing batch 12888/18932 ...
[09/07 23:39:39] [TEST] Processing batch 12889/18932 ...
[09/07 23:39:39] [TEST] Processing batch 12890/18932 ...
[09/07 23:39:39] [TEST] Processing batch 12891/18932 ...
[09/07 23:39:39] [TEST] Processing batch 12892/18932 ...
[09/07 23:39:39] [TEST] Processing batch 12893/18932 ...
[09/07 23:39:40] [TEST] Processing batch 12894/18932 ...
[09/07 23:39:40] [TEST] Processing batch 12895/18932 ...
[09/07 23:39:40] [TEST] Processing batch 12896/18932 ...
[09/07 23:39:40] [TEST] Processing batch 12897/18932 ...
[09/07 23:39:40] [TEST] Processing batch 12898/18932 ...
[09/07 23:39:40] [TEST] Processing batch 12899/18932 ...
[09/07 23:39:40] [TEST] Processing batch 12900/18932 ...
[09/07 23:39:40] [TEST] Processing batch 12901/18932 ...
[09/07 23:39:40] [TEST] Processing batch 12902/18932 ...
[09/07 23:39:40] [TEST] Processing batch 12903/18932 ...
[09/07 23:39:40] [TEST] Processing batch 12904/18932 ...
[09/07 23:39:40] [TEST] Processing batch 12905/18932 ...
[09/07 23:39:40] [TEST] Processing batch 12906/18932 ...
[09/07 23:39:40] [TEST] Processing batch 12907/18932 ...
[09/07 23:39:40] [TEST] Processing batch 12908/18932 ...
[09/07 23:39:40] [TEST] Processing batch 12909/18932 ...
[09/07 23:39:40] [TEST] Processing batch 12910/18932 ...
[09/07 23:39:40] [TEST] Processing batch 12911/18932 ...
[09/07 23:39:41] [TEST] Processing batch 12912/18932 ...
[09/07 23:39:41] [TEST] Processing batch 12913/18932 ...
[09/07 23:39:41] [TEST] Processing batch 12914/18932 ...
[09/07 23:39:41] [TEST] Processing batch 12915/18932 ...
[09/07 23:39:41] [TEST] Processing batch 12916/18932 ...
[09/07 23:39:41] [TEST] Processing batch 12917/18932 ...
[09/07 23:39:41] [TEST] Processing batch 12918/18932 ...
[09/07 23:39:41] [TEST] Processing batch 12919/18932 ...
[09/07 23:39:41] [TEST] Processing batch 12920/18932 ...
[09/07 23:39:41] [TEST] Processing batch 12921/18932 ...
[09/07 23:39:41] [TEST] Processing batch 12922/18932 ...
[09/07 23:39:41] [TEST] Processing batch 12923/18932 ...
[09/07 23:39:41] [TEST] Processing batch 12924/18932 ...
[09/07 23:39:41] [TEST] Processing batch 12925/18932 ...
[09/07 23:39:41] [TEST] Processing batch 12926/18932 ...
[09/07 23:39:41] [TEST] Processing batch 12927/18932 ...
[09/07 23:39:41] [TEST] Processing batch 12928/18932 ...
[09/07 23:39:41] [TEST] Processing batch 12929/18932 ...
[09/07 23:39:42] [TEST] Processing batch 12930/18932 ...
[09/07 23:39:42] [TEST] Processing batch 12931/18932 ...
[09/07 23:39:42] [TEST] Processing batch 12932/18932 ...
[09/07 23:39:42] [TEST] Processing batch 12933/18932 ...
[09/07 23:39:42] [TEST] Processing batch 12934/18932 ...
[09/07 23:39:42] [TEST] Processing batch 12935/18932 ...
[09/07 23:39:42] [TEST] Processing batch 12936/18932 ...
[09/07 23:39:42] [TEST] Processing batch 12937/18932 ...
[09/07 23:39:42] [TEST] Processing batch 12938/18932 ...
[09/07 23:39:42] [TEST] Processing batch 12939/18932 ...
[09/07 23:39:42] [TEST] Processing batch 12940/18932 ...
[09/07 23:39:42] [TEST] Processing batch 12941/18932 ...
[09/07 23:39:42] [TEST] Processing batch 12942/18932 ...
[09/07 23:39:42] [TEST] Processing batch 12943/18932 ...
[09/07 23:39:43] [TEST] Processing batch 12944/18932 ...
[09/07 23:39:43] [TEST] Processing batch 12945/18932 ...
[09/07 23:39:43] [TEST] Processing batch 12946/18932 ...
[09/07 23:39:43] [TEST] Processing batch 12947/18932 ...
[09/07 23:39:43] [TEST] Processing batch 12948/18932 ...
[09/07 23:39:43] [TEST] Processing batch 12949/18932 ...
[09/07 23:39:43] [TEST] Processing batch 12950/18932 ...
[09/07 23:39:43] [TEST] Processing batch 12951/18932 ...
[09/07 23:39:43] [TEST] Processing batch 12952/18932 ...
[09/07 23:39:43] [TEST] Processing batch 12953/18932 ...
[09/07 23:39:43] [TEST] Processing batch 12954/18932 ...
[09/07 23:39:43] [TEST] Processing batch 12955/18932 ...
[09/07 23:39:43] [TEST] Processing batch 12956/18932 ...
[09/07 23:39:43] [TEST] Processing batch 12957/18932 ...
[09/07 23:39:43] [TEST] Processing batch 12958/18932 ...
[09/07 23:39:43] [TEST] Processing batch 12959/18932 ...
[09/07 23:39:43] [TEST] Processing batch 12960/18932 ...
[09/07 23:39:43] [TEST] Processing batch 12961/18932 ...
[09/07 23:39:44] [TEST] Processing batch 12962/18932 ...
[09/07 23:39:44] [TEST] Processing batch 12963/18932 ...
[09/07 23:39:44] [TEST] Processing batch 12964/18932 ...
[09/07 23:39:44] [TEST] Processing batch 12965/18932 ...
[09/07 23:39:44] [TEST] Processing batch 12966/18932 ...
[09/07 23:39:44] [TEST] Processing batch 12967/18932 ...
[09/07 23:39:44] [TEST] Processing batch 12968/18932 ...
[09/07 23:39:44] [TEST] Processing batch 12969/18932 ...
[09/07 23:39:44] [TEST] Processing batch 12970/18932 ...
[09/07 23:39:44] [TEST] Processing batch 12971/18932 ...
[09/07 23:39:44] [TEST] Processing batch 12972/18932 ...
[09/07 23:39:44] [TEST] Processing batch 12973/18932 ...
[09/07 23:39:44] [TEST] Processing batch 12974/18932 ...
[09/07 23:39:44] [TEST] Processing batch 12975/18932 ...
[09/07 23:39:44] [TEST] Processing batch 12976/18932 ...
[09/07 23:39:44] [TEST] Processing batch 12977/18932 ...
[09/07 23:39:44] [TEST] Processing batch 12978/18932 ...
[09/07 23:39:44] [TEST] Processing batch 12979/18932 ...
[09/07 23:39:45] [TEST] Processing batch 12980/18932 ...
[09/07 23:39:45] [TEST] Processing batch 12981/18932 ...
[09/07 23:39:45] [TEST] Processing batch 12982/18932 ...
[09/07 23:39:45] [TEST] Processing batch 12983/18932 ...
[09/07 23:39:45] [TEST] Processing batch 12984/18932 ...
[09/07 23:39:45] [TEST] Processing batch 12985/18932 ...
[09/07 23:39:45] [TEST] Processing batch 12986/18932 ...
[09/07 23:39:45] [TEST] Processing batch 12987/18932 ...
[09/07 23:39:45] [TEST] Processing batch 12988/18932 ...
[09/07 23:39:45] [TEST] Processing batch 12989/18932 ...
[09/07 23:39:45] [TEST] Processing batch 12990/18932 ...
[09/07 23:39:45] [TEST] Processing batch 12991/18932 ...
[09/07 23:39:45] [TEST] Processing batch 12992/18932 ...
[09/07 23:39:45] [TEST] Processing batch 12993/18932 ...
[09/07 23:39:45] [TEST] Processing batch 12994/18932 ...
[09/07 23:39:45] [TEST] Processing batch 12995/18932 ...
[09/07 23:39:45] [TEST] Processing batch 12996/18932 ...
[09/07 23:39:45] [TEST] Processing batch 12997/18932 ...
[09/07 23:39:46] [TEST] Processing batch 12998/18932 ...
[09/07 23:39:46] [TEST] Processing batch 12999/18932 ...
[09/07 23:39:46] [TEST] Processing batch 13000/18932 ...
[09/07 23:39:46] [TEST] Processing batch 13001/18932 ...
[09/07 23:39:46] [TEST] Processing batch 13002/18932 ...
[09/07 23:39:46] [TEST] Processing batch 13003/18932 ...
[09/07 23:39:46] [TEST] Processing batch 13004/18932 ...
[09/07 23:39:46] [TEST] Processing batch 13005/18932 ...
[09/07 23:39:46] [TEST] Processing batch 13006/18932 ...
[09/07 23:39:46] [TEST] Processing batch 13007/18932 ...
[09/07 23:39:46] [TEST] Processing batch 13008/18932 ...
[09/07 23:39:46] [TEST] Processing batch 13009/18932 ...
[09/07 23:39:46] [TEST] Processing batch 13010/18932 ...
[09/07 23:39:46] [TEST] Processing batch 13011/18932 ...
[09/07 23:39:46] [TEST] Processing batch 13012/18932 ...
[09/07 23:39:46] [TEST] Processing batch 13013/18932 ...
[09/07 23:39:46] [TEST] Processing batch 13014/18932 ...
[09/07 23:39:46] [TEST] Processing batch 13015/18932 ...
[09/07 23:39:47] [TEST] Processing batch 13016/18932 ...
[09/07 23:39:47] [TEST] Processing batch 13017/18932 ...
[09/07 23:39:47] [TEST] Processing batch 13018/18932 ...
[09/07 23:39:47] [TEST] Processing batch 13019/18932 ...
[09/07 23:39:47] [TEST] Processing batch 13020/18932 ...
[09/07 23:39:47] [TEST] Processing batch 13021/18932 ...
[09/07 23:39:47] [TEST] Processing batch 13022/18932 ...
[09/07 23:39:47] [TEST] Processing batch 13023/18932 ...
[09/07 23:39:47] [TEST] Processing batch 13024/18932 ...
[09/07 23:39:47] [TEST] Processing batch 13025/18932 ...
[09/07 23:39:47] [TEST] Processing batch 13026/18932 ...
[09/07 23:39:47] [TEST] Processing batch 13027/18932 ...
[09/07 23:39:47] [TEST] Processing batch 13028/18932 ...
[09/07 23:39:47] [TEST] Processing batch 13029/18932 ...
[09/07 23:39:47] [TEST] Processing batch 13030/18932 ...
[09/07 23:39:47] [TEST] Processing batch 13031/18932 ...
[09/07 23:39:47] [TEST] Processing batch 13032/18932 ...
[09/07 23:39:47] [TEST] Processing batch 13033/18932 ...
[09/07 23:39:48] [TEST] Processing batch 13034/18932 ...
[09/07 23:39:48] [TEST] Processing batch 13035/18932 ...
[09/07 23:39:48] [TEST] Processing batch 13036/18932 ...
[09/07 23:39:48] [TEST] Processing batch 13037/18932 ...
[09/07 23:39:48] [TEST] Processing batch 13038/18932 ...
[09/07 23:39:48] [TEST] Processing batch 13039/18932 ...
[09/07 23:39:48] [TEST] Processing batch 13040/18932 ...
[09/07 23:39:48] [TEST] Processing batch 13041/18932 ...
[09/07 23:39:48] [TEST] Processing batch 13042/18932 ...
[09/07 23:39:48] [TEST] Processing batch 13043/18932 ...
[09/07 23:39:48] [TEST] Processing batch 13044/18932 ...
[09/07 23:39:48] [TEST] Processing batch 13045/18932 ...
[09/07 23:39:48] [TEST] Processing batch 13046/18932 ...
[09/07 23:39:48] [TEST] Processing batch 13047/18932 ...
[09/07 23:39:48] [TEST] Processing batch 13048/18932 ...
[09/07 23:39:48] [TEST] Processing batch 13049/18932 ...
[09/07 23:39:48] [TEST] Processing batch 13050/18932 ...
[09/07 23:39:48] [TEST] Processing batch 13051/18932 ...
[09/07 23:39:49] [TEST] Processing batch 13052/18932 ...
[09/07 23:39:49] [TEST] Processing batch 13053/18932 ...
[09/07 23:39:49] [TEST] Processing batch 13054/18932 ...
[09/07 23:39:49] [TEST] Processing batch 13055/18932 ...
[09/07 23:39:49] [TEST] Processing batch 13056/18932 ...
[09/07 23:39:49] [TEST] Processing batch 13057/18932 ...
[09/07 23:39:49] [TEST] Processing batch 13058/18932 ...
[09/07 23:39:49] [TEST] Processing batch 13059/18932 ...
[09/07 23:39:49] [TEST] Processing batch 13060/18932 ...
[09/07 23:39:49] [TEST] Processing batch 13061/18932 ...
[09/07 23:39:49] [TEST] Processing batch 13062/18932 ...
[09/07 23:39:49] [TEST] Processing batch 13063/18932 ...
[09/07 23:39:49] [TEST] Processing batch 13064/18932 ...
[09/07 23:39:49] [TEST] Processing batch 13065/18932 ...
[09/07 23:39:49] [TEST] Processing batch 13066/18932 ...
[09/07 23:39:49] [TEST] Processing batch 13067/18932 ...
[09/07 23:39:49] [TEST] Processing batch 13068/18932 ...
[09/07 23:39:49] [TEST] Processing batch 13069/18932 ...
[09/07 23:39:50] [TEST] Processing batch 13070/18932 ...
[09/07 23:39:50] [TEST] Processing batch 13071/18932 ...
[09/07 23:39:50] [TEST] Processing batch 13072/18932 ...
[09/07 23:39:50] [TEST] Processing batch 13073/18932 ...
[09/07 23:39:50] [TEST] Processing batch 13074/18932 ...
[09/07 23:39:50] [TEST] Processing batch 13075/18932 ...
[09/07 23:39:50] [TEST] Processing batch 13076/18932 ...
[09/07 23:39:50] [TEST] Processing batch 13077/18932 ...
[09/07 23:39:50] [TEST] Processing batch 13078/18932 ...
[09/07 23:39:50] [TEST] Processing batch 13079/18932 ...
[09/07 23:39:50] [TEST] Processing batch 13080/18932 ...
[09/07 23:39:50] [TEST] Processing batch 13081/18932 ...
[09/07 23:39:50] [TEST] Processing batch 13082/18932 ...
[09/07 23:39:50] [TEST] Processing batch 13083/18932 ...
[09/07 23:39:50] [TEST] Processing batch 13084/18932 ...
[09/07 23:39:50] [TEST] Processing batch 13085/18932 ...
[09/07 23:39:50] [TEST] Processing batch 13086/18932 ...
[09/07 23:39:51] [TEST] Processing batch 13087/18932 ...
[09/07 23:39:51] [TEST] Processing batch 13088/18932 ...
[09/07 23:39:51] [TEST] Processing batch 13089/18932 ...
[09/07 23:39:51] [TEST] Processing batch 13090/18932 ...
[09/07 23:39:51] [TEST] Processing batch 13091/18932 ...
[09/07 23:39:51] [TEST] Processing batch 13092/18932 ...
[09/07 23:39:51] [TEST] Processing batch 13093/18932 ...
[09/07 23:39:51] [TEST] Processing batch 13094/18932 ...
[09/07 23:39:51] [TEST] Processing batch 13095/18932 ...
[09/07 23:39:51] [TEST] Processing batch 13096/18932 ...
[09/07 23:39:51] [TEST] Processing batch 13097/18932 ...
[09/07 23:39:51] [TEST] Processing batch 13098/18932 ...
[09/07 23:39:51] [TEST] Processing batch 13099/18932 ...
[09/07 23:39:51] [TEST] Processing batch 13100/18932 ...
[09/07 23:39:51] [TEST] Processing batch 13101/18932 ...
[09/07 23:39:51] [TEST] Processing batch 13102/18932 ...
[09/07 23:39:51] [TEST] Processing batch 13103/18932 ...
[09/07 23:39:51] [TEST] Processing batch 13104/18932 ...
[09/07 23:39:52] [TEST] Processing batch 13105/18932 ...
[09/07 23:39:52] [TEST] Processing batch 13106/18932 ...
[09/07 23:39:52] [TEST] Processing batch 13107/18932 ...
[09/07 23:39:52] [TEST] Processing batch 13108/18932 ...
[09/07 23:39:52] [TEST] Processing batch 13109/18932 ...
[09/07 23:39:52] [TEST] Processing batch 13110/18932 ...
[09/07 23:39:52] [TEST] Processing batch 13111/18932 ...
[09/07 23:39:52] [TEST] Processing batch 13112/18932 ...
[09/07 23:39:52] [TEST] Processing batch 13113/18932 ...
[09/07 23:39:52] [TEST] Processing batch 13114/18932 ...
[09/07 23:39:52] [TEST] Processing batch 13115/18932 ...
[09/07 23:39:52] [TEST] Processing batch 13116/18932 ...
[09/07 23:39:52] [TEST] Processing batch 13117/18932 ...
[09/07 23:39:52] [TEST] Processing batch 13118/18932 ...
[09/07 23:39:52] [TEST] Processing batch 13119/18932 ...
[09/07 23:39:52] [TEST] Processing batch 13120/18932 ...
[09/07 23:39:52] [TEST] Processing batch 13121/18932 ...
[09/07 23:39:53] [TEST] Processing batch 13122/18932 ...
[09/07 23:39:53] [TEST] Processing batch 13123/18932 ...
[09/07 23:39:53] [TEST] Processing batch 13124/18932 ...
[09/07 23:39:53] [TEST] Processing batch 13125/18932 ...
[09/07 23:39:53] [TEST] Processing batch 13126/18932 ...
[09/07 23:39:53] [TEST] Processing batch 13127/18932 ...
[09/07 23:39:53] [TEST] Processing batch 13128/18932 ...
[09/07 23:39:53] [TEST] Processing batch 13129/18932 ...
[09/07 23:39:53] [TEST] Processing batch 13130/18932 ...
[09/07 23:39:53] [TEST] Processing batch 13131/18932 ...
[09/07 23:39:53] [TEST] Processing batch 13132/18932 ...
[09/07 23:39:53] [TEST] Processing batch 13133/18932 ...
[09/07 23:39:53] [TEST] Processing batch 13134/18932 ...
[09/07 23:39:53] [TEST] Processing batch 13135/18932 ...
[09/07 23:39:53] [TEST] Processing batch 13136/18932 ...
[09/07 23:39:53] [TEST] Processing batch 13137/18932 ...
[09/07 23:39:53] [TEST] Processing batch 13138/18932 ...
[09/07 23:39:53] [TEST] Processing batch 13139/18932 ...
[09/07 23:39:54] [TEST] Processing batch 13140/18932 ...
[09/07 23:39:54] [TEST] Processing batch 13141/18932 ...
[09/07 23:39:54] [TEST] Processing batch 13142/18932 ...
[09/07 23:39:54] [TEST] Processing batch 13143/18932 ...
[09/07 23:39:54] [TEST] Processing batch 13144/18932 ...
[09/07 23:39:54] [TEST] Processing batch 13145/18932 ...
[09/07 23:39:54] [TEST] Processing batch 13146/18932 ...
[09/07 23:39:54] [TEST] Processing batch 13147/18932 ...
[09/07 23:39:54] [TEST] Processing batch 13148/18932 ...
[09/07 23:39:54] [TEST] Processing batch 13149/18932 ...
[09/07 23:39:54] [TEST] Processing batch 13150/18932 ...
[09/07 23:39:54] [TEST] Processing batch 13151/18932 ...
[09/07 23:39:54] [TEST] Processing batch 13152/18932 ...
[09/07 23:39:54] [TEST] Processing batch 13153/18932 ...
[09/07 23:39:54] [TEST] Processing batch 13154/18932 ...
[09/07 23:39:54] [TEST] Processing batch 13155/18932 ...
[09/07 23:39:54] [TEST] Processing batch 13156/18932 ...
[09/07 23:39:54] [TEST] Processing batch 13157/18932 ...
[09/07 23:39:55] [TEST] Processing batch 13158/18932 ...
[09/07 23:39:55] [TEST] Processing batch 13159/18932 ...
[09/07 23:39:55] [TEST] Processing batch 13160/18932 ...
[09/07 23:39:55] [TEST] Processing batch 13161/18932 ...
[09/07 23:39:55] [TEST] Processing batch 13162/18932 ...
[09/07 23:39:55] [TEST] Processing batch 13163/18932 ...
[09/07 23:39:55] [TEST] Processing batch 13164/18932 ...
[09/07 23:39:55] [TEST] Processing batch 13165/18932 ...
[09/07 23:39:55] [TEST] Processing batch 13166/18932 ...
[09/07 23:39:55] [TEST] Processing batch 13167/18932 ...
[09/07 23:39:55] [TEST] Processing batch 13168/18932 ...
[09/07 23:39:55] [TEST] Processing batch 13169/18932 ...
[09/07 23:39:55] [TEST] Processing batch 13170/18932 ...
[09/07 23:39:55] [TEST] Processing batch 13171/18932 ...
[09/07 23:39:55] [TEST] Processing batch 13172/18932 ...
[09/07 23:39:55] [TEST] Processing batch 13173/18932 ...
[09/07 23:39:55] [TEST] Processing batch 13174/18932 ...
[09/07 23:39:55] [TEST] Processing batch 13175/18932 ...
[09/07 23:39:56] [TEST] Processing batch 13176/18932 ...
[09/07 23:39:56] [TEST] Processing batch 13177/18932 ...
[09/07 23:39:56] [TEST] Processing batch 13178/18932 ...
[09/07 23:39:56] [TEST] Processing batch 13179/18932 ...
[09/07 23:39:56] [TEST] Processing batch 13180/18932 ...
[09/07 23:39:56] [TEST] Processing batch 13181/18932 ...
[09/07 23:39:56] [TEST] Processing batch 13182/18932 ...
[09/07 23:39:56] [TEST] Processing batch 13183/18932 ...
[09/07 23:39:56] [TEST] Processing batch 13184/18932 ...
[09/07 23:39:56] [TEST] Processing batch 13185/18932 ...
[09/07 23:39:56] [TEST] Processing batch 13186/18932 ...
[09/07 23:39:56] [TEST] Processing batch 13187/18932 ...
[09/07 23:39:56] [TEST] Processing batch 13188/18932 ...
[09/07 23:39:56] [TEST] Processing batch 13189/18932 ...
[09/07 23:39:56] [TEST] Processing batch 13190/18932 ...
[09/07 23:39:56] [TEST] Processing batch 13191/18932 ...
[09/07 23:39:56] [TEST] Processing batch 13192/18932 ...
[09/07 23:39:56] [TEST] Processing batch 13193/18932 ...
[09/07 23:39:56] [TEST] Processing batch 13194/18932 ...
[09/07 23:39:57] [TEST] Processing batch 13195/18932 ...
[09/07 23:39:57] [TEST] Processing batch 13196/18932 ...
[09/07 23:39:57] [TEST] Processing batch 13197/18932 ...
[09/07 23:39:57] [TEST] Processing batch 13198/18932 ...
[09/07 23:39:57] [TEST] Processing batch 13199/18932 ...
[09/07 23:39:57] [TEST] Processing batch 13200/18932 ...
[09/07 23:39:57] [TEST] Processing batch 13201/18932 ...
[09/07 23:39:57] [TEST] Processing batch 13202/18932 ...
[09/07 23:39:57] [TEST] Processing batch 13203/18932 ...
[09/07 23:39:57] [TEST] Processing batch 13204/18932 ...
[09/07 23:39:57] [TEST] Processing batch 13205/18932 ...
[09/07 23:39:57] [TEST] Processing batch 13206/18932 ...
[09/07 23:39:57] [TEST] Processing batch 13207/18932 ...
[09/07 23:39:57] [TEST] Processing batch 13208/18932 ...
[09/07 23:39:57] [TEST] Processing batch 13209/18932 ...
[09/07 23:39:58] [TEST] Processing batch 13210/18932 ...
[09/07 23:39:58] [TEST] Processing batch 13211/18932 ...
[09/07 23:39:58] [TEST] Processing batch 13212/18932 ...
[09/07 23:39:58] [TEST] Processing batch 13213/18932 ...
[09/07 23:39:58] [TEST] Processing batch 13214/18932 ...
[09/07 23:39:58] [TEST] Processing batch 13215/18932 ...
[09/07 23:39:58] [TEST] Processing batch 13216/18932 ...
[09/07 23:39:58] [TEST] Processing batch 13217/18932 ...
[09/07 23:39:58] [TEST] Processing batch 13218/18932 ...
[09/07 23:39:58] [TEST] Processing batch 13219/18932 ...
[09/07 23:39:58] [TEST] Processing batch 13220/18932 ...
[09/07 23:39:58] [TEST] Processing batch 13221/18932 ...
[09/07 23:39:58] [TEST] Processing batch 13222/18932 ...
[09/07 23:39:58] [TEST] Processing batch 13223/18932 ...
[09/07 23:39:58] [TEST] Processing batch 13224/18932 ...
[09/07 23:39:58] [TEST] Processing batch 13225/18932 ...
[09/07 23:39:58] [TEST] Processing batch 13226/18932 ...
[09/07 23:39:58] [TEST] Processing batch 13227/18932 ...
[09/07 23:39:58] [TEST] Processing batch 13228/18932 ...
[09/07 23:39:59] [TEST] Processing batch 13229/18932 ...
[09/07 23:39:59] [TEST] Processing batch 13230/18932 ...
[09/07 23:39:59] [TEST] Processing batch 13231/18932 ...
[09/07 23:39:59] [TEST] Processing batch 13232/18932 ...
[09/07 23:39:59] [TEST] Processing batch 13233/18932 ...
[09/07 23:39:59] [TEST] Processing batch 13234/18932 ...
[09/07 23:39:59] [TEST] Processing batch 13235/18932 ...
[09/07 23:39:59] [TEST] Processing batch 13236/18932 ...
[09/07 23:39:59] [TEST] Processing batch 13237/18932 ...
[09/07 23:39:59] [TEST] Processing batch 13238/18932 ...
[09/07 23:39:59] [TEST] Processing batch 13239/18932 ...
[09/07 23:39:59] [TEST] Processing batch 13240/18932 ...
[09/07 23:39:59] [TEST] Processing batch 13241/18932 ...
[09/07 23:39:59] [TEST] Processing batch 13242/18932 ...
[09/07 23:39:59] [TEST] Processing batch 13243/18932 ...
[09/07 23:39:59] [TEST] Processing batch 13244/18932 ...
[09/07 23:39:59] [TEST] Processing batch 13245/18932 ...
[09/07 23:39:59] [TEST] Processing batch 13246/18932 ...
[09/07 23:40:00] [TEST] Processing batch 13247/18932 ...
[09/07 23:40:00] [TEST] Processing batch 13248/18932 ...
[09/07 23:40:00] [TEST] Processing batch 13249/18932 ...
[09/07 23:40:00] [TEST] Processing batch 13250/18932 ...
[09/07 23:40:00] [TEST] Processing batch 13251/18932 ...
[09/07 23:40:00] [TEST] Processing batch 13252/18932 ...
[09/07 23:40:00] [TEST] Processing batch 13253/18932 ...
[09/07 23:40:00] [TEST] Processing batch 13254/18932 ...
[09/07 23:40:00] [TEST] Processing batch 13255/18932 ...
[09/07 23:40:00] [TEST] Processing batch 13256/18932 ...
[09/07 23:40:00] [TEST] Processing batch 13257/18932 ...
[09/07 23:40:00] [TEST] Processing batch 13258/18932 ...
[09/07 23:40:00] [TEST] Processing batch 13259/18932 ...
[09/07 23:40:00] [TEST] Processing batch 13260/18932 ...
[09/07 23:40:00] [TEST] Processing batch 13261/18932 ...
[09/07 23:40:00] [TEST] Processing batch 13262/18932 ...
[09/07 23:40:00] [TEST] Processing batch 13263/18932 ...
[09/07 23:40:01] [TEST] Processing batch 13264/18932 ...
[09/07 23:40:01] [TEST] Processing batch 13265/18932 ...
[09/07 23:40:01] [TEST] Processing batch 13266/18932 ...
[09/07 23:40:01] [TEST] Processing batch 13267/18932 ...
[09/07 23:40:01] [TEST] Processing batch 13268/18932 ...
[09/07 23:40:01] [TEST] Processing batch 13269/18932 ...
[09/07 23:40:01] [TEST] Processing batch 13270/18932 ...
[09/07 23:40:01] [TEST] Processing batch 13271/18932 ...
[09/07 23:40:01] [TEST] Processing batch 13272/18932 ...
[09/07 23:40:01] [TEST] Processing batch 13273/18932 ...
[09/07 23:40:01] [TEST] Processing batch 13274/18932 ...
[09/07 23:40:01] [TEST] Processing batch 13275/18932 ...
[09/07 23:40:01] [TEST] Processing batch 13276/18932 ...
[09/07 23:40:01] [TEST] Processing batch 13277/18932 ...
[09/07 23:40:01] [TEST] Processing batch 13278/18932 ...
[09/07 23:40:01] [TEST] Processing batch 13279/18932 ...
[09/07 23:40:01] [TEST] Processing batch 13280/18932 ...
[09/07 23:40:01] [TEST] Processing batch 13281/18932 ...
[09/07 23:40:02] [TEST] Processing batch 13282/18932 ...
[09/07 23:40:02] [TEST] Processing batch 13283/18932 ...
[09/07 23:40:02] [TEST] Processing batch 13284/18932 ...
[09/07 23:40:02] [TEST] Processing batch 13285/18932 ...
[09/07 23:40:02] [TEST] Processing batch 13286/18932 ...
[09/07 23:40:02] [TEST] Processing batch 13287/18932 ...
[09/07 23:40:02] [TEST] Processing batch 13288/18932 ...
[09/07 23:40:02] [TEST] Processing batch 13289/18932 ...
[09/07 23:40:02] [TEST] Processing batch 13290/18932 ...
[09/07 23:40:02] [TEST] Processing batch 13291/18932 ...
[09/07 23:40:02] [TEST] Processing batch 13292/18932 ...
[09/07 23:40:02] [TEST] Processing batch 13293/18932 ...
[09/07 23:40:02] [TEST] Processing batch 13294/18932 ...
[09/07 23:40:02] [TEST] Processing batch 13295/18932 ...
[09/07 23:40:02] [TEST] Processing batch 13296/18932 ...
[09/07 23:40:02] [TEST] Processing batch 13297/18932 ...
[09/07 23:40:02] [TEST] Processing batch 13298/18932 ...
[09/07 23:40:02] [TEST] Processing batch 13299/18932 ...
[09/07 23:40:03] [TEST] Processing batch 13300/18932 ...
[09/07 23:40:03] [TEST] Processing batch 13301/18932 ...
[09/07 23:40:03] [TEST] Processing batch 13302/18932 ...
[09/07 23:40:03] [TEST] Processing batch 13303/18932 ...
[09/07 23:40:03] [TEST] Processing batch 13304/18932 ...
[09/07 23:40:03] [TEST] Processing batch 13305/18932 ...
[09/07 23:40:03] [TEST] Processing batch 13306/18932 ...
[09/07 23:40:03] [TEST] Processing batch 13307/18932 ...
[09/07 23:40:03] [TEST] Processing batch 13308/18932 ...
[09/07 23:40:03] [TEST] Processing batch 13309/18932 ...
[09/07 23:40:03] [TEST] Processing batch 13310/18932 ...
[09/07 23:40:03] [TEST] Processing batch 13311/18932 ...
[09/07 23:40:03] [TEST] Processing batch 13312/18932 ...
[09/07 23:40:03] [TEST] Processing batch 13313/18932 ...
[09/07 23:40:03] [TEST] Processing batch 13314/18932 ...
[09/07 23:40:03] [TEST] Processing batch 13315/18932 ...
[09/07 23:40:03] [TEST] Processing batch 13316/18932 ...
[09/07 23:40:03] [TEST] Processing batch 13317/18932 ...
[09/07 23:40:04] [TEST] Processing batch 13318/18932 ...
[09/07 23:40:04] [TEST] Processing batch 13319/18932 ...
[09/07 23:40:04] [TEST] Processing batch 13320/18932 ...
[09/07 23:40:04] [TEST] Processing batch 13321/18932 ...
[09/07 23:40:04] [TEST] Processing batch 13322/18932 ...
[09/07 23:40:04] [TEST] Processing batch 13323/18932 ...
[09/07 23:40:04] [TEST] Processing batch 13324/18932 ...
[09/07 23:40:04] [TEST] Processing batch 13325/18932 ...
[09/07 23:40:04] [TEST] Processing batch 13326/18932 ...
[09/07 23:40:04] [TEST] Processing batch 13327/18932 ...
[09/07 23:40:04] [TEST] Processing batch 13328/18932 ...
[09/07 23:40:04] [TEST] Processing batch 13329/18932 ...
[09/07 23:40:04] [TEST] Processing batch 13330/18932 ...
[09/07 23:40:04] [TEST] Processing batch 13331/18932 ...
[09/07 23:40:04] [TEST] Processing batch 13332/18932 ...
[09/07 23:40:04] [TEST] Processing batch 13333/18932 ...
[09/07 23:40:04] [TEST] Processing batch 13334/18932 ...
[09/07 23:40:04] [TEST] Processing batch 13335/18932 ...
[09/07 23:40:05] [TEST] Processing batch 13336/18932 ...
[09/07 23:40:05] [TEST] Processing batch 13337/18932 ...
[09/07 23:40:05] [TEST] Processing batch 13338/18932 ...
[09/07 23:40:05] [TEST] Processing batch 13339/18932 ...
[09/07 23:40:05] [TEST] Processing batch 13340/18932 ...
[09/07 23:40:05] [TEST] Processing batch 13341/18932 ...
[09/07 23:40:05] [TEST] Processing batch 13342/18932 ...
[09/07 23:40:05] [TEST] Processing batch 13343/18932 ...
[09/07 23:40:05] [TEST] Processing batch 13344/18932 ...
[09/07 23:40:05] [TEST] Processing batch 13345/18932 ...
[09/07 23:40:05] [TEST] Processing batch 13346/18932 ...
[09/07 23:40:05] [TEST] Processing batch 13347/18932 ...
[09/07 23:40:05] [TEST] Processing batch 13348/18932 ...
[09/07 23:40:05] [TEST] Processing batch 13349/18932 ...
[09/07 23:40:05] [TEST] Processing batch 13350/18932 ...
[09/07 23:40:05] [TEST] Processing batch 13351/18932 ...
[09/07 23:40:05] [TEST] Processing batch 13352/18932 ...
[09/07 23:40:05] [TEST] Processing batch 13353/18932 ...
[09/07 23:40:06] [TEST] Processing batch 13354/18932 ...
[09/07 23:40:06] [TEST] Processing batch 13355/18932 ...
[09/07 23:40:06] [TEST] Processing batch 13356/18932 ...
[09/07 23:40:06] [TEST] Processing batch 13357/18932 ...
[09/07 23:40:06] [TEST] Processing batch 13358/18932 ...
[09/07 23:40:06] [TEST] Processing batch 13359/18932 ...
[09/07 23:40:06] [TEST] Processing batch 13360/18932 ...
[09/07 23:40:06] [TEST] Processing batch 13361/18932 ...
[09/07 23:40:06] [TEST] Processing batch 13362/18932 ...
[09/07 23:40:06] [TEST] Processing batch 13363/18932 ...
[09/07 23:40:06] [TEST] Processing batch 13364/18932 ...
[09/07 23:40:06] [TEST] Processing batch 13365/18932 ...
[09/07 23:40:06] [TEST] Processing batch 13366/18932 ...
[09/07 23:40:06] [TEST] Processing batch 13367/18932 ...
[09/07 23:40:06] [TEST] Processing batch 13368/18932 ...
[09/07 23:40:06] [TEST] Processing batch 13369/18932 ...
[09/07 23:40:06] [TEST] Processing batch 13370/18932 ...
[09/07 23:40:06] [TEST] Processing batch 13371/18932 ...
[09/07 23:40:07] [TEST] Processing batch 13372/18932 ...
[09/07 23:40:07] [TEST] Processing batch 13373/18932 ...
[09/07 23:40:07] [TEST] Processing batch 13374/18932 ...
[09/07 23:40:07] [TEST] Processing batch 13375/18932 ...
[09/07 23:40:07] [TEST] Processing batch 13376/18932 ...
[09/07 23:40:07] [TEST] Processing batch 13377/18932 ...
[09/07 23:40:07] [TEST] Processing batch 13378/18932 ...
[09/07 23:40:07] [TEST] Processing batch 13379/18932 ...
[09/07 23:40:07] [TEST] Processing batch 13380/18932 ...
[09/07 23:40:07] [TEST] Processing batch 13381/18932 ...
[09/07 23:40:07] [TEST] Processing batch 13382/18932 ...
[09/07 23:40:07] [TEST] Processing batch 13383/18932 ...
[09/07 23:40:07] [TEST] Processing batch 13384/18932 ...
[09/07 23:40:07] [TEST] Processing batch 13385/18932 ...
[09/07 23:40:07] [TEST] Processing batch 13386/18932 ...
[09/07 23:40:07] [TEST] Processing batch 13387/18932 ...
[09/07 23:40:07] [TEST] Processing batch 13388/18932 ...
[09/07 23:40:08] [TEST] Processing batch 13389/18932 ...
[09/07 23:40:08] [TEST] Processing batch 13390/18932 ...
[09/07 23:40:08] [TEST] Processing batch 13391/18932 ...
[09/07 23:40:08] [TEST] Processing batch 13392/18932 ...
[09/07 23:40:08] [TEST] Processing batch 13393/18932 ...
[09/07 23:40:08] [TEST] Processing batch 13394/18932 ...
[09/07 23:40:08] [TEST] Processing batch 13395/18932 ...
[09/07 23:40:08] [TEST] Processing batch 13396/18932 ...
[09/07 23:40:08] [TEST] Processing batch 13397/18932 ...
[09/07 23:40:08] [TEST] Processing batch 13398/18932 ...
[09/07 23:40:08] [TEST] Processing batch 13399/18932 ...
[09/07 23:40:08] [TEST] Processing batch 13400/18932 ...
[09/07 23:40:08] [TEST] Processing batch 13401/18932 ...
[09/07 23:40:08] [TEST] Processing batch 13402/18932 ...
[09/07 23:40:08] [TEST] Processing batch 13403/18932 ...
[09/07 23:40:08] [TEST] Processing batch 13404/18932 ...
[09/07 23:40:08] [TEST] Processing batch 13405/18932 ...
[09/07 23:40:08] [TEST] Processing batch 13406/18932 ...
[09/07 23:40:09] [TEST] Processing batch 13407/18932 ...
[09/07 23:40:09] [TEST] Processing batch 13408/18932 ...
[09/07 23:40:09] [TEST] Processing batch 13409/18932 ...
[09/07 23:40:09] [TEST] Processing batch 13410/18932 ...
[09/07 23:40:09] [TEST] Processing batch 13411/18932 ...
[09/07 23:40:09] [TEST] Processing batch 13412/18932 ...
[09/07 23:40:09] [TEST] Processing batch 13413/18932 ...
[09/07 23:40:09] [TEST] Processing batch 13414/18932 ...
[09/07 23:40:09] [TEST] Processing batch 13415/18932 ...
[09/07 23:40:09] [TEST] Processing batch 13416/18932 ...
[09/07 23:40:09] [TEST] Processing batch 13417/18932 ...
[09/07 23:40:09] [TEST] Processing batch 13418/18932 ...
[09/07 23:40:09] [TEST] Processing batch 13419/18932 ...
[09/07 23:40:09] [TEST] Processing batch 13420/18932 ...
[09/07 23:40:09] [TEST] Processing batch 13421/18932 ...
[09/07 23:40:09] [TEST] Processing batch 13422/18932 ...
[09/07 23:40:09] [TEST] Processing batch 13423/18932 ...
[09/07 23:40:10] [TEST] Processing batch 13424/18932 ...
[09/07 23:40:10] [TEST] Processing batch 13425/18932 ...
[09/07 23:40:10] [TEST] Processing batch 13426/18932 ...
[09/07 23:40:10] [TEST] Processing batch 13427/18932 ...
[09/07 23:40:10] [TEST] Processing batch 13428/18932 ...
[09/07 23:40:10] [TEST] Processing batch 13429/18932 ...
[09/07 23:40:10] [TEST] Processing batch 13430/18932 ...
[09/07 23:40:10] [TEST] Processing batch 13431/18932 ...
[09/07 23:40:10] [TEST] Processing batch 13432/18932 ...
[09/07 23:40:10] [TEST] Processing batch 13433/18932 ...
[09/07 23:40:10] [TEST] Processing batch 13434/18932 ...
[09/07 23:40:10] [TEST] Processing batch 13435/18932 ...
[09/07 23:40:10] [TEST] Processing batch 13436/18932 ...
[09/07 23:40:10] [TEST] Processing batch 13437/18932 ...
[09/07 23:40:10] [TEST] Processing batch 13438/18932 ...
[09/07 23:40:10] [TEST] Processing batch 13439/18932 ...
[09/07 23:40:10] [TEST] Processing batch 13440/18932 ...
[09/07 23:40:10] [TEST] Processing batch 13441/18932 ...
[09/07 23:40:11] [TEST] Processing batch 13442/18932 ...
[09/07 23:40:11] [TEST] Processing batch 13443/18932 ...
[09/07 23:40:11] [TEST] Processing batch 13444/18932 ...
[09/07 23:40:11] [TEST] Processing batch 13445/18932 ...
[09/07 23:40:11] [TEST] Processing batch 13446/18932 ...
[09/07 23:40:11] [TEST] Processing batch 13447/18932 ...
[09/07 23:40:11] [TEST] Processing batch 13448/18932 ...
[09/07 23:40:11] [TEST] Processing batch 13449/18932 ...
[09/07 23:40:11] [TEST] Processing batch 13450/18932 ...
[09/07 23:40:11] [TEST] Processing batch 13451/18932 ...
[09/07 23:40:11] [TEST] Processing batch 13452/18932 ...
[09/07 23:40:11] [TEST] Processing batch 13453/18932 ...
[09/07 23:40:11] [TEST] Processing batch 13454/18932 ...
[09/07 23:40:11] [TEST] Processing batch 13455/18932 ...
[09/07 23:40:11] [TEST] Processing batch 13456/18932 ...
[09/07 23:40:11] [TEST] Processing batch 13457/18932 ...
[09/07 23:40:11] [TEST] Processing batch 13458/18932 ...
[09/07 23:40:12] [TEST] Processing batch 13459/18932 ...
[09/07 23:40:12] [TEST] Processing batch 13460/18932 ...
[09/07 23:40:12] [TEST] Processing batch 13461/18932 ...
[09/07 23:40:12] [TEST] Processing batch 13462/18932 ...
[09/07 23:40:12] [TEST] Processing batch 13463/18932 ...
[09/07 23:40:12] [TEST] Processing batch 13464/18932 ...
[09/07 23:40:12] [TEST] Processing batch 13465/18932 ...
[09/07 23:40:12] [TEST] Processing batch 13466/18932 ...
[09/07 23:40:12] [TEST] Processing batch 13467/18932 ...
[09/07 23:40:12] [TEST] Processing batch 13468/18932 ...
[09/07 23:40:12] [TEST] Processing batch 13469/18932 ...
[09/07 23:40:12] [TEST] Processing batch 13470/18932 ...
[09/07 23:40:12] [TEST] Processing batch 13471/18932 ...
[09/07 23:40:12] [TEST] Processing batch 13472/18932 ...
[09/07 23:40:12] [TEST] Processing batch 13473/18932 ...
[09/07 23:40:12] [TEST] Processing batch 13474/18932 ...
[09/07 23:40:12] [TEST] Processing batch 13475/18932 ...
[09/07 23:40:12] [TEST] Processing batch 13476/18932 ...
[09/07 23:40:13] [TEST] Processing batch 13477/18932 ...
[09/07 23:40:13] [TEST] Processing batch 13478/18932 ...
[09/07 23:40:13] [TEST] Processing batch 13479/18932 ...
[09/07 23:40:13] [TEST] Processing batch 13480/18932 ...
[09/07 23:40:13] [TEST] Processing batch 13481/18932 ...
[09/07 23:40:13] [TEST] Processing batch 13482/18932 ...
[09/07 23:40:13] [TEST] Processing batch 13483/18932 ...
[09/07 23:40:13] [TEST] Processing batch 13484/18932 ...
[09/07 23:40:13] [TEST] Processing batch 13485/18932 ...
[09/07 23:40:13] [TEST] Processing batch 13486/18932 ...
[09/07 23:40:13] [TEST] Processing batch 13487/18932 ...
[09/07 23:40:13] [TEST] Processing batch 13488/18932 ...
[09/07 23:40:13] [TEST] Processing batch 13489/18932 ...
[09/07 23:40:13] [TEST] Processing batch 13490/18932 ...
[09/07 23:40:13] [TEST] Processing batch 13491/18932 ...
[09/07 23:40:13] [TEST] Processing batch 13492/18932 ...
[09/07 23:40:13] [TEST] Processing batch 13493/18932 ...
[09/07 23:40:13] [TEST] Processing batch 13494/18932 ...
[09/07 23:40:14] [TEST] Processing batch 13495/18932 ...
[09/07 23:40:14] [TEST] Processing batch 13496/18932 ...
[09/07 23:40:14] [TEST] Processing batch 13497/18932 ...
[09/07 23:40:14] [TEST] Processing batch 13498/18932 ...
[09/07 23:40:14] [TEST] Processing batch 13499/18932 ...
[09/07 23:40:14] [TEST] Processing batch 13500/18932 ...
[09/07 23:40:14] [TEST] Processing batch 13501/18932 ...
[09/07 23:40:14] [TEST] Processing batch 13502/18932 ...
[09/07 23:40:14] [TEST] Processing batch 13503/18932 ...
[09/07 23:40:14] [TEST] Processing batch 13504/18932 ...
[09/07 23:40:14] [TEST] Processing batch 13505/18932 ...
[09/07 23:40:14] [TEST] Processing batch 13506/18932 ...
[09/07 23:40:14] [TEST] Processing batch 13507/18932 ...
[09/07 23:40:14] [TEST] Processing batch 13508/18932 ...
[09/07 23:40:14] [TEST] Processing batch 13509/18932 ...
[09/07 23:40:14] [TEST] Processing batch 13510/18932 ...
[09/07 23:40:14] [TEST] Processing batch 13511/18932 ...
[09/07 23:40:14] [TEST] Processing batch 13512/18932 ...
[09/07 23:40:15] [TEST] Processing batch 13513/18932 ...
[09/07 23:40:15] [TEST] Processing batch 13514/18932 ...
[09/07 23:40:15] [TEST] Processing batch 13515/18932 ...
[09/07 23:40:15] [TEST] Processing batch 13516/18932 ...
[09/07 23:40:15] [TEST] Processing batch 13517/18932 ...
[09/07 23:40:15] [TEST] Processing batch 13518/18932 ...
[09/07 23:40:15] [TEST] Processing batch 13519/18932 ...
[09/07 23:40:15] [TEST] Processing batch 13520/18932 ...
[09/07 23:40:15] [TEST] Processing batch 13521/18932 ...
[09/07 23:40:15] [TEST] Processing batch 13522/18932 ...
[09/07 23:40:15] [TEST] Processing batch 13523/18932 ...
[09/07 23:40:15] [TEST] Processing batch 13524/18932 ...
[09/07 23:40:15] [TEST] Processing batch 13525/18932 ...
[09/07 23:40:15] [TEST] Processing batch 13526/18932 ...
[09/07 23:40:15] [TEST] Processing batch 13527/18932 ...
[09/07 23:40:15] [TEST] Processing batch 13528/18932 ...
[09/07 23:40:15] [TEST] Processing batch 13529/18932 ...
[09/07 23:40:15] [TEST] Processing batch 13530/18932 ...
[09/07 23:40:16] [TEST] Processing batch 13531/18932 ...
[09/07 23:40:16] [TEST] Processing batch 13532/18932 ...
[09/07 23:40:16] [TEST] Processing batch 13533/18932 ...
[09/07 23:40:16] [TEST] Processing batch 13534/18932 ...
[09/07 23:40:16] [TEST] Processing batch 13535/18932 ...
[09/07 23:40:16] [TEST] Processing batch 13536/18932 ...
[09/07 23:40:16] [TEST] Processing batch 13537/18932 ...
[09/07 23:40:16] [TEST] Processing batch 13538/18932 ...
[09/07 23:40:16] [TEST] Processing batch 13539/18932 ...
[09/07 23:40:16] [TEST] Processing batch 13540/18932 ...
[09/07 23:40:16] [TEST] Processing batch 13541/18932 ...
[09/07 23:40:16] [TEST] Processing batch 13542/18932 ...
[09/07 23:40:16] [TEST] Processing batch 13543/18932 ...
[09/07 23:40:16] [TEST] Processing batch 13544/18932 ...
[09/07 23:40:16] [TEST] Processing batch 13545/18932 ...
[09/07 23:40:16] [TEST] Processing batch 13546/18932 ...
[09/07 23:40:16] [TEST] Processing batch 13547/18932 ...
[09/07 23:40:16] [TEST] Processing batch 13548/18932 ...
[09/07 23:40:17] [TEST] Processing batch 13549/18932 ...
[09/07 23:40:17] [TEST] Processing batch 13550/18932 ...
[09/07 23:40:17] [TEST] Processing batch 13551/18932 ...
[09/07 23:40:17] [TEST] Processing batch 13552/18932 ...
[09/07 23:40:17] [TEST] Processing batch 13553/18932 ...
[09/07 23:40:17] [TEST] Processing batch 13554/18932 ...
[09/07 23:40:17] [TEST] Processing batch 13555/18932 ...
[09/07 23:40:17] [TEST] Processing batch 13556/18932 ...
[09/07 23:40:17] [TEST] Processing batch 13557/18932 ...
[09/07 23:40:17] [TEST] Processing batch 13558/18932 ...
[09/07 23:40:17] [TEST] Processing batch 13559/18932 ...
[09/07 23:40:17] [TEST] Processing batch 13560/18932 ...
[09/07 23:40:17] [TEST] Processing batch 13561/18932 ...
[09/07 23:40:17] [TEST] Processing batch 13562/18932 ...
[09/07 23:40:17] [TEST] Processing batch 13563/18932 ...
[09/07 23:40:17] [TEST] Processing batch 13564/18932 ...
[09/07 23:40:17] [TEST] Processing batch 13565/18932 ...
[09/07 23:40:17] [TEST] Processing batch 13566/18932 ...
[09/07 23:40:18] [TEST] Processing batch 13567/18932 ...
[09/07 23:40:18] [TEST] Processing batch 13568/18932 ...
[09/07 23:40:18] [TEST] Processing batch 13569/18932 ...
[09/07 23:40:18] [TEST] Processing batch 13570/18932 ...
[09/07 23:40:18] [TEST] Processing batch 13571/18932 ...
[09/07 23:40:18] [TEST] Processing batch 13572/18932 ...
[09/07 23:40:18] [TEST] Processing batch 13573/18932 ...
[09/07 23:40:18] [TEST] Processing batch 13574/18932 ...
[09/07 23:40:18] [TEST] Processing batch 13575/18932 ...
[09/07 23:40:18] [TEST] Processing batch 13576/18932 ...
[09/07 23:40:18] [TEST] Processing batch 13577/18932 ...
[09/07 23:40:18] [TEST] Processing batch 13578/18932 ...
[09/07 23:40:18] [TEST] Processing batch 13579/18932 ...
[09/07 23:40:18] [TEST] Processing batch 13580/18932 ...
[09/07 23:40:18] [TEST] Processing batch 13581/18932 ...
[09/07 23:40:18] [TEST] Processing batch 13582/18932 ...
[09/07 23:40:18] [TEST] Processing batch 13583/18932 ...
[09/07 23:40:18] [TEST] Processing batch 13584/18932 ...
[09/07 23:40:19] [TEST] Processing batch 13585/18932 ...
[09/07 23:40:19] [TEST] Processing batch 13586/18932 ...
[09/07 23:40:19] [TEST] Processing batch 13587/18932 ...
[09/07 23:40:19] [TEST] Processing batch 13588/18932 ...
[09/07 23:40:19] [TEST] Processing batch 13589/18932 ...
[09/07 23:40:19] [TEST] Processing batch 13590/18932 ...
[09/07 23:40:19] [TEST] Processing batch 13591/18932 ...
[09/07 23:40:19] [TEST] Processing batch 13592/18932 ...
[09/07 23:40:19] [TEST] Processing batch 13593/18932 ...
[09/07 23:40:19] [TEST] Processing batch 13594/18932 ...
[09/07 23:40:19] [TEST] Processing batch 13595/18932 ...
[09/07 23:40:19] [TEST] Processing batch 13596/18932 ...
[09/07 23:40:19] [TEST] Processing batch 13597/18932 ...
[09/07 23:40:19] [TEST] Processing batch 13598/18932 ...
[09/07 23:40:19] [TEST] Processing batch 13599/18932 ...
[09/07 23:40:19] [TEST] Processing batch 13600/18932 ...
[09/07 23:40:19] [TEST] Processing batch 13601/18932 ...
[09/07 23:40:19] [TEST] Processing batch 13602/18932 ...
[09/07 23:40:20] [TEST] Processing batch 13603/18932 ...
[09/07 23:40:20] [TEST] Processing batch 13604/18932 ...
[09/07 23:40:20] [TEST] Processing batch 13605/18932 ...
[09/07 23:40:20] [TEST] Processing batch 13606/18932 ...
[09/07 23:40:20] [TEST] Processing batch 13607/18932 ...
[09/07 23:40:20] [TEST] Processing batch 13608/18932 ...
[09/07 23:40:20] [TEST] Processing batch 13609/18932 ...
[09/07 23:40:20] [TEST] Processing batch 13610/18932 ...
[09/07 23:40:20] [TEST] Processing batch 13611/18932 ...
[09/07 23:40:20] [TEST] Processing batch 13612/18932 ...
[09/07 23:40:20] [TEST] Processing batch 13613/18932 ...
[09/07 23:40:20] [TEST] Processing batch 13614/18932 ...
[09/07 23:40:20] [TEST] Processing batch 13615/18932 ...
[09/07 23:40:20] [TEST] Processing batch 13616/18932 ...
[09/07 23:40:20] [TEST] Processing batch 13617/18932 ...
[09/07 23:40:20] [TEST] Processing batch 13618/18932 ...
[09/07 23:40:20] [TEST] Processing batch 13619/18932 ...
[09/07 23:40:20] [TEST] Processing batch 13620/18932 ...
[09/07 23:40:21] [TEST] Processing batch 13621/18932 ...
[09/07 23:40:21] [TEST] Processing batch 13622/18932 ...
[09/07 23:40:21] [TEST] Processing batch 13623/18932 ...
[09/07 23:40:21] [TEST] Processing batch 13624/18932 ...
[09/07 23:40:21] [TEST] Processing batch 13625/18932 ...
[09/07 23:40:21] [TEST] Processing batch 13626/18932 ...
[09/07 23:40:21] [TEST] Processing batch 13627/18932 ...
[09/07 23:40:21] [TEST] Processing batch 13628/18932 ...
[09/07 23:40:21] [TEST] Processing batch 13629/18932 ...
[09/07 23:40:21] [TEST] Processing batch 13630/18932 ...
[09/07 23:40:21] [TEST] Processing batch 13631/18932 ...
[09/07 23:40:21] [TEST] Processing batch 13632/18932 ...
[09/07 23:40:21] [TEST] Processing batch 13633/18932 ...
[09/07 23:40:21] [TEST] Processing batch 13634/18932 ...
[09/07 23:40:21] [TEST] Processing batch 13635/18932 ...
[09/07 23:40:21] [TEST] Processing batch 13636/18932 ...
[09/07 23:40:21] [TEST] Processing batch 13637/18932 ...
[09/07 23:40:22] [TEST] Processing batch 13638/18932 ...
[09/07 23:40:22] [TEST] Processing batch 13639/18932 ...
[09/07 23:40:22] [TEST] Processing batch 13640/18932 ...
[09/07 23:40:22] [TEST] Processing batch 13641/18932 ...
[09/07 23:40:22] [TEST] Processing batch 13642/18932 ...
[09/07 23:40:22] [TEST] Processing batch 13643/18932 ...
[09/07 23:40:22] [TEST] Processing batch 13644/18932 ...
[09/07 23:40:22] [TEST] Processing batch 13645/18932 ...
[09/07 23:40:22] [TEST] Processing batch 13646/18932 ...
[09/07 23:40:22] [TEST] Processing batch 13647/18932 ...
[09/07 23:40:22] [TEST] Processing batch 13648/18932 ...
[09/07 23:40:22] [TEST] Processing batch 13649/18932 ...
[09/07 23:40:22] [TEST] Processing batch 13650/18932 ...
[09/07 23:40:22] [TEST] Processing batch 13651/18932 ...
[09/07 23:40:22] [TEST] Processing batch 13652/18932 ...
[09/07 23:40:22] [TEST] Processing batch 13653/18932 ...
[09/07 23:40:22] [TEST] Processing batch 13654/18932 ...
[09/07 23:40:22] [TEST] Processing batch 13655/18932 ...
[09/07 23:40:23] [TEST] Processing batch 13656/18932 ...
[09/07 23:40:23] [TEST] Processing batch 13657/18932 ...
[09/07 23:40:23] [TEST] Processing batch 13658/18932 ...
[09/07 23:40:23] [TEST] Processing batch 13659/18932 ...
[09/07 23:40:23] [TEST] Processing batch 13660/18932 ...
[09/07 23:40:23] [TEST] Processing batch 13661/18932 ...
[09/07 23:40:23] [TEST] Processing batch 13662/18932 ...
[09/07 23:40:23] [TEST] Processing batch 13663/18932 ...
[09/07 23:40:23] [TEST] Processing batch 13664/18932 ...
[09/07 23:40:23] [TEST] Processing batch 13665/18932 ...
[09/07 23:40:23] [TEST] Processing batch 13666/18932 ...
[09/07 23:40:23] [TEST] Processing batch 13667/18932 ...
[09/07 23:40:23] [TEST] Processing batch 13668/18932 ...
[09/07 23:40:23] [TEST] Processing batch 13669/18932 ...
[09/07 23:40:23] [TEST] Processing batch 13670/18932 ...
[09/07 23:40:23] [TEST] Processing batch 13671/18932 ...
[09/07 23:40:23] [TEST] Processing batch 13672/18932 ...
[09/07 23:40:24] [TEST] Processing batch 13673/18932 ...
[09/07 23:40:24] [TEST] Processing batch 13674/18932 ...
[09/07 23:40:24] [TEST] Processing batch 13675/18932 ...
[09/07 23:40:24] [TEST] Processing batch 13676/18932 ...
[09/07 23:40:24] [TEST] Processing batch 13677/18932 ...
[09/07 23:40:24] [TEST] Processing batch 13678/18932 ...
[09/07 23:40:24] [TEST] Processing batch 13679/18932 ...
[09/07 23:40:24] [TEST] Processing batch 13680/18932 ...
[09/07 23:40:24] [TEST] Processing batch 13681/18932 ...
[09/07 23:40:24] [TEST] Processing batch 13682/18932 ...
[09/07 23:40:24] [TEST] Processing batch 13683/18932 ...
[09/07 23:40:24] [TEST] Processing batch 13684/18932 ...
[09/07 23:40:24] [TEST] Processing batch 13685/18932 ...
[09/07 23:40:24] [TEST] Processing batch 13686/18932 ...
[09/07 23:40:24] [TEST] Processing batch 13687/18932 ...
[09/07 23:40:24] [TEST] Processing batch 13688/18932 ...
[09/07 23:40:24] [TEST] Processing batch 13689/18932 ...
[09/07 23:40:24] [TEST] Processing batch 13690/18932 ...
[09/07 23:40:25] [TEST] Processing batch 13691/18932 ...
[09/07 23:40:25] [TEST] Processing batch 13692/18932 ...
[09/07 23:40:25] [TEST] Processing batch 13693/18932 ...
[09/07 23:40:25] [TEST] Processing batch 13694/18932 ...
[09/07 23:40:25] [TEST] Processing batch 13695/18932 ...
[09/07 23:40:25] [TEST] Processing batch 13696/18932 ...
[09/07 23:40:25] [TEST] Processing batch 13697/18932 ...
[09/07 23:40:25] [TEST] Processing batch 13698/18932 ...
[09/07 23:40:25] [TEST] Processing batch 13699/18932 ...
[09/07 23:40:25] [TEST] Processing batch 13700/18932 ...
[09/07 23:40:25] [TEST] Processing batch 13701/18932 ...
[09/07 23:40:25] [TEST] Processing batch 13702/18932 ...
[09/07 23:40:25] [TEST] Processing batch 13703/18932 ...
[09/07 23:40:25] [TEST] Processing batch 13704/18932 ...
[09/07 23:40:25] [TEST] Processing batch 13705/18932 ...
[09/07 23:40:25] [TEST] Processing batch 13706/18932 ...
[09/07 23:40:25] [TEST] Processing batch 13707/18932 ...
[09/07 23:40:25] [TEST] Processing batch 13708/18932 ...
[09/07 23:40:25] [TEST] Processing batch 13709/18932 ...
[09/07 23:40:26] [TEST] Processing batch 13710/18932 ...
[09/07 23:40:26] [TEST] Processing batch 13711/18932 ...
[09/07 23:40:26] [TEST] Processing batch 13712/18932 ...
[09/07 23:40:26] [TEST] Processing batch 13713/18932 ...
[09/07 23:40:26] [TEST] Processing batch 13714/18932 ...
[09/07 23:40:26] [TEST] Processing batch 13715/18932 ...
[09/07 23:40:26] [TEST] Processing batch 13716/18932 ...
[09/07 23:40:26] [TEST] Processing batch 13717/18932 ...
[09/07 23:40:26] [TEST] Processing batch 13718/18932 ...
[09/07 23:40:26] [TEST] Processing batch 13719/18932 ...
[09/07 23:40:26] [TEST] Processing batch 13720/18932 ...
[09/07 23:40:26] [TEST] Processing batch 13721/18932 ...
[09/07 23:40:26] [TEST] Processing batch 13722/18932 ...
[09/07 23:40:26] [TEST] Processing batch 13723/18932 ...
[09/07 23:40:26] [TEST] Processing batch 13724/18932 ...
[09/07 23:40:26] [TEST] Processing batch 13725/18932 ...
[09/07 23:40:27] [TEST] Processing batch 13726/18932 ...
[09/07 23:40:27] [TEST] Processing batch 13727/18932 ...
[09/07 23:40:27] [TEST] Processing batch 13728/18932 ...
[09/07 23:40:27] [TEST] Processing batch 13729/18932 ...
[09/07 23:40:27] [TEST] Processing batch 13730/18932 ...
[09/07 23:40:27] [TEST] Processing batch 13731/18932 ...
[09/07 23:40:27] [TEST] Processing batch 13732/18932 ...
[09/07 23:40:27] [TEST] Processing batch 13733/18932 ...
[09/07 23:40:27] [TEST] Processing batch 13734/18932 ...
[09/07 23:40:27] [TEST] Processing batch 13735/18932 ...
[09/07 23:40:27] [TEST] Processing batch 13736/18932 ...
[09/07 23:40:27] [TEST] Processing batch 13737/18932 ...
[09/07 23:40:27] [TEST] Processing batch 13738/18932 ...
[09/07 23:40:27] [TEST] Processing batch 13739/18932 ...
[09/07 23:40:27] [TEST] Processing batch 13740/18932 ...
[09/07 23:40:27] [TEST] Processing batch 13741/18932 ...
[09/07 23:40:28] [TEST] Processing batch 13742/18932 ...
[09/07 23:40:28] [TEST] Processing batch 13743/18932 ...
[09/07 23:40:28] [TEST] Processing batch 13744/18932 ...
[09/07 23:40:28] [TEST] Processing batch 13745/18932 ...
[09/07 23:40:28] [TEST] Processing batch 13746/18932 ...
[09/07 23:40:28] [TEST] Processing batch 13747/18932 ...
[09/07 23:40:28] [TEST] Processing batch 13748/18932 ...
[09/07 23:40:28] [TEST] Processing batch 13749/18932 ...
[09/07 23:40:28] [TEST] Processing batch 13750/18932 ...
[09/07 23:40:28] [TEST] Processing batch 13751/18932 ...
[09/07 23:40:28] [TEST] Processing batch 13752/18932 ...
[09/07 23:40:28] [TEST] Processing batch 13753/18932 ...
[09/07 23:40:28] [TEST] Processing batch 13754/18932 ...
[09/07 23:40:28] [TEST] Processing batch 13755/18932 ...
[09/07 23:40:28] [TEST] Processing batch 13756/18932 ...
[09/07 23:40:28] [TEST] Processing batch 13757/18932 ...
[09/07 23:40:28] [TEST] Processing batch 13758/18932 ...
[09/07 23:40:29] [TEST] Processing batch 13759/18932 ...
[09/07 23:40:29] [TEST] Processing batch 13760/18932 ...
[09/07 23:40:29] [TEST] Processing batch 13761/18932 ...
[09/07 23:40:29] [TEST] Processing batch 13762/18932 ...
[09/07 23:40:29] [TEST] Processing batch 13763/18932 ...
[09/07 23:40:29] [TEST] Processing batch 13764/18932 ...
[09/07 23:40:29] [TEST] Processing batch 13765/18932 ...
[09/07 23:40:29] [TEST] Processing batch 13766/18932 ...
[09/07 23:40:29] [TEST] Processing batch 13767/18932 ...
[09/07 23:40:29] [TEST] Processing batch 13768/18932 ...
[09/07 23:40:29] [TEST] Processing batch 13769/18932 ...
[09/07 23:40:29] [TEST] Processing batch 13770/18932 ...
[09/07 23:40:29] [TEST] Processing batch 13771/18932 ...
[09/07 23:40:29] [TEST] Processing batch 13772/18932 ...
[09/07 23:40:29] [TEST] Processing batch 13773/18932 ...
[09/07 23:40:29] [TEST] Processing batch 13774/18932 ...
[09/07 23:40:30] [TEST] Processing batch 13775/18932 ...
[09/07 23:40:30] [TEST] Processing batch 13776/18932 ...
[09/07 23:40:30] [TEST] Processing batch 13777/18932 ...
[09/07 23:40:30] [TEST] Processing batch 13778/18932 ...
[09/07 23:40:30] [TEST] Processing batch 13779/18932 ...
[09/07 23:40:30] [TEST] Processing batch 13780/18932 ...
[09/07 23:40:30] [TEST] Processing batch 13781/18932 ...
[09/07 23:40:30] [TEST] Processing batch 13782/18932 ...
[09/07 23:40:30] [TEST] Processing batch 13783/18932 ...
[09/07 23:40:30] [TEST] Processing batch 13784/18932 ...
[09/07 23:40:30] [TEST] Processing batch 13785/18932 ...
[09/07 23:40:30] [TEST] Processing batch 13786/18932 ...
[09/07 23:40:30] [TEST] Processing batch 13787/18932 ...
[09/07 23:40:30] [TEST] Processing batch 13788/18932 ...
[09/07 23:40:30] [TEST] Processing batch 13789/18932 ...
[09/07 23:40:30] [TEST] Processing batch 13790/18932 ...
[09/07 23:40:31] [TEST] Processing batch 13791/18932 ...
[09/07 23:40:31] [TEST] Processing batch 13792/18932 ...
[09/07 23:40:31] [TEST] Processing batch 13793/18932 ...
[09/07 23:40:31] [TEST] Processing batch 13794/18932 ...
[09/07 23:40:31] [TEST] Processing batch 13795/18932 ...
[09/07 23:40:31] [TEST] Processing batch 13796/18932 ...
[09/07 23:40:31] [TEST] Processing batch 13797/18932 ...
[09/07 23:40:31] [TEST] Processing batch 13798/18932 ...
[09/07 23:40:31] [TEST] Processing batch 13799/18932 ...
[09/07 23:40:31] [TEST] Processing batch 13800/18932 ...
[09/07 23:40:31] [TEST] Processing batch 13801/18932 ...
[09/07 23:40:31] [TEST] Processing batch 13802/18932 ...
[09/07 23:40:31] [TEST] Processing batch 13803/18932 ...
[09/07 23:40:31] [TEST] Processing batch 13804/18932 ...
[09/07 23:40:31] [TEST] Processing batch 13805/18932 ...
[09/07 23:40:31] [TEST] Processing batch 13806/18932 ...
[09/07 23:40:32] [TEST] Processing batch 13807/18932 ...
[09/07 23:40:32] [TEST] Processing batch 13808/18932 ...
[09/07 23:40:32] [TEST] Processing batch 13809/18932 ...
[09/07 23:40:32] [TEST] Processing batch 13810/18932 ...
[09/07 23:40:32] [TEST] Processing batch 13811/18932 ...
[09/07 23:40:32] [TEST] Processing batch 13812/18932 ...
[09/07 23:40:32] [TEST] Processing batch 13813/18932 ...
[09/07 23:40:32] [TEST] Processing batch 13814/18932 ...
[09/07 23:40:32] [TEST] Processing batch 13815/18932 ...
[09/07 23:40:32] [TEST] Processing batch 13816/18932 ...
[09/07 23:40:32] [TEST] Processing batch 13817/18932 ...
[09/07 23:40:32] [TEST] Processing batch 13818/18932 ...
[09/07 23:40:32] [TEST] Processing batch 13819/18932 ...
[09/07 23:40:32] [TEST] Processing batch 13820/18932 ...
[09/07 23:40:32] [TEST] Processing batch 13821/18932 ...
[09/07 23:40:33] [TEST] Processing batch 13822/18932 ...
[09/07 23:40:33] [TEST] Processing batch 13823/18932 ...
[09/07 23:40:33] [TEST] Processing batch 13824/18932 ...
[09/07 23:40:33] [TEST] Processing batch 13825/18932 ...
[09/07 23:40:33] [TEST] Processing batch 13826/18932 ...
[09/07 23:40:33] [TEST] Processing batch 13827/18932 ...
[09/07 23:40:33] [TEST] Processing batch 13828/18932 ...
[09/07 23:40:33] [TEST] Processing batch 13829/18932 ...
[09/07 23:40:33] [TEST] Processing batch 13830/18932 ...
[09/07 23:40:33] [TEST] Processing batch 13831/18932 ...
[09/07 23:40:33] [TEST] Processing batch 13832/18932 ...
[09/07 23:40:33] [TEST] Processing batch 13833/18932 ...
[09/07 23:40:33] [TEST] Processing batch 13834/18932 ...
[09/07 23:40:33] [TEST] Processing batch 13835/18932 ...
[09/07 23:40:33] [TEST] Processing batch 13836/18932 ...
[09/07 23:40:33] [TEST] Processing batch 13837/18932 ...
[09/07 23:40:34] [TEST] Processing batch 13838/18932 ...
[09/07 23:40:34] [TEST] Processing batch 13839/18932 ...
[09/07 23:40:34] [TEST] Processing batch 13840/18932 ...
[09/07 23:40:34] [TEST] Processing batch 13841/18932 ...
[09/07 23:40:34] [TEST] Processing batch 13842/18932 ...
[09/07 23:40:34] [TEST] Processing batch 13843/18932 ...
[09/07 23:40:34] [TEST] Processing batch 13844/18932 ...
[09/07 23:40:34] [TEST] Processing batch 13845/18932 ...
[09/07 23:40:34] [TEST] Processing batch 13846/18932 ...
[09/07 23:40:34] [TEST] Processing batch 13847/18932 ...
[09/07 23:40:34] [TEST] Processing batch 13848/18932 ...
[09/07 23:40:34] [TEST] Processing batch 13849/18932 ...
[09/07 23:40:34] [TEST] Processing batch 13850/18932 ...
[09/07 23:40:34] [TEST] Processing batch 13851/18932 ...
[09/07 23:40:34] [TEST] Processing batch 13852/18932 ...
[09/07 23:40:34] [TEST] Processing batch 13853/18932 ...
[09/07 23:40:35] [TEST] Processing batch 13854/18932 ...
[09/07 23:40:35] [TEST] Processing batch 13855/18932 ...
[09/07 23:40:35] [TEST] Processing batch 13856/18932 ...
[09/07 23:40:35] [TEST] Processing batch 13857/18932 ...
[09/07 23:40:35] [TEST] Processing batch 13858/18932 ...
[09/07 23:40:35] [TEST] Processing batch 13859/18932 ...
[09/07 23:40:35] [TEST] Processing batch 13860/18932 ...
[09/07 23:40:35] [TEST] Processing batch 13861/18932 ...
[09/07 23:40:35] [TEST] Processing batch 13862/18932 ...
[09/07 23:40:35] [TEST] Processing batch 13863/18932 ...
[09/07 23:40:35] [TEST] Processing batch 13864/18932 ...
[09/07 23:40:35] [TEST] Processing batch 13865/18932 ...
[09/07 23:40:35] [TEST] Processing batch 13866/18932 ...
[09/07 23:40:35] [TEST] Processing batch 13867/18932 ...
[09/07 23:40:35] [TEST] Processing batch 13868/18932 ...
[09/07 23:40:35] [TEST] Processing batch 13869/18932 ...
[09/07 23:40:35] [TEST] Processing batch 13870/18932 ...
[09/07 23:40:35] [TEST] Processing batch 13871/18932 ...
[09/07 23:40:36] [TEST] Processing batch 13872/18932 ...
[09/07 23:40:36] [TEST] Processing batch 13873/18932 ...
[09/07 23:40:36] [TEST] Processing batch 13874/18932 ...
[09/07 23:40:36] [TEST] Processing batch 13875/18932 ...
[09/07 23:40:36] [TEST] Processing batch 13876/18932 ...
[09/07 23:40:36] [TEST] Processing batch 13877/18932 ...
[09/07 23:40:36] [TEST] Processing batch 13878/18932 ...
[09/07 23:40:36] [TEST] Processing batch 13879/18932 ...
[09/07 23:40:36] [TEST] Processing batch 13880/18932 ...
[09/07 23:40:36] [TEST] Processing batch 13881/18932 ...
[09/07 23:40:36] [TEST] Processing batch 13882/18932 ...
[09/07 23:40:36] [TEST] Processing batch 13883/18932 ...
[09/07 23:40:36] [TEST] Processing batch 13884/18932 ...
[09/07 23:40:36] [TEST] Processing batch 13885/18932 ...
[09/07 23:40:36] [TEST] Processing batch 13886/18932 ...
[09/07 23:40:36] [TEST] Processing batch 13887/18932 ...
[09/07 23:40:36] [TEST] Processing batch 13888/18932 ...
[09/07 23:40:36] [TEST] Processing batch 13889/18932 ...
[09/07 23:40:37] [TEST] Processing batch 13890/18932 ...
[09/07 23:40:37] [TEST] Processing batch 13891/18932 ...
[09/07 23:40:37] [TEST] Processing batch 13892/18932 ...
[09/07 23:40:37] [TEST] Processing batch 13893/18932 ...
[09/07 23:40:37] [TEST] Processing batch 13894/18932 ...
[09/07 23:40:37] [TEST] Processing batch 13895/18932 ...
[09/07 23:40:37] [TEST] Processing batch 13896/18932 ...
[09/07 23:40:37] [TEST] Processing batch 13897/18932 ...
[09/07 23:40:37] [TEST] Processing batch 13898/18932 ...
[09/07 23:40:37] [TEST] Processing batch 13899/18932 ...
[09/07 23:40:37] [TEST] Processing batch 13900/18932 ...
[09/07 23:40:37] [TEST] Processing batch 13901/18932 ...
[09/07 23:40:37] [TEST] Processing batch 13902/18932 ...
[09/07 23:40:37] [TEST] Processing batch 13903/18932 ...
[09/07 23:40:37] [TEST] Processing batch 13904/18932 ...
[09/07 23:40:37] [TEST] Processing batch 13905/18932 ...
[09/07 23:40:37] [TEST] Processing batch 13906/18932 ...
[09/07 23:40:37] [TEST] Processing batch 13907/18932 ...
[09/07 23:40:38] [TEST] Processing batch 13908/18932 ...
[09/07 23:40:38] [TEST] Processing batch 13909/18932 ...
[09/07 23:40:38] [TEST] Processing batch 13910/18932 ...
[09/07 23:40:38] [TEST] Processing batch 13911/18932 ...
[09/07 23:40:38] [TEST] Processing batch 13912/18932 ...
[09/07 23:40:38] [TEST] Processing batch 13913/18932 ...
[09/07 23:40:38] [TEST] Processing batch 13914/18932 ...
[09/07 23:40:38] [TEST] Processing batch 13915/18932 ...
[09/07 23:40:38] [TEST] Processing batch 13916/18932 ...
[09/07 23:40:38] [TEST] Processing batch 13917/18932 ...
[09/07 23:40:38] [TEST] Processing batch 13918/18932 ...
[09/07 23:40:38] [TEST] Processing batch 13919/18932 ...
[09/07 23:40:38] [TEST] Processing batch 13920/18932 ...
[09/07 23:40:38] [TEST] Processing batch 13921/18932 ...
[09/07 23:40:38] [TEST] Processing batch 13922/18932 ...
[09/07 23:40:38] [TEST] Processing batch 13923/18932 ...
[09/07 23:40:38] [TEST] Processing batch 13924/18932 ...
[09/07 23:40:38] [TEST] Processing batch 13925/18932 ...
[09/07 23:40:39] [TEST] Processing batch 13926/18932 ...
[09/07 23:40:39] [TEST] Processing batch 13927/18932 ...
[09/07 23:40:39] [TEST] Processing batch 13928/18932 ...
[09/07 23:40:39] [TEST] Processing batch 13929/18932 ...
[09/07 23:40:39] [TEST] Processing batch 13930/18932 ...
[09/07 23:40:39] [TEST] Processing batch 13931/18932 ...
[09/07 23:40:39] [TEST] Processing batch 13932/18932 ...
[09/07 23:40:39] [TEST] Processing batch 13933/18932 ...
[09/07 23:40:39] [TEST] Processing batch 13934/18932 ...
[09/07 23:40:39] [TEST] Processing batch 13935/18932 ...
[09/07 23:40:39] [TEST] Processing batch 13936/18932 ...
[09/07 23:40:39] [TEST] Processing batch 13937/18932 ...
[09/07 23:40:39] [TEST] Processing batch 13938/18932 ...
[09/07 23:40:39] [TEST] Processing batch 13939/18932 ...
[09/07 23:40:39] [TEST] Processing batch 13940/18932 ...
[09/07 23:40:39] [TEST] Processing batch 13941/18932 ...
[09/07 23:40:39] [TEST] Processing batch 13942/18932 ...
[09/07 23:40:39] [TEST] Processing batch 13943/18932 ...
[09/07 23:40:40] [TEST] Processing batch 13944/18932 ...
[09/07 23:40:40] [TEST] Processing batch 13945/18932 ...
[09/07 23:40:40] [TEST] Processing batch 13946/18932 ...
[09/07 23:40:40] [TEST] Processing batch 13947/18932 ...
[09/07 23:40:40] [TEST] Processing batch 13948/18932 ...
[09/07 23:40:40] [TEST] Processing batch 13949/18932 ...
[09/07 23:40:40] [TEST] Processing batch 13950/18932 ...
[09/07 23:40:40] [TEST] Processing batch 13951/18932 ...
[09/07 23:40:40] [TEST] Processing batch 13952/18932 ...
[09/07 23:40:40] [TEST] Processing batch 13953/18932 ...
[09/07 23:40:40] [TEST] Processing batch 13954/18932 ...
[09/07 23:40:40] [TEST] Processing batch 13955/18932 ...
[09/07 23:40:40] [TEST] Processing batch 13956/18932 ...
[09/07 23:40:40] [TEST] Processing batch 13957/18932 ...
[09/07 23:40:40] [TEST] Processing batch 13958/18932 ...
[09/07 23:40:40] [TEST] Processing batch 13959/18932 ...
[09/07 23:40:40] [TEST] Processing batch 13960/18932 ...
[09/07 23:40:40] [TEST] Processing batch 13961/18932 ...
[09/07 23:40:41] [TEST] Processing batch 13962/18932 ...
[09/07 23:40:41] [TEST] Processing batch 13963/18932 ...
[09/07 23:40:41] [TEST] Processing batch 13964/18932 ...
[09/07 23:40:41] [TEST] Processing batch 13965/18932 ...
[09/07 23:40:41] [TEST] Processing batch 13966/18932 ...
[09/07 23:40:41] [TEST] Processing batch 13967/18932 ...
[09/07 23:40:41] [TEST] Processing batch 13968/18932 ...
[09/07 23:40:41] [TEST] Processing batch 13969/18932 ...
[09/07 23:40:41] [TEST] Processing batch 13970/18932 ...
[09/07 23:40:41] [TEST] Processing batch 13971/18932 ...
[09/07 23:40:41] [TEST] Processing batch 13972/18932 ...
[09/07 23:40:41] [TEST] Processing batch 13973/18932 ...
[09/07 23:40:41] [TEST] Processing batch 13974/18932 ...
[09/07 23:40:41] [TEST] Processing batch 13975/18932 ...
[09/07 23:40:41] [TEST] Processing batch 13976/18932 ...
[09/07 23:40:41] [TEST] Processing batch 13977/18932 ...
[09/07 23:40:41] [TEST] Processing batch 13978/18932 ...
[09/07 23:40:41] [TEST] Processing batch 13979/18932 ...
[09/07 23:40:42] [TEST] Processing batch 13980/18932 ...
[09/07 23:40:42] [TEST] Processing batch 13981/18932 ...
[09/07 23:40:42] [TEST] Processing batch 13982/18932 ...
[09/07 23:40:42] [TEST] Processing batch 13983/18932 ...
[09/07 23:40:42] [TEST] Processing batch 13984/18932 ...
[09/07 23:40:42] [TEST] Processing batch 13985/18932 ...
[09/07 23:40:42] [TEST] Processing batch 13986/18932 ...
[09/07 23:40:42] [TEST] Processing batch 13987/18932 ...
[09/07 23:40:42] [TEST] Processing batch 13988/18932 ...
[09/07 23:40:42] [TEST] Processing batch 13989/18932 ...
[09/07 23:40:42] [TEST] Processing batch 13990/18932 ...
[09/07 23:40:42] [TEST] Processing batch 13991/18932 ...
[09/07 23:40:42] [TEST] Processing batch 13992/18932 ...
[09/07 23:40:42] [TEST] Processing batch 13993/18932 ...
[09/07 23:40:42] [TEST] Processing batch 13994/18932 ...
[09/07 23:40:42] [TEST] Processing batch 13995/18932 ...
[09/07 23:40:42] [TEST] Processing batch 13996/18932 ...
[09/07 23:40:42] [TEST] Processing batch 13997/18932 ...
[09/07 23:40:43] [TEST] Processing batch 13998/18932 ...
[09/07 23:40:43] [TEST] Processing batch 13999/18932 ...
[09/07 23:40:43] [TEST] Processing batch 14000/18932 ...
[09/07 23:40:43] [TEST] Processing batch 14001/18932 ...
[09/07 23:40:43] [TEST] Processing batch 14002/18932 ...
[09/07 23:40:43] [TEST] Processing batch 14003/18932 ...
[09/07 23:40:43] [TEST] Processing batch 14004/18932 ...
[09/07 23:40:43] [TEST] Processing batch 14005/18932 ...
[09/07 23:40:43] [TEST] Processing batch 14006/18932 ...
[09/07 23:40:43] [TEST] Processing batch 14007/18932 ...
[09/07 23:40:43] [TEST] Processing batch 14008/18932 ...
[09/07 23:40:43] [TEST] Processing batch 14009/18932 ...
[09/07 23:40:43] [TEST] Processing batch 14010/18932 ...
[09/07 23:40:43] [TEST] Processing batch 14011/18932 ...
[09/07 23:40:43] [TEST] Processing batch 14012/18932 ...
[09/07 23:40:43] [TEST] Processing batch 14013/18932 ...
[09/07 23:40:43] [TEST] Processing batch 14014/18932 ...
[09/07 23:40:43] [TEST] Processing batch 14015/18932 ...
[09/07 23:40:44] [TEST] Processing batch 14016/18932 ...
[09/07 23:40:44] [TEST] Processing batch 14017/18932 ...
[09/07 23:40:44] [TEST] Processing batch 14018/18932 ...
[09/07 23:40:44] [TEST] Processing batch 14019/18932 ...
[09/07 23:40:44] [TEST] Processing batch 14020/18932 ...
[09/07 23:40:44] [TEST] Processing batch 14021/18932 ...
[09/07 23:40:44] [TEST] Processing batch 14022/18932 ...
[09/07 23:40:44] [TEST] Processing batch 14023/18932 ...
[09/07 23:40:44] [TEST] Processing batch 14024/18932 ...
[09/07 23:40:44] [TEST] Processing batch 14025/18932 ...
[09/07 23:40:44] [TEST] Processing batch 14026/18932 ...
[09/07 23:40:44] [TEST] Processing batch 14027/18932 ...
[09/07 23:40:44] [TEST] Processing batch 14028/18932 ...
[09/07 23:40:44] [TEST] Processing batch 14029/18932 ...
[09/07 23:40:44] [TEST] Processing batch 14030/18932 ...
[09/07 23:40:44] [TEST] Processing batch 14031/18932 ...
[09/07 23:40:44] [TEST] Processing batch 14032/18932 ...
[09/07 23:40:44] [TEST] Processing batch 14033/18932 ...
[09/07 23:40:45] [TEST] Processing batch 14034/18932 ...
[09/07 23:40:45] [TEST] Processing batch 14035/18932 ...
[09/07 23:40:45] [TEST] Processing batch 14036/18932 ...
[09/07 23:40:45] [TEST] Processing batch 14037/18932 ...
[09/07 23:40:45] [TEST] Processing batch 14038/18932 ...
[09/07 23:40:45] [TEST] Processing batch 14039/18932 ...
[09/07 23:40:45] [TEST] Processing batch 14040/18932 ...
[09/07 23:40:45] [TEST] Processing batch 14041/18932 ...
[09/07 23:40:45] [TEST] Processing batch 14042/18932 ...
[09/07 23:40:45] [TEST] Processing batch 14043/18932 ...
[09/07 23:40:45] [TEST] Processing batch 14044/18932 ...
[09/07 23:40:45] [TEST] Processing batch 14045/18932 ...
[09/07 23:40:45] [TEST] Processing batch 14046/18932 ...
[09/07 23:40:45] [TEST] Processing batch 14047/18932 ...
[09/07 23:40:45] [TEST] Processing batch 14048/18932 ...
[09/07 23:40:45] [TEST] Processing batch 14049/18932 ...
[09/07 23:40:45] [TEST] Processing batch 14050/18932 ...
[09/07 23:40:45] [TEST] Processing batch 14051/18932 ...
[09/07 23:40:46] [TEST] Processing batch 14052/18932 ...
[09/07 23:40:46] [TEST] Processing batch 14053/18932 ...
[09/07 23:40:46] [TEST] Processing batch 14054/18932 ...
[09/07 23:40:46] [TEST] Processing batch 14055/18932 ...
[09/07 23:40:46] [TEST] Processing batch 14056/18932 ...
[09/07 23:40:46] [TEST] Processing batch 14057/18932 ...
[09/07 23:40:46] [TEST] Processing batch 14058/18932 ...
[09/07 23:40:46] [TEST] Processing batch 14059/18932 ...
[09/07 23:40:46] [TEST] Processing batch 14060/18932 ...
[09/07 23:40:46] [TEST] Processing batch 14061/18932 ...
[09/07 23:40:46] [TEST] Processing batch 14062/18932 ...
[09/07 23:40:46] [TEST] Processing batch 14063/18932 ...
[09/07 23:40:46] [TEST] Processing batch 14064/18932 ...
[09/07 23:40:46] [TEST] Processing batch 14065/18932 ...
[09/07 23:40:46] [TEST] Processing batch 14066/18932 ...
[09/07 23:40:46] [TEST] Processing batch 14067/18932 ...
[09/07 23:40:46] [TEST] Processing batch 14068/18932 ...
[09/07 23:40:47] [TEST] Processing batch 14069/18932 ...
[09/07 23:40:47] [TEST] Processing batch 14070/18932 ...
[09/07 23:40:47] [TEST] Processing batch 14071/18932 ...
[09/07 23:40:47] [TEST] Processing batch 14072/18932 ...
[09/07 23:40:47] [TEST] Processing batch 14073/18932 ...
[09/07 23:40:47] [TEST] Processing batch 14074/18932 ...
[09/07 23:40:47] [TEST] Processing batch 14075/18932 ...
[09/07 23:40:47] [TEST] Processing batch 14076/18932 ...
[09/07 23:40:47] [TEST] Processing batch 14077/18932 ...
[09/07 23:40:47] [TEST] Processing batch 14078/18932 ...
[09/07 23:40:47] [TEST] Processing batch 14079/18932 ...
[09/07 23:40:47] [TEST] Processing batch 14080/18932 ...
[09/07 23:40:47] [TEST] Processing batch 14081/18932 ...
[09/07 23:40:47] [TEST] Processing batch 14082/18932 ...
[09/07 23:40:47] [TEST] Processing batch 14083/18932 ...
[09/07 23:40:47] [TEST] Processing batch 14084/18932 ...
[09/07 23:40:47] [TEST] Processing batch 14085/18932 ...
[09/07 23:40:47] [TEST] Processing batch 14086/18932 ...
[09/07 23:40:48] [TEST] Processing batch 14087/18932 ...
[09/07 23:40:48] [TEST] Processing batch 14088/18932 ...
[09/07 23:40:48] [TEST] Processing batch 14089/18932 ...
[09/07 23:40:48] [TEST] Processing batch 14090/18932 ...
[09/07 23:40:48] [TEST] Processing batch 14091/18932 ...
[09/07 23:40:48] [TEST] Processing batch 14092/18932 ...
[09/07 23:40:48] [TEST] Processing batch 14093/18932 ...
[09/07 23:40:48] [TEST] Processing batch 14094/18932 ...
[09/07 23:40:48] [TEST] Processing batch 14095/18932 ...
[09/07 23:40:48] [TEST] Processing batch 14096/18932 ...
[09/07 23:40:48] [TEST] Processing batch 14097/18932 ...
[09/07 23:40:48] [TEST] Processing batch 14098/18932 ...
[09/07 23:40:48] [TEST] Processing batch 14099/18932 ...
[09/07 23:40:48] [TEST] Processing batch 14100/18932 ...
[09/07 23:40:48] [TEST] Processing batch 14101/18932 ...
[09/07 23:40:48] [TEST] Processing batch 14102/18932 ...
[09/07 23:40:48] [TEST] Processing batch 14103/18932 ...
[09/07 23:40:48] [TEST] Processing batch 14104/18932 ...
[09/07 23:40:49] [TEST] Processing batch 14105/18932 ...
[09/07 23:40:49] [TEST] Processing batch 14106/18932 ...
[09/07 23:40:49] [TEST] Processing batch 14107/18932 ...
[09/07 23:40:49] [TEST] Processing batch 14108/18932 ...
[09/07 23:40:49] [TEST] Processing batch 14109/18932 ...
[09/07 23:40:49] [TEST] Processing batch 14110/18932 ...
[09/07 23:40:49] [TEST] Processing batch 14111/18932 ...
[09/07 23:40:49] [TEST] Processing batch 14112/18932 ...
[09/07 23:40:49] [TEST] Processing batch 14113/18932 ...
[09/07 23:40:49] [TEST] Processing batch 14114/18932 ...
[09/07 23:40:49] [TEST] Processing batch 14115/18932 ...
[09/07 23:40:49] [TEST] Processing batch 14116/18932 ...
[09/07 23:40:49] [TEST] Processing batch 14117/18932 ...
[09/07 23:40:49] [TEST] Processing batch 14118/18932 ...
[09/07 23:40:49] [TEST] Processing batch 14119/18932 ...
[09/07 23:40:49] [TEST] Processing batch 14120/18932 ...
[09/07 23:40:49] [TEST] Processing batch 14121/18932 ...
[09/07 23:40:50] [TEST] Processing batch 14122/18932 ...
[09/07 23:40:50] [TEST] Processing batch 14123/18932 ...
[09/07 23:40:50] [TEST] Processing batch 14124/18932 ...
[09/07 23:40:50] [TEST] Processing batch 14125/18932 ...
[09/07 23:40:50] [TEST] Processing batch 14126/18932 ...
[09/07 23:40:50] [TEST] Processing batch 14127/18932 ...
[09/07 23:40:50] [TEST] Processing batch 14128/18932 ...
[09/07 23:40:50] [TEST] Processing batch 14129/18932 ...
[09/07 23:40:50] [TEST] Processing batch 14130/18932 ...
[09/07 23:40:50] [TEST] Processing batch 14131/18932 ...
[09/07 23:40:50] [TEST] Processing batch 14132/18932 ...
[09/07 23:40:50] [TEST] Processing batch 14133/18932 ...
[09/07 23:40:50] [TEST] Processing batch 14134/18932 ...
[09/07 23:40:50] [TEST] Processing batch 14135/18932 ...
[09/07 23:40:50] [TEST] Processing batch 14136/18932 ...
[09/07 23:40:50] [TEST] Processing batch 14137/18932 ...
[09/07 23:40:50] [TEST] Processing batch 14138/18932 ...
[09/07 23:40:50] [TEST] Processing batch 14139/18932 ...
[09/07 23:40:51] [TEST] Processing batch 14140/18932 ...
[09/07 23:40:51] [TEST] Processing batch 14141/18932 ...
[09/07 23:40:51] [TEST] Processing batch 14142/18932 ...
[09/07 23:40:51] [TEST] Processing batch 14143/18932 ...
[09/07 23:40:51] [TEST] Processing batch 14144/18932 ...
[09/07 23:40:51] [TEST] Processing batch 14145/18932 ...
[09/07 23:40:51] [TEST] Processing batch 14146/18932 ...
[09/07 23:40:51] [TEST] Processing batch 14147/18932 ...
[09/07 23:40:51] [TEST] Processing batch 14148/18932 ...
[09/07 23:40:51] [TEST] Processing batch 14149/18932 ...
[09/07 23:40:51] [TEST] Processing batch 14150/18932 ...
[09/07 23:40:51] [TEST] Processing batch 14151/18932 ...
[09/07 23:40:51] [TEST] Processing batch 14152/18932 ...
[09/07 23:40:51] [TEST] Processing batch 14153/18932 ...
[09/07 23:40:51] [TEST] Processing batch 14154/18932 ...
[09/07 23:40:51] [TEST] Processing batch 14155/18932 ...
[09/07 23:40:51] [TEST] Processing batch 14156/18932 ...
[09/07 23:40:51] [TEST] Processing batch 14157/18932 ...
[09/07 23:40:52] [TEST] Processing batch 14158/18932 ...
[09/07 23:40:52] [TEST] Processing batch 14159/18932 ...
[09/07 23:40:52] [TEST] Processing batch 14160/18932 ...
[09/07 23:40:52] [TEST] Processing batch 14161/18932 ...
[09/07 23:40:52] [TEST] Processing batch 14162/18932 ...
[09/07 23:40:52] [TEST] Processing batch 14163/18932 ...
[09/07 23:40:52] [TEST] Processing batch 14164/18932 ...
[09/07 23:40:52] [TEST] Processing batch 14165/18932 ...
[09/07 23:40:52] [TEST] Processing batch 14166/18932 ...
[09/07 23:40:52] [TEST] Processing batch 14167/18932 ...
[09/07 23:40:52] [TEST] Processing batch 14168/18932 ...
[09/07 23:40:52] [TEST] Processing batch 14169/18932 ...
[09/07 23:40:52] [TEST] Processing batch 14170/18932 ...
[09/07 23:40:52] [TEST] Processing batch 14171/18932 ...
[09/07 23:40:52] [TEST] Processing batch 14172/18932 ...
[09/07 23:40:52] [TEST] Processing batch 14173/18932 ...
[09/07 23:40:52] [TEST] Processing batch 14174/18932 ...
[09/07 23:40:52] [TEST] Processing batch 14175/18932 ...
[09/07 23:40:53] [TEST] Processing batch 14176/18932 ...
[09/07 23:40:53] [TEST] Processing batch 14177/18932 ...
[09/07 23:40:53] [TEST] Processing batch 14178/18932 ...
[09/07 23:40:53] [TEST] Processing batch 14179/18932 ...
[09/07 23:40:53] [TEST] Processing batch 14180/18932 ...
[09/07 23:40:53] [TEST] Processing batch 14181/18932 ...
[09/07 23:40:53] [TEST] Processing batch 14182/18932 ...
[09/07 23:40:53] [TEST] Processing batch 14183/18932 ...
[09/07 23:40:53] [TEST] Processing batch 14184/18932 ...
[09/07 23:40:53] [TEST] Processing batch 14185/18932 ...
[09/07 23:40:53] [TEST] Processing batch 14186/18932 ...
[09/07 23:40:53] [TEST] Processing batch 14187/18932 ...
[09/07 23:40:53] [TEST] Processing batch 14188/18932 ...
[09/07 23:40:53] [TEST] Processing batch 14189/18932 ...
[09/07 23:40:53] [TEST] Processing batch 14190/18932 ...
[09/07 23:40:53] [TEST] Processing batch 14191/18932 ...
[09/07 23:40:53] [TEST] Processing batch 14192/18932 ...
[09/07 23:40:54] [TEST] Processing batch 14193/18932 ...
[09/07 23:40:54] [TEST] Processing batch 14194/18932 ...
[09/07 23:40:54] [TEST] Processing batch 14195/18932 ...
[09/07 23:40:54] [TEST] Processing batch 14196/18932 ...
[09/07 23:40:54] [TEST] Processing batch 14197/18932 ...
[09/07 23:40:54] [TEST] Processing batch 14198/18932 ...
[09/07 23:40:54] [TEST] Processing batch 14199/18932 ...
[09/07 23:40:54] [TEST] Processing batch 14200/18932 ...
[09/07 23:40:54] [TEST] Processing batch 14201/18932 ...
[09/07 23:40:54] [TEST] Processing batch 14202/18932 ...
[09/07 23:40:54] [TEST] Processing batch 14203/18932 ...
[09/07 23:40:54] [TEST] Processing batch 14204/18932 ...
[09/07 23:40:54] [TEST] Processing batch 14205/18932 ...
[09/07 23:40:54] [TEST] Processing batch 14206/18932 ...
[09/07 23:40:54] [TEST] Processing batch 14207/18932 ...
[09/07 23:40:54] [TEST] Processing batch 14208/18932 ...
[09/07 23:40:54] [TEST] Processing batch 14209/18932 ...
[09/07 23:40:54] [TEST] Processing batch 14210/18932 ...
[09/07 23:40:55] [TEST] Processing batch 14211/18932 ...
[09/07 23:40:55] [TEST] Processing batch 14212/18932 ...
[09/07 23:40:55] [TEST] Processing batch 14213/18932 ...
[09/07 23:40:55] [TEST] Processing batch 14214/18932 ...
[09/07 23:40:55] [TEST] Processing batch 14215/18932 ...
[09/07 23:40:55] [TEST] Processing batch 14216/18932 ...
[09/07 23:40:55] [TEST] Processing batch 14217/18932 ...
[09/07 23:40:55] [TEST] Processing batch 14218/18932 ...
[09/07 23:40:55] [TEST] Processing batch 14219/18932 ...
[09/07 23:40:55] [TEST] Processing batch 14220/18932 ...
[09/07 23:40:55] [TEST] Processing batch 14221/18932 ...
[09/07 23:40:55] [TEST] Processing batch 14222/18932 ...
[09/07 23:40:55] [TEST] Processing batch 14223/18932 ...
[09/07 23:40:55] [TEST] Processing batch 14224/18932 ...
[09/07 23:40:55] [TEST] Processing batch 14225/18932 ...
[09/07 23:40:55] [TEST] Processing batch 14226/18932 ...
[09/07 23:40:55] [TEST] Processing batch 14227/18932 ...
[09/07 23:40:55] [TEST] Processing batch 14228/18932 ...
[09/07 23:40:56] [TEST] Processing batch 14229/18932 ...
[09/07 23:40:56] [TEST] Processing batch 14230/18932 ...
[09/07 23:40:56] [TEST] Processing batch 14231/18932 ...
[09/07 23:40:56] [TEST] Processing batch 14232/18932 ...
[09/07 23:40:56] [TEST] Processing batch 14233/18932 ...
[09/07 23:40:56] [TEST] Processing batch 14234/18932 ...
[09/07 23:40:56] [TEST] Processing batch 14235/18932 ...
[09/07 23:40:56] [TEST] Processing batch 14236/18932 ...
[09/07 23:40:56] [TEST] Processing batch 14237/18932 ...
[09/07 23:40:56] [TEST] Processing batch 14238/18932 ...
[09/07 23:40:56] [TEST] Processing batch 14239/18932 ...
[09/07 23:40:56] [TEST] Processing batch 14240/18932 ...
[09/07 23:40:56] [TEST] Processing batch 14241/18932 ...
[09/07 23:40:56] [TEST] Processing batch 14242/18932 ...
[09/07 23:40:56] [TEST] Processing batch 14243/18932 ...
[09/07 23:40:56] [TEST] Processing batch 14244/18932 ...
[09/07 23:40:56] [TEST] Processing batch 14245/18932 ...
[09/07 23:40:56] [TEST] Processing batch 14246/18932 ...
[09/07 23:40:57] [TEST] Processing batch 14247/18932 ...
[09/07 23:40:57] [TEST] Processing batch 14248/18932 ...
[09/07 23:40:57] [TEST] Processing batch 14249/18932 ...
[09/07 23:40:57] [TEST] Processing batch 14250/18932 ...
[09/07 23:40:57] [TEST] Processing batch 14251/18932 ...
[09/07 23:40:57] [TEST] Processing batch 14252/18932 ...
[09/07 23:40:57] [TEST] Processing batch 14253/18932 ...
[09/07 23:40:57] [TEST] Processing batch 14254/18932 ...
[09/07 23:40:57] [TEST] Processing batch 14255/18932 ...
[09/07 23:40:57] [TEST] Processing batch 14256/18932 ...
[09/07 23:40:57] [TEST] Processing batch 14257/18932 ...
[09/07 23:40:57] [TEST] Processing batch 14258/18932 ...
[09/07 23:40:57] [TEST] Processing batch 14259/18932 ...
[09/07 23:40:57] [TEST] Processing batch 14260/18932 ...
[09/07 23:40:57] [TEST] Processing batch 14261/18932 ...
[09/07 23:40:57] [TEST] Processing batch 14262/18932 ...
[09/07 23:40:57] [TEST] Processing batch 14263/18932 ...
[09/07 23:40:57] [TEST] Processing batch 14264/18932 ...
[09/07 23:40:58] [TEST] Processing batch 14265/18932 ...
[09/07 23:40:58] [TEST] Processing batch 14266/18932 ...
[09/07 23:40:58] [TEST] Processing batch 14267/18932 ...
[09/07 23:40:58] [TEST] Processing batch 14268/18932 ...
[09/07 23:40:58] [TEST] Processing batch 14269/18932 ...
[09/07 23:40:58] [TEST] Processing batch 14270/18932 ...
[09/07 23:40:58] [TEST] Processing batch 14271/18932 ...
[09/07 23:40:58] [TEST] Processing batch 14272/18932 ...
[09/07 23:40:58] [TEST] Processing batch 14273/18932 ...
[09/07 23:40:58] [TEST] Processing batch 14274/18932 ...
[09/07 23:40:58] [TEST] Processing batch 14275/18932 ...
[09/07 23:40:58] [TEST] Processing batch 14276/18932 ...
[09/07 23:40:58] [TEST] Processing batch 14277/18932 ...
[09/07 23:40:58] [TEST] Processing batch 14278/18932 ...
[09/07 23:40:58] [TEST] Processing batch 14279/18932 ...
[09/07 23:40:58] [TEST] Processing batch 14280/18932 ...
[09/07 23:40:58] [TEST] Processing batch 14281/18932 ...
[09/07 23:40:58] [TEST] Processing batch 14282/18932 ...
[09/07 23:40:59] [TEST] Processing batch 14283/18932 ...
[09/07 23:40:59] [TEST] Processing batch 14284/18932 ...
[09/07 23:40:59] [TEST] Processing batch 14285/18932 ...
[09/07 23:40:59] [TEST] Processing batch 14286/18932 ...
[09/07 23:40:59] [TEST] Processing batch 14287/18932 ...
[09/07 23:40:59] [TEST] Processing batch 14288/18932 ...
[09/07 23:40:59] [TEST] Processing batch 14289/18932 ...
[09/07 23:40:59] [TEST] Processing batch 14290/18932 ...
[09/07 23:40:59] [TEST] Processing batch 14291/18932 ...
[09/07 23:40:59] [TEST] Processing batch 14292/18932 ...
[09/07 23:40:59] [TEST] Processing batch 14293/18932 ...
[09/07 23:40:59] [TEST] Processing batch 14294/18932 ...
[09/07 23:40:59] [TEST] Processing batch 14295/18932 ...
[09/07 23:40:59] [TEST] Processing batch 14296/18932 ...
[09/07 23:40:59] [TEST] Processing batch 14297/18932 ...
[09/07 23:40:59] [TEST] Processing batch 14298/18932 ...
[09/07 23:40:59] [TEST] Processing batch 14299/18932 ...
[09/07 23:40:59] [TEST] Processing batch 14300/18932 ...
[09/07 23:41:00] [TEST] Processing batch 14301/18932 ...
[09/07 23:41:00] [TEST] Processing batch 14302/18932 ...
[09/07 23:41:00] [TEST] Processing batch 14303/18932 ...
[09/07 23:41:00] [TEST] Processing batch 14304/18932 ...
[09/07 23:41:00] [TEST] Processing batch 14305/18932 ...
[09/07 23:41:00] [TEST] Processing batch 14306/18932 ...
[09/07 23:41:00] [TEST] Processing batch 14307/18932 ...
[09/07 23:41:00] [TEST] Processing batch 14308/18932 ...
[09/07 23:41:00] [TEST] Processing batch 14309/18932 ...
[09/07 23:41:00] [TEST] Processing batch 14310/18932 ...
[09/07 23:41:00] [TEST] Processing batch 14311/18932 ...
[09/07 23:41:00] [TEST] Processing batch 14312/18932 ...
[09/07 23:41:00] [TEST] Processing batch 14313/18932 ...
[09/07 23:41:00] [TEST] Processing batch 14314/18932 ...
[09/07 23:41:00] [TEST] Processing batch 14315/18932 ...
[09/07 23:41:00] [TEST] Processing batch 14316/18932 ...
[09/07 23:41:00] [TEST] Processing batch 14317/18932 ...
[09/07 23:41:00] [TEST] Processing batch 14318/18932 ...
[09/07 23:41:01] [TEST] Processing batch 14319/18932 ...
[09/07 23:41:01] [TEST] Processing batch 14320/18932 ...
[09/07 23:41:01] [TEST] Processing batch 14321/18932 ...
[09/07 23:41:01] [TEST] Processing batch 14322/18932 ...
[09/07 23:41:01] [TEST] Processing batch 14323/18932 ...
[09/07 23:41:01] [TEST] Processing batch 14324/18932 ...
[09/07 23:41:01] [TEST] Processing batch 14325/18932 ...
[09/07 23:41:01] [TEST] Processing batch 14326/18932 ...
[09/07 23:41:01] [TEST] Processing batch 14327/18932 ...
[09/07 23:41:01] [TEST] Processing batch 14328/18932 ...
[09/07 23:41:01] [TEST] Processing batch 14329/18932 ...
[09/07 23:41:01] [TEST] Processing batch 14330/18932 ...
[09/07 23:41:01] [TEST] Processing batch 14331/18932 ...
[09/07 23:41:01] [TEST] Processing batch 14332/18932 ...
[09/07 23:41:01] [TEST] Processing batch 14333/18932 ...
[09/07 23:41:01] [TEST] Processing batch 14334/18932 ...
[09/07 23:41:01] [TEST] Processing batch 14335/18932 ...
[09/07 23:41:02] [TEST] Processing batch 14336/18932 ...
[09/07 23:41:02] [TEST] Processing batch 14337/18932 ...
[09/07 23:41:02] [TEST] Processing batch 14338/18932 ...
[09/07 23:41:02] [TEST] Processing batch 14339/18932 ...
[09/07 23:41:02] [TEST] Processing batch 14340/18932 ...
[09/07 23:41:02] [TEST] Processing batch 14341/18932 ...
[09/07 23:41:02] [TEST] Processing batch 14342/18932 ...
[09/07 23:41:02] [TEST] Processing batch 14343/18932 ...
[09/07 23:41:02] [TEST] Processing batch 14344/18932 ...
[09/07 23:41:02] [TEST] Processing batch 14345/18932 ...
[09/07 23:41:02] [TEST] Processing batch 14346/18932 ...
[09/07 23:41:02] [TEST] Processing batch 14347/18932 ...
[09/07 23:41:02] [TEST] Processing batch 14348/18932 ...
[09/07 23:41:02] [TEST] Processing batch 14349/18932 ...
[09/07 23:41:02] [TEST] Processing batch 14350/18932 ...
[09/07 23:41:02] [TEST] Processing batch 14351/18932 ...
[09/07 23:41:02] [TEST] Processing batch 14352/18932 ...
[09/07 23:41:02] [TEST] Processing batch 14353/18932 ...
[09/07 23:41:03] [TEST] Processing batch 14354/18932 ...
[09/07 23:41:03] [TEST] Processing batch 14355/18932 ...
[09/07 23:41:03] [TEST] Processing batch 14356/18932 ...
[09/07 23:41:03] [TEST] Processing batch 14357/18932 ...
[09/07 23:41:03] [TEST] Processing batch 14358/18932 ...
[09/07 23:41:03] [TEST] Processing batch 14359/18932 ...
[09/07 23:41:03] [TEST] Processing batch 14360/18932 ...
[09/07 23:41:03] [TEST] Processing batch 14361/18932 ...
[09/07 23:41:03] [TEST] Processing batch 14362/18932 ...
[09/07 23:41:03] [TEST] Processing batch 14363/18932 ...
[09/07 23:41:03] [TEST] Processing batch 14364/18932 ...
[09/07 23:41:03] [TEST] Processing batch 14365/18932 ...
[09/07 23:41:03] [TEST] Processing batch 14366/18932 ...
[09/07 23:41:03] [TEST] Processing batch 14367/18932 ...
[09/07 23:41:03] [TEST] Processing batch 14368/18932 ...
[09/07 23:41:03] [TEST] Processing batch 14369/18932 ...
[09/07 23:41:03] [TEST] Processing batch 14370/18932 ...
[09/07 23:41:04] [TEST] Processing batch 14371/18932 ...
[09/07 23:41:04] [TEST] Processing batch 14372/18932 ...
[09/07 23:41:04] [TEST] Processing batch 14373/18932 ...
[09/07 23:41:04] [TEST] Processing batch 14374/18932 ...
[09/07 23:41:04] [TEST] Processing batch 14375/18932 ...
[09/07 23:41:04] [TEST] Processing batch 14376/18932 ...
[09/07 23:41:04] [TEST] Processing batch 14377/18932 ...
[09/07 23:41:04] [TEST] Processing batch 14378/18932 ...
[09/07 23:41:04] [TEST] Processing batch 14379/18932 ...
[09/07 23:41:04] [TEST] Processing batch 14380/18932 ...
[09/07 23:41:04] [TEST] Processing batch 14381/18932 ...
[09/07 23:41:04] [TEST] Processing batch 14382/18932 ...
[09/07 23:41:04] [TEST] Processing batch 14383/18932 ...
[09/07 23:41:04] [TEST] Processing batch 14384/18932 ...
[09/07 23:41:04] [TEST] Processing batch 14385/18932 ...
[09/07 23:41:04] [TEST] Processing batch 14386/18932 ...
[09/07 23:41:04] [TEST] Processing batch 14387/18932 ...
[09/07 23:41:04] [TEST] Processing batch 14388/18932 ...
[09/07 23:41:05] [TEST] Processing batch 14389/18932 ...
[09/07 23:41:05] [TEST] Processing batch 14390/18932 ...
[09/07 23:41:05] [TEST] Processing batch 14391/18932 ...
[09/07 23:41:05] [TEST] Processing batch 14392/18932 ...
[09/07 23:41:05] [TEST] Processing batch 14393/18932 ...
[09/07 23:41:05] [TEST] Processing batch 14394/18932 ...
[09/07 23:41:05] [TEST] Processing batch 14395/18932 ...
[09/07 23:41:05] [TEST] Processing batch 14396/18932 ...
[09/07 23:41:05] [TEST] Processing batch 14397/18932 ...
[09/07 23:41:05] [TEST] Processing batch 14398/18932 ...
[09/07 23:41:05] [TEST] Processing batch 14399/18932 ...
[09/07 23:41:05] [TEST] Processing batch 14400/18932 ...
[09/07 23:41:05] [TEST] Processing batch 14401/18932 ...
[09/07 23:41:05] [TEST] Processing batch 14402/18932 ...
[09/07 23:41:05] [TEST] Processing batch 14403/18932 ...
[09/07 23:41:05] [TEST] Processing batch 14404/18932 ...
[09/07 23:41:05] [TEST] Processing batch 14405/18932 ...
[09/07 23:41:06] [TEST] Processing batch 14406/18932 ...
[09/07 23:41:06] [TEST] Processing batch 14407/18932 ...
[09/07 23:41:06] [TEST] Processing batch 14408/18932 ...
[09/07 23:41:06] [TEST] Processing batch 14409/18932 ...
[09/07 23:41:06] [TEST] Processing batch 14410/18932 ...
[09/07 23:41:06] [TEST] Processing batch 14411/18932 ...
[09/07 23:41:06] [TEST] Processing batch 14412/18932 ...
[09/07 23:41:06] [TEST] Processing batch 14413/18932 ...
[09/07 23:41:06] [TEST] Processing batch 14414/18932 ...
[09/07 23:41:06] [TEST] Processing batch 14415/18932 ...
[09/07 23:41:06] [TEST] Processing batch 14416/18932 ...
[09/07 23:41:06] [TEST] Processing batch 14417/18932 ...
[09/07 23:41:06] [TEST] Processing batch 14418/18932 ...
[09/07 23:41:06] [TEST] Processing batch 14419/18932 ...
[09/07 23:41:06] [TEST] Processing batch 14420/18932 ...
[09/07 23:41:06] [TEST] Processing batch 14421/18932 ...
[09/07 23:41:06] [TEST] Processing batch 14422/18932 ...
[09/07 23:41:06] [TEST] Processing batch 14423/18932 ...
[09/07 23:41:07] [TEST] Processing batch 14424/18932 ...
[09/07 23:41:07] [TEST] Processing batch 14425/18932 ...
[09/07 23:41:07] [TEST] Processing batch 14426/18932 ...
[09/07 23:41:07] [TEST] Processing batch 14427/18932 ...
[09/07 23:41:07] [TEST] Processing batch 14428/18932 ...
[09/07 23:41:07] [TEST] Processing batch 14429/18932 ...
[09/07 23:41:07] [TEST] Processing batch 14430/18932 ...
[09/07 23:41:07] [TEST] Processing batch 14431/18932 ...
[09/07 23:41:07] [TEST] Processing batch 14432/18932 ...
[09/07 23:41:07] [TEST] Processing batch 14433/18932 ...
[09/07 23:41:07] [TEST] Processing batch 14434/18932 ...
[09/07 23:41:07] [TEST] Processing batch 14435/18932 ...
[09/07 23:41:07] [TEST] Processing batch 14436/18932 ...
[09/07 23:41:07] [TEST] Processing batch 14437/18932 ...
[09/07 23:41:07] [TEST] Processing batch 14438/18932 ...
[09/07 23:41:07] [TEST] Processing batch 14439/18932 ...
[09/07 23:41:07] [TEST] Processing batch 14440/18932 ...
[09/07 23:41:07] [TEST] Processing batch 14441/18932 ...
[09/07 23:41:08] [TEST] Processing batch 14442/18932 ...
[09/07 23:41:08] [TEST] Processing batch 14443/18932 ...
[09/07 23:41:08] [TEST] Processing batch 14444/18932 ...
[09/07 23:41:08] [TEST] Processing batch 14445/18932 ...
[09/07 23:41:08] [TEST] Processing batch 14446/18932 ...
[09/07 23:41:08] [TEST] Processing batch 14447/18932 ...
[09/07 23:41:08] [TEST] Processing batch 14448/18932 ...
[09/07 23:41:08] [TEST] Processing batch 14449/18932 ...
[09/07 23:41:08] [TEST] Processing batch 14450/18932 ...
[09/07 23:41:08] [TEST] Processing batch 14451/18932 ...
[09/07 23:41:08] [TEST] Processing batch 14452/18932 ...
[09/07 23:41:08] [TEST] Processing batch 14453/18932 ...
[09/07 23:41:08] [TEST] Processing batch 14454/18932 ...
[09/07 23:41:08] [TEST] Processing batch 14455/18932 ...
[09/07 23:41:08] [TEST] Processing batch 14456/18932 ...
[09/07 23:41:08] [TEST] Processing batch 14457/18932 ...
[09/07 23:41:08] [TEST] Processing batch 14458/18932 ...
[09/07 23:41:08] [TEST] Processing batch 14459/18932 ...
[09/07 23:41:09] [TEST] Processing batch 14460/18932 ...
[09/07 23:41:09] [TEST] Processing batch 14461/18932 ...
[09/07 23:41:09] [TEST] Processing batch 14462/18932 ...
[09/07 23:41:09] [TEST] Processing batch 14463/18932 ...
[09/07 23:41:09] [TEST] Processing batch 14464/18932 ...
[09/07 23:41:09] [TEST] Processing batch 14465/18932 ...
[09/07 23:41:09] [TEST] Processing batch 14466/18932 ...
[09/07 23:41:09] [TEST] Processing batch 14467/18932 ...
[09/07 23:41:09] [TEST] Processing batch 14468/18932 ...
[09/07 23:41:09] [TEST] Processing batch 14469/18932 ...
[09/07 23:41:09] [TEST] Processing batch 14470/18932 ...
[09/07 23:41:09] [TEST] Processing batch 14471/18932 ...
[09/07 23:41:09] [TEST] Processing batch 14472/18932 ...
[09/07 23:41:09] [TEST] Processing batch 14473/18932 ...
[09/07 23:41:09] [TEST] Processing batch 14474/18932 ...
[09/07 23:41:09] [TEST] Processing batch 14475/18932 ...
[09/07 23:41:09] [TEST] Processing batch 14476/18932 ...
[09/07 23:41:09] [TEST] Processing batch 14477/18932 ...
[09/07 23:41:10] [TEST] Processing batch 14478/18932 ...
[09/07 23:41:10] [TEST] Processing batch 14479/18932 ...
[09/07 23:41:10] [TEST] Processing batch 14480/18932 ...
[09/07 23:41:10] [TEST] Processing batch 14481/18932 ...
[09/07 23:41:10] [TEST] Processing batch 14482/18932 ...
[09/07 23:41:10] [TEST] Processing batch 14483/18932 ...
[09/07 23:41:10] [TEST] Processing batch 14484/18932 ...
[09/07 23:41:10] [TEST] Processing batch 14485/18932 ...
[09/07 23:41:10] [TEST] Processing batch 14486/18932 ...
[09/07 23:41:10] [TEST] Processing batch 14487/18932 ...
[09/07 23:41:10] [TEST] Processing batch 14488/18932 ...
[09/07 23:41:10] [TEST] Processing batch 14489/18932 ...
[09/07 23:41:10] [TEST] Processing batch 14490/18932 ...
[09/07 23:41:10] [TEST] Processing batch 14491/18932 ...
[09/07 23:41:10] [TEST] Processing batch 14492/18932 ...
[09/07 23:41:10] [TEST] Processing batch 14493/18932 ...
[09/07 23:41:10] [TEST] Processing batch 14494/18932 ...
[09/07 23:41:10] [TEST] Processing batch 14495/18932 ...
[09/07 23:41:11] [TEST] Processing batch 14496/18932 ...
[09/07 23:41:11] [TEST] Processing batch 14497/18932 ...
[09/07 23:41:11] [TEST] Processing batch 14498/18932 ...
[09/07 23:41:11] [TEST] Processing batch 14499/18932 ...
[09/07 23:41:11] [TEST] Processing batch 14500/18932 ...
[09/07 23:41:11] [TEST] Processing batch 14501/18932 ...
[09/07 23:41:11] [TEST] Processing batch 14502/18932 ...
[09/07 23:41:11] [TEST] Processing batch 14503/18932 ...
[09/07 23:41:11] [TEST] Processing batch 14504/18932 ...
[09/07 23:41:11] [TEST] Processing batch 14505/18932 ...
[09/07 23:41:11] [TEST] Processing batch 14506/18932 ...
[09/07 23:41:11] [TEST] Processing batch 14507/18932 ...
[09/07 23:41:11] [TEST] Processing batch 14508/18932 ...
[09/07 23:41:11] [TEST] Processing batch 14509/18932 ...
[09/07 23:41:11] [TEST] Processing batch 14510/18932 ...
[09/07 23:41:11] [TEST] Processing batch 14511/18932 ...
[09/07 23:41:11] [TEST] Processing batch 14512/18932 ...
[09/07 23:41:12] [TEST] Processing batch 14513/18932 ...
[09/07 23:41:12] [TEST] Processing batch 14514/18932 ...
[09/07 23:41:12] [TEST] Processing batch 14515/18932 ...
[09/07 23:41:12] [TEST] Processing batch 14516/18932 ...
[09/07 23:41:12] [TEST] Processing batch 14517/18932 ...
[09/07 23:41:12] [TEST] Processing batch 14518/18932 ...
[09/07 23:41:12] [TEST] Processing batch 14519/18932 ...
[09/07 23:41:12] [TEST] Processing batch 14520/18932 ...
[09/07 23:41:12] [TEST] Processing batch 14521/18932 ...
[09/07 23:41:12] [TEST] Processing batch 14522/18932 ...
[09/07 23:41:12] [TEST] Processing batch 14523/18932 ...
[09/07 23:41:12] [TEST] Processing batch 14524/18932 ...
[09/07 23:41:12] [TEST] Processing batch 14525/18932 ...
[09/07 23:41:12] [TEST] Processing batch 14526/18932 ...
[09/07 23:41:12] [TEST] Processing batch 14527/18932 ...
[09/07 23:41:12] [TEST] Processing batch 14528/18932 ...
[09/07 23:41:12] [TEST] Processing batch 14529/18932 ...
[09/07 23:41:12] [TEST] Processing batch 14530/18932 ...
[09/07 23:41:13] [TEST] Processing batch 14531/18932 ...
[09/07 23:41:13] [TEST] Processing batch 14532/18932 ...
[09/07 23:41:13] [TEST] Processing batch 14533/18932 ...
[09/07 23:41:13] [TEST] Processing batch 14534/18932 ...
[09/07 23:41:13] [TEST] Processing batch 14535/18932 ...
[09/07 23:41:13] [TEST] Processing batch 14536/18932 ...
[09/07 23:41:13] [TEST] Processing batch 14537/18932 ...
[09/07 23:41:13] [TEST] Processing batch 14538/18932 ...
[09/07 23:41:13] [TEST] Processing batch 14539/18932 ...
[09/07 23:41:13] [TEST] Processing batch 14540/18932 ...
[09/07 23:41:13] [TEST] Processing batch 14541/18932 ...
[09/07 23:41:13] [TEST] Processing batch 14542/18932 ...
[09/07 23:41:13] [TEST] Processing batch 14543/18932 ...
[09/07 23:41:13] [TEST] Processing batch 14544/18932 ...
[09/07 23:41:13] [TEST] Processing batch 14545/18932 ...
[09/07 23:41:13] [TEST] Processing batch 14546/18932 ...
[09/07 23:41:13] [TEST] Processing batch 14547/18932 ...
[09/07 23:41:13] [TEST] Processing batch 14548/18932 ...
[09/07 23:41:14] [TEST] Processing batch 14549/18932 ...
[09/07 23:41:14] [TEST] Processing batch 14550/18932 ...
[09/07 23:41:14] [TEST] Processing batch 14551/18932 ...
[09/07 23:41:14] [TEST] Processing batch 14552/18932 ...
[09/07 23:41:14] [TEST] Processing batch 14553/18932 ...
[09/07 23:41:14] [TEST] Processing batch 14554/18932 ...
[09/07 23:41:14] [TEST] Processing batch 14555/18932 ...
[09/07 23:41:14] [TEST] Processing batch 14556/18932 ...
[09/07 23:41:14] [TEST] Processing batch 14557/18932 ...
[09/07 23:41:14] [TEST] Processing batch 14558/18932 ...
[09/07 23:41:14] [TEST] Processing batch 14559/18932 ...
[09/07 23:41:14] [TEST] Processing batch 14560/18932 ...
[09/07 23:41:14] [TEST] Processing batch 14561/18932 ...
[09/07 23:41:14] [TEST] Processing batch 14562/18932 ...
[09/07 23:41:14] [TEST] Processing batch 14563/18932 ...
[09/07 23:41:14] [TEST] Processing batch 14564/18932 ...
[09/07 23:41:14] [TEST] Processing batch 14565/18932 ...
[09/07 23:41:14] [TEST] Processing batch 14566/18932 ...
[09/07 23:41:15] [TEST] Processing batch 14567/18932 ...
[09/07 23:41:15] [TEST] Processing batch 14568/18932 ...
[09/07 23:41:15] [TEST] Processing batch 14569/18932 ...
[09/07 23:41:15] [TEST] Processing batch 14570/18932 ...
[09/07 23:41:15] [TEST] Processing batch 14571/18932 ...
[09/07 23:41:15] [TEST] Processing batch 14572/18932 ...
[09/07 23:41:15] [TEST] Processing batch 14573/18932 ...
[09/07 23:41:15] [TEST] Processing batch 14574/18932 ...
[09/07 23:41:15] [TEST] Processing batch 14575/18932 ...
[09/07 23:41:15] [TEST] Processing batch 14576/18932 ...
[09/07 23:41:15] [TEST] Processing batch 14577/18932 ...
[09/07 23:41:15] [TEST] Processing batch 14578/18932 ...
[09/07 23:41:15] [TEST] Processing batch 14579/18932 ...
[09/07 23:41:15] [TEST] Processing batch 14580/18932 ...
[09/07 23:41:15] [TEST] Processing batch 14581/18932 ...
[09/07 23:41:15] [TEST] Processing batch 14582/18932 ...
[09/07 23:41:15] [TEST] Processing batch 14583/18932 ...
[09/07 23:41:15] [TEST] Processing batch 14584/18932 ...
[09/07 23:41:16] [TEST] Processing batch 14585/18932 ...
[09/07 23:41:16] [TEST] Processing batch 14586/18932 ...
[09/07 23:41:16] [TEST] Processing batch 14587/18932 ...
[09/07 23:41:16] [TEST] Processing batch 14588/18932 ...
[09/07 23:41:16] [TEST] Processing batch 14589/18932 ...
[09/07 23:41:16] [TEST] Processing batch 14590/18932 ...
[09/07 23:41:16] [TEST] Processing batch 14591/18932 ...
[09/07 23:41:16] [TEST] Processing batch 14592/18932 ...
[09/07 23:41:16] [TEST] Processing batch 14593/18932 ...
[09/07 23:41:16] [TEST] Processing batch 14594/18932 ...
[09/07 23:41:16] [TEST] Processing batch 14595/18932 ...
[09/07 23:41:16] [TEST] Processing batch 14596/18932 ...
[09/07 23:41:16] [TEST] Processing batch 14597/18932 ...
[09/07 23:41:16] [TEST] Processing batch 14598/18932 ...
[09/07 23:41:16] [TEST] Processing batch 14599/18932 ...
[09/07 23:41:16] [TEST] Processing batch 14600/18932 ...
[09/07 23:41:16] [TEST] Processing batch 14601/18932 ...
[09/07 23:41:16] [TEST] Processing batch 14602/18932 ...
[09/07 23:41:17] [TEST] Processing batch 14603/18932 ...
[09/07 23:41:17] [TEST] Processing batch 14604/18932 ...
[09/07 23:41:17] [TEST] Processing batch 14605/18932 ...
[09/07 23:41:17] [TEST] Processing batch 14606/18932 ...
[09/07 23:41:17] [TEST] Processing batch 14607/18932 ...
[09/07 23:41:17] [TEST] Processing batch 14608/18932 ...
[09/07 23:41:17] [TEST] Processing batch 14609/18932 ...
[09/07 23:41:17] [TEST] Processing batch 14610/18932 ...
[09/07 23:41:17] [TEST] Processing batch 14611/18932 ...
[09/07 23:41:17] [TEST] Processing batch 14612/18932 ...
[09/07 23:41:17] [TEST] Processing batch 14613/18932 ...
[09/07 23:41:17] [TEST] Processing batch 14614/18932 ...
[09/07 23:41:17] [TEST] Processing batch 14615/18932 ...
[09/07 23:41:17] [TEST] Processing batch 14616/18932 ...
[09/07 23:41:17] [TEST] Processing batch 14617/18932 ...
[09/07 23:41:17] [TEST] Processing batch 14618/18932 ...
[09/07 23:41:17] [TEST] Processing batch 14619/18932 ...
[09/07 23:41:17] [TEST] Processing batch 14620/18932 ...
[09/07 23:41:18] [TEST] Processing batch 14621/18932 ...
[09/07 23:41:18] [TEST] Processing batch 14622/18932 ...
[09/07 23:41:18] [TEST] Processing batch 14623/18932 ...
[09/07 23:41:18] [TEST] Processing batch 14624/18932 ...
[09/07 23:41:18] [TEST] Processing batch 14625/18932 ...
[09/07 23:41:18] [TEST] Processing batch 14626/18932 ...
[09/07 23:41:18] [TEST] Processing batch 14627/18932 ...
[09/07 23:41:18] [TEST] Processing batch 14628/18932 ...
[09/07 23:41:18] [TEST] Processing batch 14629/18932 ...
[09/07 23:41:18] [TEST] Processing batch 14630/18932 ...
[09/07 23:41:18] [TEST] Processing batch 14631/18932 ...
[09/07 23:41:18] [TEST] Processing batch 14632/18932 ...
[09/07 23:41:18] [TEST] Processing batch 14633/18932 ...
[09/07 23:41:18] [TEST] Processing batch 14634/18932 ...
[09/07 23:41:18] [TEST] Processing batch 14635/18932 ...
[09/07 23:41:18] [TEST] Processing batch 14636/18932 ...
[09/07 23:41:18] [TEST] Processing batch 14637/18932 ...
[09/07 23:41:18] [TEST] Processing batch 14638/18932 ...
[09/07 23:41:19] [TEST] Processing batch 14639/18932 ...
[09/07 23:41:19] [TEST] Processing batch 14640/18932 ...
[09/07 23:41:19] [TEST] Processing batch 14641/18932 ...
[09/07 23:41:19] [TEST] Processing batch 14642/18932 ...
[09/07 23:41:19] [TEST] Processing batch 14643/18932 ...
[09/07 23:41:19] [TEST] Processing batch 14644/18932 ...
[09/07 23:41:19] [TEST] Processing batch 14645/18932 ...
[09/07 23:41:19] [TEST] Processing batch 14646/18932 ...
[09/07 23:41:19] [TEST] Processing batch 14647/18932 ...
[09/07 23:41:19] [TEST] Processing batch 14648/18932 ...
[09/07 23:41:19] [TEST] Processing batch 14649/18932 ...
[09/07 23:41:19] [TEST] Processing batch 14650/18932 ...
[09/07 23:41:19] [TEST] Processing batch 14651/18932 ...
[09/07 23:41:19] [TEST] Processing batch 14652/18932 ...
[09/07 23:41:19] [TEST] Processing batch 14653/18932 ...
[09/07 23:41:19] [TEST] Processing batch 14654/18932 ...
[09/07 23:41:19] [TEST] Processing batch 14655/18932 ...
[09/07 23:41:19] [TEST] Processing batch 14656/18932 ...
[09/07 23:41:20] [TEST] Processing batch 14657/18932 ...
[09/07 23:41:20] [TEST] Processing batch 14658/18932 ...
[09/07 23:41:20] [TEST] Processing batch 14659/18932 ...
[09/07 23:41:20] [TEST] Processing batch 14660/18932 ...
[09/07 23:41:20] [TEST] Processing batch 14661/18932 ...
[09/07 23:41:20] [TEST] Processing batch 14662/18932 ...
[09/07 23:41:20] [TEST] Processing batch 14663/18932 ...
[09/07 23:41:20] [TEST] Processing batch 14664/18932 ...
[09/07 23:41:20] [TEST] Processing batch 14665/18932 ...
[09/07 23:41:20] [TEST] Processing batch 14666/18932 ...
[09/07 23:41:20] [TEST] Processing batch 14667/18932 ...
[09/07 23:41:20] [TEST] Processing batch 14668/18932 ...
[09/07 23:41:20] [TEST] Processing batch 14669/18932 ...
[09/07 23:41:20] [TEST] Processing batch 14670/18932 ...
[09/07 23:41:20] [TEST] Processing batch 14671/18932 ...
[09/07 23:41:20] [TEST] Processing batch 14672/18932 ...
[09/07 23:41:20] [TEST] Processing batch 14673/18932 ...
[09/07 23:41:21] [TEST] Processing batch 14674/18932 ...
[09/07 23:41:21] [TEST] Processing batch 14675/18932 ...
[09/07 23:41:21] [TEST] Processing batch 14676/18932 ...
[09/07 23:41:21] [TEST] Processing batch 14677/18932 ...
[09/07 23:41:21] [TEST] Processing batch 14678/18932 ...
[09/07 23:41:21] [TEST] Processing batch 14679/18932 ...
[09/07 23:41:21] [TEST] Processing batch 14680/18932 ...
[09/07 23:41:21] [TEST] Processing batch 14681/18932 ...
[09/07 23:41:21] [TEST] Processing batch 14682/18932 ...
[09/07 23:41:21] [TEST] Processing batch 14683/18932 ...
[09/07 23:41:21] [TEST] Processing batch 14684/18932 ...
[09/07 23:41:21] [TEST] Processing batch 14685/18932 ...
[09/07 23:41:21] [TEST] Processing batch 14686/18932 ...
[09/07 23:41:21] [TEST] Processing batch 14687/18932 ...
[09/07 23:41:21] [TEST] Processing batch 14688/18932 ...
[09/07 23:41:21] [TEST] Processing batch 14689/18932 ...
[09/07 23:41:21] [TEST] Processing batch 14690/18932 ...
[09/07 23:41:21] [TEST] Processing batch 14691/18932 ...
[09/07 23:41:22] [TEST] Processing batch 14692/18932 ...
[09/07 23:41:22] [TEST] Processing batch 14693/18932 ...
[09/07 23:41:22] [TEST] Processing batch 14694/18932 ...
[09/07 23:41:22] [TEST] Processing batch 14695/18932 ...
[09/07 23:41:22] [TEST] Processing batch 14696/18932 ...
[09/07 23:41:22] [TEST] Processing batch 14697/18932 ...
[09/07 23:41:22] [TEST] Processing batch 14698/18932 ...
[09/07 23:41:22] [TEST] Processing batch 14699/18932 ...
[09/07 23:41:22] [TEST] Processing batch 14700/18932 ...
[09/07 23:41:22] [TEST] Processing batch 14701/18932 ...
[09/07 23:41:22] [TEST] Processing batch 14702/18932 ...
[09/07 23:41:22] [TEST] Processing batch 14703/18932 ...
[09/07 23:41:22] [TEST] Processing batch 14704/18932 ...
[09/07 23:41:22] [TEST] Processing batch 14705/18932 ...
[09/07 23:41:22] [TEST] Processing batch 14706/18932 ...
[09/07 23:41:22] [TEST] Processing batch 14707/18932 ...
[09/07 23:41:22] [TEST] Processing batch 14708/18932 ...
[09/07 23:41:22] [TEST] Processing batch 14709/18932 ...
[09/07 23:41:23] [TEST] Processing batch 14710/18932 ...
[09/07 23:41:23] [TEST] Processing batch 14711/18932 ...
[09/07 23:41:23] [TEST] Processing batch 14712/18932 ...
[09/07 23:41:23] [TEST] Processing batch 14713/18932 ...
[09/07 23:41:23] [TEST] Processing batch 14714/18932 ...
[09/07 23:41:23] [TEST] Processing batch 14715/18932 ...
[09/07 23:41:23] [TEST] Processing batch 14716/18932 ...
[09/07 23:41:23] [TEST] Processing batch 14717/18932 ...
[09/07 23:41:23] [TEST] Processing batch 14718/18932 ...
[09/07 23:41:23] [TEST] Processing batch 14719/18932 ...
[09/07 23:41:23] [TEST] Processing batch 14720/18932 ...
[09/07 23:41:23] [TEST] Processing batch 14721/18932 ...
[09/07 23:41:23] [TEST] Processing batch 14722/18932 ...
[09/07 23:41:23] [TEST] Processing batch 14723/18932 ...
[09/07 23:41:23] [TEST] Processing batch 14724/18932 ...
[09/07 23:41:23] [TEST] Processing batch 14725/18932 ...
[09/07 23:41:23] [TEST] Processing batch 14726/18932 ...
[09/07 23:41:23] [TEST] Processing batch 14727/18932 ...
[09/07 23:41:24] [TEST] Processing batch 14728/18932 ...
[09/07 23:41:24] [TEST] Processing batch 14729/18932 ...
[09/07 23:41:24] [TEST] Processing batch 14730/18932 ...
[09/07 23:41:24] [TEST] Processing batch 14731/18932 ...
[09/07 23:41:24] [TEST] Processing batch 14732/18932 ...
[09/07 23:41:24] [TEST] Processing batch 14733/18932 ...
[09/07 23:41:24] [TEST] Processing batch 14734/18932 ...
[09/07 23:41:24] [TEST] Processing batch 14735/18932 ...
[09/07 23:41:24] [TEST] Processing batch 14736/18932 ...
[09/07 23:41:24] [TEST] Processing batch 14737/18932 ...
[09/07 23:41:24] [TEST] Processing batch 14738/18932 ...
[09/07 23:41:24] [TEST] Processing batch 14739/18932 ...
[09/07 23:41:24] [TEST] Processing batch 14740/18932 ...
[09/07 23:41:24] [TEST] Processing batch 14741/18932 ...
[09/07 23:41:24] [TEST] Processing batch 14742/18932 ...
[09/07 23:41:24] [TEST] Processing batch 14743/18932 ...
[09/07 23:41:24] [TEST] Processing batch 14744/18932 ...
[09/07 23:41:24] [TEST] Processing batch 14745/18932 ...
[09/07 23:41:25] [TEST] Processing batch 14746/18932 ...
[09/07 23:41:25] [TEST] Processing batch 14747/18932 ...
[09/07 23:41:25] [TEST] Processing batch 14748/18932 ...
[09/07 23:41:25] [TEST] Processing batch 14749/18932 ...
[09/07 23:41:25] [TEST] Processing batch 14750/18932 ...
[09/07 23:41:25] [TEST] Processing batch 14751/18932 ...
[09/07 23:41:25] [TEST] Processing batch 14752/18932 ...
[09/07 23:41:25] [TEST] Processing batch 14753/18932 ...
[09/07 23:41:25] [TEST] Processing batch 14754/18932 ...
[09/07 23:41:25] [TEST] Processing batch 14755/18932 ...
[09/07 23:41:25] [TEST] Processing batch 14756/18932 ...
[09/07 23:41:25] [TEST] Processing batch 14757/18932 ...
[09/07 23:41:25] [TEST] Processing batch 14758/18932 ...
[09/07 23:41:25] [TEST] Processing batch 14759/18932 ...
[09/07 23:41:25] [TEST] Processing batch 14760/18932 ...
[09/07 23:41:25] [TEST] Processing batch 14761/18932 ...
[09/07 23:41:25] [TEST] Processing batch 14762/18932 ...
[09/07 23:41:25] [TEST] Processing batch 14763/18932 ...
[09/07 23:41:26] [TEST] Processing batch 14764/18932 ...
[09/07 23:41:26] [TEST] Processing batch 14765/18932 ...
[09/07 23:41:26] [TEST] Processing batch 14766/18932 ...
[09/07 23:41:26] [TEST] Processing batch 14767/18932 ...
[09/07 23:41:26] [TEST] Processing batch 14768/18932 ...
[09/07 23:41:26] [TEST] Processing batch 14769/18932 ...
[09/07 23:41:26] [TEST] Processing batch 14770/18932 ...
[09/07 23:41:26] [TEST] Processing batch 14771/18932 ...
[09/07 23:41:26] [TEST] Processing batch 14772/18932 ...
[09/07 23:41:26] [TEST] Processing batch 14773/18932 ...
[09/07 23:41:26] [TEST] Processing batch 14774/18932 ...
[09/07 23:41:26] [TEST] Processing batch 14775/18932 ...
[09/07 23:41:26] [TEST] Processing batch 14776/18932 ...
[09/07 23:41:26] [TEST] Processing batch 14777/18932 ...
[09/07 23:41:26] [TEST] Processing batch 14778/18932 ...
[09/07 23:41:26] [TEST] Processing batch 14779/18932 ...
[09/07 23:41:26] [TEST] Processing batch 14780/18932 ...
[09/07 23:41:27] [TEST] Processing batch 14781/18932 ...
[09/07 23:41:27] [TEST] Processing batch 14782/18932 ...
[09/07 23:41:27] [TEST] Processing batch 14783/18932 ...
[09/07 23:41:27] [TEST] Processing batch 14784/18932 ...
[09/07 23:41:27] [TEST] Processing batch 14785/18932 ...
[09/07 23:41:27] [TEST] Processing batch 14786/18932 ...
[09/07 23:41:27] [TEST] Processing batch 14787/18932 ...
[09/07 23:41:27] [TEST] Processing batch 14788/18932 ...
[09/07 23:41:27] [TEST] Processing batch 14789/18932 ...
[09/07 23:41:27] [TEST] Processing batch 14790/18932 ...
[09/07 23:41:27] [TEST] Processing batch 14791/18932 ...
[09/07 23:41:27] [TEST] Processing batch 14792/18932 ...
[09/07 23:41:27] [TEST] Processing batch 14793/18932 ...
[09/07 23:41:27] [TEST] Processing batch 14794/18932 ...
[09/07 23:41:27] [TEST] Processing batch 14795/18932 ...
[09/07 23:41:27] [TEST] Processing batch 14796/18932 ...
[09/07 23:41:27] [TEST] Processing batch 14797/18932 ...
[09/07 23:41:27] [TEST] Processing batch 14798/18932 ...
[09/07 23:41:28] [TEST] Processing batch 14799/18932 ...
[09/07 23:41:28] [TEST] Processing batch 14800/18932 ...
[09/07 23:41:28] [TEST] Processing batch 14801/18932 ...
[09/07 23:41:28] [TEST] Processing batch 14802/18932 ...
[09/07 23:41:28] [TEST] Processing batch 14803/18932 ...
[09/07 23:41:28] [TEST] Processing batch 14804/18932 ...
[09/07 23:41:28] [TEST] Processing batch 14805/18932 ...
[09/07 23:41:28] [TEST] Processing batch 14806/18932 ...
[09/07 23:41:28] [TEST] Processing batch 14807/18932 ...
[09/07 23:41:28] [TEST] Processing batch 14808/18932 ...
[09/07 23:41:28] [TEST] Processing batch 14809/18932 ...
[09/07 23:41:28] [TEST] Processing batch 14810/18932 ...
[09/07 23:41:28] [TEST] Processing batch 14811/18932 ...
[09/07 23:41:28] [TEST] Processing batch 14812/18932 ...
[09/07 23:41:28] [TEST] Processing batch 14813/18932 ...
[09/07 23:41:28] [TEST] Processing batch 14814/18932 ...
[09/07 23:41:28] [TEST] Processing batch 14815/18932 ...
[09/07 23:41:28] [TEST] Processing batch 14816/18932 ...
[09/07 23:41:29] [TEST] Processing batch 14817/18932 ...
[09/07 23:41:29] [TEST] Processing batch 14818/18932 ...
[09/07 23:41:29] [TEST] Processing batch 14819/18932 ...
[09/07 23:41:29] [TEST] Processing batch 14820/18932 ...
[09/07 23:41:29] [TEST] Processing batch 14821/18932 ...
[09/07 23:41:29] [TEST] Processing batch 14822/18932 ...
[09/07 23:41:29] [TEST] Processing batch 14823/18932 ...
[09/07 23:41:29] [TEST] Processing batch 14824/18932 ...
[09/07 23:41:29] [TEST] Processing batch 14825/18932 ...
[09/07 23:41:29] [TEST] Processing batch 14826/18932 ...
[09/07 23:41:29] [TEST] Processing batch 14827/18932 ...
[09/07 23:41:29] [TEST] Processing batch 14828/18932 ...
[09/07 23:41:29] [TEST] Processing batch 14829/18932 ...
[09/07 23:41:29] [TEST] Processing batch 14830/18932 ...
[09/07 23:41:29] [TEST] Processing batch 14831/18932 ...
[09/07 23:41:29] [TEST] Processing batch 14832/18932 ...
[09/07 23:41:29] [TEST] Processing batch 14833/18932 ...
[09/07 23:41:29] [TEST] Processing batch 14834/18932 ...
[09/07 23:41:30] [TEST] Processing batch 14835/18932 ...
[09/07 23:41:30] [TEST] Processing batch 14836/18932 ...
[09/07 23:41:30] [TEST] Processing batch 14837/18932 ...
[09/07 23:41:30] [TEST] Processing batch 14838/18932 ...
[09/07 23:41:30] [TEST] Processing batch 14839/18932 ...
[09/07 23:41:30] [TEST] Processing batch 14840/18932 ...
[09/07 23:41:30] [TEST] Processing batch 14841/18932 ...
[09/07 23:41:30] [TEST] Processing batch 14842/18932 ...
[09/07 23:41:30] [TEST] Processing batch 14843/18932 ...
[09/07 23:41:30] [TEST] Processing batch 14844/18932 ...
[09/07 23:41:30] [TEST] Processing batch 14845/18932 ...
[09/07 23:41:30] [TEST] Processing batch 14846/18932 ...
[09/07 23:41:30] [TEST] Processing batch 14847/18932 ...
[09/07 23:41:30] [TEST] Processing batch 14848/18932 ...
[09/07 23:41:30] [TEST] Processing batch 14849/18932 ...
[09/07 23:41:30] [TEST] Processing batch 14850/18932 ...
[09/07 23:41:30] [TEST] Processing batch 14851/18932 ...
[09/07 23:41:30] [TEST] Processing batch 14852/18932 ...
[09/07 23:41:31] [TEST] Processing batch 14853/18932 ...
[09/07 23:41:31] [TEST] Processing batch 14854/18932 ...
[09/07 23:41:31] [TEST] Processing batch 14855/18932 ...
[09/07 23:41:31] [TEST] Processing batch 14856/18932 ...
[09/07 23:41:31] [TEST] Processing batch 14857/18932 ...
[09/07 23:41:31] [TEST] Processing batch 14858/18932 ...
[09/07 23:41:31] [TEST] Processing batch 14859/18932 ...
[09/07 23:41:31] [TEST] Processing batch 14860/18932 ...
[09/07 23:41:31] [TEST] Processing batch 14861/18932 ...
[09/07 23:41:31] [TEST] Processing batch 14862/18932 ...
[09/07 23:41:31] [TEST] Processing batch 14863/18932 ...
[09/07 23:41:31] [TEST] Processing batch 14864/18932 ...
[09/07 23:41:31] [TEST] Processing batch 14865/18932 ...
[09/07 23:41:31] [TEST] Processing batch 14866/18932 ...
[09/07 23:41:31] [TEST] Processing batch 14867/18932 ...
[09/07 23:41:31] [TEST] Processing batch 14868/18932 ...
[09/07 23:41:31] [TEST] Processing batch 14869/18932 ...
[09/07 23:41:31] [TEST] Processing batch 14870/18932 ...
[09/07 23:41:32] [TEST] Processing batch 14871/18932 ...
[09/07 23:41:32] [TEST] Processing batch 14872/18932 ...
[09/07 23:41:32] [TEST] Processing batch 14873/18932 ...
[09/07 23:41:32] [TEST] Processing batch 14874/18932 ...
[09/07 23:41:32] [TEST] Processing batch 14875/18932 ...
[09/07 23:41:32] [TEST] Processing batch 14876/18932 ...
[09/07 23:41:32] [TEST] Processing batch 14877/18932 ...
[09/07 23:41:32] [TEST] Processing batch 14878/18932 ...
[09/07 23:41:32] [TEST] Processing batch 14879/18932 ...
[09/07 23:41:32] [TEST] Processing batch 14880/18932 ...
[09/07 23:41:32] [TEST] Processing batch 14881/18932 ...
[09/07 23:41:32] [TEST] Processing batch 14882/18932 ...
[09/07 23:41:32] [TEST] Processing batch 14883/18932 ...
[09/07 23:41:32] [TEST] Processing batch 14884/18932 ...
[09/07 23:41:32] [TEST] Processing batch 14885/18932 ...
[09/07 23:41:32] [TEST] Processing batch 14886/18932 ...
[09/07 23:41:32] [TEST] Processing batch 14887/18932 ...
[09/07 23:41:33] [TEST] Processing batch 14888/18932 ...
[09/07 23:41:33] [TEST] Processing batch 14889/18932 ...
[09/07 23:41:33] [TEST] Processing batch 14890/18932 ...
[09/07 23:41:33] [TEST] Processing batch 14891/18932 ...
[09/07 23:41:33] [TEST] Processing batch 14892/18932 ...
[09/07 23:41:33] [TEST] Processing batch 14893/18932 ...
[09/07 23:41:33] [TEST] Processing batch 14894/18932 ...
[09/07 23:41:33] [TEST] Processing batch 14895/18932 ...
[09/07 23:41:33] [TEST] Processing batch 14896/18932 ...
[09/07 23:41:33] [TEST] Processing batch 14897/18932 ...
[09/07 23:41:33] [TEST] Processing batch 14898/18932 ...
[09/07 23:41:33] [TEST] Processing batch 14899/18932 ...
[09/07 23:41:33] [TEST] Processing batch 14900/18932 ...
[09/07 23:41:33] [TEST] Processing batch 14901/18932 ...
[09/07 23:41:33] [TEST] Processing batch 14902/18932 ...
[09/07 23:41:33] [TEST] Processing batch 14903/18932 ...
[09/07 23:41:33] [TEST] Processing batch 14904/18932 ...
[09/07 23:41:33] [TEST] Processing batch 14905/18932 ...
[09/07 23:41:34] [TEST] Processing batch 14906/18932 ...
[09/07 23:41:34] [TEST] Processing batch 14907/18932 ...
[09/07 23:41:34] [TEST] Processing batch 14908/18932 ...
[09/07 23:41:34] [TEST] Processing batch 14909/18932 ...
[09/07 23:41:34] [TEST] Processing batch 14910/18932 ...
[09/07 23:41:34] [TEST] Processing batch 14911/18932 ...
[09/07 23:41:34] [TEST] Processing batch 14912/18932 ...
[09/07 23:41:34] [TEST] Processing batch 14913/18932 ...
[09/07 23:41:34] [TEST] Processing batch 14914/18932 ...
[09/07 23:41:34] [TEST] Processing batch 14915/18932 ...
[09/07 23:41:34] [TEST] Processing batch 14916/18932 ...
[09/07 23:41:34] [TEST] Processing batch 14917/18932 ...
[09/07 23:41:34] [TEST] Processing batch 14918/18932 ...
[09/07 23:41:34] [TEST] Processing batch 14919/18932 ...
[09/07 23:41:34] [TEST] Processing batch 14920/18932 ...
[09/07 23:41:34] [TEST] Processing batch 14921/18932 ...
[09/07 23:41:34] [TEST] Processing batch 14922/18932 ...
[09/07 23:41:34] [TEST] Processing batch 14923/18932 ...
[09/07 23:41:35] [TEST] Processing batch 14924/18932 ...
[09/07 23:41:35] [TEST] Processing batch 14925/18932 ...
[09/07 23:41:35] [TEST] Processing batch 14926/18932 ...
[09/07 23:41:35] [TEST] Processing batch 14927/18932 ...
[09/07 23:41:35] [TEST] Processing batch 14928/18932 ...
[09/07 23:41:35] [TEST] Processing batch 14929/18932 ...
[09/07 23:41:35] [TEST] Processing batch 14930/18932 ...
[09/07 23:41:35] [TEST] Processing batch 14931/18932 ...
[09/07 23:41:35] [TEST] Processing batch 14932/18932 ...
[09/07 23:41:35] [TEST] Processing batch 14933/18932 ...
[09/07 23:41:35] [TEST] Processing batch 14934/18932 ...
[09/07 23:41:35] [TEST] Processing batch 14935/18932 ...
[09/07 23:41:35] [TEST] Processing batch 14936/18932 ...
[09/07 23:41:35] [TEST] Processing batch 14937/18932 ...
[09/07 23:41:35] [TEST] Processing batch 14938/18932 ...
[09/07 23:41:35] [TEST] Processing batch 14939/18932 ...
[09/07 23:41:35] [TEST] Processing batch 14940/18932 ...
[09/07 23:41:35] [TEST] Processing batch 14941/18932 ...
[09/07 23:41:36] [TEST] Processing batch 14942/18932 ...
[09/07 23:41:36] [TEST] Processing batch 14943/18932 ...
[09/07 23:41:36] [TEST] Processing batch 14944/18932 ...
[09/07 23:41:36] [TEST] Processing batch 14945/18932 ...
[09/07 23:41:36] [TEST] Processing batch 14946/18932 ...
[09/07 23:41:36] [TEST] Processing batch 14947/18932 ...
[09/07 23:41:36] [TEST] Processing batch 14948/18932 ...
[09/07 23:41:36] [TEST] Processing batch 14949/18932 ...
[09/07 23:41:36] [TEST] Processing batch 14950/18932 ...
[09/07 23:41:36] [TEST] Processing batch 14951/18932 ...
[09/07 23:41:36] [TEST] Processing batch 14952/18932 ...
[09/07 23:41:36] [TEST] Processing batch 14953/18932 ...
[09/07 23:41:36] [TEST] Processing batch 14954/18932 ...
[09/07 23:41:36] [TEST] Processing batch 14955/18932 ...
[09/07 23:41:36] [TEST] Processing batch 14956/18932 ...
[09/07 23:41:36] [TEST] Processing batch 14957/18932 ...
[09/07 23:41:36] [TEST] Processing batch 14958/18932 ...
[09/07 23:41:36] [TEST] Processing batch 14959/18932 ...
[09/07 23:41:37] [TEST] Processing batch 14960/18932 ...
[09/07 23:41:37] [TEST] Processing batch 14961/18932 ...
[09/07 23:41:37] [TEST] Processing batch 14962/18932 ...
[09/07 23:41:37] [TEST] Processing batch 14963/18932 ...
[09/07 23:41:37] [TEST] Processing batch 14964/18932 ...
[09/07 23:41:37] [TEST] Processing batch 14965/18932 ...
[09/07 23:41:37] [TEST] Processing batch 14966/18932 ...
[09/07 23:41:37] [TEST] Processing batch 14967/18932 ...
[09/07 23:41:37] [TEST] Processing batch 14968/18932 ...
[09/07 23:41:37] [TEST] Processing batch 14969/18932 ...
[09/07 23:41:37] [TEST] Processing batch 14970/18932 ...
[09/07 23:41:37] [TEST] Processing batch 14971/18932 ...
[09/07 23:41:37] [TEST] Processing batch 14972/18932 ...
[09/07 23:41:37] [TEST] Processing batch 14973/18932 ...
[09/07 23:41:37] [TEST] Processing batch 14974/18932 ...
[09/07 23:41:37] [TEST] Processing batch 14975/18932 ...
[09/07 23:41:37] [TEST] Processing batch 14976/18932 ...
[09/07 23:41:37] [TEST] Processing batch 14977/18932 ...
[09/07 23:41:38] [TEST] Processing batch 14978/18932 ...
[09/07 23:41:38] [TEST] Processing batch 14979/18932 ...
[09/07 23:41:38] [TEST] Processing batch 14980/18932 ...
[09/07 23:41:38] [TEST] Processing batch 14981/18932 ...
[09/07 23:41:38] [TEST] Processing batch 14982/18932 ...
[09/07 23:41:38] [TEST] Processing batch 14983/18932 ...
[09/07 23:41:38] [TEST] Processing batch 14984/18932 ...
[09/07 23:41:38] [TEST] Processing batch 14985/18932 ...
[09/07 23:41:38] [TEST] Processing batch 14986/18932 ...
[09/07 23:41:38] [TEST] Processing batch 14987/18932 ...
[09/07 23:41:38] [TEST] Processing batch 14988/18932 ...
[09/07 23:41:38] [TEST] Processing batch 14989/18932 ...
[09/07 23:41:38] [TEST] Processing batch 14990/18932 ...
[09/07 23:41:38] [TEST] Processing batch 14991/18932 ...
[09/07 23:41:38] [TEST] Processing batch 14992/18932 ...
[09/07 23:41:38] [TEST] Processing batch 14993/18932 ...
[09/07 23:41:38] [TEST] Processing batch 14994/18932 ...
[09/07 23:41:39] [TEST] Processing batch 14995/18932 ...
[09/07 23:41:39] [TEST] Processing batch 14996/18932 ...
[09/07 23:41:39] [TEST] Processing batch 14997/18932 ...
[09/07 23:41:39] [TEST] Processing batch 14998/18932 ...
[09/07 23:41:39] [TEST] Processing batch 14999/18932 ...
[09/07 23:41:39] [TEST] Processing batch 15000/18932 ...
[09/07 23:41:39] [TEST] Processing batch 15001/18932 ...
[09/07 23:41:39] [TEST] Processing batch 15002/18932 ...
[09/07 23:41:39] [TEST] Processing batch 15003/18932 ...
[09/07 23:41:39] [TEST] Processing batch 15004/18932 ...
[09/07 23:41:39] [TEST] Processing batch 15005/18932 ...
[09/07 23:41:39] [TEST] Processing batch 15006/18932 ...
[09/07 23:41:39] [TEST] Processing batch 15007/18932 ...
[09/07 23:41:39] [TEST] Processing batch 15008/18932 ...
[09/07 23:41:39] [TEST] Processing batch 15009/18932 ...
[09/07 23:41:39] [TEST] Processing batch 15010/18932 ...
[09/07 23:41:39] [TEST] Processing batch 15011/18932 ...
[09/07 23:41:39] [TEST] Processing batch 15012/18932 ...
[09/07 23:41:40] [TEST] Processing batch 15013/18932 ...
[09/07 23:41:40] [TEST] Processing batch 15014/18932 ...
[09/07 23:41:40] [TEST] Processing batch 15015/18932 ...
[09/07 23:41:40] [TEST] Processing batch 15016/18932 ...
[09/07 23:41:40] [TEST] Processing batch 15017/18932 ...
[09/07 23:41:40] [TEST] Processing batch 15018/18932 ...
[09/07 23:41:40] [TEST] Processing batch 15019/18932 ...
[09/07 23:41:40] [TEST] Processing batch 15020/18932 ...
[09/07 23:41:40] [TEST] Processing batch 15021/18932 ...
[09/07 23:41:40] [TEST] Processing batch 15022/18932 ...
[09/07 23:41:40] [TEST] Processing batch 15023/18932 ...
[09/07 23:41:40] [TEST] Processing batch 15024/18932 ...
[09/07 23:41:40] [TEST] Processing batch 15025/18932 ...
[09/07 23:41:40] [TEST] Processing batch 15026/18932 ...
[09/07 23:41:40] [TEST] Processing batch 15027/18932 ...
[09/07 23:41:40] [TEST] Processing batch 15028/18932 ...
[09/07 23:41:40] [TEST] Processing batch 15029/18932 ...
[09/07 23:41:40] [TEST] Processing batch 15030/18932 ...
[09/07 23:41:41] [TEST] Processing batch 15031/18932 ...
[09/07 23:41:41] [TEST] Processing batch 15032/18932 ...
[09/07 23:41:41] [TEST] Processing batch 15033/18932 ...
[09/07 23:41:41] [TEST] Processing batch 15034/18932 ...
[09/07 23:41:41] [TEST] Processing batch 15035/18932 ...
[09/07 23:41:41] [TEST] Processing batch 15036/18932 ...
[09/07 23:41:41] [TEST] Processing batch 15037/18932 ...
[09/07 23:41:41] [TEST] Processing batch 15038/18932 ...
[09/07 23:41:41] [TEST] Processing batch 15039/18932 ...
[09/07 23:41:41] [TEST] Processing batch 15040/18932 ...
[09/07 23:41:41] [TEST] Processing batch 15041/18932 ...
[09/07 23:41:41] [TEST] Processing batch 15042/18932 ...
[09/07 23:41:41] [TEST] Processing batch 15043/18932 ...
[09/07 23:41:41] [TEST] Processing batch 15044/18932 ...
[09/07 23:41:41] [TEST] Processing batch 15045/18932 ...
[09/07 23:41:41] [TEST] Processing batch 15046/18932 ...
[09/07 23:41:41] [TEST] Processing batch 15047/18932 ...
[09/07 23:41:41] [TEST] Processing batch 15048/18932 ...
[09/07 23:41:42] [TEST] Processing batch 15049/18932 ...
[09/07 23:41:42] [TEST] Processing batch 15050/18932 ...
[09/07 23:41:42] [TEST] Processing batch 15051/18932 ...
[09/07 23:41:42] [TEST] Processing batch 15052/18932 ...
[09/07 23:41:42] [TEST] Processing batch 15053/18932 ...
[09/07 23:41:42] [TEST] Processing batch 15054/18932 ...
[09/07 23:41:42] [TEST] Processing batch 15055/18932 ...
[09/07 23:41:42] [TEST] Processing batch 15056/18932 ...
[09/07 23:41:42] [TEST] Processing batch 15057/18932 ...
[09/07 23:41:42] [TEST] Processing batch 15058/18932 ...
[09/07 23:41:42] [TEST] Processing batch 15059/18932 ...
[09/07 23:41:42] [TEST] Processing batch 15060/18932 ...
[09/07 23:41:42] [TEST] Processing batch 15061/18932 ...
[09/07 23:41:42] [TEST] Processing batch 15062/18932 ...
[09/07 23:41:42] [TEST] Processing batch 15063/18932 ...
[09/07 23:41:42] [TEST] Processing batch 15064/18932 ...
[09/07 23:41:42] [TEST] Processing batch 15065/18932 ...
[09/07 23:41:42] [TEST] Processing batch 15066/18932 ...
[09/07 23:41:43] [TEST] Processing batch 15067/18932 ...
[09/07 23:41:43] [TEST] Processing batch 15068/18932 ...
[09/07 23:41:43] [TEST] Processing batch 15069/18932 ...
[09/07 23:41:43] [TEST] Processing batch 15070/18932 ...
[09/07 23:41:43] [TEST] Processing batch 15071/18932 ...
[09/07 23:41:43] [TEST] Processing batch 15072/18932 ...
[09/07 23:41:43] [TEST] Processing batch 15073/18932 ...
[09/07 23:41:43] [TEST] Processing batch 15074/18932 ...
[09/07 23:41:43] [TEST] Processing batch 15075/18932 ...
[09/07 23:41:43] [TEST] Processing batch 15076/18932 ...
[09/07 23:41:43] [TEST] Processing batch 15077/18932 ...
[09/07 23:41:43] [TEST] Processing batch 15078/18932 ...
[09/07 23:41:43] [TEST] Processing batch 15079/18932 ...
[09/07 23:41:43] [TEST] Processing batch 15080/18932 ...
[09/07 23:41:43] [TEST] Processing batch 15081/18932 ...
[09/07 23:41:43] [TEST] Processing batch 15082/18932 ...
[09/07 23:41:43] [TEST] Processing batch 15083/18932 ...
[09/07 23:41:43] [TEST] Processing batch 15084/18932 ...
[09/07 23:41:44] [TEST] Processing batch 15085/18932 ...
[09/07 23:41:44] [TEST] Processing batch 15086/18932 ...
[09/07 23:41:44] [TEST] Processing batch 15087/18932 ...
[09/07 23:41:44] [TEST] Processing batch 15088/18932 ...
[09/07 23:41:44] [TEST] Processing batch 15089/18932 ...
[09/07 23:41:44] [TEST] Processing batch 15090/18932 ...
[09/07 23:41:44] [TEST] Processing batch 15091/18932 ...
[09/07 23:41:44] [TEST] Processing batch 15092/18932 ...
[09/07 23:41:44] [TEST] Processing batch 15093/18932 ...
[09/07 23:41:44] [TEST] Processing batch 15094/18932 ...
[09/07 23:41:44] [TEST] Processing batch 15095/18932 ...
[09/07 23:41:44] [TEST] Processing batch 15096/18932 ...
[09/07 23:41:44] [TEST] Processing batch 15097/18932 ...
[09/07 23:41:44] [TEST] Processing batch 15098/18932 ...
[09/07 23:41:44] [TEST] Processing batch 15099/18932 ...
[09/07 23:41:44] [TEST] Processing batch 15100/18932 ...
[09/07 23:41:44] [TEST] Processing batch 15101/18932 ...
[09/07 23:41:44] [TEST] Processing batch 15102/18932 ...
[09/07 23:41:45] [TEST] Processing batch 15103/18932 ...
[09/07 23:41:45] [TEST] Processing batch 15104/18932 ...
[09/07 23:41:45] [TEST] Processing batch 15105/18932 ...
[09/07 23:41:45] [TEST] Processing batch 15106/18932 ...
[09/07 23:41:45] [TEST] Processing batch 15107/18932 ...
[09/07 23:41:45] [TEST] Processing batch 15108/18932 ...
[09/07 23:41:45] [TEST] Processing batch 15109/18932 ...
[09/07 23:41:45] [TEST] Processing batch 15110/18932 ...
[09/07 23:41:45] [TEST] Processing batch 15111/18932 ...
[09/07 23:41:45] [TEST] Processing batch 15112/18932 ...
[09/07 23:41:45] [TEST] Processing batch 15113/18932 ...
[09/07 23:41:45] [TEST] Processing batch 15114/18932 ...
[09/07 23:41:45] [TEST] Processing batch 15115/18932 ...
[09/07 23:41:45] [TEST] Processing batch 15116/18932 ...
[09/07 23:41:45] [TEST] Processing batch 15117/18932 ...
[09/07 23:41:45] [TEST] Processing batch 15118/18932 ...
[09/07 23:41:45] [TEST] Processing batch 15119/18932 ...
[09/07 23:41:45] [TEST] Processing batch 15120/18932 ...
[09/07 23:41:46] [TEST] Processing batch 15121/18932 ...
[09/07 23:41:46] [TEST] Processing batch 15122/18932 ...
[09/07 23:41:46] [TEST] Processing batch 15123/18932 ...
[09/07 23:41:46] [TEST] Processing batch 15124/18932 ...
[09/07 23:41:46] [TEST] Processing batch 15125/18932 ...
[09/07 23:41:46] [TEST] Processing batch 15126/18932 ...
[09/07 23:41:46] [TEST] Processing batch 15127/18932 ...
[09/07 23:41:46] [TEST] Processing batch 15128/18932 ...
[09/07 23:41:46] [TEST] Processing batch 15129/18932 ...
[09/07 23:41:46] [TEST] Processing batch 15130/18932 ...
[09/07 23:41:46] [TEST] Processing batch 15131/18932 ...
[09/07 23:41:46] [TEST] Processing batch 15132/18932 ...
[09/07 23:41:46] [TEST] Processing batch 15133/18932 ...
[09/07 23:41:46] [TEST] Processing batch 15134/18932 ...
[09/07 23:41:46] [TEST] Processing batch 15135/18932 ...
[09/07 23:41:46] [TEST] Processing batch 15136/18932 ...
[09/07 23:41:46] [TEST] Processing batch 15137/18932 ...
[09/07 23:41:46] [TEST] Processing batch 15138/18932 ...
[09/07 23:41:47] [TEST] Processing batch 15139/18932 ...
[09/07 23:41:47] [TEST] Processing batch 15140/18932 ...
[09/07 23:41:47] [TEST] Processing batch 15141/18932 ...
[09/07 23:41:47] [TEST] Processing batch 15142/18932 ...
[09/07 23:41:47] [TEST] Processing batch 15143/18932 ...
[09/07 23:41:47] [TEST] Processing batch 15144/18932 ...
[09/07 23:41:47] [TEST] Processing batch 15145/18932 ...
[09/07 23:41:47] [TEST] Processing batch 15146/18932 ...
[09/07 23:41:47] [TEST] Processing batch 15147/18932 ...
[09/07 23:41:47] [TEST] Processing batch 15148/18932 ...
[09/07 23:41:47] [TEST] Processing batch 15149/18932 ...
[09/07 23:41:47] [TEST] Processing batch 15150/18932 ...
[09/07 23:41:47] [TEST] Processing batch 15151/18932 ...
[09/07 23:41:47] [TEST] Processing batch 15152/18932 ...
[09/07 23:41:47] [TEST] Processing batch 15153/18932 ...
[09/07 23:41:47] [TEST] Processing batch 15154/18932 ...
[09/07 23:41:47] [TEST] Processing batch 15155/18932 ...
[09/07 23:41:47] [TEST] Processing batch 15156/18932 ...
[09/07 23:41:48] [TEST] Processing batch 15157/18932 ...
[09/07 23:41:48] [TEST] Processing batch 15158/18932 ...
[09/07 23:41:48] [TEST] Processing batch 15159/18932 ...
[09/07 23:41:48] [TEST] Processing batch 15160/18932 ...
[09/07 23:41:48] [TEST] Processing batch 15161/18932 ...
[09/07 23:41:48] [TEST] Processing batch 15162/18932 ...
[09/07 23:41:48] [TEST] Processing batch 15163/18932 ...
[09/07 23:41:48] [TEST] Processing batch 15164/18932 ...
[09/07 23:41:48] [TEST] Processing batch 15165/18932 ...
[09/07 23:41:48] [TEST] Processing batch 15166/18932 ...
[09/07 23:41:48] [TEST] Processing batch 15167/18932 ...
[09/07 23:41:48] [TEST] Processing batch 15168/18932 ...
[09/07 23:41:48] [TEST] Processing batch 15169/18932 ...
[09/07 23:41:48] [TEST] Processing batch 15170/18932 ...
[09/07 23:41:48] [TEST] Processing batch 15171/18932 ...
[09/07 23:41:48] [TEST] Processing batch 15172/18932 ...
[09/07 23:41:48] [TEST] Processing batch 15173/18932 ...
[09/07 23:41:48] [TEST] Processing batch 15174/18932 ...
[09/07 23:41:49] [TEST] Processing batch 15175/18932 ...
[09/07 23:41:49] [TEST] Processing batch 15176/18932 ...
[09/07 23:41:49] [TEST] Processing batch 15177/18932 ...
[09/07 23:41:49] [TEST] Processing batch 15178/18932 ...
[09/07 23:41:49] [TEST] Processing batch 15179/18932 ...
[09/07 23:41:49] [TEST] Processing batch 15180/18932 ...
[09/07 23:41:49] [TEST] Processing batch 15181/18932 ...
[09/07 23:41:49] [TEST] Processing batch 15182/18932 ...
[09/07 23:41:49] [TEST] Processing batch 15183/18932 ...
[09/07 23:41:49] [TEST] Processing batch 15184/18932 ...
[09/07 23:41:49] [TEST] Processing batch 15185/18932 ...
[09/07 23:41:49] [TEST] Processing batch 15186/18932 ...
[09/07 23:41:49] [TEST] Processing batch 15187/18932 ...
[09/07 23:41:49] [TEST] Processing batch 15188/18932 ...
[09/07 23:41:49] [TEST] Processing batch 15189/18932 ...
[09/07 23:41:49] [TEST] Processing batch 15190/18932 ...
[09/07 23:41:49] [TEST] Processing batch 15191/18932 ...
[09/07 23:41:49] [TEST] Processing batch 15192/18932 ...
[09/07 23:41:50] [TEST] Processing batch 15193/18932 ...
[09/07 23:41:50] [TEST] Processing batch 15194/18932 ...
[09/07 23:41:50] [TEST] Processing batch 15195/18932 ...
[09/07 23:41:50] [TEST] Processing batch 15196/18932 ...
[09/07 23:41:50] [TEST] Processing batch 15197/18932 ...
[09/07 23:41:50] [TEST] Processing batch 15198/18932 ...
[09/07 23:41:50] [TEST] Processing batch 15199/18932 ...
[09/07 23:41:50] [TEST] Processing batch 15200/18932 ...
[09/07 23:41:50] [TEST] Processing batch 15201/18932 ...
[09/07 23:41:50] [TEST] Processing batch 15202/18932 ...
[09/07 23:41:50] [TEST] Processing batch 15203/18932 ...
[09/07 23:41:50] [TEST] Processing batch 15204/18932 ...
[09/07 23:41:50] [TEST] Processing batch 15205/18932 ...
[09/07 23:41:50] [TEST] Processing batch 15206/18932 ...
[09/07 23:41:50] [TEST] Processing batch 15207/18932 ...
[09/07 23:41:50] [TEST] Processing batch 15208/18932 ...
[09/07 23:41:50] [TEST] Processing batch 15209/18932 ...
[09/07 23:41:50] [TEST] Processing batch 15210/18932 ...
[09/07 23:41:51] [TEST] Processing batch 15211/18932 ...
[09/07 23:41:51] [TEST] Processing batch 15212/18932 ...
[09/07 23:41:51] [TEST] Processing batch 15213/18932 ...
[09/07 23:41:51] [TEST] Processing batch 15214/18932 ...
[09/07 23:41:51] [TEST] Processing batch 15215/18932 ...
[09/07 23:41:51] [TEST] Processing batch 15216/18932 ...
[09/07 23:41:51] [TEST] Processing batch 15217/18932 ...
[09/07 23:41:51] [TEST] Processing batch 15218/18932 ...
[09/07 23:41:51] [TEST] Processing batch 15219/18932 ...
[09/07 23:41:51] [TEST] Processing batch 15220/18932 ...
[09/07 23:41:51] [TEST] Processing batch 15221/18932 ...
[09/07 23:41:51] [TEST] Processing batch 15222/18932 ...
[09/07 23:41:51] [TEST] Processing batch 15223/18932 ...
[09/07 23:41:51] [TEST] Processing batch 15224/18932 ...
[09/07 23:41:51] [TEST] Processing batch 15225/18932 ...
[09/07 23:41:51] [TEST] Processing batch 15226/18932 ...
[09/07 23:41:51] [TEST] Processing batch 15227/18932 ...
[09/07 23:41:51] [TEST] Processing batch 15228/18932 ...
[09/07 23:41:52] [TEST] Processing batch 15229/18932 ...
[09/07 23:41:52] [TEST] Processing batch 15230/18932 ...
[09/07 23:41:52] [TEST] Processing batch 15231/18932 ...
[09/07 23:41:52] [TEST] Processing batch 15232/18932 ...
[09/07 23:41:52] [TEST] Processing batch 15233/18932 ...
[09/07 23:41:52] [TEST] Processing batch 15234/18932 ...
[09/07 23:41:52] [TEST] Processing batch 15235/18932 ...
[09/07 23:41:52] [TEST] Processing batch 15236/18932 ...
[09/07 23:41:52] [TEST] Processing batch 15237/18932 ...
[09/07 23:41:52] [TEST] Processing batch 15238/18932 ...
[09/07 23:41:52] [TEST] Processing batch 15239/18932 ...
[09/07 23:41:52] [TEST] Processing batch 15240/18932 ...
[09/07 23:41:52] [TEST] Processing batch 15241/18932 ...
[09/07 23:41:52] [TEST] Processing batch 15242/18932 ...
[09/07 23:41:52] [TEST] Processing batch 15243/18932 ...
[09/07 23:41:52] [TEST] Processing batch 15244/18932 ...
[09/07 23:41:52] [TEST] Processing batch 15245/18932 ...
[09/07 23:41:52] [TEST] Processing batch 15246/18932 ...
[09/07 23:41:53] [TEST] Processing batch 15247/18932 ...
[09/07 23:41:53] [TEST] Processing batch 15248/18932 ...
[09/07 23:41:53] [TEST] Processing batch 15249/18932 ...
[09/07 23:41:53] [TEST] Processing batch 15250/18932 ...
[09/07 23:41:53] [TEST] Processing batch 15251/18932 ...
[09/07 23:41:53] [TEST] Processing batch 15252/18932 ...
[09/07 23:41:53] [TEST] Processing batch 15253/18932 ...
[09/07 23:41:53] [TEST] Processing batch 15254/18932 ...
[09/07 23:41:53] [TEST] Processing batch 15255/18932 ...
[09/07 23:41:53] [TEST] Processing batch 15256/18932 ...
[09/07 23:41:53] [TEST] Processing batch 15257/18932 ...
[09/07 23:41:53] [TEST] Processing batch 15258/18932 ...
[09/07 23:41:53] [TEST] Processing batch 15259/18932 ...
[09/07 23:41:53] [TEST] Processing batch 15260/18932 ...
[09/07 23:41:53] [TEST] Processing batch 15261/18932 ...
[09/07 23:41:53] [TEST] Processing batch 15262/18932 ...
[09/07 23:41:53] [TEST] Processing batch 15263/18932 ...
[09/07 23:41:53] [TEST] Processing batch 15264/18932 ...
[09/07 23:41:54] [TEST] Processing batch 15265/18932 ...
[09/07 23:41:54] [TEST] Processing batch 15266/18932 ...
[09/07 23:41:54] [TEST] Processing batch 15267/18932 ...
[09/07 23:41:54] [TEST] Processing batch 15268/18932 ...
[09/07 23:41:54] [TEST] Processing batch 15269/18932 ...
[09/07 23:41:54] [TEST] Processing batch 15270/18932 ...
[09/07 23:41:54] [TEST] Processing batch 15271/18932 ...
[09/07 23:41:54] [TEST] Processing batch 15272/18932 ...
[09/07 23:41:54] [TEST] Processing batch 15273/18932 ...
[09/07 23:41:54] [TEST] Processing batch 15274/18932 ...
[09/07 23:41:54] [TEST] Processing batch 15275/18932 ...
[09/07 23:41:54] [TEST] Processing batch 15276/18932 ...
[09/07 23:41:54] [TEST] Processing batch 15277/18932 ...
[09/07 23:41:54] [TEST] Processing batch 15278/18932 ...
[09/07 23:41:54] [TEST] Processing batch 15279/18932 ...
[09/07 23:41:54] [TEST] Processing batch 15280/18932 ...
[09/07 23:41:54] [TEST] Processing batch 15281/18932 ...
[09/07 23:41:54] [TEST] Processing batch 15282/18932 ...
[09/07 23:41:55] [TEST] Processing batch 15283/18932 ...
[09/07 23:41:55] [TEST] Processing batch 15284/18932 ...
[09/07 23:41:55] [TEST] Processing batch 15285/18932 ...
[09/07 23:41:55] [TEST] Processing batch 15286/18932 ...
[09/07 23:41:55] [TEST] Processing batch 15287/18932 ...
[09/07 23:41:55] [TEST] Processing batch 15288/18932 ...
[09/07 23:41:55] [TEST] Processing batch 15289/18932 ...
[09/07 23:41:55] [TEST] Processing batch 15290/18932 ...
[09/07 23:41:55] [TEST] Processing batch 15291/18932 ...
[09/07 23:41:55] [TEST] Processing batch 15292/18932 ...
[09/07 23:41:55] [TEST] Processing batch 15293/18932 ...
[09/07 23:41:55] [TEST] Processing batch 15294/18932 ...
[09/07 23:41:55] [TEST] Processing batch 15295/18932 ...
[09/07 23:41:55] [TEST] Processing batch 15296/18932 ...
[09/07 23:41:55] [TEST] Processing batch 15297/18932 ...
[09/07 23:41:55] [TEST] Processing batch 15298/18932 ...
[09/07 23:41:55] [TEST] Processing batch 15299/18932 ...
[09/07 23:41:55] [TEST] Processing batch 15300/18932 ...
[09/07 23:41:56] [TEST] Processing batch 15301/18932 ...
[09/07 23:41:56] [TEST] Processing batch 15302/18932 ...
[09/07 23:41:56] [TEST] Processing batch 15303/18932 ...
[09/07 23:41:56] [TEST] Processing batch 15304/18932 ...
[09/07 23:41:56] [TEST] Processing batch 15305/18932 ...
[09/07 23:41:56] [TEST] Processing batch 15306/18932 ...
[09/07 23:41:56] [TEST] Processing batch 15307/18932 ...
[09/07 23:41:56] [TEST] Processing batch 15308/18932 ...
[09/07 23:41:56] [TEST] Processing batch 15309/18932 ...
[09/07 23:41:56] [TEST] Processing batch 15310/18932 ...
[09/07 23:41:56] [TEST] Processing batch 15311/18932 ...
[09/07 23:41:56] [TEST] Processing batch 15312/18932 ...
[09/07 23:41:56] [TEST] Processing batch 15313/18932 ...
[09/07 23:41:56] [TEST] Processing batch 15314/18932 ...
[09/07 23:41:56] [TEST] Processing batch 15315/18932 ...
[09/07 23:41:56] [TEST] Processing batch 15316/18932 ...
[09/07 23:41:56] [TEST] Processing batch 15317/18932 ...
[09/07 23:41:56] [TEST] Processing batch 15318/18932 ...
[09/07 23:41:57] [TEST] Processing batch 15319/18932 ...
[09/07 23:41:57] [TEST] Processing batch 15320/18932 ...
[09/07 23:41:57] [TEST] Processing batch 15321/18932 ...
[09/07 23:41:57] [TEST] Processing batch 15322/18932 ...
[09/07 23:41:57] [TEST] Processing batch 15323/18932 ...
[09/07 23:41:57] [TEST] Processing batch 15324/18932 ...
[09/07 23:41:57] [TEST] Processing batch 15325/18932 ...
[09/07 23:41:57] [TEST] Processing batch 15326/18932 ...
[09/07 23:41:57] [TEST] Processing batch 15327/18932 ...
[09/07 23:41:57] [TEST] Processing batch 15328/18932 ...
[09/07 23:41:57] [TEST] Processing batch 15329/18932 ...
[09/07 23:41:57] [TEST] Processing batch 15330/18932 ...
[09/07 23:41:57] [TEST] Processing batch 15331/18932 ...
[09/07 23:41:57] [TEST] Processing batch 15332/18932 ...
[09/07 23:41:57] [TEST] Processing batch 15333/18932 ...
[09/07 23:41:57] [TEST] Processing batch 15334/18932 ...
[09/07 23:41:57] [TEST] Processing batch 15335/18932 ...
[09/07 23:41:57] [TEST] Processing batch 15336/18932 ...
[09/07 23:41:58] [TEST] Processing batch 15337/18932 ...
[09/07 23:41:58] [TEST] Processing batch 15338/18932 ...
[09/07 23:41:58] [TEST] Processing batch 15339/18932 ...
[09/07 23:41:58] [TEST] Processing batch 15340/18932 ...
[09/07 23:41:58] [TEST] Processing batch 15341/18932 ...
[09/07 23:41:58] [TEST] Processing batch 15342/18932 ...
[09/07 23:41:58] [TEST] Processing batch 15343/18932 ...
[09/07 23:41:58] [TEST] Processing batch 15344/18932 ...
[09/07 23:41:58] [TEST] Processing batch 15345/18932 ...
[09/07 23:41:58] [TEST] Processing batch 15346/18932 ...
[09/07 23:41:58] [TEST] Processing batch 15347/18932 ...
[09/07 23:41:58] [TEST] Processing batch 15348/18932 ...
[09/07 23:41:58] [TEST] Processing batch 15349/18932 ...
[09/07 23:41:58] [TEST] Processing batch 15350/18932 ...
[09/07 23:41:58] [TEST] Processing batch 15351/18932 ...
[09/07 23:41:58] [TEST] Processing batch 15352/18932 ...
[09/07 23:41:58] [TEST] Processing batch 15353/18932 ...
[09/07 23:41:58] [TEST] Processing batch 15354/18932 ...
[09/07 23:41:59] [TEST] Processing batch 15355/18932 ...
[09/07 23:41:59] [TEST] Processing batch 15356/18932 ...
[09/07 23:41:59] [TEST] Processing batch 15357/18932 ...
[09/07 23:41:59] [TEST] Processing batch 15358/18932 ...
[09/07 23:41:59] [TEST] Processing batch 15359/18932 ...
[09/07 23:41:59] [TEST] Processing batch 15360/18932 ...
[09/07 23:41:59] [TEST] Processing batch 15361/18932 ...
[09/07 23:41:59] [TEST] Processing batch 15362/18932 ...
[09/07 23:41:59] [TEST] Processing batch 15363/18932 ...
[09/07 23:41:59] [TEST] Processing batch 15364/18932 ...
[09/07 23:41:59] [TEST] Processing batch 15365/18932 ...
[09/07 23:41:59] [TEST] Processing batch 15366/18932 ...
[09/07 23:41:59] [TEST] Processing batch 15367/18932 ...
[09/07 23:41:59] [TEST] Processing batch 15368/18932 ...
[09/07 23:41:59] [TEST] Processing batch 15369/18932 ...
[09/07 23:41:59] [TEST] Processing batch 15370/18932 ...
[09/07 23:41:59] [TEST] Processing batch 15371/18932 ...
[09/07 23:42:00] [TEST] Processing batch 15372/18932 ...
[09/07 23:42:00] [TEST] Processing batch 15373/18932 ...
[09/07 23:42:00] [TEST] Processing batch 15374/18932 ...
[09/07 23:42:00] [TEST] Processing batch 15375/18932 ...
[09/07 23:42:00] [TEST] Processing batch 15376/18932 ...
[09/07 23:42:00] [TEST] Processing batch 15377/18932 ...
[09/07 23:42:00] [TEST] Processing batch 15378/18932 ...
[09/07 23:42:00] [TEST] Processing batch 15379/18932 ...
[09/07 23:42:00] [TEST] Processing batch 15380/18932 ...
[09/07 23:42:00] [TEST] Processing batch 15381/18932 ...
[09/07 23:42:00] [TEST] Processing batch 15382/18932 ...
[09/07 23:42:00] [TEST] Processing batch 15383/18932 ...
[09/07 23:42:00] [TEST] Processing batch 15384/18932 ...
[09/07 23:42:00] [TEST] Processing batch 15385/18932 ...
[09/07 23:42:00] [TEST] Processing batch 15386/18932 ...
[09/07 23:42:00] [TEST] Processing batch 15387/18932 ...
[09/07 23:42:00] [TEST] Processing batch 15388/18932 ...
[09/07 23:42:00] [TEST] Processing batch 15389/18932 ...
[09/07 23:42:01] [TEST] Processing batch 15390/18932 ...
[09/07 23:42:01] [TEST] Processing batch 15391/18932 ...
[09/07 23:42:01] [TEST] Processing batch 15392/18932 ...
[09/07 23:42:01] [TEST] Processing batch 15393/18932 ...
[09/07 23:42:01] [TEST] Processing batch 15394/18932 ...
[09/07 23:42:01] [TEST] Processing batch 15395/18932 ...
[09/07 23:42:01] [TEST] Processing batch 15396/18932 ...
[09/07 23:42:01] [TEST] Processing batch 15397/18932 ...
[09/07 23:42:01] [TEST] Processing batch 15398/18932 ...
[09/07 23:42:01] [TEST] Processing batch 15399/18932 ...
[09/07 23:42:01] [TEST] Processing batch 15400/18932 ...
[09/07 23:42:01] [TEST] Processing batch 15401/18932 ...
[09/07 23:42:01] [TEST] Processing batch 15402/18932 ...
[09/07 23:42:01] [TEST] Processing batch 15403/18932 ...
[09/07 23:42:01] [TEST] Processing batch 15404/18932 ...
[09/07 23:42:01] [TEST] Processing batch 15405/18932 ...
[09/07 23:42:01] [TEST] Processing batch 15406/18932 ...
[09/07 23:42:01] [TEST] Processing batch 15407/18932 ...
[09/07 23:42:02] [TEST] Processing batch 15408/18932 ...
[09/07 23:42:02] [TEST] Processing batch 15409/18932 ...
[09/07 23:42:02] [TEST] Processing batch 15410/18932 ...
[09/07 23:42:02] [TEST] Processing batch 15411/18932 ...
[09/07 23:42:02] [TEST] Processing batch 15412/18932 ...
[09/07 23:42:02] [TEST] Processing batch 15413/18932 ...
[09/07 23:42:02] [TEST] Processing batch 15414/18932 ...
[09/07 23:42:02] [TEST] Processing batch 15415/18932 ...
[09/07 23:42:02] [TEST] Processing batch 15416/18932 ...
[09/07 23:42:02] [TEST] Processing batch 15417/18932 ...
[09/07 23:42:02] [TEST] Processing batch 15418/18932 ...
[09/07 23:42:02] [TEST] Processing batch 15419/18932 ...
[09/07 23:42:02] [TEST] Processing batch 15420/18932 ...
[09/07 23:42:02] [TEST] Processing batch 15421/18932 ...
[09/07 23:42:02] [TEST] Processing batch 15422/18932 ...
[09/07 23:42:02] [TEST] Processing batch 15423/18932 ...
[09/07 23:42:02] [TEST] Processing batch 15424/18932 ...
[09/07 23:42:03] [TEST] Processing batch 15425/18932 ...
[09/07 23:42:03] [TEST] Processing batch 15426/18932 ...
[09/07 23:42:03] [TEST] Processing batch 15427/18932 ...
[09/07 23:42:03] [TEST] Processing batch 15428/18932 ...
[09/07 23:42:03] [TEST] Processing batch 15429/18932 ...
[09/07 23:42:03] [TEST] Processing batch 15430/18932 ...
[09/07 23:42:03] [TEST] Processing batch 15431/18932 ...
[09/07 23:42:03] [TEST] Processing batch 15432/18932 ...
[09/07 23:42:03] [TEST] Processing batch 15433/18932 ...
[09/07 23:42:03] [TEST] Processing batch 15434/18932 ...
[09/07 23:42:03] [TEST] Processing batch 15435/18932 ...
[09/07 23:42:03] [TEST] Processing batch 15436/18932 ...
[09/07 23:42:03] [TEST] Processing batch 15437/18932 ...
[09/07 23:42:03] [TEST] Processing batch 15438/18932 ...
[09/07 23:42:03] [TEST] Processing batch 15439/18932 ...
[09/07 23:42:03] [TEST] Processing batch 15440/18932 ...
[09/07 23:42:03] [TEST] Processing batch 15441/18932 ...
[09/07 23:42:03] [TEST] Processing batch 15442/18932 ...
[09/07 23:42:04] [TEST] Processing batch 15443/18932 ...
[09/07 23:42:04] [TEST] Processing batch 15444/18932 ...
[09/07 23:42:04] [TEST] Processing batch 15445/18932 ...
[09/07 23:42:04] [TEST] Processing batch 15446/18932 ...
[09/07 23:42:04] [TEST] Processing batch 15447/18932 ...
[09/07 23:42:04] [TEST] Processing batch 15448/18932 ...
[09/07 23:42:04] [TEST] Processing batch 15449/18932 ...
[09/07 23:42:04] [TEST] Processing batch 15450/18932 ...
[09/07 23:42:04] [TEST] Processing batch 15451/18932 ...
[09/07 23:42:04] [TEST] Processing batch 15452/18932 ...
[09/07 23:42:04] [TEST] Processing batch 15453/18932 ...
[09/07 23:42:04] [TEST] Processing batch 15454/18932 ...
[09/07 23:42:04] [TEST] Processing batch 15455/18932 ...
[09/07 23:42:04] [TEST] Processing batch 15456/18932 ...
[09/07 23:42:04] [TEST] Processing batch 15457/18932 ...
[09/07 23:42:04] [TEST] Processing batch 15458/18932 ...
[09/07 23:42:04] [TEST] Processing batch 15459/18932 ...
[09/07 23:42:04] [TEST] Processing batch 15460/18932 ...
[09/07 23:42:05] [TEST] Processing batch 15461/18932 ...
[09/07 23:42:05] [TEST] Processing batch 15462/18932 ...
[09/07 23:42:05] [TEST] Processing batch 15463/18932 ...
[09/07 23:42:05] [TEST] Processing batch 15464/18932 ...
[09/07 23:42:05] [TEST] Processing batch 15465/18932 ...
[09/07 23:42:05] [TEST] Processing batch 15466/18932 ...
[09/07 23:42:05] [TEST] Processing batch 15467/18932 ...
[09/07 23:42:05] [TEST] Processing batch 15468/18932 ...
[09/07 23:42:05] [TEST] Processing batch 15469/18932 ...
[09/07 23:42:05] [TEST] Processing batch 15470/18932 ...
[09/07 23:42:05] [TEST] Processing batch 15471/18932 ...
[09/07 23:42:05] [TEST] Processing batch 15472/18932 ...
[09/07 23:42:05] [TEST] Processing batch 15473/18932 ...
[09/07 23:42:05] [TEST] Processing batch 15474/18932 ...
[09/07 23:42:05] [TEST] Processing batch 15475/18932 ...
[09/07 23:42:05] [TEST] Processing batch 15476/18932 ...
[09/07 23:42:05] [TEST] Processing batch 15477/18932 ...
[09/07 23:42:06] [TEST] Processing batch 15478/18932 ...
[09/07 23:42:06] [TEST] Processing batch 15479/18932 ...
[09/07 23:42:06] [TEST] Processing batch 15480/18932 ...
[09/07 23:42:06] [TEST] Processing batch 15481/18932 ...
[09/07 23:42:06] [TEST] Processing batch 15482/18932 ...
[09/07 23:42:06] [TEST] Processing batch 15483/18932 ...
[09/07 23:42:06] [TEST] Processing batch 15484/18932 ...
[09/07 23:42:06] [TEST] Processing batch 15485/18932 ...
[09/07 23:42:06] [TEST] Processing batch 15486/18932 ...
[09/07 23:42:06] [TEST] Processing batch 15487/18932 ...
[09/07 23:42:06] [TEST] Processing batch 15488/18932 ...
[09/07 23:42:06] [TEST] Processing batch 15489/18932 ...
[09/07 23:42:06] [TEST] Processing batch 15490/18932 ...
[09/07 23:42:06] [TEST] Processing batch 15491/18932 ...
[09/07 23:42:06] [TEST] Processing batch 15492/18932 ...
[09/07 23:42:06] [TEST] Processing batch 15493/18932 ...
[09/07 23:42:06] [TEST] Processing batch 15494/18932 ...
[09/07 23:42:06] [TEST] Processing batch 15495/18932 ...
[09/07 23:42:07] [TEST] Processing batch 15496/18932 ...
[09/07 23:42:07] [TEST] Processing batch 15497/18932 ...
[09/07 23:42:07] [TEST] Processing batch 15498/18932 ...
[09/07 23:42:07] [TEST] Processing batch 15499/18932 ...
[09/07 23:42:07] [TEST] Processing batch 15500/18932 ...
[09/07 23:42:07] [TEST] Processing batch 15501/18932 ...
[09/07 23:42:07] [TEST] Processing batch 15502/18932 ...
[09/07 23:42:07] [TEST] Processing batch 15503/18932 ...
[09/07 23:42:07] [TEST] Processing batch 15504/18932 ...
[09/07 23:42:07] [TEST] Processing batch 15505/18932 ...
[09/07 23:42:07] [TEST] Processing batch 15506/18932 ...
[09/07 23:42:07] [TEST] Processing batch 15507/18932 ...
[09/07 23:42:07] [TEST] Processing batch 15508/18932 ...
[09/07 23:42:07] [TEST] Processing batch 15509/18932 ...
[09/07 23:42:07] [TEST] Processing batch 15510/18932 ...
[09/07 23:42:07] [TEST] Processing batch 15511/18932 ...
[09/07 23:42:07] [TEST] Processing batch 15512/18932 ...
[09/07 23:42:07] [TEST] Processing batch 15513/18932 ...
[09/07 23:42:08] [TEST] Processing batch 15514/18932 ...
[09/07 23:42:08] [TEST] Processing batch 15515/18932 ...
[09/07 23:42:08] [TEST] Processing batch 15516/18932 ...
[09/07 23:42:08] [TEST] Processing batch 15517/18932 ...
[09/07 23:42:08] [TEST] Processing batch 15518/18932 ...
[09/07 23:42:08] [TEST] Processing batch 15519/18932 ...
[09/07 23:42:08] [TEST] Processing batch 15520/18932 ...
[09/07 23:42:08] [TEST] Processing batch 15521/18932 ...
[09/07 23:42:08] [TEST] Processing batch 15522/18932 ...
[09/07 23:42:08] [TEST] Processing batch 15523/18932 ...
[09/07 23:42:08] [TEST] Processing batch 15524/18932 ...
[09/07 23:42:08] [TEST] Processing batch 15525/18932 ...
[09/07 23:42:08] [TEST] Processing batch 15526/18932 ...
[09/07 23:42:08] [TEST] Processing batch 15527/18932 ...
[09/07 23:42:08] [TEST] Processing batch 15528/18932 ...
[09/07 23:42:08] [TEST] Processing batch 15529/18932 ...
[09/07 23:42:08] [TEST] Processing batch 15530/18932 ...
[09/07 23:42:09] [TEST] Processing batch 15531/18932 ...
[09/07 23:42:09] [TEST] Processing batch 15532/18932 ...
[09/07 23:42:09] [TEST] Processing batch 15533/18932 ...
[09/07 23:42:09] [TEST] Processing batch 15534/18932 ...
[09/07 23:42:09] [TEST] Processing batch 15535/18932 ...
[09/07 23:42:09] [TEST] Processing batch 15536/18932 ...
[09/07 23:42:09] [TEST] Processing batch 15537/18932 ...
[09/07 23:42:09] [TEST] Processing batch 15538/18932 ...
[09/07 23:42:09] [TEST] Processing batch 15539/18932 ...
[09/07 23:42:09] [TEST] Processing batch 15540/18932 ...
[09/07 23:42:09] [TEST] Processing batch 15541/18932 ...
[09/07 23:42:09] [TEST] Processing batch 15542/18932 ...
[09/07 23:42:09] [TEST] Processing batch 15543/18932 ...
[09/07 23:42:09] [TEST] Processing batch 15544/18932 ...
[09/07 23:42:09] [TEST] Processing batch 15545/18932 ...
[09/07 23:42:09] [TEST] Processing batch 15546/18932 ...
[09/07 23:42:09] [TEST] Processing batch 15547/18932 ...
[09/07 23:42:09] [TEST] Processing batch 15548/18932 ...
[09/07 23:42:10] [TEST] Processing batch 15549/18932 ...
[09/07 23:42:10] [TEST] Processing batch 15550/18932 ...
[09/07 23:42:10] [TEST] Processing batch 15551/18932 ...
[09/07 23:42:10] [TEST] Processing batch 15552/18932 ...
[09/07 23:42:10] [TEST] Processing batch 15553/18932 ...
[09/07 23:42:10] [TEST] Processing batch 15554/18932 ...
[09/07 23:42:10] [TEST] Processing batch 15555/18932 ...
[09/07 23:42:10] [TEST] Processing batch 15556/18932 ...
[09/07 23:42:10] [TEST] Processing batch 15557/18932 ...
[09/07 23:42:10] [TEST] Processing batch 15558/18932 ...
[09/07 23:42:10] [TEST] Processing batch 15559/18932 ...
[09/07 23:42:10] [TEST] Processing batch 15560/18932 ...
[09/07 23:42:10] [TEST] Processing batch 15561/18932 ...
[09/07 23:42:10] [TEST] Processing batch 15562/18932 ...
[09/07 23:42:10] [TEST] Processing batch 15563/18932 ...
[09/07 23:42:10] [TEST] Processing batch 15564/18932 ...
[09/07 23:42:10] [TEST] Processing batch 15565/18932 ...
[09/07 23:42:11] [TEST] Processing batch 15566/18932 ...
[09/07 23:42:11] [TEST] Processing batch 15567/18932 ...
[09/07 23:42:11] [TEST] Processing batch 15568/18932 ...
[09/07 23:42:11] [TEST] Processing batch 15569/18932 ...
[09/07 23:42:11] [TEST] Processing batch 15570/18932 ...
[09/07 23:42:11] [TEST] Processing batch 15571/18932 ...
[09/07 23:42:11] [TEST] Processing batch 15572/18932 ...
[09/07 23:42:11] [TEST] Processing batch 15573/18932 ...
[09/07 23:42:11] [TEST] Processing batch 15574/18932 ...
[09/07 23:42:11] [TEST] Processing batch 15575/18932 ...
[09/07 23:42:11] [TEST] Processing batch 15576/18932 ...
[09/07 23:42:11] [TEST] Processing batch 15577/18932 ...
[09/07 23:42:11] [TEST] Processing batch 15578/18932 ...
[09/07 23:42:11] [TEST] Processing batch 15579/18932 ...
[09/07 23:42:11] [TEST] Processing batch 15580/18932 ...
[09/07 23:42:11] [TEST] Processing batch 15581/18932 ...
[09/07 23:42:11] [TEST] Processing batch 15582/18932 ...
[09/07 23:42:11] [TEST] Processing batch 15583/18932 ...
[09/07 23:42:12] [TEST] Processing batch 15584/18932 ...
[09/07 23:42:12] [TEST] Processing batch 15585/18932 ...
[09/07 23:42:12] [TEST] Processing batch 15586/18932 ...
[09/07 23:42:12] [TEST] Processing batch 15587/18932 ...
[09/07 23:42:12] [TEST] Processing batch 15588/18932 ...
[09/07 23:42:12] [TEST] Processing batch 15589/18932 ...
[09/07 23:42:12] [TEST] Processing batch 15590/18932 ...
[09/07 23:42:12] [TEST] Processing batch 15591/18932 ...
[09/07 23:42:12] [TEST] Processing batch 15592/18932 ...
[09/07 23:42:12] [TEST] Processing batch 15593/18932 ...
[09/07 23:42:12] [TEST] Processing batch 15594/18932 ...
[09/07 23:42:12] [TEST] Processing batch 15595/18932 ...
[09/07 23:42:12] [TEST] Processing batch 15596/18932 ...
[09/07 23:42:12] [TEST] Processing batch 15597/18932 ...
[09/07 23:42:12] [TEST] Processing batch 15598/18932 ...
[09/07 23:42:12] [TEST] Processing batch 15599/18932 ...
[09/07 23:42:12] [TEST] Processing batch 15600/18932 ...
[09/07 23:42:13] [TEST] Processing batch 15601/18932 ...
[09/07 23:42:13] [TEST] Processing batch 15602/18932 ...
[09/07 23:42:13] [TEST] Processing batch 15603/18932 ...
[09/07 23:42:13] [TEST] Processing batch 15604/18932 ...
[09/07 23:42:13] [TEST] Processing batch 15605/18932 ...
[09/07 23:42:13] [TEST] Processing batch 15606/18932 ...
[09/07 23:42:13] [TEST] Processing batch 15607/18932 ...
[09/07 23:42:13] [TEST] Processing batch 15608/18932 ...
[09/07 23:42:13] [TEST] Processing batch 15609/18932 ...
[09/07 23:42:13] [TEST] Processing batch 15610/18932 ...
[09/07 23:42:13] [TEST] Processing batch 15611/18932 ...
[09/07 23:42:13] [TEST] Processing batch 15612/18932 ...
[09/07 23:42:13] [TEST] Processing batch 15613/18932 ...
[09/07 23:42:13] [TEST] Processing batch 15614/18932 ...
[09/07 23:42:13] [TEST] Processing batch 15615/18932 ...
[09/07 23:42:13] [TEST] Processing batch 15616/18932 ...
[09/07 23:42:13] [TEST] Processing batch 15617/18932 ...
[09/07 23:42:13] [TEST] Processing batch 15618/18932 ...
[09/07 23:42:14] [TEST] Processing batch 15619/18932 ...
[09/07 23:42:14] [TEST] Processing batch 15620/18932 ...
[09/07 23:42:14] [TEST] Processing batch 15621/18932 ...
[09/07 23:42:14] [TEST] Processing batch 15622/18932 ...
[09/07 23:42:14] [TEST] Processing batch 15623/18932 ...
[09/07 23:42:14] [TEST] Processing batch 15624/18932 ...
[09/07 23:42:14] [TEST] Processing batch 15625/18932 ...
[09/07 23:42:14] [TEST] Processing batch 15626/18932 ...
[09/07 23:42:14] [TEST] Processing batch 15627/18932 ...
[09/07 23:42:14] [TEST] Processing batch 15628/18932 ...
[09/07 23:42:14] [TEST] Processing batch 15629/18932 ...
[09/07 23:42:14] [TEST] Processing batch 15630/18932 ...
[09/07 23:42:14] [TEST] Processing batch 15631/18932 ...
[09/07 23:42:14] [TEST] Processing batch 15632/18932 ...
[09/07 23:42:14] [TEST] Processing batch 15633/18932 ...
[09/07 23:42:14] [TEST] Processing batch 15634/18932 ...
[09/07 23:42:14] [TEST] Processing batch 15635/18932 ...
[09/07 23:42:14] [TEST] Processing batch 15636/18932 ...
[09/07 23:42:15] [TEST] Processing batch 15637/18932 ...
[09/07 23:42:15] [TEST] Processing batch 15638/18932 ...
[09/07 23:42:15] [TEST] Processing batch 15639/18932 ...
[09/07 23:42:15] [TEST] Processing batch 15640/18932 ...
[09/07 23:42:15] [TEST] Processing batch 15641/18932 ...
[09/07 23:42:15] [TEST] Processing batch 15642/18932 ...
[09/07 23:42:15] [TEST] Processing batch 15643/18932 ...
[09/07 23:42:15] [TEST] Processing batch 15644/18932 ...
[09/07 23:42:15] [TEST] Processing batch 15645/18932 ...
[09/07 23:42:15] [TEST] Processing batch 15646/18932 ...
[09/07 23:42:15] [TEST] Processing batch 15647/18932 ...
[09/07 23:42:15] [TEST] Processing batch 15648/18932 ...
[09/07 23:42:15] [TEST] Processing batch 15649/18932 ...
[09/07 23:42:15] [TEST] Processing batch 15650/18932 ...
[09/07 23:42:15] [TEST] Processing batch 15651/18932 ...
[09/07 23:42:15] [TEST] Processing batch 15652/18932 ...
[09/07 23:42:15] [TEST] Processing batch 15653/18932 ...
[09/07 23:42:16] [TEST] Processing batch 15654/18932 ...
[09/07 23:42:16] [TEST] Processing batch 15655/18932 ...
[09/07 23:42:16] [TEST] Processing batch 15656/18932 ...
[09/07 23:42:16] [TEST] Processing batch 15657/18932 ...
[09/07 23:42:16] [TEST] Processing batch 15658/18932 ...
[09/07 23:42:16] [TEST] Processing batch 15659/18932 ...
[09/07 23:42:16] [TEST] Processing batch 15660/18932 ...
[09/07 23:42:16] [TEST] Processing batch 15661/18932 ...
[09/07 23:42:16] [TEST] Processing batch 15662/18932 ...
[09/07 23:42:16] [TEST] Processing batch 15663/18932 ...
[09/07 23:42:16] [TEST] Processing batch 15664/18932 ...
[09/07 23:42:16] [TEST] Processing batch 15665/18932 ...
[09/07 23:42:16] [TEST] Processing batch 15666/18932 ...
[09/07 23:42:16] [TEST] Processing batch 15667/18932 ...
[09/07 23:42:16] [TEST] Processing batch 15668/18932 ...
[09/07 23:42:16] [TEST] Processing batch 15669/18932 ...
[09/07 23:42:16] [TEST] Processing batch 15670/18932 ...
[09/07 23:42:16] [TEST] Processing batch 15671/18932 ...
[09/07 23:42:17] [TEST] Processing batch 15672/18932 ...
[09/07 23:42:17] [TEST] Processing batch 15673/18932 ...
[09/07 23:42:17] [TEST] Processing batch 15674/18932 ...
[09/07 23:42:17] [TEST] Processing batch 15675/18932 ...
[09/07 23:42:17] [TEST] Processing batch 15676/18932 ...
[09/07 23:42:17] [TEST] Processing batch 15677/18932 ...
[09/07 23:42:17] [TEST] Processing batch 15678/18932 ...
[09/07 23:42:17] [TEST] Processing batch 15679/18932 ...
[09/07 23:42:17] [TEST] Processing batch 15680/18932 ...
[09/07 23:42:17] [TEST] Processing batch 15681/18932 ...
[09/07 23:42:17] [TEST] Processing batch 15682/18932 ...
[09/07 23:42:17] [TEST] Processing batch 15683/18932 ...
[09/07 23:42:17] [TEST] Processing batch 15684/18932 ...
[09/07 23:42:17] [TEST] Processing batch 15685/18932 ...
[09/07 23:42:17] [TEST] Processing batch 15686/18932 ...
[09/07 23:42:17] [TEST] Processing batch 15687/18932 ...
[09/07 23:42:17] [TEST] Processing batch 15688/18932 ...
[09/07 23:42:17] [TEST] Processing batch 15689/18932 ...
[09/07 23:42:18] [TEST] Processing batch 15690/18932 ...
[09/07 23:42:18] [TEST] Processing batch 15691/18932 ...
[09/07 23:42:18] [TEST] Processing batch 15692/18932 ...
[09/07 23:42:18] [TEST] Processing batch 15693/18932 ...
[09/07 23:42:18] [TEST] Processing batch 15694/18932 ...
[09/07 23:42:18] [TEST] Processing batch 15695/18932 ...
[09/07 23:42:18] [TEST] Processing batch 15696/18932 ...
[09/07 23:42:18] [TEST] Processing batch 15697/18932 ...
[09/07 23:42:18] [TEST] Processing batch 15698/18932 ...
[09/07 23:42:18] [TEST] Processing batch 15699/18932 ...
[09/07 23:42:18] [TEST] Processing batch 15700/18932 ...
[09/07 23:42:18] [TEST] Processing batch 15701/18932 ...
[09/07 23:42:18] [TEST] Processing batch 15702/18932 ...
[09/07 23:42:18] [TEST] Processing batch 15703/18932 ...
[09/07 23:42:18] [TEST] Processing batch 15704/18932 ...
[09/07 23:42:18] [TEST] Processing batch 15705/18932 ...
[09/07 23:42:18] [TEST] Processing batch 15706/18932 ...
[09/07 23:42:18] [TEST] Processing batch 15707/18932 ...
[09/07 23:42:19] [TEST] Processing batch 15708/18932 ...
[09/07 23:42:19] [TEST] Processing batch 15709/18932 ...
[09/07 23:42:19] [TEST] Processing batch 15710/18932 ...
[09/07 23:42:19] [TEST] Processing batch 15711/18932 ...
[09/07 23:42:19] [TEST] Processing batch 15712/18932 ...
[09/07 23:42:19] [TEST] Processing batch 15713/18932 ...
[09/07 23:42:19] [TEST] Processing batch 15714/18932 ...
[09/07 23:42:19] [TEST] Processing batch 15715/18932 ...
[09/07 23:42:19] [TEST] Processing batch 15716/18932 ...
[09/07 23:42:19] [TEST] Processing batch 15717/18932 ...
[09/07 23:42:19] [TEST] Processing batch 15718/18932 ...
[09/07 23:42:19] [TEST] Processing batch 15719/18932 ...
[09/07 23:42:19] [TEST] Processing batch 15720/18932 ...
[09/07 23:42:19] [TEST] Processing batch 15721/18932 ...
[09/07 23:42:19] [TEST] Processing batch 15722/18932 ...
[09/07 23:42:19] [TEST] Processing batch 15723/18932 ...
[09/07 23:42:19] [TEST] Processing batch 15724/18932 ...
[09/07 23:42:20] [TEST] Processing batch 15725/18932 ...
[09/07 23:42:20] [TEST] Processing batch 15726/18932 ...
[09/07 23:42:20] [TEST] Processing batch 15727/18932 ...
[09/07 23:42:20] [TEST] Processing batch 15728/18932 ...
[09/07 23:42:20] [TEST] Processing batch 15729/18932 ...
[09/07 23:42:20] [TEST] Processing batch 15730/18932 ...
[09/07 23:42:20] [TEST] Processing batch 15731/18932 ...
[09/07 23:42:20] [TEST] Processing batch 15732/18932 ...
[09/07 23:42:20] [TEST] Processing batch 15733/18932 ...
[09/07 23:42:20] [TEST] Processing batch 15734/18932 ...
[09/07 23:42:20] [TEST] Processing batch 15735/18932 ...
[09/07 23:42:20] [TEST] Processing batch 15736/18932 ...
[09/07 23:42:20] [TEST] Processing batch 15737/18932 ...
[09/07 23:42:20] [TEST] Processing batch 15738/18932 ...
[09/07 23:42:20] [TEST] Processing batch 15739/18932 ...
[09/07 23:42:20] [TEST] Processing batch 15740/18932 ...
[09/07 23:42:20] [TEST] Processing batch 15741/18932 ...
[09/07 23:42:20] [TEST] Processing batch 15742/18932 ...
[09/07 23:42:21] [TEST] Processing batch 15743/18932 ...
[09/07 23:42:21] [TEST] Processing batch 15744/18932 ...
[09/07 23:42:21] [TEST] Processing batch 15745/18932 ...
[09/07 23:42:21] [TEST] Processing batch 15746/18932 ...
[09/07 23:42:21] [TEST] Processing batch 15747/18932 ...
[09/07 23:42:21] [TEST] Processing batch 15748/18932 ...
[09/07 23:42:21] [TEST] Processing batch 15749/18932 ...
[09/07 23:42:21] [TEST] Processing batch 15750/18932 ...
[09/07 23:42:21] [TEST] Processing batch 15751/18932 ...
[09/07 23:42:21] [TEST] Processing batch 15752/18932 ...
[09/07 23:42:21] [TEST] Processing batch 15753/18932 ...
[09/07 23:42:21] [TEST] Processing batch 15754/18932 ...
[09/07 23:42:21] [TEST] Processing batch 15755/18932 ...
[09/07 23:42:21] [TEST] Processing batch 15756/18932 ...
[09/07 23:42:21] [TEST] Processing batch 15757/18932 ...
[09/07 23:42:21] [TEST] Processing batch 15758/18932 ...
[09/07 23:42:21] [TEST] Processing batch 15759/18932 ...
[09/07 23:42:21] [TEST] Processing batch 15760/18932 ...
[09/07 23:42:22] [TEST] Processing batch 15761/18932 ...
[09/07 23:42:22] [TEST] Processing batch 15762/18932 ...
[09/07 23:42:22] [TEST] Processing batch 15763/18932 ...
[09/07 23:42:22] [TEST] Processing batch 15764/18932 ...
[09/07 23:42:22] [TEST] Processing batch 15765/18932 ...
[09/07 23:42:22] [TEST] Processing batch 15766/18932 ...
[09/07 23:42:22] [TEST] Processing batch 15767/18932 ...
[09/07 23:42:22] [TEST] Processing batch 15768/18932 ...
[09/07 23:42:22] [TEST] Processing batch 15769/18932 ...
[09/07 23:42:22] [TEST] Processing batch 15770/18932 ...
[09/07 23:42:22] [TEST] Processing batch 15771/18932 ...
[09/07 23:42:22] [TEST] Processing batch 15772/18932 ...
[09/07 23:42:22] [TEST] Processing batch 15773/18932 ...
[09/07 23:42:22] [TEST] Processing batch 15774/18932 ...
[09/07 23:42:22] [TEST] Processing batch 15775/18932 ...
[09/07 23:42:22] [TEST] Processing batch 15776/18932 ...
[09/07 23:42:22] [TEST] Processing batch 15777/18932 ...
[09/07 23:42:22] [TEST] Processing batch 15778/18932 ...
[09/07 23:42:23] [TEST] Processing batch 15779/18932 ...
[09/07 23:42:23] [TEST] Processing batch 15780/18932 ...
[09/07 23:42:23] [TEST] Processing batch 15781/18932 ...
[09/07 23:42:23] [TEST] Processing batch 15782/18932 ...
[09/07 23:42:23] [TEST] Processing batch 15783/18932 ...
[09/07 23:42:23] [TEST] Processing batch 15784/18932 ...
[09/07 23:42:23] [TEST] Processing batch 15785/18932 ...
[09/07 23:42:23] [TEST] Processing batch 15786/18932 ...
[09/07 23:42:23] [TEST] Processing batch 15787/18932 ...
[09/07 23:42:23] [TEST] Processing batch 15788/18932 ...
[09/07 23:42:23] [TEST] Processing batch 15789/18932 ...
[09/07 23:42:23] [TEST] Processing batch 15790/18932 ...
[09/07 23:42:23] [TEST] Processing batch 15791/18932 ...
[09/07 23:42:23] [TEST] Processing batch 15792/18932 ...
[09/07 23:42:23] [TEST] Processing batch 15793/18932 ...
[09/07 23:42:23] [TEST] Processing batch 15794/18932 ...
[09/07 23:42:23] [TEST] Processing batch 15795/18932 ...
[09/07 23:42:23] [TEST] Processing batch 15796/18932 ...
[09/07 23:42:24] [TEST] Processing batch 15797/18932 ...
[09/07 23:42:24] [TEST] Processing batch 15798/18932 ...
[09/07 23:42:24] [TEST] Processing batch 15799/18932 ...
[09/07 23:42:24] [TEST] Processing batch 15800/18932 ...
[09/07 23:42:24] [TEST] Processing batch 15801/18932 ...
[09/07 23:42:24] [TEST] Processing batch 15802/18932 ...
[09/07 23:42:24] [TEST] Processing batch 15803/18932 ...
[09/07 23:42:24] [TEST] Processing batch 15804/18932 ...
[09/07 23:42:24] [TEST] Processing batch 15805/18932 ...
[09/07 23:42:24] [TEST] Processing batch 15806/18932 ...
[09/07 23:42:24] [TEST] Processing batch 15807/18932 ...
[09/07 23:42:24] [TEST] Processing batch 15808/18932 ...
[09/07 23:42:24] [TEST] Processing batch 15809/18932 ...
[09/07 23:42:24] [TEST] Processing batch 15810/18932 ...
[09/07 23:42:24] [TEST] Processing batch 15811/18932 ...
[09/07 23:42:24] [TEST] Processing batch 15812/18932 ...
[09/07 23:42:24] [TEST] Processing batch 15813/18932 ...
[09/07 23:42:24] [TEST] Processing batch 15814/18932 ...
[09/07 23:42:25] [TEST] Processing batch 15815/18932 ...
[09/07 23:42:25] [TEST] Processing batch 15816/18932 ...
[09/07 23:42:25] [TEST] Processing batch 15817/18932 ...
[09/07 23:42:25] [TEST] Processing batch 15818/18932 ...
[09/07 23:42:25] [TEST] Processing batch 15819/18932 ...
[09/07 23:42:25] [TEST] Processing batch 15820/18932 ...
[09/07 23:42:25] [TEST] Processing batch 15821/18932 ...
[09/07 23:42:25] [TEST] Processing batch 15822/18932 ...
[09/07 23:42:25] [TEST] Processing batch 15823/18932 ...
[09/07 23:42:25] [TEST] Processing batch 15824/18932 ...
[09/07 23:42:25] [TEST] Processing batch 15825/18932 ...
[09/07 23:42:25] [TEST] Processing batch 15826/18932 ...
[09/07 23:42:25] [TEST] Processing batch 15827/18932 ...
[09/07 23:42:25] [TEST] Processing batch 15828/18932 ...
[09/07 23:42:25] [TEST] Processing batch 15829/18932 ...
[09/07 23:42:25] [TEST] Processing batch 15830/18932 ...
[09/07 23:42:25] [TEST] Processing batch 15831/18932 ...
[09/07 23:42:26] [TEST] Processing batch 15832/18932 ...
[09/07 23:42:26] [TEST] Processing batch 15833/18932 ...
[09/07 23:42:26] [TEST] Processing batch 15834/18932 ...
[09/07 23:42:26] [TEST] Processing batch 15835/18932 ...
[09/07 23:42:26] [TEST] Processing batch 15836/18932 ...
[09/07 23:42:26] [TEST] Processing batch 15837/18932 ...
[09/07 23:42:26] [TEST] Processing batch 15838/18932 ...
[09/07 23:42:26] [TEST] Processing batch 15839/18932 ...
[09/07 23:42:26] [TEST] Processing batch 15840/18932 ...
[09/07 23:42:26] [TEST] Processing batch 15841/18932 ...
[09/07 23:42:26] [TEST] Processing batch 15842/18932 ...
[09/07 23:42:26] [TEST] Processing batch 15843/18932 ...
[09/07 23:42:26] [TEST] Processing batch 15844/18932 ...
[09/07 23:42:26] [TEST] Processing batch 15845/18932 ...
[09/07 23:42:26] [TEST] Processing batch 15846/18932 ...
[09/07 23:42:26] [TEST] Processing batch 15847/18932 ...
[09/07 23:42:26] [TEST] Processing batch 15848/18932 ...
[09/07 23:42:26] [TEST] Processing batch 15849/18932 ...
[09/07 23:42:27] [TEST] Processing batch 15850/18932 ...
[09/07 23:42:27] [TEST] Processing batch 15851/18932 ...
[09/07 23:42:27] [TEST] Processing batch 15852/18932 ...
[09/07 23:42:27] [TEST] Processing batch 15853/18932 ...
[09/07 23:42:27] [TEST] Processing batch 15854/18932 ...
[09/07 23:42:27] [TEST] Processing batch 15855/18932 ...
[09/07 23:42:27] [TEST] Processing batch 15856/18932 ...
[09/07 23:42:27] [TEST] Processing batch 15857/18932 ...
[09/07 23:42:27] [TEST] Processing batch 15858/18932 ...
[09/07 23:42:27] [TEST] Processing batch 15859/18932 ...
[09/07 23:42:27] [TEST] Processing batch 15860/18932 ...
[09/07 23:42:27] [TEST] Processing batch 15861/18932 ...
[09/07 23:42:27] [TEST] Processing batch 15862/18932 ...
[09/07 23:42:27] [TEST] Processing batch 15863/18932 ...
[09/07 23:42:27] [TEST] Processing batch 15864/18932 ...
[09/07 23:42:27] [TEST] Processing batch 15865/18932 ...
[09/07 23:42:27] [TEST] Processing batch 15866/18932 ...
[09/07 23:42:27] [TEST] Processing batch 15867/18932 ...
[09/07 23:42:28] [TEST] Processing batch 15868/18932 ...
[09/07 23:42:28] [TEST] Processing batch 15869/18932 ...
[09/07 23:42:28] [TEST] Processing batch 15870/18932 ...
[09/07 23:42:28] [TEST] Processing batch 15871/18932 ...
[09/07 23:42:28] [TEST] Processing batch 15872/18932 ...
[09/07 23:42:28] [TEST] Processing batch 15873/18932 ...
[09/07 23:42:28] [TEST] Processing batch 15874/18932 ...
[09/07 23:42:28] [TEST] Processing batch 15875/18932 ...
[09/07 23:42:28] [TEST] Processing batch 15876/18932 ...
[09/07 23:42:28] [TEST] Processing batch 15877/18932 ...
[09/07 23:42:28] [TEST] Processing batch 15878/18932 ...
[09/07 23:42:28] [TEST] Processing batch 15879/18932 ...
[09/07 23:42:28] [TEST] Processing batch 15880/18932 ...
[09/07 23:42:28] [TEST] Processing batch 15881/18932 ...
[09/07 23:42:28] [TEST] Processing batch 15882/18932 ...
[09/07 23:42:28] [TEST] Processing batch 15883/18932 ...
[09/07 23:42:28] [TEST] Processing batch 15884/18932 ...
[09/07 23:42:28] [TEST] Processing batch 15885/18932 ...
[09/07 23:42:29] [TEST] Processing batch 15886/18932 ...
[09/07 23:42:29] [TEST] Processing batch 15887/18932 ...
[09/07 23:42:29] [TEST] Processing batch 15888/18932 ...
[09/07 23:42:29] [TEST] Processing batch 15889/18932 ...
[09/07 23:42:29] [TEST] Processing batch 15890/18932 ...
[09/07 23:42:29] [TEST] Processing batch 15891/18932 ...
[09/07 23:42:29] [TEST] Processing batch 15892/18932 ...
[09/07 23:42:29] [TEST] Processing batch 15893/18932 ...
[09/07 23:42:29] [TEST] Processing batch 15894/18932 ...
[09/07 23:42:29] [TEST] Processing batch 15895/18932 ...
[09/07 23:42:29] [TEST] Processing batch 15896/18932 ...
[09/07 23:42:29] [TEST] Processing batch 15897/18932 ...
[09/07 23:42:29] [TEST] Processing batch 15898/18932 ...
[09/07 23:42:29] [TEST] Processing batch 15899/18932 ...
[09/07 23:42:29] [TEST] Processing batch 15900/18932 ...
[09/07 23:42:29] [TEST] Processing batch 15901/18932 ...
[09/07 23:42:29] [TEST] Processing batch 15902/18932 ...
[09/07 23:42:29] [TEST] Processing batch 15903/18932 ...
[09/07 23:42:30] [TEST] Processing batch 15904/18932 ...
[09/07 23:42:30] [TEST] Processing batch 15905/18932 ...
[09/07 23:42:30] [TEST] Processing batch 15906/18932 ...
[09/07 23:42:30] [TEST] Processing batch 15907/18932 ...
[09/07 23:42:30] [TEST] Processing batch 15908/18932 ...
[09/07 23:42:30] [TEST] Processing batch 15909/18932 ...
[09/07 23:42:30] [TEST] Processing batch 15910/18932 ...
[09/07 23:42:30] [TEST] Processing batch 15911/18932 ...
[09/07 23:42:30] [TEST] Processing batch 15912/18932 ...
[09/07 23:42:30] [TEST] Processing batch 15913/18932 ...
[09/07 23:42:30] [TEST] Processing batch 15914/18932 ...
[09/07 23:42:30] [TEST] Processing batch 15915/18932 ...
[09/07 23:42:30] [TEST] Processing batch 15916/18932 ...
[09/07 23:42:30] [TEST] Processing batch 15917/18932 ...
[09/07 23:42:30] [TEST] Processing batch 15918/18932 ...
[09/07 23:42:30] [TEST] Processing batch 15919/18932 ...
[09/07 23:42:30] [TEST] Processing batch 15920/18932 ...
[09/07 23:42:31] [TEST] Processing batch 15921/18932 ...
[09/07 23:42:31] [TEST] Processing batch 15922/18932 ...
[09/07 23:42:31] [TEST] Processing batch 15923/18932 ...
[09/07 23:42:31] [TEST] Processing batch 15924/18932 ...
[09/07 23:42:31] [TEST] Processing batch 15925/18932 ...
[09/07 23:42:31] [TEST] Processing batch 15926/18932 ...
[09/07 23:42:31] [TEST] Processing batch 15927/18932 ...
[09/07 23:42:31] [TEST] Processing batch 15928/18932 ...
[09/07 23:42:31] [TEST] Processing batch 15929/18932 ...
[09/07 23:42:31] [TEST] Processing batch 15930/18932 ...
[09/07 23:42:31] [TEST] Processing batch 15931/18932 ...
[09/07 23:42:31] [TEST] Processing batch 15932/18932 ...
[09/07 23:42:31] [TEST] Processing batch 15933/18932 ...
[09/07 23:42:31] [TEST] Processing batch 15934/18932 ...
[09/07 23:42:31] [TEST] Processing batch 15935/18932 ...
[09/07 23:42:31] [TEST] Processing batch 15936/18932 ...
[09/07 23:42:31] [TEST] Processing batch 15937/18932 ...
[09/07 23:42:31] [TEST] Processing batch 15938/18932 ...
[09/07 23:42:32] [TEST] Processing batch 15939/18932 ...
[09/07 23:42:32] [TEST] Processing batch 15940/18932 ...
[09/07 23:42:32] [TEST] Processing batch 15941/18932 ...
[09/07 23:42:32] [TEST] Processing batch 15942/18932 ...
[09/07 23:42:32] [TEST] Processing batch 15943/18932 ...
[09/07 23:42:32] [TEST] Processing batch 15944/18932 ...
[09/07 23:42:32] [TEST] Processing batch 15945/18932 ...
[09/07 23:42:32] [TEST] Processing batch 15946/18932 ...
[09/07 23:42:32] [TEST] Processing batch 15947/18932 ...
[09/07 23:42:32] [TEST] Processing batch 15948/18932 ...
[09/07 23:42:32] [TEST] Processing batch 15949/18932 ...
[09/07 23:42:32] [TEST] Processing batch 15950/18932 ...
[09/07 23:42:32] [TEST] Processing batch 15951/18932 ...
[09/07 23:42:32] [TEST] Processing batch 15952/18932 ...
[09/07 23:42:32] [TEST] Processing batch 15953/18932 ...
[09/07 23:42:32] [TEST] Processing batch 15954/18932 ...
[09/07 23:42:32] [TEST] Processing batch 15955/18932 ...
[09/07 23:42:32] [TEST] Processing batch 15956/18932 ...
[09/07 23:42:33] [TEST] Processing batch 15957/18932 ...
[09/07 23:42:33] [TEST] Processing batch 15958/18932 ...
[09/07 23:42:33] [TEST] Processing batch 15959/18932 ...
[09/07 23:42:33] [TEST] Processing batch 15960/18932 ...
[09/07 23:42:33] [TEST] Processing batch 15961/18932 ...
[09/07 23:42:33] [TEST] Processing batch 15962/18932 ...
[09/07 23:42:33] [TEST] Processing batch 15963/18932 ...
[09/07 23:42:33] [TEST] Processing batch 15964/18932 ...
[09/07 23:42:33] [TEST] Processing batch 15965/18932 ...
[09/07 23:42:33] [TEST] Processing batch 15966/18932 ...
[09/07 23:42:33] [TEST] Processing batch 15967/18932 ...
[09/07 23:42:33] [TEST] Processing batch 15968/18932 ...
[09/07 23:42:33] [TEST] Processing batch 15969/18932 ...
[09/07 23:42:33] [TEST] Processing batch 15970/18932 ...
[09/07 23:42:33] [TEST] Processing batch 15971/18932 ...
[09/07 23:42:33] [TEST] Processing batch 15972/18932 ...
[09/07 23:42:33] [TEST] Processing batch 15973/18932 ...
[09/07 23:42:34] [TEST] Processing batch 15974/18932 ...
[09/07 23:42:34] [TEST] Processing batch 15975/18932 ...
[09/07 23:42:34] [TEST] Processing batch 15976/18932 ...
[09/07 23:42:34] [TEST] Processing batch 15977/18932 ...
[09/07 23:42:34] [TEST] Processing batch 15978/18932 ...
[09/07 23:42:34] [TEST] Processing batch 15979/18932 ...
[09/07 23:42:34] [TEST] Processing batch 15980/18932 ...
[09/07 23:42:34] [TEST] Processing batch 15981/18932 ...
[09/07 23:42:34] [TEST] Processing batch 15982/18932 ...
[09/07 23:42:34] [TEST] Processing batch 15983/18932 ...
[09/07 23:42:34] [TEST] Processing batch 15984/18932 ...
[09/07 23:42:34] [TEST] Processing batch 15985/18932 ...
[09/07 23:42:34] [TEST] Processing batch 15986/18932 ...
[09/07 23:42:34] [TEST] Processing batch 15987/18932 ...
[09/07 23:42:34] [TEST] Processing batch 15988/18932 ...
[09/07 23:42:34] [TEST] Processing batch 15989/18932 ...
[09/07 23:42:34] [TEST] Processing batch 15990/18932 ...
[09/07 23:42:34] [TEST] Processing batch 15991/18932 ...
[09/07 23:42:35] [TEST] Processing batch 15992/18932 ...
[09/07 23:42:35] [TEST] Processing batch 15993/18932 ...
[09/07 23:42:35] [TEST] Processing batch 15994/18932 ...
[09/07 23:42:35] [TEST] Processing batch 15995/18932 ...
[09/07 23:42:35] [TEST] Processing batch 15996/18932 ...
[09/07 23:42:35] [TEST] Processing batch 15997/18932 ...
[09/07 23:42:35] [TEST] Processing batch 15998/18932 ...
[09/07 23:42:35] [TEST] Processing batch 15999/18932 ...
[09/07 23:42:35] [TEST] Processing batch 16000/18932 ...
[09/07 23:42:35] [TEST] Processing batch 16001/18932 ...
[09/07 23:42:35] [TEST] Processing batch 16002/18932 ...
[09/07 23:42:35] [TEST] Processing batch 16003/18932 ...
[09/07 23:42:35] [TEST] Processing batch 16004/18932 ...
[09/07 23:42:35] [TEST] Processing batch 16005/18932 ...
[09/07 23:42:35] [TEST] Processing batch 16006/18932 ...
[09/07 23:42:35] [TEST] Processing batch 16007/18932 ...
[09/07 23:42:35] [TEST] Processing batch 16008/18932 ...
[09/07 23:42:35] [TEST] Processing batch 16009/18932 ...
[09/07 23:42:36] [TEST] Processing batch 16010/18932 ...
[09/07 23:42:36] [TEST] Processing batch 16011/18932 ...
[09/07 23:42:36] [TEST] Processing batch 16012/18932 ...
[09/07 23:42:36] [TEST] Processing batch 16013/18932 ...
[09/07 23:42:36] [TEST] Processing batch 16014/18932 ...
[09/07 23:42:36] [TEST] Processing batch 16015/18932 ...
[09/07 23:42:36] [TEST] Processing batch 16016/18932 ...
[09/07 23:42:36] [TEST] Processing batch 16017/18932 ...
[09/07 23:42:36] [TEST] Processing batch 16018/18932 ...
[09/07 23:42:36] [TEST] Processing batch 16019/18932 ...
[09/07 23:42:36] [TEST] Processing batch 16020/18932 ...
[09/07 23:42:36] [TEST] Processing batch 16021/18932 ...
[09/07 23:42:36] [TEST] Processing batch 16022/18932 ...
[09/07 23:42:36] [TEST] Processing batch 16023/18932 ...
[09/07 23:42:36] [TEST] Processing batch 16024/18932 ...
[09/07 23:42:36] [TEST] Processing batch 16025/18932 ...
[09/07 23:42:36] [TEST] Processing batch 16026/18932 ...
[09/07 23:42:36] [TEST] Processing batch 16027/18932 ...
[09/07 23:42:37] [TEST] Processing batch 16028/18932 ...
[09/07 23:42:37] [TEST] Processing batch 16029/18932 ...
[09/07 23:42:37] [TEST] Processing batch 16030/18932 ...
[09/07 23:42:37] [TEST] Processing batch 16031/18932 ...
[09/07 23:42:37] [TEST] Processing batch 16032/18932 ...
[09/07 23:42:37] [TEST] Processing batch 16033/18932 ...
[09/07 23:42:37] [TEST] Processing batch 16034/18932 ...
[09/07 23:42:37] [TEST] Processing batch 16035/18932 ...
[09/07 23:42:37] [TEST] Processing batch 16036/18932 ...
[09/07 23:42:37] [TEST] Processing batch 16037/18932 ...
[09/07 23:42:37] [TEST] Processing batch 16038/18932 ...
[09/07 23:42:37] [TEST] Processing batch 16039/18932 ...
[09/07 23:42:37] [TEST] Processing batch 16040/18932 ...
[09/07 23:42:37] [TEST] Processing batch 16041/18932 ...
[09/07 23:42:37] [TEST] Processing batch 16042/18932 ...
[09/07 23:42:37] [TEST] Processing batch 16043/18932 ...
[09/07 23:42:37] [TEST] Processing batch 16044/18932 ...
[09/07 23:42:37] [TEST] Processing batch 16045/18932 ...
[09/07 23:42:38] [TEST] Processing batch 16046/18932 ...
[09/07 23:42:38] [TEST] Processing batch 16047/18932 ...
[09/07 23:42:38] [TEST] Processing batch 16048/18932 ...
[09/07 23:42:38] [TEST] Processing batch 16049/18932 ...
[09/07 23:42:38] [TEST] Processing batch 16050/18932 ...
[09/07 23:42:38] [TEST] Processing batch 16051/18932 ...
[09/07 23:42:38] [TEST] Processing batch 16052/18932 ...
[09/07 23:42:38] [TEST] Processing batch 16053/18932 ...
[09/07 23:42:38] [TEST] Processing batch 16054/18932 ...
[09/07 23:42:38] [TEST] Processing batch 16055/18932 ...
[09/07 23:42:38] [TEST] Processing batch 16056/18932 ...
[09/07 23:42:38] [TEST] Processing batch 16057/18932 ...
[09/07 23:42:38] [TEST] Processing batch 16058/18932 ...
[09/07 23:42:38] [TEST] Processing batch 16059/18932 ...
[09/07 23:42:38] [TEST] Processing batch 16060/18932 ...
[09/07 23:42:38] [TEST] Processing batch 16061/18932 ...
[09/07 23:42:38] [TEST] Processing batch 16062/18932 ...
[09/07 23:42:38] [TEST] Processing batch 16063/18932 ...
[09/07 23:42:39] [TEST] Processing batch 16064/18932 ...
[09/07 23:42:39] [TEST] Processing batch 16065/18932 ...
[09/07 23:42:39] [TEST] Processing batch 16066/18932 ...
[09/07 23:42:39] [TEST] Processing batch 16067/18932 ...
[09/07 23:42:39] [TEST] Processing batch 16068/18932 ...
[09/07 23:42:39] [TEST] Processing batch 16069/18932 ...
[09/07 23:42:39] [TEST] Processing batch 16070/18932 ...
[09/07 23:42:39] [TEST] Processing batch 16071/18932 ...
[09/07 23:42:39] [TEST] Processing batch 16072/18932 ...
[09/07 23:42:39] [TEST] Processing batch 16073/18932 ...
[09/07 23:42:39] [TEST] Processing batch 16074/18932 ...
[09/07 23:42:39] [TEST] Processing batch 16075/18932 ...
[09/07 23:42:39] [TEST] Processing batch 16076/18932 ...
[09/07 23:42:39] [TEST] Processing batch 16077/18932 ...
[09/07 23:42:39] [TEST] Processing batch 16078/18932 ...
[09/07 23:42:39] [TEST] Processing batch 16079/18932 ...
[09/07 23:42:39] [TEST] Processing batch 16080/18932 ...
[09/07 23:42:39] [TEST] Processing batch 16081/18932 ...
[09/07 23:42:40] [TEST] Processing batch 16082/18932 ...
[09/07 23:42:40] [TEST] Processing batch 16083/18932 ...
[09/07 23:42:40] [TEST] Processing batch 16084/18932 ...
[09/07 23:42:40] [TEST] Processing batch 16085/18932 ...
[09/07 23:42:40] [TEST] Processing batch 16086/18932 ...
[09/07 23:42:40] [TEST] Processing batch 16087/18932 ...
[09/07 23:42:40] [TEST] Processing batch 16088/18932 ...
[09/07 23:42:40] [TEST] Processing batch 16089/18932 ...
[09/07 23:42:40] [TEST] Processing batch 16090/18932 ...
[09/07 23:42:40] [TEST] Processing batch 16091/18932 ...
[09/07 23:42:40] [TEST] Processing batch 16092/18932 ...
[09/07 23:42:40] [TEST] Processing batch 16093/18932 ...
[09/07 23:42:40] [TEST] Processing batch 16094/18932 ...
[09/07 23:42:40] [TEST] Processing batch 16095/18932 ...
[09/07 23:42:40] [TEST] Processing batch 16096/18932 ...
[09/07 23:42:40] [TEST] Processing batch 16097/18932 ...
[09/07 23:42:40] [TEST] Processing batch 16098/18932 ...
[09/07 23:42:41] [TEST] Processing batch 16099/18932 ...
[09/07 23:42:41] [TEST] Processing batch 16100/18932 ...
[09/07 23:42:41] [TEST] Processing batch 16101/18932 ...
[09/07 23:42:41] [TEST] Processing batch 16102/18932 ...
[09/07 23:42:41] [TEST] Processing batch 16103/18932 ...
[09/07 23:42:41] [TEST] Processing batch 16104/18932 ...
[09/07 23:42:41] [TEST] Processing batch 16105/18932 ...
[09/07 23:42:41] [TEST] Processing batch 16106/18932 ...
[09/07 23:42:41] [TEST] Processing batch 16107/18932 ...
[09/07 23:42:41] [TEST] Processing batch 16108/18932 ...
[09/07 23:42:41] [TEST] Processing batch 16109/18932 ...
[09/07 23:42:41] [TEST] Processing batch 16110/18932 ...
[09/07 23:42:41] [TEST] Processing batch 16111/18932 ...
[09/07 23:42:41] [TEST] Processing batch 16112/18932 ...
[09/07 23:42:41] [TEST] Processing batch 16113/18932 ...
[09/07 23:42:41] [TEST] Processing batch 16114/18932 ...
[09/07 23:42:41] [TEST] Processing batch 16115/18932 ...
[09/07 23:42:41] [TEST] Processing batch 16116/18932 ...
[09/07 23:42:42] [TEST] Processing batch 16117/18932 ...
[09/07 23:42:42] [TEST] Processing batch 16118/18932 ...
[09/07 23:42:42] [TEST] Processing batch 16119/18932 ...
[09/07 23:42:42] [TEST] Processing batch 16120/18932 ...
[09/07 23:42:42] [TEST] Processing batch 16121/18932 ...
[09/07 23:42:42] [TEST] Processing batch 16122/18932 ...
[09/07 23:42:42] [TEST] Processing batch 16123/18932 ...
[09/07 23:42:42] [TEST] Processing batch 16124/18932 ...
[09/07 23:42:42] [TEST] Processing batch 16125/18932 ...
[09/07 23:42:42] [TEST] Processing batch 16126/18932 ...
[09/07 23:42:42] [TEST] Processing batch 16127/18932 ...
[09/07 23:42:42] [TEST] Processing batch 16128/18932 ...
[09/07 23:42:42] [TEST] Processing batch 16129/18932 ...
[09/07 23:42:42] [TEST] Processing batch 16130/18932 ...
[09/07 23:42:42] [TEST] Processing batch 16131/18932 ...
[09/07 23:42:42] [TEST] Processing batch 16132/18932 ...
[09/07 23:42:42] [TEST] Processing batch 16133/18932 ...
[09/07 23:42:42] [TEST] Processing batch 16134/18932 ...
[09/07 23:42:43] [TEST] Processing batch 16135/18932 ...
[09/07 23:42:43] [TEST] Processing batch 16136/18932 ...
[09/07 23:42:43] [TEST] Processing batch 16137/18932 ...
[09/07 23:42:43] [TEST] Processing batch 16138/18932 ...
[09/07 23:42:43] [TEST] Processing batch 16139/18932 ...
[09/07 23:42:43] [TEST] Processing batch 16140/18932 ...
[09/07 23:42:43] [TEST] Processing batch 16141/18932 ...
[09/07 23:42:43] [TEST] Processing batch 16142/18932 ...
[09/07 23:42:43] [TEST] Processing batch 16143/18932 ...
[09/07 23:42:43] [TEST] Processing batch 16144/18932 ...
[09/07 23:42:43] [TEST] Processing batch 16145/18932 ...
[09/07 23:42:43] [TEST] Processing batch 16146/18932 ...
[09/07 23:42:43] [TEST] Processing batch 16147/18932 ...
[09/07 23:42:43] [TEST] Processing batch 16148/18932 ...
[09/07 23:42:43] [TEST] Processing batch 16149/18932 ...
[09/07 23:42:43] [TEST] Processing batch 16150/18932 ...
[09/07 23:42:43] [TEST] Processing batch 16151/18932 ...
[09/07 23:42:44] [TEST] Processing batch 16152/18932 ...
[09/07 23:42:44] [TEST] Processing batch 16153/18932 ...
[09/07 23:42:44] [TEST] Processing batch 16154/18932 ...
[09/07 23:42:44] [TEST] Processing batch 16155/18932 ...
[09/07 23:42:44] [TEST] Processing batch 16156/18932 ...
[09/07 23:42:44] [TEST] Processing batch 16157/18932 ...
[09/07 23:42:44] [TEST] Processing batch 16158/18932 ...
[09/07 23:42:44] [TEST] Processing batch 16159/18932 ...
[09/07 23:42:44] [TEST] Processing batch 16160/18932 ...
[09/07 23:42:44] [TEST] Processing batch 16161/18932 ...
[09/07 23:42:44] [TEST] Processing batch 16162/18932 ...
[09/07 23:42:44] [TEST] Processing batch 16163/18932 ...
[09/07 23:42:44] [TEST] Processing batch 16164/18932 ...
[09/07 23:42:44] [TEST] Processing batch 16165/18932 ...
[09/07 23:42:44] [TEST] Processing batch 16166/18932 ...
[09/07 23:42:44] [TEST] Processing batch 16167/18932 ...
[09/07 23:42:44] [TEST] Processing batch 16168/18932 ...
[09/07 23:42:44] [TEST] Processing batch 16169/18932 ...
[09/07 23:42:45] [TEST] Processing batch 16170/18932 ...
[09/07 23:42:45] [TEST] Processing batch 16171/18932 ...
[09/07 23:42:45] [TEST] Processing batch 16172/18932 ...
[09/07 23:42:45] [TEST] Processing batch 16173/18932 ...
[09/07 23:42:45] [TEST] Processing batch 16174/18932 ...
[09/07 23:42:45] [TEST] Processing batch 16175/18932 ...
[09/07 23:42:45] [TEST] Processing batch 16176/18932 ...
[09/07 23:42:45] [TEST] Processing batch 16177/18932 ...
[09/07 23:42:45] [TEST] Processing batch 16178/18932 ...
[09/07 23:42:45] [TEST] Processing batch 16179/18932 ...
[09/07 23:42:45] [TEST] Processing batch 16180/18932 ...
[09/07 23:42:45] [TEST] Processing batch 16181/18932 ...
[09/07 23:42:45] [TEST] Processing batch 16182/18932 ...
[09/07 23:42:45] [TEST] Processing batch 16183/18932 ...
[09/07 23:42:45] [TEST] Processing batch 16184/18932 ...
[09/07 23:42:45] [TEST] Processing batch 16185/18932 ...
[09/07 23:42:45] [TEST] Processing batch 16186/18932 ...
[09/07 23:42:45] [TEST] Processing batch 16187/18932 ...
[09/07 23:42:46] [TEST] Processing batch 16188/18932 ...
[09/07 23:42:46] [TEST] Processing batch 16189/18932 ...
[09/07 23:42:46] [TEST] Processing batch 16190/18932 ...
[09/07 23:42:46] [TEST] Processing batch 16191/18932 ...
[09/07 23:42:46] [TEST] Processing batch 16192/18932 ...
[09/07 23:42:46] [TEST] Processing batch 16193/18932 ...
[09/07 23:42:46] [TEST] Processing batch 16194/18932 ...
[09/07 23:42:46] [TEST] Processing batch 16195/18932 ...
[09/07 23:42:46] [TEST] Processing batch 16196/18932 ...
[09/07 23:42:46] [TEST] Processing batch 16197/18932 ...
[09/07 23:42:46] [TEST] Processing batch 16198/18932 ...
[09/07 23:42:46] [TEST] Processing batch 16199/18932 ...
[09/07 23:42:46] [TEST] Processing batch 16200/18932 ...
[09/07 23:42:46] [TEST] Processing batch 16201/18932 ...
[09/07 23:42:46] [TEST] Processing batch 16202/18932 ...
[09/07 23:42:46] [TEST] Processing batch 16203/18932 ...
[09/07 23:42:46] [TEST] Processing batch 16204/18932 ...
[09/07 23:42:46] [TEST] Processing batch 16205/18932 ...
[09/07 23:42:47] [TEST] Processing batch 16206/18932 ...
[09/07 23:42:47] [TEST] Processing batch 16207/18932 ...
[09/07 23:42:47] [TEST] Processing batch 16208/18932 ...
[09/07 23:42:47] [TEST] Processing batch 16209/18932 ...
[09/07 23:42:47] [TEST] Processing batch 16210/18932 ...
[09/07 23:42:47] [TEST] Processing batch 16211/18932 ...
[09/07 23:42:47] [TEST] Processing batch 16212/18932 ...
[09/07 23:42:47] [TEST] Processing batch 16213/18932 ...
[09/07 23:42:47] [TEST] Processing batch 16214/18932 ...
[09/07 23:42:47] [TEST] Processing batch 16215/18932 ...
[09/07 23:42:47] [TEST] Processing batch 16216/18932 ...
[09/07 23:42:47] [TEST] Processing batch 16217/18932 ...
[09/07 23:42:47] [TEST] Processing batch 16218/18932 ...
[09/07 23:42:47] [TEST] Processing batch 16219/18932 ...
[09/07 23:42:47] [TEST] Processing batch 16220/18932 ...
[09/07 23:42:47] [TEST] Processing batch 16221/18932 ...
[09/07 23:42:47] [TEST] Processing batch 16222/18932 ...
[09/07 23:42:47] [TEST] Processing batch 16223/18932 ...
[09/07 23:42:48] [TEST] Processing batch 16224/18932 ...
[09/07 23:42:48] [TEST] Processing batch 16225/18932 ...
[09/07 23:42:48] [TEST] Processing batch 16226/18932 ...
[09/07 23:42:48] [TEST] Processing batch 16227/18932 ...
[09/07 23:42:48] [TEST] Processing batch 16228/18932 ...
[09/07 23:42:48] [TEST] Processing batch 16229/18932 ...
[09/07 23:42:48] [TEST] Processing batch 16230/18932 ...
[09/07 23:42:48] [TEST] Processing batch 16231/18932 ...
[09/07 23:42:48] [TEST] Processing batch 16232/18932 ...
[09/07 23:42:48] [TEST] Processing batch 16233/18932 ...
[09/07 23:42:48] [TEST] Processing batch 16234/18932 ...
[09/07 23:42:48] [TEST] Processing batch 16235/18932 ...
[09/07 23:42:48] [TEST] Processing batch 16236/18932 ...
[09/07 23:42:48] [TEST] Processing batch 16237/18932 ...
[09/07 23:42:48] [TEST] Processing batch 16238/18932 ...
[09/07 23:42:48] [TEST] Processing batch 16239/18932 ...
[09/07 23:42:48] [TEST] Processing batch 16240/18932 ...
[09/07 23:42:48] [TEST] Processing batch 16241/18932 ...
[09/07 23:42:49] [TEST] Processing batch 16242/18932 ...
[09/07 23:42:49] [TEST] Processing batch 16243/18932 ...
[09/07 23:42:49] [TEST] Processing batch 16244/18932 ...
[09/07 23:42:49] [TEST] Processing batch 16245/18932 ...
[09/07 23:42:49] [TEST] Processing batch 16246/18932 ...
[09/07 23:42:49] [TEST] Processing batch 16247/18932 ...
[09/07 23:42:49] [TEST] Processing batch 16248/18932 ...
[09/07 23:42:49] [TEST] Processing batch 16249/18932 ...
[09/07 23:42:49] [TEST] Processing batch 16250/18932 ...
[09/07 23:42:49] [TEST] Processing batch 16251/18932 ...
[09/07 23:42:49] [TEST] Processing batch 16252/18932 ...
[09/07 23:42:49] [TEST] Processing batch 16253/18932 ...
[09/07 23:42:49] [TEST] Processing batch 16254/18932 ...
[09/07 23:42:49] [TEST] Processing batch 16255/18932 ...
[09/07 23:42:49] [TEST] Processing batch 16256/18932 ...
[09/07 23:42:49] [TEST] Processing batch 16257/18932 ...
[09/07 23:42:49] [TEST] Processing batch 16258/18932 ...
[09/07 23:42:49] [TEST] Processing batch 16259/18932 ...
[09/07 23:42:50] [TEST] Processing batch 16260/18932 ...
[09/07 23:42:50] [TEST] Processing batch 16261/18932 ...
[09/07 23:42:50] [TEST] Processing batch 16262/18932 ...
[09/07 23:42:50] [TEST] Processing batch 16263/18932 ...
[09/07 23:42:50] [TEST] Processing batch 16264/18932 ...
[09/07 23:42:50] [TEST] Processing batch 16265/18932 ...
[09/07 23:42:50] [TEST] Processing batch 16266/18932 ...
[09/07 23:42:50] [TEST] Processing batch 16267/18932 ...
[09/07 23:42:50] [TEST] Processing batch 16268/18932 ...
[09/07 23:42:50] [TEST] Processing batch 16269/18932 ...
[09/07 23:42:50] [TEST] Processing batch 16270/18932 ...
[09/07 23:42:50] [TEST] Processing batch 16271/18932 ...
[09/07 23:42:50] [TEST] Processing batch 16272/18932 ...
[09/07 23:42:50] [TEST] Processing batch 16273/18932 ...
[09/07 23:42:50] [TEST] Processing batch 16274/18932 ...
[09/07 23:42:50] [TEST] Processing batch 16275/18932 ...
[09/07 23:42:50] [TEST] Processing batch 16276/18932 ...
[09/07 23:42:51] [TEST] Processing batch 16277/18932 ...
[09/07 23:42:51] [TEST] Processing batch 16278/18932 ...
[09/07 23:42:51] [TEST] Processing batch 16279/18932 ...
[09/07 23:42:51] [TEST] Processing batch 16280/18932 ...
[09/07 23:42:51] [TEST] Processing batch 16281/18932 ...
[09/07 23:42:51] [TEST] Processing batch 16282/18932 ...
[09/07 23:42:51] [TEST] Processing batch 16283/18932 ...
[09/07 23:42:51] [TEST] Processing batch 16284/18932 ...
[09/07 23:42:51] [TEST] Processing batch 16285/18932 ...
[09/07 23:42:51] [TEST] Processing batch 16286/18932 ...
[09/07 23:42:51] [TEST] Processing batch 16287/18932 ...
[09/07 23:42:51] [TEST] Processing batch 16288/18932 ...
[09/07 23:42:51] [TEST] Processing batch 16289/18932 ...
[09/07 23:42:51] [TEST] Processing batch 16290/18932 ...
[09/07 23:42:51] [TEST] Processing batch 16291/18932 ...
[09/07 23:42:51] [TEST] Processing batch 16292/18932 ...
[09/07 23:42:51] [TEST] Processing batch 16293/18932 ...
[09/07 23:42:51] [TEST] Processing batch 16294/18932 ...
[09/07 23:42:52] [TEST] Processing batch 16295/18932 ...
[09/07 23:42:52] [TEST] Processing batch 16296/18932 ...
[09/07 23:42:52] [TEST] Processing batch 16297/18932 ...
[09/07 23:42:52] [TEST] Processing batch 16298/18932 ...
[09/07 23:42:52] [TEST] Processing batch 16299/18932 ...
[09/07 23:42:52] [TEST] Processing batch 16300/18932 ...
[09/07 23:42:52] [TEST] Processing batch 16301/18932 ...
[09/07 23:42:52] [TEST] Processing batch 16302/18932 ...
[09/07 23:42:52] [TEST] Processing batch 16303/18932 ...
[09/07 23:42:52] [TEST] Processing batch 16304/18932 ...
[09/07 23:42:52] [TEST] Processing batch 16305/18932 ...
[09/07 23:42:52] [TEST] Processing batch 16306/18932 ...
[09/07 23:42:52] [TEST] Processing batch 16307/18932 ...
[09/07 23:42:52] [TEST] Processing batch 16308/18932 ...
[09/07 23:42:52] [TEST] Processing batch 16309/18932 ...
[09/07 23:42:52] [TEST] Processing batch 16310/18932 ...
[09/07 23:42:52] [TEST] Processing batch 16311/18932 ...
[09/07 23:42:52] [TEST] Processing batch 16312/18932 ...
[09/07 23:42:53] [TEST] Processing batch 16313/18932 ...
[09/07 23:42:53] [TEST] Processing batch 16314/18932 ...
[09/07 23:42:53] [TEST] Processing batch 16315/18932 ...
[09/07 23:42:53] [TEST] Processing batch 16316/18932 ...
[09/07 23:42:53] [TEST] Processing batch 16317/18932 ...
[09/07 23:42:53] [TEST] Processing batch 16318/18932 ...
[09/07 23:42:53] [TEST] Processing batch 16319/18932 ...
[09/07 23:42:53] [TEST] Processing batch 16320/18932 ...
[09/07 23:42:53] [TEST] Processing batch 16321/18932 ...
[09/07 23:42:53] [TEST] Processing batch 16322/18932 ...
[09/07 23:42:53] [TEST] Processing batch 16323/18932 ...
[09/07 23:42:53] [TEST] Processing batch 16324/18932 ...
[09/07 23:42:53] [TEST] Processing batch 16325/18932 ...
[09/07 23:42:53] [TEST] Processing batch 16326/18932 ...
[09/07 23:42:53] [TEST] Processing batch 16327/18932 ...
[09/07 23:42:53] [TEST] Processing batch 16328/18932 ...
[09/07 23:42:53] [TEST] Processing batch 16329/18932 ...
[09/07 23:42:53] [TEST] Processing batch 16330/18932 ...
[09/07 23:42:54] [TEST] Processing batch 16331/18932 ...
[09/07 23:42:54] [TEST] Processing batch 16332/18932 ...
[09/07 23:42:54] [TEST] Processing batch 16333/18932 ...
[09/07 23:42:54] [TEST] Processing batch 16334/18932 ...
[09/07 23:42:54] [TEST] Processing batch 16335/18932 ...
[09/07 23:42:54] [TEST] Processing batch 16336/18932 ...
[09/07 23:42:54] [TEST] Processing batch 16337/18932 ...
[09/07 23:42:54] [TEST] Processing batch 16338/18932 ...
[09/07 23:42:54] [TEST] Processing batch 16339/18932 ...
[09/07 23:42:54] [TEST] Processing batch 16340/18932 ...
[09/07 23:42:54] [TEST] Processing batch 16341/18932 ...
[09/07 23:42:54] [TEST] Processing batch 16342/18932 ...
[09/07 23:42:54] [TEST] Processing batch 16343/18932 ...
[09/07 23:42:54] [TEST] Processing batch 16344/18932 ...
[09/07 23:42:54] [TEST] Processing batch 16345/18932 ...
[09/07 23:42:54] [TEST] Processing batch 16346/18932 ...
[09/07 23:42:54] [TEST] Processing batch 16347/18932 ...
[09/07 23:42:54] [TEST] Processing batch 16348/18932 ...
[09/07 23:42:55] [TEST] Processing batch 16349/18932 ...
[09/07 23:42:55] [TEST] Processing batch 16350/18932 ...
[09/07 23:42:55] [TEST] Processing batch 16351/18932 ...
[09/07 23:42:55] [TEST] Processing batch 16352/18932 ...
[09/07 23:42:55] [TEST] Processing batch 16353/18932 ...
[09/07 23:42:55] [TEST] Processing batch 16354/18932 ...
[09/07 23:42:55] [TEST] Processing batch 16355/18932 ...
[09/07 23:42:55] [TEST] Processing batch 16356/18932 ...
[09/07 23:42:55] [TEST] Processing batch 16357/18932 ...
[09/07 23:42:55] [TEST] Processing batch 16358/18932 ...
[09/07 23:42:55] [TEST] Processing batch 16359/18932 ...
[09/07 23:42:55] [TEST] Processing batch 16360/18932 ...
[09/07 23:42:55] [TEST] Processing batch 16361/18932 ...
[09/07 23:42:55] [TEST] Processing batch 16362/18932 ...
[09/07 23:42:55] [TEST] Processing batch 16363/18932 ...
[09/07 23:42:55] [TEST] Processing batch 16364/18932 ...
[09/07 23:42:55] [TEST] Processing batch 16365/18932 ...
[09/07 23:42:55] [TEST] Processing batch 16366/18932 ...
[09/07 23:42:56] [TEST] Processing batch 16367/18932 ...
[09/07 23:42:56] [TEST] Processing batch 16368/18932 ...
[09/07 23:42:56] [TEST] Processing batch 16369/18932 ...
[09/07 23:42:56] [TEST] Processing batch 16370/18932 ...
[09/07 23:42:56] [TEST] Processing batch 16371/18932 ...
[09/07 23:42:56] [TEST] Processing batch 16372/18932 ...
[09/07 23:42:56] [TEST] Processing batch 16373/18932 ...
[09/07 23:42:56] [TEST] Processing batch 16374/18932 ...
[09/07 23:42:56] [TEST] Processing batch 16375/18932 ...
[09/07 23:42:56] [TEST] Processing batch 16376/18932 ...
[09/07 23:42:56] [TEST] Processing batch 16377/18932 ...
[09/07 23:42:56] [TEST] Processing batch 16378/18932 ...
[09/07 23:42:56] [TEST] Processing batch 16379/18932 ...
[09/07 23:42:56] [TEST] Processing batch 16380/18932 ...
[09/07 23:42:56] [TEST] Processing batch 16381/18932 ...
[09/07 23:42:56] [TEST] Processing batch 16382/18932 ...
[09/07 23:42:56] [TEST] Processing batch 16383/18932 ...
[09/07 23:42:56] [TEST] Processing batch 16384/18932 ...
[09/07 23:42:57] [TEST] Processing batch 16385/18932 ...
[09/07 23:42:57] [TEST] Processing batch 16386/18932 ...
[09/07 23:42:57] [TEST] Processing batch 16387/18932 ...
[09/07 23:42:57] [TEST] Processing batch 16388/18932 ...
[09/07 23:42:57] [TEST] Processing batch 16389/18932 ...
[09/07 23:42:57] [TEST] Processing batch 16390/18932 ...
[09/07 23:42:57] [TEST] Processing batch 16391/18932 ...
[09/07 23:42:57] [TEST] Processing batch 16392/18932 ...
[09/07 23:42:57] [TEST] Processing batch 16393/18932 ...
[09/07 23:42:57] [TEST] Processing batch 16394/18932 ...
[09/07 23:42:57] [TEST] Processing batch 16395/18932 ...
[09/07 23:42:57] [TEST] Processing batch 16396/18932 ...
[09/07 23:42:57] [TEST] Processing batch 16397/18932 ...
[09/07 23:42:57] [TEST] Processing batch 16398/18932 ...
[09/07 23:42:57] [TEST] Processing batch 16399/18932 ...
[09/07 23:42:57] [TEST] Processing batch 16400/18932 ...
[09/07 23:42:57] [TEST] Processing batch 16401/18932 ...
[09/07 23:42:57] [TEST] Processing batch 16402/18932 ...
[09/07 23:42:58] [TEST] Processing batch 16403/18932 ...
[09/07 23:42:58] [TEST] Processing batch 16404/18932 ...
[09/07 23:42:58] [TEST] Processing batch 16405/18932 ...
[09/07 23:42:58] [TEST] Processing batch 16406/18932 ...
[09/07 23:42:58] [TEST] Processing batch 16407/18932 ...
[09/07 23:42:58] [TEST] Processing batch 16408/18932 ...
[09/07 23:42:58] [TEST] Processing batch 16409/18932 ...
[09/07 23:42:58] [TEST] Processing batch 16410/18932 ...
[09/07 23:42:58] [TEST] Processing batch 16411/18932 ...
[09/07 23:42:58] [TEST] Processing batch 16412/18932 ...
[09/07 23:42:58] [TEST] Processing batch 16413/18932 ...
[09/07 23:42:58] [TEST] Processing batch 16414/18932 ...
[09/07 23:42:58] [TEST] Processing batch 16415/18932 ...
[09/07 23:42:58] [TEST] Processing batch 16416/18932 ...
[09/07 23:42:58] [TEST] Processing batch 16417/18932 ...
[09/07 23:42:58] [TEST] Processing batch 16418/18932 ...
[09/07 23:42:58] [TEST] Processing batch 16419/18932 ...
[09/07 23:42:58] [TEST] Processing batch 16420/18932 ...
[09/07 23:42:59] [TEST] Processing batch 16421/18932 ...
[09/07 23:42:59] [TEST] Processing batch 16422/18932 ...
[09/07 23:42:59] [TEST] Processing batch 16423/18932 ...
[09/07 23:42:59] [TEST] Processing batch 16424/18932 ...
[09/07 23:42:59] [TEST] Processing batch 16425/18932 ...
[09/07 23:42:59] [TEST] Processing batch 16426/18932 ...
[09/07 23:42:59] [TEST] Processing batch 16427/18932 ...
[09/07 23:42:59] [TEST] Processing batch 16428/18932 ...
[09/07 23:42:59] [TEST] Processing batch 16429/18932 ...
[09/07 23:42:59] [TEST] Processing batch 16430/18932 ...
[09/07 23:42:59] [TEST] Processing batch 16431/18932 ...
[09/07 23:42:59] [TEST] Processing batch 16432/18932 ...
[09/07 23:42:59] [TEST] Processing batch 16433/18932 ...
[09/07 23:42:59] [TEST] Processing batch 16434/18932 ...
[09/07 23:42:59] [TEST] Processing batch 16435/18932 ...
[09/07 23:42:59] [TEST] Processing batch 16436/18932 ...
[09/07 23:42:59] [TEST] Processing batch 16437/18932 ...
[09/07 23:43:00] [TEST] Processing batch 16438/18932 ...
[09/07 23:43:00] [TEST] Processing batch 16439/18932 ...
[09/07 23:43:00] [TEST] Processing batch 16440/18932 ...
[09/07 23:43:00] [TEST] Processing batch 16441/18932 ...
[09/07 23:43:00] [TEST] Processing batch 16442/18932 ...
[09/07 23:43:00] [TEST] Processing batch 16443/18932 ...
[09/07 23:43:00] [TEST] Processing batch 16444/18932 ...
[09/07 23:43:00] [TEST] Processing batch 16445/18932 ...
[09/07 23:43:00] [TEST] Processing batch 16446/18932 ...
[09/07 23:43:00] [TEST] Processing batch 16447/18932 ...
[09/07 23:43:00] [TEST] Processing batch 16448/18932 ...
[09/07 23:43:00] [TEST] Processing batch 16449/18932 ...
[09/07 23:43:00] [TEST] Processing batch 16450/18932 ...
[09/07 23:43:00] [TEST] Processing batch 16451/18932 ...
[09/07 23:43:00] [TEST] Processing batch 16452/18932 ...
[09/07 23:43:00] [TEST] Processing batch 16453/18932 ...
[09/07 23:43:00] [TEST] Processing batch 16454/18932 ...
[09/07 23:43:00] [TEST] Processing batch 16455/18932 ...
[09/07 23:43:01] [TEST] Processing batch 16456/18932 ...
[09/07 23:43:01] [TEST] Processing batch 16457/18932 ...
[09/07 23:43:01] [TEST] Processing batch 16458/18932 ...
[09/07 23:43:01] [TEST] Processing batch 16459/18932 ...
[09/07 23:43:01] [TEST] Processing batch 16460/18932 ...
[09/07 23:43:01] [TEST] Processing batch 16461/18932 ...
[09/07 23:43:01] [TEST] Processing batch 16462/18932 ...
[09/07 23:43:01] [TEST] Processing batch 16463/18932 ...
[09/07 23:43:01] [TEST] Processing batch 16464/18932 ...
[09/07 23:43:01] [TEST] Processing batch 16465/18932 ...
[09/07 23:43:01] [TEST] Processing batch 16466/18932 ...
[09/07 23:43:01] [TEST] Processing batch 16467/18932 ...
[09/07 23:43:01] [TEST] Processing batch 16468/18932 ...
[09/07 23:43:01] [TEST] Processing batch 16469/18932 ...
[09/07 23:43:01] [TEST] Processing batch 16470/18932 ...
[09/07 23:43:01] [TEST] Processing batch 16471/18932 ...
[09/07 23:43:01] [TEST] Processing batch 16472/18932 ...
[09/07 23:43:01] [TEST] Processing batch 16473/18932 ...
[09/07 23:43:02] [TEST] Processing batch 16474/18932 ...
[09/07 23:43:02] [TEST] Processing batch 16475/18932 ...
[09/07 23:43:02] [TEST] Processing batch 16476/18932 ...
[09/07 23:43:02] [TEST] Processing batch 16477/18932 ...
[09/07 23:43:02] [TEST] Processing batch 16478/18932 ...
[09/07 23:43:02] [TEST] Processing batch 16479/18932 ...
[09/07 23:43:02] [TEST] Processing batch 16480/18932 ...
[09/07 23:43:02] [TEST] Processing batch 16481/18932 ...
[09/07 23:43:02] [TEST] Processing batch 16482/18932 ...
[09/07 23:43:02] [TEST] Processing batch 16483/18932 ...
[09/07 23:43:02] [TEST] Processing batch 16484/18932 ...
[09/07 23:43:02] [TEST] Processing batch 16485/18932 ...
[09/07 23:43:02] [TEST] Processing batch 16486/18932 ...
[09/07 23:43:02] [TEST] Processing batch 16487/18932 ...
[09/07 23:43:02] [TEST] Processing batch 16488/18932 ...
[09/07 23:43:02] [TEST] Processing batch 16489/18932 ...
[09/07 23:43:02] [TEST] Processing batch 16490/18932 ...
[09/07 23:43:03] [TEST] Processing batch 16491/18932 ...
[09/07 23:43:03] [TEST] Processing batch 16492/18932 ...
[09/07 23:43:03] [TEST] Processing batch 16493/18932 ...
[09/07 23:43:03] [TEST] Processing batch 16494/18932 ...
[09/07 23:43:03] [TEST] Processing batch 16495/18932 ...
[09/07 23:43:03] [TEST] Processing batch 16496/18932 ...
[09/07 23:43:03] [TEST] Processing batch 16497/18932 ...
[09/07 23:43:03] [TEST] Processing batch 16498/18932 ...
[09/07 23:43:03] [TEST] Processing batch 16499/18932 ...
[09/07 23:43:03] [TEST] Processing batch 16500/18932 ...
[09/07 23:43:03] [TEST] Processing batch 16501/18932 ...
[09/07 23:43:03] [TEST] Processing batch 16502/18932 ...
[09/07 23:43:03] [TEST] Processing batch 16503/18932 ...
[09/07 23:43:03] [TEST] Processing batch 16504/18932 ...
[09/07 23:43:03] [TEST] Processing batch 16505/18932 ...
[09/07 23:43:03] [TEST] Processing batch 16506/18932 ...
[09/07 23:43:03] [TEST] Processing batch 16507/18932 ...
[09/07 23:43:03] [TEST] Processing batch 16508/18932 ...
[09/07 23:43:04] [TEST] Processing batch 16509/18932 ...
[09/07 23:43:04] [TEST] Processing batch 16510/18932 ...
[09/07 23:43:04] [TEST] Processing batch 16511/18932 ...
[09/07 23:43:04] [TEST] Processing batch 16512/18932 ...
[09/07 23:43:04] [TEST] Processing batch 16513/18932 ...
[09/07 23:43:04] [TEST] Processing batch 16514/18932 ...
[09/07 23:43:04] [TEST] Processing batch 16515/18932 ...
[09/07 23:43:04] [TEST] Processing batch 16516/18932 ...
[09/07 23:43:04] [TEST] Processing batch 16517/18932 ...
[09/07 23:43:04] [TEST] Processing batch 16518/18932 ...
[09/07 23:43:04] [TEST] Processing batch 16519/18932 ...
[09/07 23:43:04] [TEST] Processing batch 16520/18932 ...
[09/07 23:43:04] [TEST] Processing batch 16521/18932 ...
[09/07 23:43:04] [TEST] Processing batch 16522/18932 ...
[09/07 23:43:04] [TEST] Processing batch 16523/18932 ...
[09/07 23:43:04] [TEST] Processing batch 16524/18932 ...
[09/07 23:43:04] [TEST] Processing batch 16525/18932 ...
[09/07 23:43:04] [TEST] Processing batch 16526/18932 ...
[09/07 23:43:05] [TEST] Processing batch 16527/18932 ...
[09/07 23:43:05] [TEST] Processing batch 16528/18932 ...
[09/07 23:43:05] [TEST] Processing batch 16529/18932 ...
[09/07 23:43:05] [TEST] Processing batch 16530/18932 ...
[09/07 23:43:05] [TEST] Processing batch 16531/18932 ...
[09/07 23:43:05] [TEST] Processing batch 16532/18932 ...
[09/07 23:43:05] [TEST] Processing batch 16533/18932 ...
[09/07 23:43:05] [TEST] Processing batch 16534/18932 ...
[09/07 23:43:05] [TEST] Processing batch 16535/18932 ...
[09/07 23:43:05] [TEST] Processing batch 16536/18932 ...
[09/07 23:43:05] [TEST] Processing batch 16537/18932 ...
[09/07 23:43:05] [TEST] Processing batch 16538/18932 ...
[09/07 23:43:05] [TEST] Processing batch 16539/18932 ...
[09/07 23:43:05] [TEST] Processing batch 16540/18932 ...
[09/07 23:43:05] [TEST] Processing batch 16541/18932 ...
[09/07 23:43:05] [TEST] Processing batch 16542/18932 ...
[09/07 23:43:05] [TEST] Processing batch 16543/18932 ...
[09/07 23:43:06] [TEST] Processing batch 16544/18932 ...
[09/07 23:43:06] [TEST] Processing batch 16545/18932 ...
[09/07 23:43:06] [TEST] Processing batch 16546/18932 ...
[09/07 23:43:06] [TEST] Processing batch 16547/18932 ...
[09/07 23:43:06] [TEST] Processing batch 16548/18932 ...
[09/07 23:43:06] [TEST] Processing batch 16549/18932 ...
[09/07 23:43:06] [TEST] Processing batch 16550/18932 ...
[09/07 23:43:06] [TEST] Processing batch 16551/18932 ...
[09/07 23:43:06] [TEST] Processing batch 16552/18932 ...
[09/07 23:43:06] [TEST] Processing batch 16553/18932 ...
[09/07 23:43:06] [TEST] Processing batch 16554/18932 ...
[09/07 23:43:06] [TEST] Processing batch 16555/18932 ...
[09/07 23:43:06] [TEST] Processing batch 16556/18932 ...
[09/07 23:43:06] [TEST] Processing batch 16557/18932 ...
[09/07 23:43:06] [TEST] Processing batch 16558/18932 ...
[09/07 23:43:06] [TEST] Processing batch 16559/18932 ...
[09/07 23:43:06] [TEST] Processing batch 16560/18932 ...
[09/07 23:43:06] [TEST] Processing batch 16561/18932 ...
[09/07 23:43:07] [TEST] Processing batch 16562/18932 ...
[09/07 23:43:07] [TEST] Processing batch 16563/18932 ...
[09/07 23:43:07] [TEST] Processing batch 16564/18932 ...
[09/07 23:43:07] [TEST] Processing batch 16565/18932 ...
[09/07 23:43:07] [TEST] Processing batch 16566/18932 ...
[09/07 23:43:07] [TEST] Processing batch 16567/18932 ...
[09/07 23:43:07] [TEST] Processing batch 16568/18932 ...
[09/07 23:43:07] [TEST] Processing batch 16569/18932 ...
[09/07 23:43:07] [TEST] Processing batch 16570/18932 ...
[09/07 23:43:07] [TEST] Processing batch 16571/18932 ...
[09/07 23:43:07] [TEST] Processing batch 16572/18932 ...
[09/07 23:43:07] [TEST] Processing batch 16573/18932 ...
[09/07 23:43:07] [TEST] Processing batch 16574/18932 ...
[09/07 23:43:07] [TEST] Processing batch 16575/18932 ...
[09/07 23:43:07] [TEST] Processing batch 16576/18932 ...
[09/07 23:43:07] [TEST] Processing batch 16577/18932 ...
[09/07 23:43:07] [TEST] Processing batch 16578/18932 ...
[09/07 23:43:07] [TEST] Processing batch 16579/18932 ...
[09/07 23:43:08] [TEST] Processing batch 16580/18932 ...
[09/07 23:43:08] [TEST] Processing batch 16581/18932 ...
[09/07 23:43:08] [TEST] Processing batch 16582/18932 ...
[09/07 23:43:08] [TEST] Processing batch 16583/18932 ...
[09/07 23:43:08] [TEST] Processing batch 16584/18932 ...
[09/07 23:43:08] [TEST] Processing batch 16585/18932 ...
[09/07 23:43:08] [TEST] Processing batch 16586/18932 ...
[09/07 23:43:08] [TEST] Processing batch 16587/18932 ...
[09/07 23:43:08] [TEST] Processing batch 16588/18932 ...
[09/07 23:43:08] [TEST] Processing batch 16589/18932 ...
[09/07 23:43:08] [TEST] Processing batch 16590/18932 ...
[09/07 23:43:08] [TEST] Processing batch 16591/18932 ...
[09/07 23:43:08] [TEST] Processing batch 16592/18932 ...
[09/07 23:43:08] [TEST] Processing batch 16593/18932 ...
[09/07 23:43:08] [TEST] Processing batch 16594/18932 ...
[09/07 23:43:08] [TEST] Processing batch 16595/18932 ...
[09/07 23:43:08] [TEST] Processing batch 16596/18932 ...
[09/07 23:43:08] [TEST] Processing batch 16597/18932 ...
[09/07 23:43:09] [TEST] Processing batch 16598/18932 ...
[09/07 23:43:09] [TEST] Processing batch 16599/18932 ...
[09/07 23:43:09] [TEST] Processing batch 16600/18932 ...
[09/07 23:43:09] [TEST] Processing batch 16601/18932 ...
[09/07 23:43:09] [TEST] Processing batch 16602/18932 ...
[09/07 23:43:09] [TEST] Processing batch 16603/18932 ...
[09/07 23:43:09] [TEST] Processing batch 16604/18932 ...
[09/07 23:43:09] [TEST] Processing batch 16605/18932 ...
[09/07 23:43:09] [TEST] Processing batch 16606/18932 ...
[09/07 23:43:09] [TEST] Processing batch 16607/18932 ...
[09/07 23:43:09] [TEST] Processing batch 16608/18932 ...
[09/07 23:43:09] [TEST] Processing batch 16609/18932 ...
[09/07 23:43:09] [TEST] Processing batch 16610/18932 ...
[09/07 23:43:09] [TEST] Processing batch 16611/18932 ...
[09/07 23:43:09] [TEST] Processing batch 16612/18932 ...
[09/07 23:43:09] [TEST] Processing batch 16613/18932 ...
[09/07 23:43:09] [TEST] Processing batch 16614/18932 ...
[09/07 23:43:09] [TEST] Processing batch 16615/18932 ...
[09/07 23:43:10] [TEST] Processing batch 16616/18932 ...
[09/07 23:43:10] [TEST] Processing batch 16617/18932 ...
[09/07 23:43:10] [TEST] Processing batch 16618/18932 ...
[09/07 23:43:10] [TEST] Processing batch 16619/18932 ...
[09/07 23:43:10] [TEST] Processing batch 16620/18932 ...
[09/07 23:43:10] [TEST] Processing batch 16621/18932 ...
[09/07 23:43:10] [TEST] Processing batch 16622/18932 ...
[09/07 23:43:10] [TEST] Processing batch 16623/18932 ...
[09/07 23:43:10] [TEST] Processing batch 16624/18932 ...
[09/07 23:43:10] [TEST] Processing batch 16625/18932 ...
[09/07 23:43:10] [TEST] Processing batch 16626/18932 ...
[09/07 23:43:10] [TEST] Processing batch 16627/18932 ...
[09/07 23:43:10] [TEST] Processing batch 16628/18932 ...
[09/07 23:43:10] [TEST] Processing batch 16629/18932 ...
[09/07 23:43:10] [TEST] Processing batch 16630/18932 ...
[09/07 23:43:10] [TEST] Processing batch 16631/18932 ...
[09/07 23:43:10] [TEST] Processing batch 16632/18932 ...
[09/07 23:43:10] [TEST] Processing batch 16633/18932 ...
[09/07 23:43:11] [TEST] Processing batch 16634/18932 ...
[09/07 23:43:11] [TEST] Processing batch 16635/18932 ...
[09/07 23:43:11] [TEST] Processing batch 16636/18932 ...
[09/07 23:43:11] [TEST] Processing batch 16637/18932 ...
[09/07 23:43:11] [TEST] Processing batch 16638/18932 ...
[09/07 23:43:11] [TEST] Processing batch 16639/18932 ...
[09/07 23:43:11] [TEST] Processing batch 16640/18932 ...
[09/07 23:43:11] [TEST] Processing batch 16641/18932 ...
[09/07 23:43:11] [TEST] Processing batch 16642/18932 ...
[09/07 23:43:11] [TEST] Processing batch 16643/18932 ...
[09/07 23:43:11] [TEST] Processing batch 16644/18932 ...
[09/07 23:43:11] [TEST] Processing batch 16645/18932 ...
[09/07 23:43:11] [TEST] Processing batch 16646/18932 ...
[09/07 23:43:11] [TEST] Processing batch 16647/18932 ...
[09/07 23:43:11] [TEST] Processing batch 16648/18932 ...
[09/07 23:43:11] [TEST] Processing batch 16649/18932 ...
[09/07 23:43:11] [TEST] Processing batch 16650/18932 ...
[09/07 23:43:12] [TEST] Processing batch 16651/18932 ...
[09/07 23:43:12] [TEST] Processing batch 16652/18932 ...
[09/07 23:43:12] [TEST] Processing batch 16653/18932 ...
[09/07 23:43:12] [TEST] Processing batch 16654/18932 ...
[09/07 23:43:12] [TEST] Processing batch 16655/18932 ...
[09/07 23:43:12] [TEST] Processing batch 16656/18932 ...
[09/07 23:43:12] [TEST] Processing batch 16657/18932 ...
[09/07 23:43:12] [TEST] Processing batch 16658/18932 ...
[09/07 23:43:12] [TEST] Processing batch 16659/18932 ...
[09/07 23:43:12] [TEST] Processing batch 16660/18932 ...
[09/07 23:43:12] [TEST] Processing batch 16661/18932 ...
[09/07 23:43:12] [TEST] Processing batch 16662/18932 ...
[09/07 23:43:12] [TEST] Processing batch 16663/18932 ...
[09/07 23:43:12] [TEST] Processing batch 16664/18932 ...
[09/07 23:43:12] [TEST] Processing batch 16665/18932 ...
[09/07 23:43:12] [TEST] Processing batch 16666/18932 ...
[09/07 23:43:12] [TEST] Processing batch 16667/18932 ...
[09/07 23:43:12] [TEST] Processing batch 16668/18932 ...
[09/07 23:43:13] [TEST] Processing batch 16669/18932 ...
[09/07 23:43:13] [TEST] Processing batch 16670/18932 ...
[09/07 23:43:13] [TEST] Processing batch 16671/18932 ...
[09/07 23:43:13] [TEST] Processing batch 16672/18932 ...
[09/07 23:43:13] [TEST] Processing batch 16673/18932 ...
[09/07 23:43:13] [TEST] Processing batch 16674/18932 ...
[09/07 23:43:13] [TEST] Processing batch 16675/18932 ...
[09/07 23:43:13] [TEST] Processing batch 16676/18932 ...
[09/07 23:43:13] [TEST] Processing batch 16677/18932 ...
[09/07 23:43:13] [TEST] Processing batch 16678/18932 ...
[09/07 23:43:13] [TEST] Processing batch 16679/18932 ...
[09/07 23:43:13] [TEST] Processing batch 16680/18932 ...
[09/07 23:43:13] [TEST] Processing batch 16681/18932 ...
[09/07 23:43:13] [TEST] Processing batch 16682/18932 ...
[09/07 23:43:13] [TEST] Processing batch 16683/18932 ...
[09/07 23:43:13] [TEST] Processing batch 16684/18932 ...
[09/07 23:43:13] [TEST] Processing batch 16685/18932 ...
[09/07 23:43:13] [TEST] Processing batch 16686/18932 ...
[09/07 23:43:14] [TEST] Processing batch 16687/18932 ...
[09/07 23:43:14] [TEST] Processing batch 16688/18932 ...
[09/07 23:43:14] [TEST] Processing batch 16689/18932 ...
[09/07 23:43:14] [TEST] Processing batch 16690/18932 ...
[09/07 23:43:14] [TEST] Processing batch 16691/18932 ...
[09/07 23:43:14] [TEST] Processing batch 16692/18932 ...
[09/07 23:43:14] [TEST] Processing batch 16693/18932 ...
[09/07 23:43:14] [TEST] Processing batch 16694/18932 ...
[09/07 23:43:14] [TEST] Processing batch 16695/18932 ...
[09/07 23:43:14] [TEST] Processing batch 16696/18932 ...
[09/07 23:43:14] [TEST] Processing batch 16697/18932 ...
[09/07 23:43:14] [TEST] Processing batch 16698/18932 ...
[09/07 23:43:14] [TEST] Processing batch 16699/18932 ...
[09/07 23:43:14] [TEST] Processing batch 16700/18932 ...
[09/07 23:43:14] [TEST] Processing batch 16701/18932 ...
[09/07 23:43:14] [TEST] Processing batch 16702/18932 ...
[09/07 23:43:14] [TEST] Processing batch 16703/18932 ...
[09/07 23:43:14] [TEST] Processing batch 16704/18932 ...
[09/07 23:43:15] [TEST] Processing batch 16705/18932 ...
[09/07 23:43:15] [TEST] Processing batch 16706/18932 ...
[09/07 23:43:15] [TEST] Processing batch 16707/18932 ...
[09/07 23:43:15] [TEST] Processing batch 16708/18932 ...
[09/07 23:43:15] [TEST] Processing batch 16709/18932 ...
[09/07 23:43:15] [TEST] Processing batch 16710/18932 ...
[09/07 23:43:15] [TEST] Processing batch 16711/18932 ...
[09/07 23:43:15] [TEST] Processing batch 16712/18932 ...
[09/07 23:43:15] [TEST] Processing batch 16713/18932 ...
[09/07 23:43:15] [TEST] Processing batch 16714/18932 ...
[09/07 23:43:15] [TEST] Processing batch 16715/18932 ...
[09/07 23:43:15] [TEST] Processing batch 16716/18932 ...
[09/07 23:43:15] [TEST] Processing batch 16717/18932 ...
[09/07 23:43:15] [TEST] Processing batch 16718/18932 ...
[09/07 23:43:15] [TEST] Processing batch 16719/18932 ...
[09/07 23:43:15] [TEST] Processing batch 16720/18932 ...
[09/07 23:43:15] [TEST] Processing batch 16721/18932 ...
[09/07 23:43:16] [TEST] Processing batch 16722/18932 ...
[09/07 23:43:16] [TEST] Processing batch 16723/18932 ...
[09/07 23:43:16] [TEST] Processing batch 16724/18932 ...
[09/07 23:43:16] [TEST] Processing batch 16725/18932 ...
[09/07 23:43:16] [TEST] Processing batch 16726/18932 ...
[09/07 23:43:16] [TEST] Processing batch 16727/18932 ...
[09/07 23:43:16] [TEST] Processing batch 16728/18932 ...
[09/07 23:43:16] [TEST] Processing batch 16729/18932 ...
[09/07 23:43:16] [TEST] Processing batch 16730/18932 ...
[09/07 23:43:16] [TEST] Processing batch 16731/18932 ...
[09/07 23:43:16] [TEST] Processing batch 16732/18932 ...
[09/07 23:43:16] [TEST] Processing batch 16733/18932 ...
[09/07 23:43:16] [TEST] Processing batch 16734/18932 ...
[09/07 23:43:16] [TEST] Processing batch 16735/18932 ...
[09/07 23:43:16] [TEST] Processing batch 16736/18932 ...
[09/07 23:43:16] [TEST] Processing batch 16737/18932 ...
[09/07 23:43:16] [TEST] Processing batch 16738/18932 ...
[09/07 23:43:16] [TEST] Processing batch 16739/18932 ...
[09/07 23:43:17] [TEST] Processing batch 16740/18932 ...
[09/07 23:43:17] [TEST] Processing batch 16741/18932 ...
[09/07 23:43:17] [TEST] Processing batch 16742/18932 ...
[09/07 23:43:17] [TEST] Processing batch 16743/18932 ...
[09/07 23:43:17] [TEST] Processing batch 16744/18932 ...
[09/07 23:43:17] [TEST] Processing batch 16745/18932 ...
[09/07 23:43:17] [TEST] Processing batch 16746/18932 ...
[09/07 23:43:17] [TEST] Processing batch 16747/18932 ...
[09/07 23:43:17] [TEST] Processing batch 16748/18932 ...
[09/07 23:43:17] [TEST] Processing batch 16749/18932 ...
[09/07 23:43:17] [TEST] Processing batch 16750/18932 ...
[09/07 23:43:17] [TEST] Processing batch 16751/18932 ...
[09/07 23:43:17] [TEST] Processing batch 16752/18932 ...
[09/07 23:43:17] [TEST] Processing batch 16753/18932 ...
[09/07 23:43:17] [TEST] Processing batch 16754/18932 ...
[09/07 23:43:17] [TEST] Processing batch 16755/18932 ...
[09/07 23:43:17] [TEST] Processing batch 16756/18932 ...
[09/07 23:43:17] [TEST] Processing batch 16757/18932 ...
[09/07 23:43:18] [TEST] Processing batch 16758/18932 ...
[09/07 23:43:18] [TEST] Processing batch 16759/18932 ...
[09/07 23:43:18] [TEST] Processing batch 16760/18932 ...
[09/07 23:43:18] [TEST] Processing batch 16761/18932 ...
[09/07 23:43:18] [TEST] Processing batch 16762/18932 ...
[09/07 23:43:18] [TEST] Processing batch 16763/18932 ...
[09/07 23:43:18] [TEST] Processing batch 16764/18932 ...
[09/07 23:43:18] [TEST] Processing batch 16765/18932 ...
[09/07 23:43:18] [TEST] Processing batch 16766/18932 ...
[09/07 23:43:18] [TEST] Processing batch 16767/18932 ...
[09/07 23:43:18] [TEST] Processing batch 16768/18932 ...
[09/07 23:43:18] [TEST] Processing batch 16769/18932 ...
[09/07 23:43:18] [TEST] Processing batch 16770/18932 ...
[09/07 23:43:18] [TEST] Processing batch 16771/18932 ...
[09/07 23:43:18] [TEST] Processing batch 16772/18932 ...
[09/07 23:43:18] [TEST] Processing batch 16773/18932 ...
[09/07 23:43:18] [TEST] Processing batch 16774/18932 ...
[09/07 23:43:18] [TEST] Processing batch 16775/18932 ...
[09/07 23:43:19] [TEST] Processing batch 16776/18932 ...
[09/07 23:43:19] [TEST] Processing batch 16777/18932 ...
[09/07 23:43:19] [TEST] Processing batch 16778/18932 ...
[09/07 23:43:19] [TEST] Processing batch 16779/18932 ...
[09/07 23:43:19] [TEST] Processing batch 16780/18932 ...
[09/07 23:43:19] [TEST] Processing batch 16781/18932 ...
[09/07 23:43:19] [TEST] Processing batch 16782/18932 ...
[09/07 23:43:19] [TEST] Processing batch 16783/18932 ...
[09/07 23:43:19] [TEST] Processing batch 16784/18932 ...
[09/07 23:43:19] [TEST] Processing batch 16785/18932 ...
[09/07 23:43:19] [TEST] Processing batch 16786/18932 ...
[09/07 23:43:19] [TEST] Processing batch 16787/18932 ...
[09/07 23:43:19] [TEST] Processing batch 16788/18932 ...
[09/07 23:43:19] [TEST] Processing batch 16789/18932 ...
[09/07 23:43:19] [TEST] Processing batch 16790/18932 ...
[09/07 23:43:19] [TEST] Processing batch 16791/18932 ...
[09/07 23:43:19] [TEST] Processing batch 16792/18932 ...
[09/07 23:43:19] [TEST] Processing batch 16793/18932 ...
[09/07 23:43:20] [TEST] Processing batch 16794/18932 ...
[09/07 23:43:20] [TEST] Processing batch 16795/18932 ...
[09/07 23:43:20] [TEST] Processing batch 16796/18932 ...
[09/07 23:43:20] [TEST] Processing batch 16797/18932 ...
[09/07 23:43:20] [TEST] Processing batch 16798/18932 ...
[09/07 23:43:20] [TEST] Processing batch 16799/18932 ...
[09/07 23:43:20] [TEST] Processing batch 16800/18932 ...
[09/07 23:43:20] [TEST] Processing batch 16801/18932 ...
[09/07 23:43:20] [TEST] Processing batch 16802/18932 ...
[09/07 23:43:20] [TEST] Processing batch 16803/18932 ...
[09/07 23:43:20] [TEST] Processing batch 16804/18932 ...
[09/07 23:43:20] [TEST] Processing batch 16805/18932 ...
[09/07 23:43:20] [TEST] Processing batch 16806/18932 ...
[09/07 23:43:20] [TEST] Processing batch 16807/18932 ...
[09/07 23:43:20] [TEST] Processing batch 16808/18932 ...
[09/07 23:43:20] [TEST] Processing batch 16809/18932 ...
[09/07 23:43:20] [TEST] Processing batch 16810/18932 ...
[09/07 23:43:20] [TEST] Processing batch 16811/18932 ...
[09/07 23:43:21] [TEST] Processing batch 16812/18932 ...
[09/07 23:43:21] [TEST] Processing batch 16813/18932 ...
[09/07 23:43:21] [TEST] Processing batch 16814/18932 ...
[09/07 23:43:21] [TEST] Processing batch 16815/18932 ...
[09/07 23:43:21] [TEST] Processing batch 16816/18932 ...
[09/07 23:43:21] [TEST] Processing batch 16817/18932 ...
[09/07 23:43:21] [TEST] Processing batch 16818/18932 ...
[09/07 23:43:21] [TEST] Processing batch 16819/18932 ...
[09/07 23:43:21] [TEST] Processing batch 16820/18932 ...
[09/07 23:43:21] [TEST] Processing batch 16821/18932 ...
[09/07 23:43:21] [TEST] Processing batch 16822/18932 ...
[09/07 23:43:21] [TEST] Processing batch 16823/18932 ...
[09/07 23:43:21] [TEST] Processing batch 16824/18932 ...
[09/07 23:43:21] [TEST] Processing batch 16825/18932 ...
[09/07 23:43:21] [TEST] Processing batch 16826/18932 ...
[09/07 23:43:21] [TEST] Processing batch 16827/18932 ...
[09/07 23:43:21] [TEST] Processing batch 16828/18932 ...
[09/07 23:43:21] [TEST] Processing batch 16829/18932 ...
[09/07 23:43:22] [TEST] Processing batch 16830/18932 ...
[09/07 23:43:22] [TEST] Processing batch 16831/18932 ...
[09/07 23:43:22] [TEST] Processing batch 16832/18932 ...
[09/07 23:43:22] [TEST] Processing batch 16833/18932 ...
[09/07 23:43:22] [TEST] Processing batch 16834/18932 ...
[09/07 23:43:22] [TEST] Processing batch 16835/18932 ...
[09/07 23:43:22] [TEST] Processing batch 16836/18932 ...
[09/07 23:43:22] [TEST] Processing batch 16837/18932 ...
[09/07 23:43:22] [TEST] Processing batch 16838/18932 ...
[09/07 23:43:22] [TEST] Processing batch 16839/18932 ...
[09/07 23:43:22] [TEST] Processing batch 16840/18932 ...
[09/07 23:43:22] [TEST] Processing batch 16841/18932 ...
[09/07 23:43:22] [TEST] Processing batch 16842/18932 ...
[09/07 23:43:22] [TEST] Processing batch 16843/18932 ...
[09/07 23:43:22] [TEST] Processing batch 16844/18932 ...
[09/07 23:43:22] [TEST] Processing batch 16845/18932 ...
[09/07 23:43:22] [TEST] Processing batch 16846/18932 ...
[09/07 23:43:22] [TEST] Processing batch 16847/18932 ...
[09/07 23:43:23] [TEST] Processing batch 16848/18932 ...
[09/07 23:43:23] [TEST] Processing batch 16849/18932 ...
[09/07 23:43:23] [TEST] Processing batch 16850/18932 ...
[09/07 23:43:23] [TEST] Processing batch 16851/18932 ...
[09/07 23:43:23] [TEST] Processing batch 16852/18932 ...
[09/07 23:43:23] [TEST] Processing batch 16853/18932 ...
[09/07 23:43:23] [TEST] Processing batch 16854/18932 ...
[09/07 23:43:23] [TEST] Processing batch 16855/18932 ...
[09/07 23:43:23] [TEST] Processing batch 16856/18932 ...
[09/07 23:43:23] [TEST] Processing batch 16857/18932 ...
[09/07 23:43:23] [TEST] Processing batch 16858/18932 ...
[09/07 23:43:23] [TEST] Processing batch 16859/18932 ...
[09/07 23:43:23] [TEST] Processing batch 16860/18932 ...
[09/07 23:43:23] [TEST] Processing batch 16861/18932 ...
[09/07 23:43:23] [TEST] Processing batch 16862/18932 ...
[09/07 23:43:23] [TEST] Processing batch 16863/18932 ...
[09/07 23:43:23] [TEST] Processing batch 16864/18932 ...
[09/07 23:43:23] [TEST] Processing batch 16865/18932 ...
[09/07 23:43:24] [TEST] Processing batch 16866/18932 ...
[09/07 23:43:24] [TEST] Processing batch 16867/18932 ...
[09/07 23:43:24] [TEST] Processing batch 16868/18932 ...
[09/07 23:43:24] [TEST] Processing batch 16869/18932 ...
[09/07 23:43:24] [TEST] Processing batch 16870/18932 ...
[09/07 23:43:24] [TEST] Processing batch 16871/18932 ...
[09/07 23:43:24] [TEST] Processing batch 16872/18932 ...
[09/07 23:43:24] [TEST] Processing batch 16873/18932 ...
[09/07 23:43:24] [TEST] Processing batch 16874/18932 ...
[09/07 23:43:24] [TEST] Processing batch 16875/18932 ...
[09/07 23:43:24] [TEST] Processing batch 16876/18932 ...
[09/07 23:43:24] [TEST] Processing batch 16877/18932 ...
[09/07 23:43:24] [TEST] Processing batch 16878/18932 ...
[09/07 23:43:24] [TEST] Processing batch 16879/18932 ...
[09/07 23:43:24] [TEST] Processing batch 16880/18932 ...
[09/07 23:43:24] [TEST] Processing batch 16881/18932 ...
[09/07 23:43:24] [TEST] Processing batch 16882/18932 ...
[09/07 23:43:24] [TEST] Processing batch 16883/18932 ...
[09/07 23:43:25] [TEST] Processing batch 16884/18932 ...
[09/07 23:43:25] [TEST] Processing batch 16885/18932 ...
[09/07 23:43:25] [TEST] Processing batch 16886/18932 ...
[09/07 23:43:25] [TEST] Processing batch 16887/18932 ...
[09/07 23:43:25] [TEST] Processing batch 16888/18932 ...
[09/07 23:43:25] [TEST] Processing batch 16889/18932 ...
[09/07 23:43:25] [TEST] Processing batch 16890/18932 ...
[09/07 23:43:25] [TEST] Processing batch 16891/18932 ...
[09/07 23:43:25] [TEST] Processing batch 16892/18932 ...
[09/07 23:43:25] [TEST] Processing batch 16893/18932 ...
[09/07 23:43:25] [TEST] Processing batch 16894/18932 ...
[09/07 23:43:25] [TEST] Processing batch 16895/18932 ...
[09/07 23:43:25] [TEST] Processing batch 16896/18932 ...
[09/07 23:43:25] [TEST] Processing batch 16897/18932 ...
[09/07 23:43:25] [TEST] Processing batch 16898/18932 ...
[09/07 23:43:25] [TEST] Processing batch 16899/18932 ...
[09/07 23:43:25] [TEST] Processing batch 16900/18932 ...
[09/07 23:43:25] [TEST] Processing batch 16901/18932 ...
[09/07 23:43:26] [TEST] Processing batch 16902/18932 ...
[09/07 23:43:26] [TEST] Processing batch 16903/18932 ...
[09/07 23:43:26] [TEST] Processing batch 16904/18932 ...
[09/07 23:43:26] [TEST] Processing batch 16905/18932 ...
[09/07 23:43:26] [TEST] Processing batch 16906/18932 ...
[09/07 23:43:26] [TEST] Processing batch 16907/18932 ...
[09/07 23:43:26] [TEST] Processing batch 16908/18932 ...
[09/07 23:43:26] [TEST] Processing batch 16909/18932 ...
[09/07 23:43:26] [TEST] Processing batch 16910/18932 ...
[09/07 23:43:26] [TEST] Processing batch 16911/18932 ...
[09/07 23:43:26] [TEST] Processing batch 16912/18932 ...
[09/07 23:43:26] [TEST] Processing batch 16913/18932 ...
[09/07 23:43:26] [TEST] Processing batch 16914/18932 ...
[09/07 23:43:26] [TEST] Processing batch 16915/18932 ...
[09/07 23:43:26] [TEST] Processing batch 16916/18932 ...
[09/07 23:43:26] [TEST] Processing batch 16917/18932 ...
[09/07 23:43:26] [TEST] Processing batch 16918/18932 ...
[09/07 23:43:26] [TEST] Processing batch 16919/18932 ...
[09/07 23:43:27] [TEST] Processing batch 16920/18932 ...
[09/07 23:43:27] [TEST] Processing batch 16921/18932 ...
[09/07 23:43:27] [TEST] Processing batch 16922/18932 ...
[09/07 23:43:27] [TEST] Processing batch 16923/18932 ...
[09/07 23:43:27] [TEST] Processing batch 16924/18932 ...
[09/07 23:43:27] [TEST] Processing batch 16925/18932 ...
[09/07 23:43:27] [TEST] Processing batch 16926/18932 ...
[09/07 23:43:27] [TEST] Processing batch 16927/18932 ...
[09/07 23:43:27] [TEST] Processing batch 16928/18932 ...
[09/07 23:43:27] [TEST] Processing batch 16929/18932 ...
[09/07 23:43:27] [TEST] Processing batch 16930/18932 ...
[09/07 23:43:27] [TEST] Processing batch 16931/18932 ...
[09/07 23:43:27] [TEST] Processing batch 16932/18932 ...
[09/07 23:43:27] [TEST] Processing batch 16933/18932 ...
[09/07 23:43:27] [TEST] Processing batch 16934/18932 ...
[09/07 23:43:27] [TEST] Processing batch 16935/18932 ...
[09/07 23:43:27] [TEST] Processing batch 16936/18932 ...
[09/07 23:43:28] [TEST] Processing batch 16937/18932 ...
[09/07 23:43:28] [TEST] Processing batch 16938/18932 ...
[09/07 23:43:28] [TEST] Processing batch 16939/18932 ...
[09/07 23:43:28] [TEST] Processing batch 16940/18932 ...
[09/07 23:43:28] [TEST] Processing batch 16941/18932 ...
[09/07 23:43:28] [TEST] Processing batch 16942/18932 ...
[09/07 23:43:28] [TEST] Processing batch 16943/18932 ...
[09/07 23:43:28] [TEST] Processing batch 16944/18932 ...
[09/07 23:43:28] [TEST] Processing batch 16945/18932 ...
[09/07 23:43:28] [TEST] Processing batch 16946/18932 ...
[09/07 23:43:28] [TEST] Processing batch 16947/18932 ...
[09/07 23:43:28] [TEST] Processing batch 16948/18932 ...
[09/07 23:43:28] [TEST] Processing batch 16949/18932 ...
[09/07 23:43:28] [TEST] Processing batch 16950/18932 ...
[09/07 23:43:28] [TEST] Processing batch 16951/18932 ...
[09/07 23:43:28] [TEST] Processing batch 16952/18932 ...
[09/07 23:43:28] [TEST] Processing batch 16953/18932 ...
[09/07 23:43:28] [TEST] Processing batch 16954/18932 ...
[09/07 23:43:29] [TEST] Processing batch 16955/18932 ...
[09/07 23:43:29] [TEST] Processing batch 16956/18932 ...
[09/07 23:43:29] [TEST] Processing batch 16957/18932 ...
[09/07 23:43:29] [TEST] Processing batch 16958/18932 ...
[09/07 23:43:29] [TEST] Processing batch 16959/18932 ...
[09/07 23:43:29] [TEST] Processing batch 16960/18932 ...
[09/07 23:43:29] [TEST] Processing batch 16961/18932 ...
[09/07 23:43:29] [TEST] Processing batch 16962/18932 ...
[09/07 23:43:29] [TEST] Processing batch 16963/18932 ...
[09/07 23:43:29] [TEST] Processing batch 16964/18932 ...
[09/07 23:43:29] [TEST] Processing batch 16965/18932 ...
[09/07 23:43:29] [TEST] Processing batch 16966/18932 ...
[09/07 23:43:29] [TEST] Processing batch 16967/18932 ...
[09/07 23:43:29] [TEST] Processing batch 16968/18932 ...
[09/07 23:43:29] [TEST] Processing batch 16969/18932 ...
[09/07 23:43:29] [TEST] Processing batch 16970/18932 ...
[09/07 23:43:29] [TEST] Processing batch 16971/18932 ...
[09/07 23:43:30] [TEST] Processing batch 16972/18932 ...
[09/07 23:43:30] [TEST] Processing batch 16973/18932 ...
[09/07 23:43:30] [TEST] Processing batch 16974/18932 ...
[09/07 23:43:30] [TEST] Processing batch 16975/18932 ...
[09/07 23:43:30] [TEST] Processing batch 16976/18932 ...
[09/07 23:43:30] [TEST] Processing batch 16977/18932 ...
[09/07 23:43:30] [TEST] Processing batch 16978/18932 ...
[09/07 23:43:30] [TEST] Processing batch 16979/18932 ...
[09/07 23:43:30] [TEST] Processing batch 16980/18932 ...
[09/07 23:43:30] [TEST] Processing batch 16981/18932 ...
[09/07 23:43:30] [TEST] Processing batch 16982/18932 ...
[09/07 23:43:30] [TEST] Processing batch 16983/18932 ...
[09/07 23:43:30] [TEST] Processing batch 16984/18932 ...
[09/07 23:43:30] [TEST] Processing batch 16985/18932 ...
[09/07 23:43:30] [TEST] Processing batch 16986/18932 ...
[09/07 23:43:30] [TEST] Processing batch 16987/18932 ...
[09/07 23:43:30] [TEST] Processing batch 16988/18932 ...
[09/07 23:43:30] [TEST] Processing batch 16989/18932 ...
[09/07 23:43:31] [TEST] Processing batch 16990/18932 ...
[09/07 23:43:31] [TEST] Processing batch 16991/18932 ...
[09/07 23:43:31] [TEST] Processing batch 16992/18932 ...
[09/07 23:43:31] [TEST] Processing batch 16993/18932 ...
[09/07 23:43:31] [TEST] Processing batch 16994/18932 ...
[09/07 23:43:31] [TEST] Processing batch 16995/18932 ...
[09/07 23:43:31] [TEST] Processing batch 16996/18932 ...
[09/07 23:43:31] [TEST] Processing batch 16997/18932 ...
[09/07 23:43:31] [TEST] Processing batch 16998/18932 ...
[09/07 23:43:31] [TEST] Processing batch 16999/18932 ...
[09/07 23:43:31] [TEST] Processing batch 17000/18932 ...
[09/07 23:43:31] [TEST] Processing batch 17001/18932 ...
[09/07 23:43:31] [TEST] Processing batch 17002/18932 ...
[09/07 23:43:31] [TEST] Processing batch 17003/18932 ...
[09/07 23:43:31] [TEST] Processing batch 17004/18932 ...
[09/07 23:43:31] [TEST] Processing batch 17005/18932 ...
[09/07 23:43:31] [TEST] Processing batch 17006/18932 ...
[09/07 23:43:32] [TEST] Processing batch 17007/18932 ...
[09/07 23:43:32] [TEST] Processing batch 17008/18932 ...
[09/07 23:43:32] [TEST] Processing batch 17009/18932 ...
[09/07 23:43:32] [TEST] Processing batch 17010/18932 ...
[09/07 23:43:32] [TEST] Processing batch 17011/18932 ...
[09/07 23:43:32] [TEST] Processing batch 17012/18932 ...
[09/07 23:43:32] [TEST] Processing batch 17013/18932 ...
[09/07 23:43:32] [TEST] Processing batch 17014/18932 ...
[09/07 23:43:32] [TEST] Processing batch 17015/18932 ...
[09/07 23:43:32] [TEST] Processing batch 17016/18932 ...
[09/07 23:43:32] [TEST] Processing batch 17017/18932 ...
[09/07 23:43:32] [TEST] Processing batch 17018/18932 ...
[09/07 23:43:32] [TEST] Processing batch 17019/18932 ...
[09/07 23:43:32] [TEST] Processing batch 17020/18932 ...
[09/07 23:43:32] [TEST] Processing batch 17021/18932 ...
[09/07 23:43:32] [TEST] Processing batch 17022/18932 ...
[09/07 23:43:32] [TEST] Processing batch 17023/18932 ...
[09/07 23:43:32] [TEST] Processing batch 17024/18932 ...
[09/07 23:43:33] [TEST] Processing batch 17025/18932 ...
[09/07 23:43:33] [TEST] Processing batch 17026/18932 ...
[09/07 23:43:33] [TEST] Processing batch 17027/18932 ...
[09/07 23:43:33] [TEST] Processing batch 17028/18932 ...
[09/07 23:43:33] [TEST] Processing batch 17029/18932 ...
[09/07 23:43:33] [TEST] Processing batch 17030/18932 ...
[09/07 23:43:33] [TEST] Processing batch 17031/18932 ...
[09/07 23:43:33] [TEST] Processing batch 17032/18932 ...
[09/07 23:43:33] [TEST] Processing batch 17033/18932 ...
[09/07 23:43:33] [TEST] Processing batch 17034/18932 ...
[09/07 23:43:33] [TEST] Processing batch 17035/18932 ...
[09/07 23:43:33] [TEST] Processing batch 17036/18932 ...
[09/07 23:43:33] [TEST] Processing batch 17037/18932 ...
[09/07 23:43:33] [TEST] Processing batch 17038/18932 ...
[09/07 23:43:33] [TEST] Processing batch 17039/18932 ...
[09/07 23:43:33] [TEST] Processing batch 17040/18932 ...
[09/07 23:43:33] [TEST] Processing batch 17041/18932 ...
[09/07 23:43:33] [TEST] Processing batch 17042/18932 ...
[09/07 23:43:34] [TEST] Processing batch 17043/18932 ...
[09/07 23:43:34] [TEST] Processing batch 17044/18932 ...
[09/07 23:43:34] [TEST] Processing batch 17045/18932 ...
[09/07 23:43:34] [TEST] Processing batch 17046/18932 ...
[09/07 23:43:34] [TEST] Processing batch 17047/18932 ...
[09/07 23:43:34] [TEST] Processing batch 17048/18932 ...
[09/07 23:43:34] [TEST] Processing batch 17049/18932 ...
[09/07 23:43:34] [TEST] Processing batch 17050/18932 ...
[09/07 23:43:34] [TEST] Processing batch 17051/18932 ...
[09/07 23:43:34] [TEST] Processing batch 17052/18932 ...
[09/07 23:43:34] [TEST] Processing batch 17053/18932 ...
[09/07 23:43:34] [TEST] Processing batch 17054/18932 ...
[09/07 23:43:34] [TEST] Processing batch 17055/18932 ...
[09/07 23:43:34] [TEST] Processing batch 17056/18932 ...
[09/07 23:43:34] [TEST] Processing batch 17057/18932 ...
[09/07 23:43:34] [TEST] Processing batch 17058/18932 ...
[09/07 23:43:34] [TEST] Processing batch 17059/18932 ...
[09/07 23:43:34] [TEST] Processing batch 17060/18932 ...
[09/07 23:43:35] [TEST] Processing batch 17061/18932 ...
[09/07 23:43:35] [TEST] Processing batch 17062/18932 ...
[09/07 23:43:35] [TEST] Processing batch 17063/18932 ...
[09/07 23:43:35] [TEST] Processing batch 17064/18932 ...
[09/07 23:43:35] [TEST] Processing batch 17065/18932 ...
[09/07 23:43:35] [TEST] Processing batch 17066/18932 ...
[09/07 23:43:35] [TEST] Processing batch 17067/18932 ...
[09/07 23:43:35] [TEST] Processing batch 17068/18932 ...
[09/07 23:43:35] [TEST] Processing batch 17069/18932 ...
[09/07 23:43:35] [TEST] Processing batch 17070/18932 ...
[09/07 23:43:35] [TEST] Processing batch 17071/18932 ...
[09/07 23:43:35] [TEST] Processing batch 17072/18932 ...
[09/07 23:43:35] [TEST] Processing batch 17073/18932 ...
[09/07 23:43:35] [TEST] Processing batch 17074/18932 ...
[09/07 23:43:35] [TEST] Processing batch 17075/18932 ...
[09/07 23:43:35] [TEST] Processing batch 17076/18932 ...
[09/07 23:43:35] [TEST] Processing batch 17077/18932 ...
[09/07 23:43:36] [TEST] Processing batch 17078/18932 ...
[09/07 23:43:36] [TEST] Processing batch 17079/18932 ...
[09/07 23:43:36] [TEST] Processing batch 17080/18932 ...
[09/07 23:43:36] [TEST] Processing batch 17081/18932 ...
[09/07 23:43:36] [TEST] Processing batch 17082/18932 ...
[09/07 23:43:36] [TEST] Processing batch 17083/18932 ...
[09/07 23:43:36] [TEST] Processing batch 17084/18932 ...
[09/07 23:43:36] [TEST] Processing batch 17085/18932 ...
[09/07 23:43:36] [TEST] Processing batch 17086/18932 ...
[09/07 23:43:36] [TEST] Processing batch 17087/18932 ...
[09/07 23:43:36] [TEST] Processing batch 17088/18932 ...
[09/07 23:43:36] [TEST] Processing batch 17089/18932 ...
[09/07 23:43:36] [TEST] Processing batch 17090/18932 ...
[09/07 23:43:36] [TEST] Processing batch 17091/18932 ...
[09/07 23:43:36] [TEST] Processing batch 17092/18932 ...
[09/07 23:43:36] [TEST] Processing batch 17093/18932 ...
[09/07 23:43:36] [TEST] Processing batch 17094/18932 ...
[09/07 23:43:36] [TEST] Processing batch 17095/18932 ...
[09/07 23:43:37] [TEST] Processing batch 17096/18932 ...
[09/07 23:43:37] [TEST] Processing batch 17097/18932 ...
[09/07 23:43:37] [TEST] Processing batch 17098/18932 ...
[09/07 23:43:37] [TEST] Processing batch 17099/18932 ...
[09/07 23:43:37] [TEST] Processing batch 17100/18932 ...
[09/07 23:43:37] [TEST] Processing batch 17101/18932 ...
[09/07 23:43:37] [TEST] Processing batch 17102/18932 ...
[09/07 23:43:37] [TEST] Processing batch 17103/18932 ...
[09/07 23:43:37] [TEST] Processing batch 17104/18932 ...
[09/07 23:43:37] [TEST] Processing batch 17105/18932 ...
[09/07 23:43:37] [TEST] Processing batch 17106/18932 ...
[09/07 23:43:37] [TEST] Processing batch 17107/18932 ...
[09/07 23:43:37] [TEST] Processing batch 17108/18932 ...
[09/07 23:43:37] [TEST] Processing batch 17109/18932 ...
[09/07 23:43:37] [TEST] Processing batch 17110/18932 ...
[09/07 23:43:37] [TEST] Processing batch 17111/18932 ...
[09/07 23:43:37] [TEST] Processing batch 17112/18932 ...
[09/07 23:43:37] [TEST] Processing batch 17113/18932 ...
[09/07 23:43:38] [TEST] Processing batch 17114/18932 ...
[09/07 23:43:38] [TEST] Processing batch 17115/18932 ...
[09/07 23:43:38] [TEST] Processing batch 17116/18932 ...
[09/07 23:43:38] [TEST] Processing batch 17117/18932 ...
[09/07 23:43:38] [TEST] Processing batch 17118/18932 ...
[09/07 23:43:38] [TEST] Processing batch 17119/18932 ...
[09/07 23:43:38] [TEST] Processing batch 17120/18932 ...
[09/07 23:43:38] [TEST] Processing batch 17121/18932 ...
[09/07 23:43:38] [TEST] Processing batch 17122/18932 ...
[09/07 23:43:38] [TEST] Processing batch 17123/18932 ...
[09/07 23:43:38] [TEST] Processing batch 17124/18932 ...
[09/07 23:43:38] [TEST] Processing batch 17125/18932 ...
[09/07 23:43:38] [TEST] Processing batch 17126/18932 ...
[09/07 23:43:38] [TEST] Processing batch 17127/18932 ...
[09/07 23:43:38] [TEST] Processing batch 17128/18932 ...
[09/07 23:43:38] [TEST] Processing batch 17129/18932 ...
[09/07 23:43:38] [TEST] Processing batch 17130/18932 ...
[09/07 23:43:38] [TEST] Processing batch 17131/18932 ...
[09/07 23:43:39] [TEST] Processing batch 17132/18932 ...
[09/07 23:43:39] [TEST] Processing batch 17133/18932 ...
[09/07 23:43:39] [TEST] Processing batch 17134/18932 ...
[09/07 23:43:39] [TEST] Processing batch 17135/18932 ...
[09/07 23:43:39] [TEST] Processing batch 17136/18932 ...
[09/07 23:43:39] [TEST] Processing batch 17137/18932 ...
[09/07 23:43:39] [TEST] Processing batch 17138/18932 ...
[09/07 23:43:39] [TEST] Processing batch 17139/18932 ...
[09/07 23:43:39] [TEST] Processing batch 17140/18932 ...
[09/07 23:43:39] [TEST] Processing batch 17141/18932 ...
[09/07 23:43:39] [TEST] Processing batch 17142/18932 ...
[09/07 23:43:39] [TEST] Processing batch 17143/18932 ...
[09/07 23:43:39] [TEST] Processing batch 17144/18932 ...
[09/07 23:43:39] [TEST] Processing batch 17145/18932 ...
[09/07 23:43:39] [TEST] Processing batch 17146/18932 ...
[09/07 23:43:39] [TEST] Processing batch 17147/18932 ...
[09/07 23:43:39] [TEST] Processing batch 17148/18932 ...
[09/07 23:43:39] [TEST] Processing batch 17149/18932 ...
[09/07 23:43:40] [TEST] Processing batch 17150/18932 ...
[09/07 23:43:40] [TEST] Processing batch 17151/18932 ...
[09/07 23:43:40] [TEST] Processing batch 17152/18932 ...
[09/07 23:43:40] [TEST] Processing batch 17153/18932 ...
[09/07 23:43:40] [TEST] Processing batch 17154/18932 ...
[09/07 23:43:40] [TEST] Processing batch 17155/18932 ...
[09/07 23:43:40] [TEST] Processing batch 17156/18932 ...
[09/07 23:43:40] [TEST] Processing batch 17157/18932 ...
[09/07 23:43:40] [TEST] Processing batch 17158/18932 ...
[09/07 23:43:40] [TEST] Processing batch 17159/18932 ...
[09/07 23:43:40] [TEST] Processing batch 17160/18932 ...
[09/07 23:43:40] [TEST] Processing batch 17161/18932 ...
[09/07 23:43:40] [TEST] Processing batch 17162/18932 ...
[09/07 23:43:40] [TEST] Processing batch 17163/18932 ...
[09/07 23:43:40] [TEST] Processing batch 17164/18932 ...
[09/07 23:43:40] [TEST] Processing batch 17165/18932 ...
[09/07 23:43:40] [TEST] Processing batch 17166/18932 ...
[09/07 23:43:40] [TEST] Processing batch 17167/18932 ...
[09/07 23:43:41] [TEST] Processing batch 17168/18932 ...
[09/07 23:43:41] [TEST] Processing batch 17169/18932 ...
[09/07 23:43:41] [TEST] Processing batch 17170/18932 ...
[09/07 23:43:41] [TEST] Processing batch 17171/18932 ...
[09/07 23:43:41] [TEST] Processing batch 17172/18932 ...
[09/07 23:43:41] [TEST] Processing batch 17173/18932 ...
[09/07 23:43:41] [TEST] Processing batch 17174/18932 ...
[09/07 23:43:41] [TEST] Processing batch 17175/18932 ...
[09/07 23:43:41] [TEST] Processing batch 17176/18932 ...
[09/07 23:43:41] [TEST] Processing batch 17177/18932 ...
[09/07 23:43:41] [TEST] Processing batch 17178/18932 ...
[09/07 23:43:41] [TEST] Processing batch 17179/18932 ...
[09/07 23:43:41] [TEST] Processing batch 17180/18932 ...
[09/07 23:43:41] [TEST] Processing batch 17181/18932 ...
[09/07 23:43:41] [TEST] Processing batch 17182/18932 ...
[09/07 23:43:41] [TEST] Processing batch 17183/18932 ...
[09/07 23:43:41] [TEST] Processing batch 17184/18932 ...
[09/07 23:43:41] [TEST] Processing batch 17185/18932 ...
[09/07 23:43:42] [TEST] Processing batch 17186/18932 ...
[09/07 23:43:42] [TEST] Processing batch 17187/18932 ...
[09/07 23:43:42] [TEST] Processing batch 17188/18932 ...
[09/07 23:43:42] [TEST] Processing batch 17189/18932 ...
[09/07 23:43:42] [TEST] Processing batch 17190/18932 ...
[09/07 23:43:42] [TEST] Processing batch 17191/18932 ...
[09/07 23:43:42] [TEST] Processing batch 17192/18932 ...
[09/07 23:43:42] [TEST] Processing batch 17193/18932 ...
[09/07 23:43:42] [TEST] Processing batch 17194/18932 ...
[09/07 23:43:42] [TEST] Processing batch 17195/18932 ...
[09/07 23:43:42] [TEST] Processing batch 17196/18932 ...
[09/07 23:43:42] [TEST] Processing batch 17197/18932 ...
[09/07 23:43:42] [TEST] Processing batch 17198/18932 ...
[09/07 23:43:42] [TEST] Processing batch 17199/18932 ...
[09/07 23:43:42] [TEST] Processing batch 17200/18932 ...
[09/07 23:43:42] [TEST] Processing batch 17201/18932 ...
[09/07 23:43:42] [TEST] Processing batch 17202/18932 ...
[09/07 23:43:42] [TEST] Processing batch 17203/18932 ...
[09/07 23:43:43] [TEST] Processing batch 17204/18932 ...
[09/07 23:43:43] [TEST] Processing batch 17205/18932 ...
[09/07 23:43:43] [TEST] Processing batch 17206/18932 ...
[09/07 23:43:43] [TEST] Processing batch 17207/18932 ...
[09/07 23:43:43] [TEST] Processing batch 17208/18932 ...
[09/07 23:43:43] [TEST] Processing batch 17209/18932 ...
[09/07 23:43:43] [TEST] Processing batch 17210/18932 ...
[09/07 23:43:43] [TEST] Processing batch 17211/18932 ...
[09/07 23:43:43] [TEST] Processing batch 17212/18932 ...
[09/07 23:43:43] [TEST] Processing batch 17213/18932 ...
[09/07 23:43:43] [TEST] Processing batch 17214/18932 ...
[09/07 23:43:43] [TEST] Processing batch 17215/18932 ...
[09/07 23:43:43] [TEST] Processing batch 17216/18932 ...
[09/07 23:43:43] [TEST] Processing batch 17217/18932 ...
[09/07 23:43:43] [TEST] Processing batch 17218/18932 ...
[09/07 23:43:43] [TEST] Processing batch 17219/18932 ...
[09/07 23:43:43] [TEST] Processing batch 17220/18932 ...
[09/07 23:43:43] [TEST] Processing batch 17221/18932 ...
[09/07 23:43:44] [TEST] Processing batch 17222/18932 ...
[09/07 23:43:44] [TEST] Processing batch 17223/18932 ...
[09/07 23:43:44] [TEST] Processing batch 17224/18932 ...
[09/07 23:43:44] [TEST] Processing batch 17225/18932 ...
[09/07 23:43:44] [TEST] Processing batch 17226/18932 ...
[09/07 23:43:44] [TEST] Processing batch 17227/18932 ...
[09/07 23:43:44] [TEST] Processing batch 17228/18932 ...
[09/07 23:43:44] [TEST] Processing batch 17229/18932 ...
[09/07 23:43:44] [TEST] Processing batch 17230/18932 ...
[09/07 23:43:44] [TEST] Processing batch 17231/18932 ...
[09/07 23:43:44] [TEST] Processing batch 17232/18932 ...
[09/07 23:43:44] [TEST] Processing batch 17233/18932 ...
[09/07 23:43:44] [TEST] Processing batch 17234/18932 ...
[09/07 23:43:44] [TEST] Processing batch 17235/18932 ...
[09/07 23:43:44] [TEST] Processing batch 17236/18932 ...
[09/07 23:43:44] [TEST] Processing batch 17237/18932 ...
[09/07 23:43:44] [TEST] Processing batch 17238/18932 ...
[09/07 23:43:44] [TEST] Processing batch 17239/18932 ...
[09/07 23:43:45] [TEST] Processing batch 17240/18932 ...
[09/07 23:43:45] [TEST] Processing batch 17241/18932 ...
[09/07 23:43:45] [TEST] Processing batch 17242/18932 ...
[09/07 23:43:45] [TEST] Processing batch 17243/18932 ...
[09/07 23:43:45] [TEST] Processing batch 17244/18932 ...
[09/07 23:43:45] [TEST] Processing batch 17245/18932 ...
[09/07 23:43:45] [TEST] Processing batch 17246/18932 ...
[09/07 23:43:45] [TEST] Processing batch 17247/18932 ...
[09/07 23:43:45] [TEST] Processing batch 17248/18932 ...
[09/07 23:43:45] [TEST] Processing batch 17249/18932 ...
[09/07 23:43:45] [TEST] Processing batch 17250/18932 ...
[09/07 23:43:45] [TEST] Processing batch 17251/18932 ...
[09/07 23:43:45] [TEST] Processing batch 17252/18932 ...
[09/07 23:43:45] [TEST] Processing batch 17253/18932 ...
[09/07 23:43:45] [TEST] Processing batch 17254/18932 ...
[09/07 23:43:45] [TEST] Processing batch 17255/18932 ...
[09/07 23:43:45] [TEST] Processing batch 17256/18932 ...
[09/07 23:43:46] [TEST] Processing batch 17257/18932 ...
[09/07 23:43:46] [TEST] Processing batch 17258/18932 ...
[09/07 23:43:46] [TEST] Processing batch 17259/18932 ...
[09/07 23:43:46] [TEST] Processing batch 17260/18932 ...
[09/07 23:43:46] [TEST] Processing batch 17261/18932 ...
[09/07 23:43:46] [TEST] Processing batch 17262/18932 ...
[09/07 23:43:46] [TEST] Processing batch 17263/18932 ...
[09/07 23:43:46] [TEST] Processing batch 17264/18932 ...
[09/07 23:43:46] [TEST] Processing batch 17265/18932 ...
[09/07 23:43:46] [TEST] Processing batch 17266/18932 ...
[09/07 23:43:46] [TEST] Processing batch 17267/18932 ...
[09/07 23:43:46] [TEST] Processing batch 17268/18932 ...
[09/07 23:43:46] [TEST] Processing batch 17269/18932 ...
[09/07 23:43:46] [TEST] Processing batch 17270/18932 ...
[09/07 23:43:46] [TEST] Processing batch 17271/18932 ...
[09/07 23:43:46] [TEST] Processing batch 17272/18932 ...
[09/07 23:43:46] [TEST] Processing batch 17273/18932 ...
[09/07 23:43:46] [TEST] Processing batch 17274/18932 ...
[09/07 23:43:46] [TEST] Processing batch 17275/18932 ...
[09/07 23:43:47] [TEST] Processing batch 17276/18932 ...
[09/07 23:43:47] [TEST] Processing batch 17277/18932 ...
[09/07 23:43:47] [TEST] Processing batch 17278/18932 ...
[09/07 23:43:47] [TEST] Processing batch 17279/18932 ...
[09/07 23:43:47] [TEST] Processing batch 17280/18932 ...
[09/07 23:43:47] [TEST] Processing batch 17281/18932 ...
[09/07 23:43:47] [TEST] Processing batch 17282/18932 ...
[09/07 23:43:47] [TEST] Processing batch 17283/18932 ...
[09/07 23:43:47] [TEST] Processing batch 17284/18932 ...
[09/07 23:43:47] [TEST] Processing batch 17285/18932 ...
[09/07 23:43:47] [TEST] Processing batch 17286/18932 ...
[09/07 23:43:47] [TEST] Processing batch 17287/18932 ...
[09/07 23:43:47] [TEST] Processing batch 17288/18932 ...
[09/07 23:43:47] [TEST] Processing batch 17289/18932 ...
[09/07 23:43:47] [TEST] Processing batch 17290/18932 ...
[09/07 23:43:47] [TEST] Processing batch 17291/18932 ...
[09/07 23:43:47] [TEST] Processing batch 17292/18932 ...
[09/07 23:43:48] [TEST] Processing batch 17293/18932 ...
[09/07 23:43:48] [TEST] Processing batch 17294/18932 ...
[09/07 23:43:48] [TEST] Processing batch 17295/18932 ...
[09/07 23:43:48] [TEST] Processing batch 17296/18932 ...
[09/07 23:43:48] [TEST] Processing batch 17297/18932 ...
[09/07 23:43:48] [TEST] Processing batch 17298/18932 ...
[09/07 23:43:48] [TEST] Processing batch 17299/18932 ...
[09/07 23:43:48] [TEST] Processing batch 17300/18932 ...
[09/07 23:43:48] [TEST] Processing batch 17301/18932 ...
[09/07 23:43:48] [TEST] Processing batch 17302/18932 ...
[09/07 23:43:48] [TEST] Processing batch 17303/18932 ...
[09/07 23:43:48] [TEST] Processing batch 17304/18932 ...
[09/07 23:43:48] [TEST] Processing batch 17305/18932 ...
[09/07 23:43:48] [TEST] Processing batch 17306/18932 ...
[09/07 23:43:48] [TEST] Processing batch 17307/18932 ...
[09/07 23:43:48] [TEST] Processing batch 17308/18932 ...
[09/07 23:43:48] [TEST] Processing batch 17309/18932 ...
[09/07 23:43:48] [TEST] Processing batch 17310/18932 ...
[09/07 23:43:49] [TEST] Processing batch 17311/18932 ...
[09/07 23:43:49] [TEST] Processing batch 17312/18932 ...
[09/07 23:43:49] [TEST] Processing batch 17313/18932 ...
[09/07 23:43:49] [TEST] Processing batch 17314/18932 ...
[09/07 23:43:49] [TEST] Processing batch 17315/18932 ...
[09/07 23:43:49] [TEST] Processing batch 17316/18932 ...
[09/07 23:43:49] [TEST] Processing batch 17317/18932 ...
[09/07 23:43:49] [TEST] Processing batch 17318/18932 ...
[09/07 23:43:49] [TEST] Processing batch 17319/18932 ...
[09/07 23:43:49] [TEST] Processing batch 17320/18932 ...
[09/07 23:43:49] [TEST] Processing batch 17321/18932 ...
[09/07 23:43:49] [TEST] Processing batch 17322/18932 ...
[09/07 23:43:49] [TEST] Processing batch 17323/18932 ...
[09/07 23:43:49] [TEST] Processing batch 17324/18932 ...
[09/07 23:43:49] [TEST] Processing batch 17325/18932 ...
[09/07 23:43:49] [TEST] Processing batch 17326/18932 ...
[09/07 23:43:49] [TEST] Processing batch 17327/18932 ...
[09/07 23:43:49] [TEST] Processing batch 17328/18932 ...
[09/07 23:43:50] [TEST] Processing batch 17329/18932 ...
[09/07 23:43:50] [TEST] Processing batch 17330/18932 ...
[09/07 23:43:50] [TEST] Processing batch 17331/18932 ...
[09/07 23:43:50] [TEST] Processing batch 17332/18932 ...
[09/07 23:43:50] [TEST] Processing batch 17333/18932 ...
[09/07 23:43:50] [TEST] Processing batch 17334/18932 ...
[09/07 23:43:50] [TEST] Processing batch 17335/18932 ...
[09/07 23:43:50] [TEST] Processing batch 17336/18932 ...
[09/07 23:43:50] [TEST] Processing batch 17337/18932 ...
[09/07 23:43:50] [TEST] Processing batch 17338/18932 ...
[09/07 23:43:50] [TEST] Processing batch 17339/18932 ...
[09/07 23:43:50] [TEST] Processing batch 17340/18932 ...
[09/07 23:43:50] [TEST] Processing batch 17341/18932 ...
[09/07 23:43:50] [TEST] Processing batch 17342/18932 ...
[09/07 23:43:50] [TEST] Processing batch 17343/18932 ...
[09/07 23:43:50] [TEST] Processing batch 17344/18932 ...
[09/07 23:43:50] [TEST] Processing batch 17345/18932 ...
[09/07 23:43:51] [TEST] Processing batch 17346/18932 ...
[09/07 23:43:51] [TEST] Processing batch 17347/18932 ...
[09/07 23:43:51] [TEST] Processing batch 17348/18932 ...
[09/07 23:43:51] [TEST] Processing batch 17349/18932 ...
[09/07 23:43:51] [TEST] Processing batch 17350/18932 ...
[09/07 23:43:51] [TEST] Processing batch 17351/18932 ...
[09/07 23:43:51] [TEST] Processing batch 17352/18932 ...
[09/07 23:43:51] [TEST] Processing batch 17353/18932 ...
[09/07 23:43:51] [TEST] Processing batch 17354/18932 ...
[09/07 23:43:51] [TEST] Processing batch 17355/18932 ...
[09/07 23:43:51] [TEST] Processing batch 17356/18932 ...
[09/07 23:43:51] [TEST] Processing batch 17357/18932 ...
[09/07 23:43:51] [TEST] Processing batch 17358/18932 ...
[09/07 23:43:51] [TEST] Processing batch 17359/18932 ...
[09/07 23:43:51] [TEST] Processing batch 17360/18932 ...
[09/07 23:43:51] [TEST] Processing batch 17361/18932 ...
[09/07 23:43:51] [TEST] Processing batch 17362/18932 ...
[09/07 23:43:51] [TEST] Processing batch 17363/18932 ...
[09/07 23:43:52] [TEST] Processing batch 17364/18932 ...
[09/07 23:43:52] [TEST] Processing batch 17365/18932 ...
[09/07 23:43:52] [TEST] Processing batch 17366/18932 ...
[09/07 23:43:52] [TEST] Processing batch 17367/18932 ...
[09/07 23:43:52] [TEST] Processing batch 17368/18932 ...
[09/07 23:43:52] [TEST] Processing batch 17369/18932 ...
[09/07 23:43:52] [TEST] Processing batch 17370/18932 ...
[09/07 23:43:52] [TEST] Processing batch 17371/18932 ...
[09/07 23:43:52] [TEST] Processing batch 17372/18932 ...
[09/07 23:43:52] [TEST] Processing batch 17373/18932 ...
[09/07 23:43:52] [TEST] Processing batch 17374/18932 ...
[09/07 23:43:52] [TEST] Processing batch 17375/18932 ...
[09/07 23:43:52] [TEST] Processing batch 17376/18932 ...
[09/07 23:43:52] [TEST] Processing batch 17377/18932 ...
[09/07 23:43:52] [TEST] Processing batch 17378/18932 ...
[09/07 23:43:52] [TEST] Processing batch 17379/18932 ...
[09/07 23:43:52] [TEST] Processing batch 17380/18932 ...
[09/07 23:43:53] [TEST] Processing batch 17381/18932 ...
[09/07 23:43:53] [TEST] Processing batch 17382/18932 ...
[09/07 23:43:53] [TEST] Processing batch 17383/18932 ...
[09/07 23:43:53] [TEST] Processing batch 17384/18932 ...
[09/07 23:43:53] [TEST] Processing batch 17385/18932 ...
[09/07 23:43:53] [TEST] Processing batch 17386/18932 ...
[09/07 23:43:53] [TEST] Processing batch 17387/18932 ...
[09/07 23:43:53] [TEST] Processing batch 17388/18932 ...
[09/07 23:43:53] [TEST] Processing batch 17389/18932 ...
[09/07 23:43:53] [TEST] Processing batch 17390/18932 ...
[09/07 23:43:53] [TEST] Processing batch 17391/18932 ...
[09/07 23:43:53] [TEST] Processing batch 17392/18932 ...
[09/07 23:43:53] [TEST] Processing batch 17393/18932 ...
[09/07 23:43:53] [TEST] Processing batch 17394/18932 ...
[09/07 23:43:53] [TEST] Processing batch 17395/18932 ...
[09/07 23:43:53] [TEST] Processing batch 17396/18932 ...
[09/07 23:43:53] [TEST] Processing batch 17397/18932 ...
[09/07 23:43:54] [TEST] Processing batch 17398/18932 ...
[09/07 23:43:54] [TEST] Processing batch 17399/18932 ...
[09/07 23:43:54] [TEST] Processing batch 17400/18932 ...
[09/07 23:43:54] [TEST] Processing batch 17401/18932 ...
[09/07 23:43:54] [TEST] Processing batch 17402/18932 ...
[09/07 23:43:54] [TEST] Processing batch 17403/18932 ...
[09/07 23:43:54] [TEST] Processing batch 17404/18932 ...
[09/07 23:43:54] [TEST] Processing batch 17405/18932 ...
[09/07 23:43:54] [TEST] Processing batch 17406/18932 ...
[09/07 23:43:54] [TEST] Processing batch 17407/18932 ...
[09/07 23:43:54] [TEST] Processing batch 17408/18932 ...
[09/07 23:43:54] [TEST] Processing batch 17409/18932 ...
[09/07 23:43:54] [TEST] Processing batch 17410/18932 ...
[09/07 23:43:54] [TEST] Processing batch 17411/18932 ...
[09/07 23:43:54] [TEST] Processing batch 17412/18932 ...
[09/07 23:43:54] [TEST] Processing batch 17413/18932 ...
[09/07 23:43:54] [TEST] Processing batch 17414/18932 ...
[09/07 23:43:54] [TEST] Processing batch 17415/18932 ...
[09/07 23:43:54] [TEST] Processing batch 17416/18932 ...
[09/07 23:43:55] [TEST] Processing batch 17417/18932 ...
[09/07 23:43:55] [TEST] Processing batch 17418/18932 ...
[09/07 23:43:55] [TEST] Processing batch 17419/18932 ...
[09/07 23:43:55] [TEST] Processing batch 17420/18932 ...
[09/07 23:43:55] [TEST] Processing batch 17421/18932 ...
[09/07 23:43:55] [TEST] Processing batch 17422/18932 ...
[09/07 23:43:55] [TEST] Processing batch 17423/18932 ...
[09/07 23:43:55] [TEST] Processing batch 17424/18932 ...
[09/07 23:43:55] [TEST] Processing batch 17425/18932 ...
[09/07 23:43:55] [TEST] Processing batch 17426/18932 ...
[09/07 23:43:55] [TEST] Processing batch 17427/18932 ...
[09/07 23:43:55] [TEST] Processing batch 17428/18932 ...
[09/07 23:43:55] [TEST] Processing batch 17429/18932 ...
[09/07 23:43:55] [TEST] Processing batch 17430/18932 ...
[09/07 23:43:55] [TEST] Processing batch 17431/18932 ...
[09/07 23:43:55] [TEST] Processing batch 17432/18932 ...
[09/07 23:43:55] [TEST] Processing batch 17433/18932 ...
[09/07 23:43:55] [TEST] Processing batch 17434/18932 ...
[09/07 23:43:56] [TEST] Processing batch 17435/18932 ...
[09/07 23:43:56] [TEST] Processing batch 17436/18932 ...
[09/07 23:43:56] [TEST] Processing batch 17437/18932 ...
[09/07 23:43:56] [TEST] Processing batch 17438/18932 ...
[09/07 23:43:56] [TEST] Processing batch 17439/18932 ...
[09/07 23:43:56] [TEST] Processing batch 17440/18932 ...
[09/07 23:43:56] [TEST] Processing batch 17441/18932 ...
[09/07 23:43:56] [TEST] Processing batch 17442/18932 ...
[09/07 23:43:56] [TEST] Processing batch 17443/18932 ...
[09/07 23:43:56] [TEST] Processing batch 17444/18932 ...
[09/07 23:43:56] [TEST] Processing batch 17445/18932 ...
[09/07 23:43:56] [TEST] Processing batch 17446/18932 ...
[09/07 23:43:56] [TEST] Processing batch 17447/18932 ...
[09/07 23:43:56] [TEST] Processing batch 17448/18932 ...
[09/07 23:43:56] [TEST] Processing batch 17449/18932 ...
[09/07 23:43:56] [TEST] Processing batch 17450/18932 ...
[09/07 23:43:56] [TEST] Processing batch 17451/18932 ...
[09/07 23:43:57] [TEST] Processing batch 17452/18932 ...
[09/07 23:43:57] [TEST] Processing batch 17453/18932 ...
[09/07 23:43:57] [TEST] Processing batch 17454/18932 ...
[09/07 23:43:57] [TEST] Processing batch 17455/18932 ...
[09/07 23:43:57] [TEST] Processing batch 17456/18932 ...
[09/07 23:43:57] [TEST] Processing batch 17457/18932 ...
[09/07 23:43:57] [TEST] Processing batch 17458/18932 ...
[09/07 23:43:57] [TEST] Processing batch 17459/18932 ...
[09/07 23:43:57] [TEST] Processing batch 17460/18932 ...
[09/07 23:43:57] [TEST] Processing batch 17461/18932 ...
[09/07 23:43:57] [TEST] Processing batch 17462/18932 ...
[09/07 23:43:57] [TEST] Processing batch 17463/18932 ...
[09/07 23:43:57] [TEST] Processing batch 17464/18932 ...
[09/07 23:43:57] [TEST] Processing batch 17465/18932 ...
[09/07 23:43:57] [TEST] Processing batch 17466/18932 ...
[09/07 23:43:57] [TEST] Processing batch 17467/18932 ...
[09/07 23:43:57] [TEST] Processing batch 17468/18932 ...
[09/07 23:43:57] [TEST] Processing batch 17469/18932 ...
[09/07 23:43:58] [TEST] Processing batch 17470/18932 ...
[09/07 23:43:58] [TEST] Processing batch 17471/18932 ...
[09/07 23:43:58] [TEST] Processing batch 17472/18932 ...
[09/07 23:43:58] [TEST] Processing batch 17473/18932 ...
[09/07 23:43:58] [TEST] Processing batch 17474/18932 ...
[09/07 23:43:58] [TEST] Processing batch 17475/18932 ...
[09/07 23:43:58] [TEST] Processing batch 17476/18932 ...
[09/07 23:43:58] [TEST] Processing batch 17477/18932 ...
[09/07 23:43:58] [TEST] Processing batch 17478/18932 ...
[09/07 23:43:58] [TEST] Processing batch 17479/18932 ...
[09/07 23:43:58] [TEST] Processing batch 17480/18932 ...
[09/07 23:43:58] [TEST] Processing batch 17481/18932 ...
[09/07 23:43:58] [TEST] Processing batch 17482/18932 ...
[09/07 23:43:58] [TEST] Processing batch 17483/18932 ...
[09/07 23:43:58] [TEST] Processing batch 17484/18932 ...
[09/07 23:43:58] [TEST] Processing batch 17485/18932 ...
[09/07 23:43:58] [TEST] Processing batch 17486/18932 ...
[09/07 23:43:58] [TEST] Processing batch 17487/18932 ...
[09/07 23:43:59] [TEST] Processing batch 17488/18932 ...
[09/07 23:43:59] [TEST] Processing batch 17489/18932 ...
[09/07 23:43:59] [TEST] Processing batch 17490/18932 ...
[09/07 23:43:59] [TEST] Processing batch 17491/18932 ...
[09/07 23:43:59] [TEST] Processing batch 17492/18932 ...
[09/07 23:43:59] [TEST] Processing batch 17493/18932 ...
[09/07 23:43:59] [TEST] Processing batch 17494/18932 ...
[09/07 23:43:59] [TEST] Processing batch 17495/18932 ...
[09/07 23:43:59] [TEST] Processing batch 17496/18932 ...
[09/07 23:43:59] [TEST] Processing batch 17497/18932 ...
[09/07 23:43:59] [TEST] Processing batch 17498/18932 ...
[09/07 23:43:59] [TEST] Processing batch 17499/18932 ...
[09/07 23:43:59] [TEST] Processing batch 17500/18932 ...
[09/07 23:43:59] [TEST] Processing batch 17501/18932 ...
[09/07 23:43:59] [TEST] Processing batch 17502/18932 ...
[09/07 23:43:59] [TEST] Processing batch 17503/18932 ...
[09/07 23:43:59] [TEST] Processing batch 17504/18932 ...
[09/07 23:43:59] [TEST] Processing batch 17505/18932 ...
[09/07 23:44:00] [TEST] Processing batch 17506/18932 ...
[09/07 23:44:00] [TEST] Processing batch 17507/18932 ...
[09/07 23:44:00] [TEST] Processing batch 17508/18932 ...
[09/07 23:44:00] [TEST] Processing batch 17509/18932 ...
[09/07 23:44:00] [TEST] Processing batch 17510/18932 ...
[09/07 23:44:00] [TEST] Processing batch 17511/18932 ...
[09/07 23:44:00] [TEST] Processing batch 17512/18932 ...
[09/07 23:44:00] [TEST] Processing batch 17513/18932 ...
[09/07 23:44:00] [TEST] Processing batch 17514/18932 ...
[09/07 23:44:00] [TEST] Processing batch 17515/18932 ...
[09/07 23:44:00] [TEST] Processing batch 17516/18932 ...
[09/07 23:44:00] [TEST] Processing batch 17517/18932 ...
[09/07 23:44:00] [TEST] Processing batch 17518/18932 ...
[09/07 23:44:00] [TEST] Processing batch 17519/18932 ...
[09/07 23:44:00] [TEST] Processing batch 17520/18932 ...
[09/07 23:44:00] [TEST] Processing batch 17521/18932 ...
[09/07 23:44:00] [TEST] Processing batch 17522/18932 ...
[09/07 23:44:00] [TEST] Processing batch 17523/18932 ...
[09/07 23:44:01] [TEST] Processing batch 17524/18932 ...
[09/07 23:44:01] [TEST] Processing batch 17525/18932 ...
[09/07 23:44:01] [TEST] Processing batch 17526/18932 ...
[09/07 23:44:01] [TEST] Processing batch 17527/18932 ...
[09/07 23:44:01] [TEST] Processing batch 17528/18932 ...
[09/07 23:44:01] [TEST] Processing batch 17529/18932 ...
[09/07 23:44:01] [TEST] Processing batch 17530/18932 ...
[09/07 23:44:01] [TEST] Processing batch 17531/18932 ...
[09/07 23:44:01] [TEST] Processing batch 17532/18932 ...
[09/07 23:44:01] [TEST] Processing batch 17533/18932 ...
[09/07 23:44:01] [TEST] Processing batch 17534/18932 ...
[09/07 23:44:01] [TEST] Processing batch 17535/18932 ...
[09/07 23:44:01] [TEST] Processing batch 17536/18932 ...
[09/07 23:44:01] [TEST] Processing batch 17537/18932 ...
[09/07 23:44:01] [TEST] Processing batch 17538/18932 ...
[09/07 23:44:01] [TEST] Processing batch 17539/18932 ...
[09/07 23:44:01] [TEST] Processing batch 17540/18932 ...
[09/07 23:44:02] [TEST] Processing batch 17541/18932 ...
[09/07 23:44:02] [TEST] Processing batch 17542/18932 ...
[09/07 23:44:02] [TEST] Processing batch 17543/18932 ...
[09/07 23:44:02] [TEST] Processing batch 17544/18932 ...
[09/07 23:44:02] [TEST] Processing batch 17545/18932 ...
[09/07 23:44:02] [TEST] Processing batch 17546/18932 ...
[09/07 23:44:02] [TEST] Processing batch 17547/18932 ...
[09/07 23:44:02] [TEST] Processing batch 17548/18932 ...
[09/07 23:44:02] [TEST] Processing batch 17549/18932 ...
[09/07 23:44:02] [TEST] Processing batch 17550/18932 ...
[09/07 23:44:02] [TEST] Processing batch 17551/18932 ...
[09/07 23:44:02] [TEST] Processing batch 17552/18932 ...
[09/07 23:44:02] [TEST] Processing batch 17553/18932 ...
[09/07 23:44:02] [TEST] Processing batch 17554/18932 ...
[09/07 23:44:02] [TEST] Processing batch 17555/18932 ...
[09/07 23:44:02] [TEST] Processing batch 17556/18932 ...
[09/07 23:44:02] [TEST] Processing batch 17557/18932 ...
[09/07 23:44:02] [TEST] Processing batch 17558/18932 ...
[09/07 23:44:03] [TEST] Processing batch 17559/18932 ...
[09/07 23:44:03] [TEST] Processing batch 17560/18932 ...
[09/07 23:44:03] [TEST] Processing batch 17561/18932 ...
[09/07 23:44:03] [TEST] Processing batch 17562/18932 ...
[09/07 23:44:03] [TEST] Processing batch 17563/18932 ...
[09/07 23:44:03] [TEST] Processing batch 17564/18932 ...
[09/07 23:44:03] [TEST] Processing batch 17565/18932 ...
[09/07 23:44:03] [TEST] Processing batch 17566/18932 ...
[09/07 23:44:03] [TEST] Processing batch 17567/18932 ...
[09/07 23:44:03] [TEST] Processing batch 17568/18932 ...
[09/07 23:44:03] [TEST] Processing batch 17569/18932 ...
[09/07 23:44:03] [TEST] Processing batch 17570/18932 ...
[09/07 23:44:03] [TEST] Processing batch 17571/18932 ...
[09/07 23:44:03] [TEST] Processing batch 17572/18932 ...
[09/07 23:44:03] [TEST] Processing batch 17573/18932 ...
[09/07 23:44:03] [TEST] Processing batch 17574/18932 ...
[09/07 23:44:03] [TEST] Processing batch 17575/18932 ...
[09/07 23:44:03] [TEST] Processing batch 17576/18932 ...
[09/07 23:44:04] [TEST] Processing batch 17577/18932 ...
[09/07 23:44:04] [TEST] Processing batch 17578/18932 ...
[09/07 23:44:04] [TEST] Processing batch 17579/18932 ...
[09/07 23:44:04] [TEST] Processing batch 17580/18932 ...
[09/07 23:44:04] [TEST] Processing batch 17581/18932 ...
[09/07 23:44:04] [TEST] Processing batch 17582/18932 ...
[09/07 23:44:04] [TEST] Processing batch 17583/18932 ...
[09/07 23:44:04] [TEST] Processing batch 17584/18932 ...
[09/07 23:44:04] [TEST] Processing batch 17585/18932 ...
[09/07 23:44:04] [TEST] Processing batch 17586/18932 ...
[09/07 23:44:04] [TEST] Processing batch 17587/18932 ...
[09/07 23:44:04] [TEST] Processing batch 17588/18932 ...
[09/07 23:44:04] [TEST] Processing batch 17589/18932 ...
[09/07 23:44:04] [TEST] Processing batch 17590/18932 ...
[09/07 23:44:04] [TEST] Processing batch 17591/18932 ...
[09/07 23:44:04] [TEST] Processing batch 17592/18932 ...
[09/07 23:44:04] [TEST] Processing batch 17593/18932 ...
[09/07 23:44:05] [TEST] Processing batch 17594/18932 ...
[09/07 23:44:05] [TEST] Processing batch 17595/18932 ...
[09/07 23:44:05] [TEST] Processing batch 17596/18932 ...
[09/07 23:44:05] [TEST] Processing batch 17597/18932 ...
[09/07 23:44:05] [TEST] Processing batch 17598/18932 ...
[09/07 23:44:05] [TEST] Processing batch 17599/18932 ...
[09/07 23:44:05] [TEST] Processing batch 17600/18932 ...
[09/07 23:44:05] [TEST] Processing batch 17601/18932 ...
[09/07 23:44:05] [TEST] Processing batch 17602/18932 ...
[09/07 23:44:05] [TEST] Processing batch 17603/18932 ...
[09/07 23:44:05] [TEST] Processing batch 17604/18932 ...
[09/07 23:44:05] [TEST] Processing batch 17605/18932 ...
[09/07 23:44:05] [TEST] Processing batch 17606/18932 ...
[09/07 23:44:05] [TEST] Processing batch 17607/18932 ...
[09/07 23:44:05] [TEST] Processing batch 17608/18932 ...
[09/07 23:44:05] [TEST] Processing batch 17609/18932 ...
[09/07 23:44:05] [TEST] Processing batch 17610/18932 ...
[09/07 23:44:05] [TEST] Processing batch 17611/18932 ...
[09/07 23:44:06] [TEST] Processing batch 17612/18932 ...
[09/07 23:44:06] [TEST] Processing batch 17613/18932 ...
[09/07 23:44:06] [TEST] Processing batch 17614/18932 ...
[09/07 23:44:06] [TEST] Processing batch 17615/18932 ...
[09/07 23:44:06] [TEST] Processing batch 17616/18932 ...
[09/07 23:44:06] [TEST] Processing batch 17617/18932 ...
[09/07 23:44:06] [TEST] Processing batch 17618/18932 ...
[09/07 23:44:06] [TEST] Processing batch 17619/18932 ...
[09/07 23:44:06] [TEST] Processing batch 17620/18932 ...
[09/07 23:44:06] [TEST] Processing batch 17621/18932 ...
[09/07 23:44:06] [TEST] Processing batch 17622/18932 ...
[09/07 23:44:06] [TEST] Processing batch 17623/18932 ...
[09/07 23:44:06] [TEST] Processing batch 17624/18932 ...
[09/07 23:44:06] [TEST] Processing batch 17625/18932 ...
[09/07 23:44:06] [TEST] Processing batch 17626/18932 ...
[09/07 23:44:06] [TEST] Processing batch 17627/18932 ...
[09/07 23:44:06] [TEST] Processing batch 17628/18932 ...
[09/07 23:44:06] [TEST] Processing batch 17629/18932 ...
[09/07 23:44:07] [TEST] Processing batch 17630/18932 ...
[09/07 23:44:07] [TEST] Processing batch 17631/18932 ...
[09/07 23:44:07] [TEST] Processing batch 17632/18932 ...
[09/07 23:44:07] [TEST] Processing batch 17633/18932 ...
[09/07 23:44:07] [TEST] Processing batch 17634/18932 ...
[09/07 23:44:07] [TEST] Processing batch 17635/18932 ...
[09/07 23:44:07] [TEST] Processing batch 17636/18932 ...
[09/07 23:44:07] [TEST] Processing batch 17637/18932 ...
[09/07 23:44:07] [TEST] Processing batch 17638/18932 ...
[09/07 23:44:07] [TEST] Processing batch 17639/18932 ...
[09/07 23:44:07] [TEST] Processing batch 17640/18932 ...
[09/07 23:44:07] [TEST] Processing batch 17641/18932 ...
[09/07 23:44:07] [TEST] Processing batch 17642/18932 ...
[09/07 23:44:07] [TEST] Processing batch 17643/18932 ...
[09/07 23:44:07] [TEST] Processing batch 17644/18932 ...
[09/07 23:44:07] [TEST] Processing batch 17645/18932 ...
[09/07 23:44:07] [TEST] Processing batch 17646/18932 ...
[09/07 23:44:07] [TEST] Processing batch 17647/18932 ...
[09/07 23:44:08] [TEST] Processing batch 17648/18932 ...
[09/07 23:44:08] [TEST] Processing batch 17649/18932 ...
[09/07 23:44:08] [TEST] Processing batch 17650/18932 ...
[09/07 23:44:08] [TEST] Processing batch 17651/18932 ...
[09/07 23:44:08] [TEST] Processing batch 17652/18932 ...
[09/07 23:44:08] [TEST] Processing batch 17653/18932 ...
[09/07 23:44:08] [TEST] Processing batch 17654/18932 ...
[09/07 23:44:08] [TEST] Processing batch 17655/18932 ...
[09/07 23:44:08] [TEST] Processing batch 17656/18932 ...
[09/07 23:44:08] [TEST] Processing batch 17657/18932 ...
[09/07 23:44:08] [TEST] Processing batch 17658/18932 ...
[09/07 23:44:08] [TEST] Processing batch 17659/18932 ...
[09/07 23:44:08] [TEST] Processing batch 17660/18932 ...
[09/07 23:44:08] [TEST] Processing batch 17661/18932 ...
[09/07 23:44:08] [TEST] Processing batch 17662/18932 ...
[09/07 23:44:08] [TEST] Processing batch 17663/18932 ...
[09/07 23:44:08] [TEST] Processing batch 17664/18932 ...
[09/07 23:44:08] [TEST] Processing batch 17665/18932 ...
[09/07 23:44:09] [TEST] Processing batch 17666/18932 ...
[09/07 23:44:09] [TEST] Processing batch 17667/18932 ...
[09/07 23:44:09] [TEST] Processing batch 17668/18932 ...
[09/07 23:44:09] [TEST] Processing batch 17669/18932 ...
[09/07 23:44:09] [TEST] Processing batch 17670/18932 ...
[09/07 23:44:09] [TEST] Processing batch 17671/18932 ...
[09/07 23:44:09] [TEST] Processing batch 17672/18932 ...
[09/07 23:44:09] [TEST] Processing batch 17673/18932 ...
[09/07 23:44:09] [TEST] Processing batch 17674/18932 ...
[09/07 23:44:09] [TEST] Processing batch 17675/18932 ...
[09/07 23:44:09] [TEST] Processing batch 17676/18932 ...
[09/07 23:44:09] [TEST] Processing batch 17677/18932 ...
[09/07 23:44:09] [TEST] Processing batch 17678/18932 ...
[09/07 23:44:09] [TEST] Processing batch 17679/18932 ...
[09/07 23:44:09] [TEST] Processing batch 17680/18932 ...
[09/07 23:44:09] [TEST] Processing batch 17681/18932 ...
[09/07 23:44:09] [TEST] Processing batch 17682/18932 ...
[09/07 23:44:09] [TEST] Processing batch 17683/18932 ...
[09/07 23:44:10] [TEST] Processing batch 17684/18932 ...
[09/07 23:44:10] [TEST] Processing batch 17685/18932 ...
[09/07 23:44:10] [TEST] Processing batch 17686/18932 ...
[09/07 23:44:10] [TEST] Processing batch 17687/18932 ...
[09/07 23:44:10] [TEST] Processing batch 17688/18932 ...
[09/07 23:44:10] [TEST] Processing batch 17689/18932 ...
[09/07 23:44:10] [TEST] Processing batch 17690/18932 ...
[09/07 23:44:10] [TEST] Processing batch 17691/18932 ...
[09/07 23:44:10] [TEST] Processing batch 17692/18932 ...
[09/07 23:44:10] [TEST] Processing batch 17693/18932 ...
[09/07 23:44:10] [TEST] Processing batch 17694/18932 ...
[09/07 23:44:10] [TEST] Processing batch 17695/18932 ...
[09/07 23:44:10] [TEST] Processing batch 17696/18932 ...
[09/07 23:44:10] [TEST] Processing batch 17697/18932 ...
[09/07 23:44:10] [TEST] Processing batch 17698/18932 ...
[09/07 23:44:10] [TEST] Processing batch 17699/18932 ...
[09/07 23:44:10] [TEST] Processing batch 17700/18932 ...
[09/07 23:44:10] [TEST] Processing batch 17701/18932 ...
[09/07 23:44:11] [TEST] Processing batch 17702/18932 ...
[09/07 23:44:11] [TEST] Processing batch 17703/18932 ...
[09/07 23:44:11] [TEST] Processing batch 17704/18932 ...
[09/07 23:44:11] [TEST] Processing batch 17705/18932 ...
[09/07 23:44:11] [TEST] Processing batch 17706/18932 ...
[09/07 23:44:11] [TEST] Processing batch 17707/18932 ...
[09/07 23:44:11] [TEST] Processing batch 17708/18932 ...
[09/07 23:44:11] [TEST] Processing batch 17709/18932 ...
[09/07 23:44:11] [TEST] Processing batch 17710/18932 ...
[09/07 23:44:11] [TEST] Processing batch 17711/18932 ...
[09/07 23:44:11] [TEST] Processing batch 17712/18932 ...
[09/07 23:44:11] [TEST] Processing batch 17713/18932 ...
[09/07 23:44:11] [TEST] Processing batch 17714/18932 ...
[09/07 23:44:11] [TEST] Processing batch 17715/18932 ...
[09/07 23:44:11] [TEST] Processing batch 17716/18932 ...
[09/07 23:44:11] [TEST] Processing batch 17717/18932 ...
[09/07 23:44:11] [TEST] Processing batch 17718/18932 ...
[09/07 23:44:11] [TEST] Processing batch 17719/18932 ...
[09/07 23:44:12] [TEST] Processing batch 17720/18932 ...
[09/07 23:44:12] [TEST] Processing batch 17721/18932 ...
[09/07 23:44:12] [TEST] Processing batch 17722/18932 ...
[09/07 23:44:12] [TEST] Processing batch 17723/18932 ...
[09/07 23:44:12] [TEST] Processing batch 17724/18932 ...
[09/07 23:44:12] [TEST] Processing batch 17725/18932 ...
[09/07 23:44:12] [TEST] Processing batch 17726/18932 ...
[09/07 23:44:12] [TEST] Processing batch 17727/18932 ...
[09/07 23:44:12] [TEST] Processing batch 17728/18932 ...
[09/07 23:44:12] [TEST] Processing batch 17729/18932 ...
[09/07 23:44:12] [TEST] Processing batch 17730/18932 ...
[09/07 23:44:12] [TEST] Processing batch 17731/18932 ...
[09/07 23:44:12] [TEST] Processing batch 17732/18932 ...
[09/07 23:44:12] [TEST] Processing batch 17733/18932 ...
[09/07 23:44:12] [TEST] Processing batch 17734/18932 ...
[09/07 23:44:12] [TEST] Processing batch 17735/18932 ...
[09/07 23:44:12] [TEST] Processing batch 17736/18932 ...
[09/07 23:44:12] [TEST] Processing batch 17737/18932 ...
[09/07 23:44:13] [TEST] Processing batch 17738/18932 ...
[09/07 23:44:13] [TEST] Processing batch 17739/18932 ...
[09/07 23:44:13] [TEST] Processing batch 17740/18932 ...
[09/07 23:44:13] [TEST] Processing batch 17741/18932 ...
[09/07 23:44:13] [TEST] Processing batch 17742/18932 ...
[09/07 23:44:13] [TEST] Processing batch 17743/18932 ...
[09/07 23:44:13] [TEST] Processing batch 17744/18932 ...
[09/07 23:44:13] [TEST] Processing batch 17745/18932 ...
[09/07 23:44:13] [TEST] Processing batch 17746/18932 ...
[09/07 23:44:13] [TEST] Processing batch 17747/18932 ...
[09/07 23:44:13] [TEST] Processing batch 17748/18932 ...
[09/07 23:44:13] [TEST] Processing batch 17749/18932 ...
[09/07 23:44:13] [TEST] Processing batch 17750/18932 ...
[09/07 23:44:13] [TEST] Processing batch 17751/18932 ...
[09/07 23:44:13] [TEST] Processing batch 17752/18932 ...
[09/07 23:44:13] [TEST] Processing batch 17753/18932 ...
[09/07 23:44:13] [TEST] Processing batch 17754/18932 ...
[09/07 23:44:13] [TEST] Processing batch 17755/18932 ...
[09/07 23:44:14] [TEST] Processing batch 17756/18932 ...
[09/07 23:44:14] [TEST] Processing batch 17757/18932 ...
[09/07 23:44:14] [TEST] Processing batch 17758/18932 ...
[09/07 23:44:14] [TEST] Processing batch 17759/18932 ...
[09/07 23:44:14] [TEST] Processing batch 17760/18932 ...
[09/07 23:44:14] [TEST] Processing batch 17761/18932 ...
[09/07 23:44:14] [TEST] Processing batch 17762/18932 ...
[09/07 23:44:14] [TEST] Processing batch 17763/18932 ...
[09/07 23:44:14] [TEST] Processing batch 17764/18932 ...
[09/07 23:44:14] [TEST] Processing batch 17765/18932 ...
[09/07 23:44:14] [TEST] Processing batch 17766/18932 ...
[09/07 23:44:14] [TEST] Processing batch 17767/18932 ...
[09/07 23:44:14] [TEST] Processing batch 17768/18932 ...
[09/07 23:44:14] [TEST] Processing batch 17769/18932 ...
[09/07 23:44:14] [TEST] Processing batch 17770/18932 ...
[09/07 23:44:14] [TEST] Processing batch 17771/18932 ...
[09/07 23:44:14] [TEST] Processing batch 17772/18932 ...
[09/07 23:44:14] [TEST] Processing batch 17773/18932 ...
[09/07 23:44:15] [TEST] Processing batch 17774/18932 ...
[09/07 23:44:15] [TEST] Processing batch 17775/18932 ...
[09/07 23:44:15] [TEST] Processing batch 17776/18932 ...
[09/07 23:44:15] [TEST] Processing batch 17777/18932 ...
[09/07 23:44:15] [TEST] Processing batch 17778/18932 ...
[09/07 23:44:15] [TEST] Processing batch 17779/18932 ...
[09/07 23:44:15] [TEST] Processing batch 17780/18932 ...
[09/07 23:44:15] [TEST] Processing batch 17781/18932 ...
[09/07 23:44:15] [TEST] Processing batch 17782/18932 ...
[09/07 23:44:15] [TEST] Processing batch 17783/18932 ...
[09/07 23:44:15] [TEST] Processing batch 17784/18932 ...
[09/07 23:44:15] [TEST] Processing batch 17785/18932 ...
[09/07 23:44:15] [TEST] Processing batch 17786/18932 ...
[09/07 23:44:15] [TEST] Processing batch 17787/18932 ...
[09/07 23:44:15] [TEST] Processing batch 17788/18932 ...
[09/07 23:44:15] [TEST] Processing batch 17789/18932 ...
[09/07 23:44:15] [TEST] Processing batch 17790/18932 ...
[09/07 23:44:15] [TEST] Processing batch 17791/18932 ...
[09/07 23:44:16] [TEST] Processing batch 17792/18932 ...
[09/07 23:44:16] [TEST] Processing batch 17793/18932 ...
[09/07 23:44:16] [TEST] Processing batch 17794/18932 ...
[09/07 23:44:16] [TEST] Processing batch 17795/18932 ...
[09/07 23:44:16] [TEST] Processing batch 17796/18932 ...
[09/07 23:44:16] [TEST] Processing batch 17797/18932 ...
[09/07 23:44:16] [TEST] Processing batch 17798/18932 ...
[09/07 23:44:16] [TEST] Processing batch 17799/18932 ...
[09/07 23:44:16] [TEST] Processing batch 17800/18932 ...
[09/07 23:44:16] [TEST] Processing batch 17801/18932 ...
[09/07 23:44:16] [TEST] Processing batch 17802/18932 ...
[09/07 23:44:16] [TEST] Processing batch 17803/18932 ...
[09/07 23:44:16] [TEST] Processing batch 17804/18932 ...
[09/07 23:44:16] [TEST] Processing batch 17805/18932 ...
[09/07 23:44:16] [TEST] Processing batch 17806/18932 ...
[09/07 23:44:16] [TEST] Processing batch 17807/18932 ...
[09/07 23:44:16] [TEST] Processing batch 17808/18932 ...
[09/07 23:44:16] [TEST] Processing batch 17809/18932 ...
[09/07 23:44:17] [TEST] Processing batch 17810/18932 ...
[09/07 23:44:17] [TEST] Processing batch 17811/18932 ...
[09/07 23:44:17] [TEST] Processing batch 17812/18932 ...
[09/07 23:44:17] [TEST] Processing batch 17813/18932 ...
[09/07 23:44:17] [TEST] Processing batch 17814/18932 ...
[09/07 23:44:17] [TEST] Processing batch 17815/18932 ...
[09/07 23:44:17] [TEST] Processing batch 17816/18932 ...
[09/07 23:44:17] [TEST] Processing batch 17817/18932 ...
[09/07 23:44:17] [TEST] Processing batch 17818/18932 ...
[09/07 23:44:17] [TEST] Processing batch 17819/18932 ...
[09/07 23:44:17] [TEST] Processing batch 17820/18932 ...
[09/07 23:44:17] [TEST] Processing batch 17821/18932 ...
[09/07 23:44:17] [TEST] Processing batch 17822/18932 ...
[09/07 23:44:17] [TEST] Processing batch 17823/18932 ...
[09/07 23:44:17] [TEST] Processing batch 17824/18932 ...
[09/07 23:44:17] [TEST] Processing batch 17825/18932 ...
[09/07 23:44:17] [TEST] Processing batch 17826/18932 ...
[09/07 23:44:17] [TEST] Processing batch 17827/18932 ...
[09/07 23:44:18] [TEST] Processing batch 17828/18932 ...
[09/07 23:44:18] [TEST] Processing batch 17829/18932 ...
[09/07 23:44:18] [TEST] Processing batch 17830/18932 ...
[09/07 23:44:18] [TEST] Processing batch 17831/18932 ...
[09/07 23:44:18] [TEST] Processing batch 17832/18932 ...
[09/07 23:44:18] [TEST] Processing batch 17833/18932 ...
[09/07 23:44:18] [TEST] Processing batch 17834/18932 ...
[09/07 23:44:18] [TEST] Processing batch 17835/18932 ...
[09/07 23:44:18] [TEST] Processing batch 17836/18932 ...
[09/07 23:44:18] [TEST] Processing batch 17837/18932 ...
[09/07 23:44:18] [TEST] Processing batch 17838/18932 ...
[09/07 23:44:18] [TEST] Processing batch 17839/18932 ...
[09/07 23:44:18] [TEST] Processing batch 17840/18932 ...
[09/07 23:44:18] [TEST] Processing batch 17841/18932 ...
[09/07 23:44:18] [TEST] Processing batch 17842/18932 ...
[09/07 23:44:18] [TEST] Processing batch 17843/18932 ...
[09/07 23:44:18] [TEST] Processing batch 17844/18932 ...
[09/07 23:44:19] [TEST] Processing batch 17845/18932 ...
[09/07 23:44:19] [TEST] Processing batch 17846/18932 ...
[09/07 23:44:19] [TEST] Processing batch 17847/18932 ...
[09/07 23:44:19] [TEST] Processing batch 17848/18932 ...
[09/07 23:44:19] [TEST] Processing batch 17849/18932 ...
[09/07 23:44:19] [TEST] Processing batch 17850/18932 ...
[09/07 23:44:19] [TEST] Processing batch 17851/18932 ...
[09/07 23:44:19] [TEST] Processing batch 17852/18932 ...
[09/07 23:44:19] [TEST] Processing batch 17853/18932 ...
[09/07 23:44:19] [TEST] Processing batch 17854/18932 ...
[09/07 23:44:19] [TEST] Processing batch 17855/18932 ...
[09/07 23:44:19] [TEST] Processing batch 17856/18932 ...
[09/07 23:44:19] [TEST] Processing batch 17857/18932 ...
[09/07 23:44:19] [TEST] Processing batch 17858/18932 ...
[09/07 23:44:19] [TEST] Processing batch 17859/18932 ...
[09/07 23:44:19] [TEST] Processing batch 17860/18932 ...
[09/07 23:44:19] [TEST] Processing batch 17861/18932 ...
[09/07 23:44:19] [TEST] Processing batch 17862/18932 ...
[09/07 23:44:20] [TEST] Processing batch 17863/18932 ...
[09/07 23:44:20] [TEST] Processing batch 17864/18932 ...
[09/07 23:44:20] [TEST] Processing batch 17865/18932 ...
[09/07 23:44:20] [TEST] Processing batch 17866/18932 ...
[09/07 23:44:20] [TEST] Processing batch 17867/18932 ...
[09/07 23:44:20] [TEST] Processing batch 17868/18932 ...
[09/07 23:44:20] [TEST] Processing batch 17869/18932 ...
[09/07 23:44:20] [TEST] Processing batch 17870/18932 ...
[09/07 23:44:20] [TEST] Processing batch 17871/18932 ...
[09/07 23:44:20] [TEST] Processing batch 17872/18932 ...
[09/07 23:44:20] [TEST] Processing batch 17873/18932 ...
[09/07 23:44:20] [TEST] Processing batch 17874/18932 ...
[09/07 23:44:20] [TEST] Processing batch 17875/18932 ...
[09/07 23:44:20] [TEST] Processing batch 17876/18932 ...
[09/07 23:44:20] [TEST] Processing batch 17877/18932 ...
[09/07 23:44:20] [TEST] Processing batch 17878/18932 ...
[09/07 23:44:20] [TEST] Processing batch 17879/18932 ...
[09/07 23:44:20] [TEST] Processing batch 17880/18932 ...
[09/07 23:44:21] [TEST] Processing batch 17881/18932 ...
[09/07 23:44:21] [TEST] Processing batch 17882/18932 ...
[09/07 23:44:21] [TEST] Processing batch 17883/18932 ...
[09/07 23:44:21] [TEST] Processing batch 17884/18932 ...
[09/07 23:44:21] [TEST] Processing batch 17885/18932 ...
[09/07 23:44:21] [TEST] Processing batch 17886/18932 ...
[09/07 23:44:21] [TEST] Processing batch 17887/18932 ...
[09/07 23:44:21] [TEST] Processing batch 17888/18932 ...
[09/07 23:44:21] [TEST] Processing batch 17889/18932 ...
[09/07 23:44:21] [TEST] Processing batch 17890/18932 ...
[09/07 23:44:21] [TEST] Processing batch 17891/18932 ...
[09/07 23:44:21] [TEST] Processing batch 17892/18932 ...
[09/07 23:44:21] [TEST] Processing batch 17893/18932 ...
[09/07 23:44:21] [TEST] Processing batch 17894/18932 ...
[09/07 23:44:21] [TEST] Processing batch 17895/18932 ...
[09/07 23:44:21] [TEST] Processing batch 17896/18932 ...
[09/07 23:44:21] [TEST] Processing batch 17897/18932 ...
[09/07 23:44:21] [TEST] Processing batch 17898/18932 ...
[09/07 23:44:22] [TEST] Processing batch 17899/18932 ...
[09/07 23:44:22] [TEST] Processing batch 17900/18932 ...
[09/07 23:44:22] [TEST] Processing batch 17901/18932 ...
[09/07 23:44:22] [TEST] Processing batch 17902/18932 ...
[09/07 23:44:22] [TEST] Processing batch 17903/18932 ...
[09/07 23:44:22] [TEST] Processing batch 17904/18932 ...
[09/07 23:44:22] [TEST] Processing batch 17905/18932 ...
[09/07 23:44:22] [TEST] Processing batch 17906/18932 ...
[09/07 23:44:22] [TEST] Processing batch 17907/18932 ...
[09/07 23:44:22] [TEST] Processing batch 17908/18932 ...
[09/07 23:44:22] [TEST] Processing batch 17909/18932 ...
[09/07 23:44:22] [TEST] Processing batch 17910/18932 ...
[09/07 23:44:22] [TEST] Processing batch 17911/18932 ...
[09/07 23:44:22] [TEST] Processing batch 17912/18932 ...
[09/07 23:44:22] [TEST] Processing batch 17913/18932 ...
[09/07 23:44:22] [TEST] Processing batch 17914/18932 ...
[09/07 23:44:22] [TEST] Processing batch 17915/18932 ...
[09/07 23:44:22] [TEST] Processing batch 17916/18932 ...
[09/07 23:44:23] [TEST] Processing batch 17917/18932 ...
[09/07 23:44:23] [TEST] Processing batch 17918/18932 ...
[09/07 23:44:23] [TEST] Processing batch 17919/18932 ...
[09/07 23:44:23] [TEST] Processing batch 17920/18932 ...
[09/07 23:44:23] [TEST] Processing batch 17921/18932 ...
[09/07 23:44:23] [TEST] Processing batch 17922/18932 ...
[09/07 23:44:23] [TEST] Processing batch 17923/18932 ...
[09/07 23:44:23] [TEST] Processing batch 17924/18932 ...
[09/07 23:44:23] [TEST] Processing batch 17925/18932 ...
[09/07 23:44:23] [TEST] Processing batch 17926/18932 ...
[09/07 23:44:23] [TEST] Processing batch 17927/18932 ...
[09/07 23:44:23] [TEST] Processing batch 17928/18932 ...
[09/07 23:44:23] [TEST] Processing batch 17929/18932 ...
[09/07 23:44:23] [TEST] Processing batch 17930/18932 ...
[09/07 23:44:23] [TEST] Processing batch 17931/18932 ...
[09/07 23:44:23] [TEST] Processing batch 17932/18932 ...
[09/07 23:44:23] [TEST] Processing batch 17933/18932 ...
[09/07 23:44:24] [TEST] Processing batch 17934/18932 ...
[09/07 23:44:24] [TEST] Processing batch 17935/18932 ...
[09/07 23:44:24] [TEST] Processing batch 17936/18932 ...
[09/07 23:44:24] [TEST] Processing batch 17937/18932 ...
[09/07 23:44:24] [TEST] Processing batch 17938/18932 ...
[09/07 23:44:24] [TEST] Processing batch 17939/18932 ...
[09/07 23:44:24] [TEST] Processing batch 17940/18932 ...
[09/07 23:44:24] [TEST] Processing batch 17941/18932 ...
[09/07 23:44:24] [TEST] Processing batch 17942/18932 ...
[09/07 23:44:24] [TEST] Processing batch 17943/18932 ...
[09/07 23:44:24] [TEST] Processing batch 17944/18932 ...
[09/07 23:44:24] [TEST] Processing batch 17945/18932 ...
[09/07 23:44:24] [TEST] Processing batch 17946/18932 ...
[09/07 23:44:24] [TEST] Processing batch 17947/18932 ...
[09/07 23:44:24] [TEST] Processing batch 17948/18932 ...
[09/07 23:44:24] [TEST] Processing batch 17949/18932 ...
[09/07 23:44:24] [TEST] Processing batch 17950/18932 ...
[09/07 23:44:24] [TEST] Processing batch 17951/18932 ...
[09/07 23:44:24] [TEST] Processing batch 17952/18932 ...
[09/07 23:44:25] [TEST] Processing batch 17953/18932 ...
[09/07 23:44:25] [TEST] Processing batch 17954/18932 ...
[09/07 23:44:25] [TEST] Processing batch 17955/18932 ...
[09/07 23:44:25] [TEST] Processing batch 17956/18932 ...
[09/07 23:44:25] [TEST] Processing batch 17957/18932 ...
[09/07 23:44:25] [TEST] Processing batch 17958/18932 ...
[09/07 23:44:25] [TEST] Processing batch 17959/18932 ...
[09/07 23:44:25] [TEST] Processing batch 17960/18932 ...
[09/07 23:44:25] [TEST] Processing batch 17961/18932 ...
[09/07 23:44:25] [TEST] Processing batch 17962/18932 ...
[09/07 23:44:25] [TEST] Processing batch 17963/18932 ...
[09/07 23:44:25] [TEST] Processing batch 17964/18932 ...
[09/07 23:44:25] [TEST] Processing batch 17965/18932 ...
[09/07 23:44:25] [TEST] Processing batch 17966/18932 ...
[09/07 23:44:25] [TEST] Processing batch 17967/18932 ...
[09/07 23:44:25] [TEST] Processing batch 17968/18932 ...
[09/07 23:44:25] [TEST] Processing batch 17969/18932 ...
[09/07 23:44:26] [TEST] Processing batch 17970/18932 ...
[09/07 23:44:26] [TEST] Processing batch 17971/18932 ...
[09/07 23:44:26] [TEST] Processing batch 17972/18932 ...
[09/07 23:44:26] [TEST] Processing batch 17973/18932 ...
[09/07 23:44:26] [TEST] Processing batch 17974/18932 ...
[09/07 23:44:26] [TEST] Processing batch 17975/18932 ...
[09/07 23:44:26] [TEST] Processing batch 17976/18932 ...
[09/07 23:44:26] [TEST] Processing batch 17977/18932 ...
[09/07 23:44:26] [TEST] Processing batch 17978/18932 ...
[09/07 23:44:26] [TEST] Processing batch 17979/18932 ...
[09/07 23:44:26] [TEST] Processing batch 17980/18932 ...
[09/07 23:44:26] [TEST] Processing batch 17981/18932 ...
[09/07 23:44:26] [TEST] Processing batch 17982/18932 ...
[09/07 23:44:26] [TEST] Processing batch 17983/18932 ...
[09/07 23:44:26] [TEST] Processing batch 17984/18932 ...
[09/07 23:44:26] [TEST] Processing batch 17985/18932 ...
[09/07 23:44:26] [TEST] Processing batch 17986/18932 ...
[09/07 23:44:26] [TEST] Processing batch 17987/18932 ...
[09/07 23:44:26] [TEST] Processing batch 17988/18932 ...
[09/07 23:44:27] [TEST] Processing batch 17989/18932 ...
[09/07 23:44:27] [TEST] Processing batch 17990/18932 ...
[09/07 23:44:27] [TEST] Processing batch 17991/18932 ...
[09/07 23:44:27] [TEST] Processing batch 17992/18932 ...
[09/07 23:44:27] [TEST] Processing batch 17993/18932 ...
[09/07 23:44:27] [TEST] Processing batch 17994/18932 ...
[09/07 23:44:27] [TEST] Processing batch 17995/18932 ...
[09/07 23:44:27] [TEST] Processing batch 17996/18932 ...
[09/07 23:44:27] [TEST] Processing batch 17997/18932 ...
[09/07 23:44:27] [TEST] Processing batch 17998/18932 ...
[09/07 23:44:27] [TEST] Processing batch 17999/18932 ...
[09/07 23:44:27] [TEST] Processing batch 18000/18932 ...
[09/07 23:44:27] [TEST] Processing batch 18001/18932 ...
[09/07 23:44:27] [TEST] Processing batch 18002/18932 ...
[09/07 23:44:27] [TEST] Processing batch 18003/18932 ...
[09/07 23:44:27] [TEST] Processing batch 18004/18932 ...
[09/07 23:44:27] [TEST] Processing batch 18005/18932 ...
[09/07 23:44:28] [TEST] Processing batch 18006/18932 ...
[09/07 23:44:28] [TEST] Processing batch 18007/18932 ...
[09/07 23:44:28] [TEST] Processing batch 18008/18932 ...
[09/07 23:44:28] [TEST] Processing batch 18009/18932 ...
[09/07 23:44:28] [TEST] Processing batch 18010/18932 ...
[09/07 23:44:28] [TEST] Processing batch 18011/18932 ...
[09/07 23:44:28] [TEST] Processing batch 18012/18932 ...
[09/07 23:44:28] [TEST] Processing batch 18013/18932 ...
[09/07 23:44:28] [TEST] Processing batch 18014/18932 ...
[09/07 23:44:28] [TEST] Processing batch 18015/18932 ...
[09/07 23:44:28] [TEST] Processing batch 18016/18932 ...
[09/07 23:44:28] [TEST] Processing batch 18017/18932 ...
[09/07 23:44:28] [TEST] Processing batch 18018/18932 ...
[09/07 23:44:28] [TEST] Processing batch 18019/18932 ...
[09/07 23:44:28] [TEST] Processing batch 18020/18932 ...
[09/07 23:44:28] [TEST] Processing batch 18021/18932 ...
[09/07 23:44:28] [TEST] Processing batch 18022/18932 ...
[09/07 23:44:28] [TEST] Processing batch 18023/18932 ...
[09/07 23:44:29] [TEST] Processing batch 18024/18932 ...
[09/07 23:44:29] [TEST] Processing batch 18025/18932 ...
[09/07 23:44:29] [TEST] Processing batch 18026/18932 ...
[09/07 23:44:29] [TEST] Processing batch 18027/18932 ...
[09/07 23:44:29] [TEST] Processing batch 18028/18932 ...
[09/07 23:44:29] [TEST] Processing batch 18029/18932 ...
[09/07 23:44:29] [TEST] Processing batch 18030/18932 ...
[09/07 23:44:29] [TEST] Processing batch 18031/18932 ...
[09/07 23:44:29] [TEST] Processing batch 18032/18932 ...
[09/07 23:44:29] [TEST] Processing batch 18033/18932 ...
[09/07 23:44:29] [TEST] Processing batch 18034/18932 ...
[09/07 23:44:29] [TEST] Processing batch 18035/18932 ...
[09/07 23:44:29] [TEST] Processing batch 18036/18932 ...
[09/07 23:44:29] [TEST] Processing batch 18037/18932 ...
[09/07 23:44:29] [TEST] Processing batch 18038/18932 ...
[09/07 23:44:29] [TEST] Processing batch 18039/18932 ...
[09/07 23:44:29] [TEST] Processing batch 18040/18932 ...
[09/07 23:44:29] [TEST] Processing batch 18041/18932 ...
[09/07 23:44:30] [TEST] Processing batch 18042/18932 ...
[09/07 23:44:30] [TEST] Processing batch 18043/18932 ...
[09/07 23:44:30] [TEST] Processing batch 18044/18932 ...
[09/07 23:44:30] [TEST] Processing batch 18045/18932 ...
[09/07 23:44:30] [TEST] Processing batch 18046/18932 ...
[09/07 23:44:30] [TEST] Processing batch 18047/18932 ...
[09/07 23:44:30] [TEST] Processing batch 18048/18932 ...
[09/07 23:44:30] [TEST] Processing batch 18049/18932 ...
[09/07 23:44:30] [TEST] Processing batch 18050/18932 ...
[09/07 23:44:30] [TEST] Processing batch 18051/18932 ...
[09/07 23:44:30] [TEST] Processing batch 18052/18932 ...
[09/07 23:44:30] [TEST] Processing batch 18053/18932 ...
[09/07 23:44:30] [TEST] Processing batch 18054/18932 ...
[09/07 23:44:30] [TEST] Processing batch 18055/18932 ...
[09/07 23:44:30] [TEST] Processing batch 18056/18932 ...
[09/07 23:44:30] [TEST] Processing batch 18057/18932 ...
[09/07 23:44:30] [TEST] Processing batch 18058/18932 ...
[09/07 23:44:31] [TEST] Processing batch 18059/18932 ...
[09/07 23:44:31] [TEST] Processing batch 18060/18932 ...
[09/07 23:44:31] [TEST] Processing batch 18061/18932 ...
[09/07 23:44:31] [TEST] Processing batch 18062/18932 ...
[09/07 23:44:31] [TEST] Processing batch 18063/18932 ...
[09/07 23:44:31] [TEST] Processing batch 18064/18932 ...
[09/07 23:44:31] [TEST] Processing batch 18065/18932 ...
[09/07 23:44:31] [TEST] Processing batch 18066/18932 ...
[09/07 23:44:31] [TEST] Processing batch 18067/18932 ...
[09/07 23:44:31] [TEST] Processing batch 18068/18932 ...
[09/07 23:44:31] [TEST] Processing batch 18069/18932 ...
[09/07 23:44:31] [TEST] Processing batch 18070/18932 ...
[09/07 23:44:31] [TEST] Processing batch 18071/18932 ...
[09/07 23:44:31] [TEST] Processing batch 18072/18932 ...
[09/07 23:44:31] [TEST] Processing batch 18073/18932 ...
[09/07 23:44:31] [TEST] Processing batch 18074/18932 ...
[09/07 23:44:31] [TEST] Processing batch 18075/18932 ...
[09/07 23:44:32] [TEST] Processing batch 18076/18932 ...
[09/07 23:44:32] [TEST] Processing batch 18077/18932 ...
[09/07 23:44:32] [TEST] Processing batch 18078/18932 ...
[09/07 23:44:32] [TEST] Processing batch 18079/18932 ...
[09/07 23:44:32] [TEST] Processing batch 18080/18932 ...
[09/07 23:44:32] [TEST] Processing batch 18081/18932 ...
[09/07 23:44:32] [TEST] Processing batch 18082/18932 ...
[09/07 23:44:32] [TEST] Processing batch 18083/18932 ...
[09/07 23:44:32] [TEST] Processing batch 18084/18932 ...
[09/07 23:44:32] [TEST] Processing batch 18085/18932 ...
[09/07 23:44:32] [TEST] Processing batch 18086/18932 ...
[09/07 23:44:32] [TEST] Processing batch 18087/18932 ...
[09/07 23:44:32] [TEST] Processing batch 18088/18932 ...
[09/07 23:44:32] [TEST] Processing batch 18089/18932 ...
[09/07 23:44:32] [TEST] Processing batch 18090/18932 ...
[09/07 23:44:32] [TEST] Processing batch 18091/18932 ...
[09/07 23:44:32] [TEST] Processing batch 18092/18932 ...
[09/07 23:44:32] [TEST] Processing batch 18093/18932 ...
[09/07 23:44:33] [TEST] Processing batch 18094/18932 ...
[09/07 23:44:33] [TEST] Processing batch 18095/18932 ...
[09/07 23:44:33] [TEST] Processing batch 18096/18932 ...
[09/07 23:44:33] [TEST] Processing batch 18097/18932 ...
[09/07 23:44:33] [TEST] Processing batch 18098/18932 ...
[09/07 23:44:33] [TEST] Processing batch 18099/18932 ...
[09/07 23:44:33] [TEST] Processing batch 18100/18932 ...
[09/07 23:44:33] [TEST] Processing batch 18101/18932 ...
[09/07 23:44:33] [TEST] Processing batch 18102/18932 ...
[09/07 23:44:33] [TEST] Processing batch 18103/18932 ...
[09/07 23:44:33] [TEST] Processing batch 18104/18932 ...
[09/07 23:44:33] [TEST] Processing batch 18105/18932 ...
[09/07 23:44:33] [TEST] Processing batch 18106/18932 ...
[09/07 23:44:33] [TEST] Processing batch 18107/18932 ...
[09/07 23:44:33] [TEST] Processing batch 18108/18932 ...
[09/07 23:44:33] [TEST] Processing batch 18109/18932 ...
[09/07 23:44:33] [TEST] Processing batch 18110/18932 ...
[09/07 23:44:33] [TEST] Processing batch 18111/18932 ...
[09/07 23:44:34] [TEST] Processing batch 18112/18932 ...
[09/07 23:44:34] [TEST] Processing batch 18113/18932 ...
[09/07 23:44:34] [TEST] Processing batch 18114/18932 ...
[09/07 23:44:34] [TEST] Processing batch 18115/18932 ...
[09/07 23:44:34] [TEST] Processing batch 18116/18932 ...
[09/07 23:44:34] [TEST] Processing batch 18117/18932 ...
[09/07 23:44:34] [TEST] Processing batch 18118/18932 ...
[09/07 23:44:34] [TEST] Processing batch 18119/18932 ...
[09/07 23:44:34] [TEST] Processing batch 18120/18932 ...
[09/07 23:44:34] [TEST] Processing batch 18121/18932 ...
[09/07 23:44:34] [TEST] Processing batch 18122/18932 ...
[09/07 23:44:34] [TEST] Processing batch 18123/18932 ...
[09/07 23:44:34] [TEST] Processing batch 18124/18932 ...
[09/07 23:44:34] [TEST] Processing batch 18125/18932 ...
[09/07 23:44:34] [TEST] Processing batch 18126/18932 ...
[09/07 23:44:34] [TEST] Processing batch 18127/18932 ...
[09/07 23:44:34] [TEST] Processing batch 18128/18932 ...
[09/07 23:44:34] [TEST] Processing batch 18129/18932 ...
[09/07 23:44:35] [TEST] Processing batch 18130/18932 ...
[09/07 23:44:35] [TEST] Processing batch 18131/18932 ...
[09/07 23:44:35] [TEST] Processing batch 18132/18932 ...
[09/07 23:44:35] [TEST] Processing batch 18133/18932 ...
[09/07 23:44:35] [TEST] Processing batch 18134/18932 ...
[09/07 23:44:35] [TEST] Processing batch 18135/18932 ...
[09/07 23:44:35] [TEST] Processing batch 18136/18932 ...
[09/07 23:44:35] [TEST] Processing batch 18137/18932 ...
[09/07 23:44:35] [TEST] Processing batch 18138/18932 ...
[09/07 23:44:35] [TEST] Processing batch 18139/18932 ...
[09/07 23:44:35] [TEST] Processing batch 18140/18932 ...
[09/07 23:44:35] [TEST] Processing batch 18141/18932 ...
[09/07 23:44:35] [TEST] Processing batch 18142/18932 ...
[09/07 23:44:35] [TEST] Processing batch 18143/18932 ...
[09/07 23:44:35] [TEST] Processing batch 18144/18932 ...
[09/07 23:44:35] [TEST] Processing batch 18145/18932 ...
[09/07 23:44:35] [TEST] Processing batch 18146/18932 ...
[09/07 23:44:35] [TEST] Processing batch 18147/18932 ...
[09/07 23:44:36] [TEST] Processing batch 18148/18932 ...
[09/07 23:44:36] [TEST] Processing batch 18149/18932 ...
[09/07 23:44:36] [TEST] Processing batch 18150/18932 ...
[09/07 23:44:36] [TEST] Processing batch 18151/18932 ...
[09/07 23:44:36] [TEST] Processing batch 18152/18932 ...
[09/07 23:44:36] [TEST] Processing batch 18153/18932 ...
[09/07 23:44:36] [TEST] Processing batch 18154/18932 ...
[09/07 23:44:36] [TEST] Processing batch 18155/18932 ...
[09/07 23:44:36] [TEST] Processing batch 18156/18932 ...
[09/07 23:44:36] [TEST] Processing batch 18157/18932 ...
[09/07 23:44:36] [TEST] Processing batch 18158/18932 ...
[09/07 23:44:36] [TEST] Processing batch 18159/18932 ...
[09/07 23:44:36] [TEST] Processing batch 18160/18932 ...
[09/07 23:44:36] [TEST] Processing batch 18161/18932 ...
[09/07 23:44:36] [TEST] Processing batch 18162/18932 ...
[09/07 23:44:36] [TEST] Processing batch 18163/18932 ...
[09/07 23:44:36] [TEST] Processing batch 18164/18932 ...
[09/07 23:44:36] [TEST] Processing batch 18165/18932 ...
[09/07 23:44:37] [TEST] Processing batch 18166/18932 ...
[09/07 23:44:37] [TEST] Processing batch 18167/18932 ...
[09/07 23:44:37] [TEST] Processing batch 18168/18932 ...
[09/07 23:44:37] [TEST] Processing batch 18169/18932 ...
[09/07 23:44:37] [TEST] Processing batch 18170/18932 ...
[09/07 23:44:37] [TEST] Processing batch 18171/18932 ...
[09/07 23:44:37] [TEST] Processing batch 18172/18932 ...
[09/07 23:44:37] [TEST] Processing batch 18173/18932 ...
[09/07 23:44:37] [TEST] Processing batch 18174/18932 ...
[09/07 23:44:37] [TEST] Processing batch 18175/18932 ...
[09/07 23:44:37] [TEST] Processing batch 18176/18932 ...
[09/07 23:44:37] [TEST] Processing batch 18177/18932 ...
[09/07 23:44:37] [TEST] Processing batch 18178/18932 ...
[09/07 23:44:37] [TEST] Processing batch 18179/18932 ...
[09/07 23:44:37] [TEST] Processing batch 18180/18932 ...
[09/07 23:44:37] [TEST] Processing batch 18181/18932 ...
[09/07 23:44:37] [TEST] Processing batch 18182/18932 ...
[09/07 23:44:37] [TEST] Processing batch 18183/18932 ...
[09/07 23:44:38] [TEST] Processing batch 18184/18932 ...
[09/07 23:44:38] [TEST] Processing batch 18185/18932 ...
[09/07 23:44:38] [TEST] Processing batch 18186/18932 ...
[09/07 23:44:38] [TEST] Processing batch 18187/18932 ...
[09/07 23:44:38] [TEST] Processing batch 18188/18932 ...
[09/07 23:44:38] [TEST] Processing batch 18189/18932 ...
[09/07 23:44:38] [TEST] Processing batch 18190/18932 ...
[09/07 23:44:38] [TEST] Processing batch 18191/18932 ...
[09/07 23:44:38] [TEST] Processing batch 18192/18932 ...
[09/07 23:44:38] [TEST] Processing batch 18193/18932 ...
[09/07 23:44:38] [TEST] Processing batch 18194/18932 ...
[09/07 23:44:38] [TEST] Processing batch 18195/18932 ...
[09/07 23:44:38] [TEST] Processing batch 18196/18932 ...
[09/07 23:44:38] [TEST] Processing batch 18197/18932 ...
[09/07 23:44:38] [TEST] Processing batch 18198/18932 ...
[09/07 23:44:38] [TEST] Processing batch 18199/18932 ...
[09/07 23:44:38] [TEST] Processing batch 18200/18932 ...
[09/07 23:44:38] [TEST] Processing batch 18201/18932 ...
[09/07 23:44:39] [TEST] Processing batch 18202/18932 ...
[09/07 23:44:39] [TEST] Processing batch 18203/18932 ...
[09/07 23:44:39] [TEST] Processing batch 18204/18932 ...
[09/07 23:44:39] [TEST] Processing batch 18205/18932 ...
[09/07 23:44:39] [TEST] Processing batch 18206/18932 ...
[09/07 23:44:39] [TEST] Processing batch 18207/18932 ...
[09/07 23:44:39] [TEST] Processing batch 18208/18932 ...
[09/07 23:44:39] [TEST] Processing batch 18209/18932 ...
[09/07 23:44:39] [TEST] Processing batch 18210/18932 ...
[09/07 23:44:39] [TEST] Processing batch 18211/18932 ...
[09/07 23:44:39] [TEST] Processing batch 18212/18932 ...
[09/07 23:44:39] [TEST] Processing batch 18213/18932 ...
[09/07 23:44:39] [TEST] Processing batch 18214/18932 ...
[09/07 23:44:39] [TEST] Processing batch 18215/18932 ...
[09/07 23:44:39] [TEST] Processing batch 18216/18932 ...
[09/07 23:44:39] [TEST] Processing batch 18217/18932 ...
[09/07 23:44:39] [TEST] Processing batch 18218/18932 ...
[09/07 23:44:39] [TEST] Processing batch 18219/18932 ...
[09/07 23:44:40] [TEST] Processing batch 18220/18932 ...
[09/07 23:44:40] [TEST] Processing batch 18221/18932 ...
[09/07 23:44:40] [TEST] Processing batch 18222/18932 ...
[09/07 23:44:40] [TEST] Processing batch 18223/18932 ...
[09/07 23:44:40] [TEST] Processing batch 18224/18932 ...
[09/07 23:44:40] [TEST] Processing batch 18225/18932 ...
[09/07 23:44:40] [TEST] Processing batch 18226/18932 ...
[09/07 23:44:40] [TEST] Processing batch 18227/18932 ...
[09/07 23:44:40] [TEST] Processing batch 18228/18932 ...
[09/07 23:44:40] [TEST] Processing batch 18229/18932 ...
[09/07 23:44:40] [TEST] Processing batch 18230/18932 ...
[09/07 23:44:40] [TEST] Processing batch 18231/18932 ...
[09/07 23:44:40] [TEST] Processing batch 18232/18932 ...
[09/07 23:44:40] [TEST] Processing batch 18233/18932 ...
[09/07 23:44:40] [TEST] Processing batch 18234/18932 ...
[09/07 23:44:40] [TEST] Processing batch 18235/18932 ...
[09/07 23:44:40] [TEST] Processing batch 18236/18932 ...
[09/07 23:44:40] [TEST] Processing batch 18237/18932 ...
[09/07 23:44:41] [TEST] Processing batch 18238/18932 ...
[09/07 23:44:41] [TEST] Processing batch 18239/18932 ...
[09/07 23:44:41] [TEST] Processing batch 18240/18932 ...
[09/07 23:44:41] [TEST] Processing batch 18241/18932 ...
[09/07 23:44:41] [TEST] Processing batch 18242/18932 ...
[09/07 23:44:41] [TEST] Processing batch 18243/18932 ...
[09/07 23:44:41] [TEST] Processing batch 18244/18932 ...
[09/07 23:44:41] [TEST] Processing batch 18245/18932 ...
[09/07 23:44:41] [TEST] Processing batch 18246/18932 ...
[09/07 23:44:41] [TEST] Processing batch 18247/18932 ...
[09/07 23:44:41] [TEST] Processing batch 18248/18932 ...
[09/07 23:44:41] [TEST] Processing batch 18249/18932 ...
[09/07 23:44:41] [TEST] Processing batch 18250/18932 ...
[09/07 23:44:41] [TEST] Processing batch 18251/18932 ...
[09/07 23:44:41] [TEST] Processing batch 18252/18932 ...
[09/07 23:44:41] [TEST] Processing batch 18253/18932 ...
[09/07 23:44:41] [TEST] Processing batch 18254/18932 ...
[09/07 23:44:42] [TEST] Processing batch 18255/18932 ...
[09/07 23:44:42] [TEST] Processing batch 18256/18932 ...
[09/07 23:44:42] [TEST] Processing batch 18257/18932 ...
[09/07 23:44:42] [TEST] Processing batch 18258/18932 ...
[09/07 23:44:42] [TEST] Processing batch 18259/18932 ...
[09/07 23:44:42] [TEST] Processing batch 18260/18932 ...
[09/07 23:44:42] [TEST] Processing batch 18261/18932 ...
[09/07 23:44:42] [TEST] Processing batch 18262/18932 ...
[09/07 23:44:42] [TEST] Processing batch 18263/18932 ...
[09/07 23:44:42] [TEST] Processing batch 18264/18932 ...
[09/07 23:44:42] [TEST] Processing batch 18265/18932 ...
[09/07 23:44:42] [TEST] Processing batch 18266/18932 ...
[09/07 23:44:42] [TEST] Processing batch 18267/18932 ...
[09/07 23:44:42] [TEST] Processing batch 18268/18932 ...
[09/07 23:44:42] [TEST] Processing batch 18269/18932 ...
[09/07 23:44:42] [TEST] Processing batch 18270/18932 ...
[09/07 23:44:42] [TEST] Processing batch 18271/18932 ...
[09/07 23:44:42] [TEST] Processing batch 18272/18932 ...
[09/07 23:44:43] [TEST] Processing batch 18273/18932 ...
[09/07 23:44:43] [TEST] Processing batch 18274/18932 ...
[09/07 23:44:43] [TEST] Processing batch 18275/18932 ...
[09/07 23:44:43] [TEST] Processing batch 18276/18932 ...
[09/07 23:44:43] [TEST] Processing batch 18277/18932 ...
[09/07 23:44:43] [TEST] Processing batch 18278/18932 ...
[09/07 23:44:43] [TEST] Processing batch 18279/18932 ...
[09/07 23:44:43] [TEST] Processing batch 18280/18932 ...
[09/07 23:44:43] [TEST] Processing batch 18281/18932 ...
[09/07 23:44:43] [TEST] Processing batch 18282/18932 ...
[09/07 23:44:43] [TEST] Processing batch 18283/18932 ...
[09/07 23:44:43] [TEST] Processing batch 18284/18932 ...
[09/07 23:44:43] [TEST] Processing batch 18285/18932 ...
[09/07 23:44:43] [TEST] Processing batch 18286/18932 ...
[09/07 23:44:43] [TEST] Processing batch 18287/18932 ...
[09/07 23:44:43] [TEST] Processing batch 18288/18932 ...
[09/07 23:44:43] [TEST] Processing batch 18289/18932 ...
[09/07 23:44:43] [TEST] Processing batch 18290/18932 ...
[09/07 23:44:44] [TEST] Processing batch 18291/18932 ...
[09/07 23:44:44] [TEST] Processing batch 18292/18932 ...
[09/07 23:44:44] [TEST] Processing batch 18293/18932 ...
[09/07 23:44:44] [TEST] Processing batch 18294/18932 ...
[09/07 23:44:44] [TEST] Processing batch 18295/18932 ...
[09/07 23:44:44] [TEST] Processing batch 18296/18932 ...
[09/07 23:44:44] [TEST] Processing batch 18297/18932 ...
[09/07 23:44:44] [TEST] Processing batch 18298/18932 ...
[09/07 23:44:44] [TEST] Processing batch 18299/18932 ...
[09/07 23:44:44] [TEST] Processing batch 18300/18932 ...
[09/07 23:44:44] [TEST] Processing batch 18301/18932 ...
[09/07 23:44:44] [TEST] Processing batch 18302/18932 ...
[09/07 23:44:44] [TEST] Processing batch 18303/18932 ...
[09/07 23:44:44] [TEST] Processing batch 18304/18932 ...
[09/07 23:44:44] [TEST] Processing batch 18305/18932 ...
[09/07 23:44:44] [TEST] Processing batch 18306/18932 ...
[09/07 23:44:44] [TEST] Processing batch 18307/18932 ...
[09/07 23:44:44] [TEST] Processing batch 18308/18932 ...
[09/07 23:44:45] [TEST] Processing batch 18309/18932 ...
[09/07 23:44:45] [TEST] Processing batch 18310/18932 ...
[09/07 23:44:45] [TEST] Processing batch 18311/18932 ...
[09/07 23:44:45] [TEST] Processing batch 18312/18932 ...
[09/07 23:44:45] [TEST] Processing batch 18313/18932 ...
[09/07 23:44:45] [TEST] Processing batch 18314/18932 ...
[09/07 23:44:45] [TEST] Processing batch 18315/18932 ...
[09/07 23:44:45] [TEST] Processing batch 18316/18932 ...
[09/07 23:44:45] [TEST] Processing batch 18317/18932 ...
[09/07 23:44:45] [TEST] Processing batch 18318/18932 ...
[09/07 23:44:45] [TEST] Processing batch 18319/18932 ...
[09/07 23:44:45] [TEST] Processing batch 18320/18932 ...
[09/07 23:44:45] [TEST] Processing batch 18321/18932 ...
[09/07 23:44:45] [TEST] Processing batch 18322/18932 ...
[09/07 23:44:45] [TEST] Processing batch 18323/18932 ...
[09/07 23:44:45] [TEST] Processing batch 18324/18932 ...
[09/07 23:44:45] [TEST] Processing batch 18325/18932 ...
[09/07 23:44:45] [TEST] Processing batch 18326/18932 ...
[09/07 23:44:46] [TEST] Processing batch 18327/18932 ...
[09/07 23:44:46] [TEST] Processing batch 18328/18932 ...
[09/07 23:44:46] [TEST] Processing batch 18329/18932 ...
[09/07 23:44:46] [TEST] Processing batch 18330/18932 ...
[09/07 23:44:46] [TEST] Processing batch 18331/18932 ...
[09/07 23:44:46] [TEST] Processing batch 18332/18932 ...
[09/07 23:44:46] [TEST] Processing batch 18333/18932 ...
[09/07 23:44:46] [TEST] Processing batch 18334/18932 ...
[09/07 23:44:46] [TEST] Processing batch 18335/18932 ...
[09/07 23:44:46] [TEST] Processing batch 18336/18932 ...
[09/07 23:44:46] [TEST] Processing batch 18337/18932 ...
[09/07 23:44:46] [TEST] Processing batch 18338/18932 ...
[09/07 23:44:46] [TEST] Processing batch 18339/18932 ...
[09/07 23:44:46] [TEST] Processing batch 18340/18932 ...
[09/07 23:44:46] [TEST] Processing batch 18341/18932 ...
[09/07 23:44:46] [TEST] Processing batch 18342/18932 ...
[09/07 23:44:46] [TEST] Processing batch 18343/18932 ...
[09/07 23:44:46] [TEST] Processing batch 18344/18932 ...
[09/07 23:44:47] [TEST] Processing batch 18345/18932 ...
[09/07 23:44:47] [TEST] Processing batch 18346/18932 ...
[09/07 23:44:47] [TEST] Processing batch 18347/18932 ...
[09/07 23:44:47] [TEST] Processing batch 18348/18932 ...
[09/07 23:44:47] [TEST] Processing batch 18349/18932 ...
[09/07 23:44:47] [TEST] Processing batch 18350/18932 ...
[09/07 23:44:47] [TEST] Processing batch 18351/18932 ...
[09/07 23:44:47] [TEST] Processing batch 18352/18932 ...
[09/07 23:44:47] [TEST] Processing batch 18353/18932 ...
[09/07 23:44:47] [TEST] Processing batch 18354/18932 ...
[09/07 23:44:47] [TEST] Processing batch 18355/18932 ...
[09/07 23:44:47] [TEST] Processing batch 18356/18932 ...
[09/07 23:44:47] [TEST] Processing batch 18357/18932 ...
[09/07 23:44:47] [TEST] Processing batch 18358/18932 ...
[09/07 23:44:47] [TEST] Processing batch 18359/18932 ...
[09/07 23:44:47] [TEST] Processing batch 18360/18932 ...
[09/07 23:44:47] [TEST] Processing batch 18361/18932 ...
[09/07 23:44:47] [TEST] Processing batch 18362/18932 ...
[09/07 23:44:48] [TEST] Processing batch 18363/18932 ...
[09/07 23:44:48] [TEST] Processing batch 18364/18932 ...
[09/07 23:44:48] [TEST] Processing batch 18365/18932 ...
[09/07 23:44:48] [TEST] Processing batch 18366/18932 ...
[09/07 23:44:48] [TEST] Processing batch 18367/18932 ...
[09/07 23:44:48] [TEST] Processing batch 18368/18932 ...
[09/07 23:44:48] [TEST] Processing batch 18369/18932 ...
[09/07 23:44:48] [TEST] Processing batch 18370/18932 ...
[09/07 23:44:48] [TEST] Processing batch 18371/18932 ...
[09/07 23:44:48] [TEST] Processing batch 18372/18932 ...
[09/07 23:44:48] [TEST] Processing batch 18373/18932 ...
[09/07 23:44:48] [TEST] Processing batch 18374/18932 ...
[09/07 23:44:48] [TEST] Processing batch 18375/18932 ...
[09/07 23:44:48] [TEST] Processing batch 18376/18932 ...
[09/07 23:44:48] [TEST] Processing batch 18377/18932 ...
[09/07 23:44:48] [TEST] Processing batch 18378/18932 ...
[09/07 23:44:48] [TEST] Processing batch 18379/18932 ...
[09/07 23:44:48] [TEST] Processing batch 18380/18932 ...
[09/07 23:44:49] [TEST] Processing batch 18381/18932 ...
[09/07 23:44:49] [TEST] Processing batch 18382/18932 ...
[09/07 23:44:49] [TEST] Processing batch 18383/18932 ...
[09/07 23:44:49] [TEST] Processing batch 18384/18932 ...
[09/07 23:44:49] [TEST] Processing batch 18385/18932 ...
[09/07 23:44:49] [TEST] Processing batch 18386/18932 ...
[09/07 23:44:49] [TEST] Processing batch 18387/18932 ...
[09/07 23:44:49] [TEST] Processing batch 18388/18932 ...
[09/07 23:44:49] [TEST] Processing batch 18389/18932 ...
[09/07 23:44:49] [TEST] Processing batch 18390/18932 ...
[09/07 23:44:49] [TEST] Processing batch 18391/18932 ...
[09/07 23:44:49] [TEST] Processing batch 18392/18932 ...
[09/07 23:44:49] [TEST] Processing batch 18393/18932 ...
[09/07 23:44:49] [TEST] Processing batch 18394/18932 ...
[09/07 23:44:49] [TEST] Processing batch 18395/18932 ...
[09/07 23:44:49] [TEST] Processing batch 18396/18932 ...
[09/07 23:44:49] [TEST] Processing batch 18397/18932 ...
[09/07 23:44:49] [TEST] Processing batch 18398/18932 ...
[09/07 23:44:50] [TEST] Processing batch 18399/18932 ...
[09/07 23:44:50] [TEST] Processing batch 18400/18932 ...
[09/07 23:44:50] [TEST] Processing batch 18401/18932 ...
[09/07 23:44:50] [TEST] Processing batch 18402/18932 ...
[09/07 23:44:50] [TEST] Processing batch 18403/18932 ...
[09/07 23:44:50] [TEST] Processing batch 18404/18932 ...
[09/07 23:44:50] [TEST] Processing batch 18405/18932 ...
[09/07 23:44:50] [TEST] Processing batch 18406/18932 ...
[09/07 23:44:50] [TEST] Processing batch 18407/18932 ...
[09/07 23:44:50] [TEST] Processing batch 18408/18932 ...
[09/07 23:44:50] [TEST] Processing batch 18409/18932 ...
[09/07 23:44:50] [TEST] Processing batch 18410/18932 ...
[09/07 23:44:50] [TEST] Processing batch 18411/18932 ...
[09/07 23:44:50] [TEST] Processing batch 18412/18932 ...
[09/07 23:44:50] [TEST] Processing batch 18413/18932 ...
[09/07 23:44:50] [TEST] Processing batch 18414/18932 ...
[09/07 23:44:50] [TEST] Processing batch 18415/18932 ...
[09/07 23:44:51] [TEST] Processing batch 18416/18932 ...
[09/07 23:44:51] [TEST] Processing batch 18417/18932 ...
[09/07 23:44:51] [TEST] Processing batch 18418/18932 ...
[09/07 23:44:51] [TEST] Processing batch 18419/18932 ...
[09/07 23:44:51] [TEST] Processing batch 18420/18932 ...
[09/07 23:44:51] [TEST] Processing batch 18421/18932 ...
[09/07 23:44:51] [TEST] Processing batch 18422/18932 ...
[09/07 23:44:51] [TEST] Processing batch 18423/18932 ...
[09/07 23:44:51] [TEST] Processing batch 18424/18932 ...
[09/07 23:44:51] [TEST] Processing batch 18425/18932 ...
[09/07 23:44:51] [TEST] Processing batch 18426/18932 ...
[09/07 23:44:51] [TEST] Processing batch 18427/18932 ...
[09/07 23:44:51] [TEST] Processing batch 18428/18932 ...
[09/07 23:44:51] [TEST] Processing batch 18429/18932 ...
[09/07 23:44:51] [TEST] Processing batch 18430/18932 ...
[09/07 23:44:51] [TEST] Processing batch 18431/18932 ...
[09/07 23:44:51] [TEST] Processing batch 18432/18932 ...
[09/07 23:44:51] [TEST] Processing batch 18433/18932 ...
[09/07 23:44:52] [TEST] Processing batch 18434/18932 ...
[09/07 23:44:52] [TEST] Processing batch 18435/18932 ...
[09/07 23:44:52] [TEST] Processing batch 18436/18932 ...
[09/07 23:44:52] [TEST] Processing batch 18437/18932 ...
[09/07 23:44:52] [TEST] Processing batch 18438/18932 ...
[09/07 23:44:52] [TEST] Processing batch 18439/18932 ...
[09/07 23:44:52] [TEST] Processing batch 18440/18932 ...
[09/07 23:44:52] [TEST] Processing batch 18441/18932 ...
[09/07 23:44:52] [TEST] Processing batch 18442/18932 ...
[09/07 23:44:52] [TEST] Processing batch 18443/18932 ...
[09/07 23:44:52] [TEST] Processing batch 18444/18932 ...
[09/07 23:44:52] [TEST] Processing batch 18445/18932 ...
[09/07 23:44:52] [TEST] Processing batch 18446/18932 ...
[09/07 23:44:52] [TEST] Processing batch 18447/18932 ...
[09/07 23:44:52] [TEST] Processing batch 18448/18932 ...
[09/07 23:44:52] [TEST] Processing batch 18449/18932 ...
[09/07 23:44:52] [TEST] Processing batch 18450/18932 ...
[09/07 23:44:53] [TEST] Processing batch 18451/18932 ...
[09/07 23:44:53] [TEST] Processing batch 18452/18932 ...
[09/07 23:44:53] [TEST] Processing batch 18453/18932 ...
[09/07 23:44:53] [TEST] Processing batch 18454/18932 ...
[09/07 23:44:53] [TEST] Processing batch 18455/18932 ...
[09/07 23:44:53] [TEST] Processing batch 18456/18932 ...
[09/07 23:44:53] [TEST] Processing batch 18457/18932 ...
[09/07 23:44:53] [TEST] Processing batch 18458/18932 ...
[09/07 23:44:53] [TEST] Processing batch 18459/18932 ...
[09/07 23:44:53] [TEST] Processing batch 18460/18932 ...
[09/07 23:44:53] [TEST] Processing batch 18461/18932 ...
[09/07 23:44:53] [TEST] Processing batch 18462/18932 ...
[09/07 23:44:53] [TEST] Processing batch 18463/18932 ...
[09/07 23:44:53] [TEST] Processing batch 18464/18932 ...
[09/07 23:44:53] [TEST] Processing batch 18465/18932 ...
[09/07 23:44:53] [TEST] Processing batch 18466/18932 ...
[09/07 23:44:53] [TEST] Processing batch 18467/18932 ...
[09/07 23:44:53] [TEST] Processing batch 18468/18932 ...
[09/07 23:44:54] [TEST] Processing batch 18469/18932 ...
[09/07 23:44:54] [TEST] Processing batch 18470/18932 ...
[09/07 23:44:54] [TEST] Processing batch 18471/18932 ...
[09/07 23:44:54] [TEST] Processing batch 18472/18932 ...
[09/07 23:44:54] [TEST] Processing batch 18473/18932 ...
[09/07 23:44:54] [TEST] Processing batch 18474/18932 ...
[09/07 23:44:54] [TEST] Processing batch 18475/18932 ...
[09/07 23:44:54] [TEST] Processing batch 18476/18932 ...
[09/07 23:44:54] [TEST] Processing batch 18477/18932 ...
[09/07 23:44:54] [TEST] Processing batch 18478/18932 ...
[09/07 23:44:54] [TEST] Processing batch 18479/18932 ...
[09/07 23:44:54] [TEST] Processing batch 18480/18932 ...
[09/07 23:44:54] [TEST] Processing batch 18481/18932 ...
[09/07 23:44:54] [TEST] Processing batch 18482/18932 ...
[09/07 23:44:54] [TEST] Processing batch 18483/18932 ...
[09/07 23:44:54] [TEST] Processing batch 18484/18932 ...
[09/07 23:44:54] [TEST] Processing batch 18485/18932 ...
[09/07 23:44:54] [TEST] Processing batch 18486/18932 ...
[09/07 23:44:55] [TEST] Processing batch 18487/18932 ...
[09/07 23:44:55] [TEST] Processing batch 18488/18932 ...
[09/07 23:44:55] [TEST] Processing batch 18489/18932 ...
[09/07 23:44:55] [TEST] Processing batch 18490/18932 ...
[09/07 23:44:55] [TEST] Processing batch 18491/18932 ...
[09/07 23:44:55] [TEST] Processing batch 18492/18932 ...
[09/07 23:44:55] [TEST] Processing batch 18493/18932 ...
[09/07 23:44:55] [TEST] Processing batch 18494/18932 ...
[09/07 23:44:55] [TEST] Processing batch 18495/18932 ...
[09/07 23:44:55] [TEST] Processing batch 18496/18932 ...
[09/07 23:44:55] [TEST] Processing batch 18497/18932 ...
[09/07 23:44:55] [TEST] Processing batch 18498/18932 ...
[09/07 23:44:55] [TEST] Processing batch 18499/18932 ...
[09/07 23:44:55] [TEST] Processing batch 18500/18932 ...
[09/07 23:44:55] [TEST] Processing batch 18501/18932 ...
[09/07 23:44:55] [TEST] Processing batch 18502/18932 ...
[09/07 23:44:55] [TEST] Processing batch 18503/18932 ...
[09/07 23:44:56] [TEST] Processing batch 18504/18932 ...
[09/07 23:44:56] [TEST] Processing batch 18505/18932 ...
[09/07 23:44:56] [TEST] Processing batch 18506/18932 ...
[09/07 23:44:56] [TEST] Processing batch 18507/18932 ...
[09/07 23:44:56] [TEST] Processing batch 18508/18932 ...
[09/07 23:44:56] [TEST] Processing batch 18509/18932 ...
[09/07 23:44:56] [TEST] Processing batch 18510/18932 ...
[09/07 23:44:56] [TEST] Processing batch 18511/18932 ...
[09/07 23:44:56] [TEST] Processing batch 18512/18932 ...
[09/07 23:44:56] [TEST] Processing batch 18513/18932 ...
[09/07 23:44:56] [TEST] Processing batch 18514/18932 ...
[09/07 23:44:56] [TEST] Processing batch 18515/18932 ...
[09/07 23:44:56] [TEST] Processing batch 18516/18932 ...
[09/07 23:44:56] [TEST] Processing batch 18517/18932 ...
[09/07 23:44:56] [TEST] Processing batch 18518/18932 ...
[09/07 23:44:56] [TEST] Processing batch 18519/18932 ...
[09/07 23:44:56] [TEST] Processing batch 18520/18932 ...
[09/07 23:44:57] [TEST] Processing batch 18521/18932 ...
[09/07 23:44:57] [TEST] Processing batch 18522/18932 ...
[09/07 23:44:57] [TEST] Processing batch 18523/18932 ...
[09/07 23:44:57] [TEST] Processing batch 18524/18932 ...
[09/07 23:44:57] [TEST] Processing batch 18525/18932 ...
[09/07 23:44:57] [TEST] Processing batch 18526/18932 ...
[09/07 23:44:57] [TEST] Processing batch 18527/18932 ...
[09/07 23:44:57] [TEST] Processing batch 18528/18932 ...
[09/07 23:44:57] [TEST] Processing batch 18529/18932 ...
[09/07 23:44:57] [TEST] Processing batch 18530/18932 ...
[09/07 23:44:57] [TEST] Processing batch 18531/18932 ...
[09/07 23:44:57] [TEST] Processing batch 18532/18932 ...
[09/07 23:44:57] [TEST] Processing batch 18533/18932 ...
[09/07 23:44:57] [TEST] Processing batch 18534/18932 ...
[09/07 23:44:57] [TEST] Processing batch 18535/18932 ...
[09/07 23:44:57] [TEST] Processing batch 18536/18932 ...
[09/07 23:44:57] [TEST] Processing batch 18537/18932 ...
[09/07 23:44:57] [TEST] Processing batch 18538/18932 ...
[09/07 23:44:58] [TEST] Processing batch 18539/18932 ...
[09/07 23:44:58] [TEST] Processing batch 18540/18932 ...
[09/07 23:44:58] [TEST] Processing batch 18541/18932 ...
[09/07 23:44:58] [TEST] Processing batch 18542/18932 ...
[09/07 23:44:58] [TEST] Processing batch 18543/18932 ...
[09/07 23:44:58] [TEST] Processing batch 18544/18932 ...
[09/07 23:44:58] [TEST] Processing batch 18545/18932 ...
[09/07 23:44:58] [TEST] Processing batch 18546/18932 ...
[09/07 23:44:58] [TEST] Processing batch 18547/18932 ...
[09/07 23:44:58] [TEST] Processing batch 18548/18932 ...
[09/07 23:44:58] [TEST] Processing batch 18549/18932 ...
[09/07 23:44:58] [TEST] Processing batch 18550/18932 ...
[09/07 23:44:58] [TEST] Processing batch 18551/18932 ...
[09/07 23:44:58] [TEST] Processing batch 18552/18932 ...
[09/07 23:44:58] [TEST] Processing batch 18553/18932 ...
[09/07 23:44:58] [TEST] Processing batch 18554/18932 ...
[09/07 23:44:58] [TEST] Processing batch 18555/18932 ...
[09/07 23:44:58] [TEST] Processing batch 18556/18932 ...
[09/07 23:44:59] [TEST] Processing batch 18557/18932 ...
[09/07 23:44:59] [TEST] Processing batch 18558/18932 ...
[09/07 23:44:59] [TEST] Processing batch 18559/18932 ...
[09/07 23:44:59] [TEST] Processing batch 18560/18932 ...
[09/07 23:44:59] [TEST] Processing batch 18561/18932 ...
[09/07 23:44:59] [TEST] Processing batch 18562/18932 ...
[09/07 23:44:59] [TEST] Processing batch 18563/18932 ...
[09/07 23:44:59] [TEST] Processing batch 18564/18932 ...
[09/07 23:44:59] [TEST] Processing batch 18565/18932 ...
[09/07 23:44:59] [TEST] Processing batch 18566/18932 ...
[09/07 23:44:59] [TEST] Processing batch 18567/18932 ...
[09/07 23:44:59] [TEST] Processing batch 18568/18932 ...
[09/07 23:44:59] [TEST] Processing batch 18569/18932 ...
[09/07 23:44:59] [TEST] Processing batch 18570/18932 ...
[09/07 23:44:59] [TEST] Processing batch 18571/18932 ...
[09/07 23:44:59] [TEST] Processing batch 18572/18932 ...
[09/07 23:44:59] [TEST] Processing batch 18573/18932 ...
[09/07 23:44:59] [TEST] Processing batch 18574/18932 ...
[09/07 23:45:00] [TEST] Processing batch 18575/18932 ...
[09/07 23:45:00] [TEST] Processing batch 18576/18932 ...
[09/07 23:45:00] [TEST] Processing batch 18577/18932 ...
[09/07 23:45:00] [TEST] Processing batch 18578/18932 ...
[09/07 23:45:00] [TEST] Processing batch 18579/18932 ...
[09/07 23:45:00] [TEST] Processing batch 18580/18932 ...
[09/07 23:45:00] [TEST] Processing batch 18581/18932 ...
[09/07 23:45:00] [TEST] Processing batch 18582/18932 ...
[09/07 23:45:00] [TEST] Processing batch 18583/18932 ...
[09/07 23:45:00] [TEST] Processing batch 18584/18932 ...
[09/07 23:45:00] [TEST] Processing batch 18585/18932 ...
[09/07 23:45:00] [TEST] Processing batch 18586/18932 ...
[09/07 23:45:00] [TEST] Processing batch 18587/18932 ...
[09/07 23:45:00] [TEST] Processing batch 18588/18932 ...
[09/07 23:45:00] [TEST] Processing batch 18589/18932 ...
[09/07 23:45:00] [TEST] Processing batch 18590/18932 ...
[09/07 23:45:00] [TEST] Processing batch 18591/18932 ...
[09/07 23:45:00] [TEST] Processing batch 18592/18932 ...
[09/07 23:45:01] [TEST] Processing batch 18593/18932 ...
[09/07 23:45:01] [TEST] Processing batch 18594/18932 ...
[09/07 23:45:01] [TEST] Processing batch 18595/18932 ...
[09/07 23:45:01] [TEST] Processing batch 18596/18932 ...
[09/07 23:45:01] [TEST] Processing batch 18597/18932 ...
[09/07 23:45:01] [TEST] Processing batch 18598/18932 ...
[09/07 23:45:01] [TEST] Processing batch 18599/18932 ...
[09/07 23:45:01] [TEST] Processing batch 18600/18932 ...
[09/07 23:45:01] [TEST] Processing batch 18601/18932 ...
[09/07 23:45:01] [TEST] Processing batch 18602/18932 ...
[09/07 23:45:01] [TEST] Processing batch 18603/18932 ...
[09/07 23:45:01] [TEST] Processing batch 18604/18932 ...
[09/07 23:45:01] [TEST] Processing batch 18605/18932 ...
[09/07 23:45:01] [TEST] Processing batch 18606/18932 ...
[09/07 23:45:01] [TEST] Processing batch 18607/18932 ...
[09/07 23:45:01] [TEST] Processing batch 18608/18932 ...
[09/07 23:45:01] [TEST] Processing batch 18609/18932 ...
[09/07 23:45:02] [TEST] Processing batch 18610/18932 ...
[09/07 23:45:02] [TEST] Processing batch 18611/18932 ...
[09/07 23:45:02] [TEST] Processing batch 18612/18932 ...
[09/07 23:45:02] [TEST] Processing batch 18613/18932 ...
[09/07 23:45:02] [TEST] Processing batch 18614/18932 ...
[09/07 23:45:02] [TEST] Processing batch 18615/18932 ...
[09/07 23:45:02] [TEST] Processing batch 18616/18932 ...
[09/07 23:45:02] [TEST] Processing batch 18617/18932 ...
[09/07 23:45:02] [TEST] Processing batch 18618/18932 ...
[09/07 23:45:02] [TEST] Processing batch 18619/18932 ...
[09/07 23:45:02] [TEST] Processing batch 18620/18932 ...
[09/07 23:45:02] [TEST] Processing batch 18621/18932 ...
[09/07 23:45:02] [TEST] Processing batch 18622/18932 ...
[09/07 23:45:02] [TEST] Processing batch 18623/18932 ...
[09/07 23:45:02] [TEST] Processing batch 18624/18932 ...
[09/07 23:45:02] [TEST] Processing batch 18625/18932 ...
[09/07 23:45:03] [TEST] Processing batch 18626/18932 ...
[09/07 23:45:03] [TEST] Processing batch 18627/18932 ...
[09/07 23:45:03] [TEST] Processing batch 18628/18932 ...
[09/07 23:45:03] [TEST] Processing batch 18629/18932 ...
[09/07 23:45:03] [TEST] Processing batch 18630/18932 ...
[09/07 23:45:03] [TEST] Processing batch 18631/18932 ...
[09/07 23:45:03] [TEST] Processing batch 18632/18932 ...
[09/07 23:45:03] [TEST] Processing batch 18633/18932 ...
[09/07 23:45:03] [TEST] Processing batch 18634/18932 ...
[09/07 23:45:03] [TEST] Processing batch 18635/18932 ...
[09/07 23:45:03] [TEST] Processing batch 18636/18932 ...
[09/07 23:45:03] [TEST] Processing batch 18637/18932 ...
[09/07 23:45:03] [TEST] Processing batch 18638/18932 ...
[09/07 23:45:03] [TEST] Processing batch 18639/18932 ...
[09/07 23:45:03] [TEST] Processing batch 18640/18932 ...
[09/07 23:45:03] [TEST] Processing batch 18641/18932 ...
[09/07 23:45:04] [TEST] Processing batch 18642/18932 ...
[09/07 23:45:04] [TEST] Processing batch 18643/18932 ...
[09/07 23:45:04] [TEST] Processing batch 18644/18932 ...
[09/07 23:45:04] [TEST] Processing batch 18645/18932 ...
[09/07 23:45:04] [TEST] Processing batch 18646/18932 ...
[09/07 23:45:04] [TEST] Processing batch 18647/18932 ...
[09/07 23:45:04] [TEST] Processing batch 18648/18932 ...
[09/07 23:45:04] [TEST] Processing batch 18649/18932 ...
[09/07 23:45:04] [TEST] Processing batch 18650/18932 ...
[09/07 23:45:04] [TEST] Processing batch 18651/18932 ...
[09/07 23:45:04] [TEST] Processing batch 18652/18932 ...
[09/07 23:45:04] [TEST] Processing batch 18653/18932 ...
[09/07 23:45:04] [TEST] Processing batch 18654/18932 ...
[09/07 23:45:04] [TEST] Processing batch 18655/18932 ...
[09/07 23:45:04] [TEST] Processing batch 18656/18932 ...
[09/07 23:45:04] [TEST] Processing batch 18657/18932 ...
[09/07 23:45:04] [TEST] Processing batch 18658/18932 ...
[09/07 23:45:05] [TEST] Processing batch 18659/18932 ...
[09/07 23:45:05] [TEST] Processing batch 18660/18932 ...
[09/07 23:45:05] [TEST] Processing batch 18661/18932 ...
[09/07 23:45:05] [TEST] Processing batch 18662/18932 ...
[09/07 23:45:05] [TEST] Processing batch 18663/18932 ...
[09/07 23:45:05] [TEST] Processing batch 18664/18932 ...
[09/07 23:45:05] [TEST] Processing batch 18665/18932 ...
[09/07 23:45:05] [TEST] Processing batch 18666/18932 ...
[09/07 23:45:05] [TEST] Processing batch 18667/18932 ...
[09/07 23:45:05] [TEST] Processing batch 18668/18932 ...
[09/07 23:45:05] [TEST] Processing batch 18669/18932 ...
[09/07 23:45:05] [TEST] Processing batch 18670/18932 ...
[09/07 23:45:05] [TEST] Processing batch 18671/18932 ...
[09/07 23:45:05] [TEST] Processing batch 18672/18932 ...
[09/07 23:45:05] [TEST] Processing batch 18673/18932 ...
[09/07 23:45:05] [TEST] Processing batch 18674/18932 ...
[09/07 23:45:05] [TEST] Processing batch 18675/18932 ...
[09/07 23:45:05] [TEST] Processing batch 18676/18932 ...
[09/07 23:45:06] [TEST] Processing batch 18677/18932 ...
[09/07 23:45:06] [TEST] Processing batch 18678/18932 ...
[09/07 23:45:06] [TEST] Processing batch 18679/18932 ...
[09/07 23:45:06] [TEST] Processing batch 18680/18932 ...
[09/07 23:45:06] [TEST] Processing batch 18681/18932 ...
[09/07 23:45:06] [TEST] Processing batch 18682/18932 ...
[09/07 23:45:06] [TEST] Processing batch 18683/18932 ...
[09/07 23:45:06] [TEST] Processing batch 18684/18932 ...
[09/07 23:45:06] [TEST] Processing batch 18685/18932 ...
[09/07 23:45:06] [TEST] Processing batch 18686/18932 ...
[09/07 23:45:06] [TEST] Processing batch 18687/18932 ...
[09/07 23:45:06] [TEST] Processing batch 18688/18932 ...
[09/07 23:45:06] [TEST] Processing batch 18689/18932 ...
[09/07 23:45:06] [TEST] Processing batch 18690/18932 ...
[09/07 23:45:06] [TEST] Processing batch 18691/18932 ...
[09/07 23:45:06] [TEST] Processing batch 18692/18932 ...
[09/07 23:45:06] [TEST] Processing batch 18693/18932 ...
[09/07 23:45:06] [TEST] Processing batch 18694/18932 ...
[09/07 23:45:07] [TEST] Processing batch 18695/18932 ...
[09/07 23:45:07] [TEST] Processing batch 18696/18932 ...
[09/07 23:45:07] [TEST] Processing batch 18697/18932 ...
[09/07 23:45:07] [TEST] Processing batch 18698/18932 ...
[09/07 23:45:07] [TEST] Processing batch 18699/18932 ...
[09/07 23:45:07] [TEST] Processing batch 18700/18932 ...
[09/07 23:45:07] [TEST] Processing batch 18701/18932 ...
[09/07 23:45:07] [TEST] Processing batch 18702/18932 ...
[09/07 23:45:07] [TEST] Processing batch 18703/18932 ...
[09/07 23:45:07] [TEST] Processing batch 18704/18932 ...
[09/07 23:45:07] [TEST] Processing batch 18705/18932 ...
[09/07 23:45:07] [TEST] Processing batch 18706/18932 ...
[09/07 23:45:07] [TEST] Processing batch 18707/18932 ...
[09/07 23:45:07] [TEST] Processing batch 18708/18932 ...
[09/07 23:45:07] [TEST] Processing batch 18709/18932 ...
[09/07 23:45:07] [TEST] Processing batch 18710/18932 ...
[09/07 23:45:07] [TEST] Processing batch 18711/18932 ...
[09/07 23:45:07] [TEST] Processing batch 18712/18932 ...
[09/07 23:45:08] [TEST] Processing batch 18713/18932 ...
[09/07 23:45:08] [TEST] Processing batch 18714/18932 ...
[09/07 23:45:08] [TEST] Processing batch 18715/18932 ...
[09/07 23:45:08] [TEST] Processing batch 18716/18932 ...
[09/07 23:45:08] [TEST] Processing batch 18717/18932 ...
[09/07 23:45:08] [TEST] Processing batch 18718/18932 ...
[09/07 23:45:08] [TEST] Processing batch 18719/18932 ...
[09/07 23:45:08] [TEST] Processing batch 18720/18932 ...
[09/07 23:45:08] [TEST] Processing batch 18721/18932 ...
[09/07 23:45:08] [TEST] Processing batch 18722/18932 ...
[09/07 23:45:08] [TEST] Processing batch 18723/18932 ...
[09/07 23:45:08] [TEST] Processing batch 18724/18932 ...
[09/07 23:45:08] [TEST] Processing batch 18725/18932 ...
[09/07 23:45:08] [TEST] Processing batch 18726/18932 ...
[09/07 23:45:08] [TEST] Processing batch 18727/18932 ...
[09/07 23:45:08] [TEST] Processing batch 18728/18932 ...
[09/07 23:45:08] [TEST] Processing batch 18729/18932 ...
[09/07 23:45:08] [TEST] Processing batch 18730/18932 ...
[09/07 23:45:09] [TEST] Processing batch 18731/18932 ...
[09/07 23:45:09] [TEST] Processing batch 18732/18932 ...
[09/07 23:45:09] [TEST] Processing batch 18733/18932 ...
[09/07 23:45:09] [TEST] Processing batch 18734/18932 ...
[09/07 23:45:09] [TEST] Processing batch 18735/18932 ...
[09/07 23:45:09] [TEST] Processing batch 18736/18932 ...
[09/07 23:45:09] [TEST] Processing batch 18737/18932 ...
[09/07 23:45:09] [TEST] Processing batch 18738/18932 ...
[09/07 23:45:09] [TEST] Processing batch 18739/18932 ...
[09/07 23:45:09] [TEST] Processing batch 18740/18932 ...
[09/07 23:45:09] [TEST] Processing batch 18741/18932 ...
[09/07 23:45:09] [TEST] Processing batch 18742/18932 ...
[09/07 23:45:09] [TEST] Processing batch 18743/18932 ...
[09/07 23:45:09] [TEST] Processing batch 18744/18932 ...
[09/07 23:45:09] [TEST] Processing batch 18745/18932 ...
[09/07 23:45:09] [TEST] Processing batch 18746/18932 ...
[09/07 23:45:09] [TEST] Processing batch 18747/18932 ...
[09/07 23:45:09] [TEST] Processing batch 18748/18932 ...
[09/07 23:45:10] [TEST] Processing batch 18749/18932 ...
[09/07 23:45:10] [TEST] Processing batch 18750/18932 ...
[09/07 23:45:10] [TEST] Processing batch 18751/18932 ...
[09/07 23:45:10] [TEST] Processing batch 18752/18932 ...
[09/07 23:45:10] [TEST] Processing batch 18753/18932 ...
[09/07 23:45:10] [TEST] Processing batch 18754/18932 ...
[09/07 23:45:10] [TEST] Processing batch 18755/18932 ...
[09/07 23:45:10] [TEST] Processing batch 18756/18932 ...
[09/07 23:45:10] [TEST] Processing batch 18757/18932 ...
[09/07 23:45:10] [TEST] Processing batch 18758/18932 ...
[09/07 23:45:10] [TEST] Processing batch 18759/18932 ...
[09/07 23:45:10] [TEST] Processing batch 18760/18932 ...
[09/07 23:45:10] [TEST] Processing batch 18761/18932 ...
[09/07 23:45:10] [TEST] Processing batch 18762/18932 ...
[09/07 23:45:10] [TEST] Processing batch 18763/18932 ...
[09/07 23:45:10] [TEST] Processing batch 18764/18932 ...
[09/07 23:45:10] [TEST] Processing batch 18765/18932 ...
[09/07 23:45:10] [TEST] Processing batch 18766/18932 ...
[09/07 23:45:11] [TEST] Processing batch 18767/18932 ...
[09/07 23:45:11] [TEST] Processing batch 18768/18932 ...
[09/07 23:45:11] [TEST] Processing batch 18769/18932 ...
[09/07 23:45:11] [TEST] Processing batch 18770/18932 ...
[09/07 23:45:11] [TEST] Processing batch 18771/18932 ...
[09/07 23:45:11] [TEST] Processing batch 18772/18932 ...
[09/07 23:45:11] [TEST] Processing batch 18773/18932 ...
[09/07 23:45:11] [TEST] Processing batch 18774/18932 ...
[09/07 23:45:11] [TEST] Processing batch 18775/18932 ...
[09/07 23:45:11] [TEST] Processing batch 18776/18932 ...
[09/07 23:45:11] [TEST] Processing batch 18777/18932 ...
[09/07 23:45:11] [TEST] Processing batch 18778/18932 ...
[09/07 23:45:11] [TEST] Processing batch 18779/18932 ...
[09/07 23:45:11] [TEST] Processing batch 18780/18932 ...
[09/07 23:45:11] [TEST] Processing batch 18781/18932 ...
[09/07 23:45:11] [TEST] Processing batch 18782/18932 ...
[09/07 23:45:11] [TEST] Processing batch 18783/18932 ...
[09/07 23:45:12] [TEST] Processing batch 18784/18932 ...
[09/07 23:45:12] [TEST] Processing batch 18785/18932 ...
[09/07 23:45:12] [TEST] Processing batch 18786/18932 ...
[09/07 23:45:12] [TEST] Processing batch 18787/18932 ...
[09/07 23:45:12] [TEST] Processing batch 18788/18932 ...
[09/07 23:45:12] [TEST] Processing batch 18789/18932 ...
[09/07 23:45:12] [TEST] Processing batch 18790/18932 ...
[09/07 23:45:12] [TEST] Processing batch 18791/18932 ...
[09/07 23:45:12] [TEST] Processing batch 18792/18932 ...
[09/07 23:45:12] [TEST] Processing batch 18793/18932 ...
[09/07 23:45:12] [TEST] Processing batch 18794/18932 ...
[09/07 23:45:12] [TEST] Processing batch 18795/18932 ...
[09/07 23:45:12] [TEST] Processing batch 18796/18932 ...
[09/07 23:45:12] [TEST] Processing batch 18797/18932 ...
[09/07 23:45:12] [TEST] Processing batch 18798/18932 ...
[09/07 23:45:12] [TEST] Processing batch 18799/18932 ...
[09/07 23:45:12] [TEST] Processing batch 18800/18932 ...
[09/07 23:45:12] [TEST] Processing batch 18801/18932 ...
[09/07 23:45:13] [TEST] Processing batch 18802/18932 ...
[09/07 23:45:13] [TEST] Processing batch 18803/18932 ...
[09/07 23:45:13] [TEST] Processing batch 18804/18932 ...
[09/07 23:45:13] [TEST] Processing batch 18805/18932 ...
[09/07 23:45:13] [TEST] Processing batch 18806/18932 ...
[09/07 23:45:13] [TEST] Processing batch 18807/18932 ...
[09/07 23:45:13] [TEST] Processing batch 18808/18932 ...
[09/07 23:45:13] [TEST] Processing batch 18809/18932 ...
[09/07 23:45:13] [TEST] Processing batch 18810/18932 ...
[09/07 23:45:13] [TEST] Processing batch 18811/18932 ...
[09/07 23:45:13] [TEST] Processing batch 18812/18932 ...
[09/07 23:45:13] [TEST] Processing batch 18813/18932 ...
[09/07 23:45:13] [TEST] Processing batch 18814/18932 ...
[09/07 23:45:13] [TEST] Processing batch 18815/18932 ...
[09/07 23:45:13] [TEST] Processing batch 18816/18932 ...
[09/07 23:45:13] [TEST] Processing batch 18817/18932 ...
[09/07 23:45:13] [TEST] Processing batch 18818/18932 ...
[09/07 23:45:13] [TEST] Processing batch 18819/18932 ...
[09/07 23:45:14] [TEST] Processing batch 18820/18932 ...
[09/07 23:45:14] [TEST] Processing batch 18821/18932 ...
[09/07 23:45:14] [TEST] Processing batch 18822/18932 ...
[09/07 23:45:14] [TEST] Processing batch 18823/18932 ...
[09/07 23:45:14] [TEST] Processing batch 18824/18932 ...
[09/07 23:45:14] [TEST] Processing batch 18825/18932 ...
[09/07 23:45:14] [TEST] Processing batch 18826/18932 ...
[09/07 23:45:14] [TEST] Processing batch 18827/18932 ...
[09/07 23:45:14] [TEST] Processing batch 18828/18932 ...
[09/07 23:45:14] [TEST] Processing batch 18829/18932 ...
[09/07 23:45:14] [TEST] Processing batch 18830/18932 ...
[09/07 23:45:14] [TEST] Processing batch 18831/18932 ...
[09/07 23:45:14] [TEST] Processing batch 18832/18932 ...
[09/07 23:45:14] [TEST] Processing batch 18833/18932 ...
[09/07 23:45:14] [TEST] Processing batch 18834/18932 ...
[09/07 23:45:14] [TEST] Processing batch 18835/18932 ...
[09/07 23:45:14] [TEST] Processing batch 18836/18932 ...
[09/07 23:45:14] [TEST] Processing batch 18837/18932 ...
[09/07 23:45:15] [TEST] Processing batch 18838/18932 ...
[09/07 23:45:15] [TEST] Processing batch 18839/18932 ...
[09/07 23:45:15] [TEST] Processing batch 18840/18932 ...
[09/07 23:45:15] [TEST] Processing batch 18841/18932 ...
[09/07 23:45:15] [TEST] Processing batch 18842/18932 ...
[09/07 23:45:15] [TEST] Processing batch 18843/18932 ...
[09/07 23:45:15] [TEST] Processing batch 18844/18932 ...
[09/07 23:45:15] [TEST] Processing batch 18845/18932 ...
[09/07 23:45:15] [TEST] Processing batch 18846/18932 ...
[09/07 23:45:15] [TEST] Processing batch 18847/18932 ...
[09/07 23:45:15] [TEST] Processing batch 18848/18932 ...
[09/07 23:45:15] [TEST] Processing batch 18849/18932 ...
[09/07 23:45:15] [TEST] Processing batch 18850/18932 ...
[09/07 23:45:15] [TEST] Processing batch 18851/18932 ...
[09/07 23:45:15] [TEST] Processing batch 18852/18932 ...
[09/07 23:45:15] [TEST] Processing batch 18853/18932 ...
[09/07 23:45:15] [TEST] Processing batch 18854/18932 ...
[09/07 23:45:15] [TEST] Processing batch 18855/18932 ...
[09/07 23:45:16] [TEST] Processing batch 18856/18932 ...
[09/07 23:45:16] [TEST] Processing batch 18857/18932 ...
[09/07 23:45:16] [TEST] Processing batch 18858/18932 ...
[09/07 23:45:16] [TEST] Processing batch 18859/18932 ...
[09/07 23:45:16] [TEST] Processing batch 18860/18932 ...
[09/07 23:45:16] [TEST] Processing batch 18861/18932 ...
[09/07 23:45:16] [TEST] Processing batch 18862/18932 ...
[09/07 23:45:16] [TEST] Processing batch 18863/18932 ...
[09/07 23:45:16] [TEST] Processing batch 18864/18932 ...
[09/07 23:45:16] [TEST] Processing batch 18865/18932 ...
[09/07 23:45:16] [TEST] Processing batch 18866/18932 ...
[09/07 23:45:16] [TEST] Processing batch 18867/18932 ...
[09/07 23:45:16] [TEST] Processing batch 18868/18932 ...
[09/07 23:45:16] [TEST] Processing batch 18869/18932 ...
[09/07 23:45:16] [TEST] Processing batch 18870/18932 ...
[09/07 23:45:16] [TEST] Processing batch 18871/18932 ...
[09/07 23:45:16] [TEST] Processing batch 18872/18932 ...
[09/07 23:45:16] [TEST] Processing batch 18873/18932 ...
[09/07 23:45:17] [TEST] Processing batch 18874/18932 ...
[09/07 23:45:17] [TEST] Processing batch 18875/18932 ...
[09/07 23:45:17] [TEST] Processing batch 18876/18932 ...
[09/07 23:45:17] [TEST] Processing batch 18877/18932 ...
[09/07 23:45:17] [TEST] Processing batch 18878/18932 ...
[09/07 23:45:17] [TEST] Processing batch 18879/18932 ...
[09/07 23:45:17] [TEST] Processing batch 18880/18932 ...
[09/07 23:45:17] [TEST] Processing batch 18881/18932 ...
[09/07 23:45:17] [TEST] Processing batch 18882/18932 ...
[09/07 23:45:17] [TEST] Processing batch 18883/18932 ...
[09/07 23:45:17] [TEST] Processing batch 18884/18932 ...
[09/07 23:45:17] [TEST] Processing batch 18885/18932 ...
[09/07 23:45:17] [TEST] Processing batch 18886/18932 ...
[09/07 23:45:17] [TEST] Processing batch 18887/18932 ...
[09/07 23:45:17] [TEST] Processing batch 18888/18932 ...
[09/07 23:45:17] [TEST] Processing batch 18889/18932 ...
[09/07 23:45:17] [TEST] Processing batch 18890/18932 ...
[09/07 23:45:17] [TEST] Processing batch 18891/18932 ...
[09/07 23:45:18] [TEST] Processing batch 18892/18932 ...
[09/07 23:45:18] [TEST] Processing batch 18893/18932 ...
[09/07 23:45:18] [TEST] Processing batch 18894/18932 ...
[09/07 23:45:18] [TEST] Processing batch 18895/18932 ...
[09/07 23:45:18] [TEST] Processing batch 18896/18932 ...
[09/07 23:45:18] [TEST] Processing batch 18897/18932 ...
[09/07 23:45:18] [TEST] Processing batch 18898/18932 ...
[09/07 23:45:18] [TEST] Processing batch 18899/18932 ...
[09/07 23:45:18] [TEST] Processing batch 18900/18932 ...
[09/07 23:45:18] [TEST] Processing batch 18901/18932 ...
[09/07 23:45:18] [TEST] Processing batch 18902/18932 ...
[09/07 23:45:18] [TEST] Processing batch 18903/18932 ...
[09/07 23:45:18] [TEST] Processing batch 18904/18932 ...
[09/07 23:45:18] [TEST] Processing batch 18905/18932 ...
[09/07 23:45:18] [TEST] Processing batch 18906/18932 ...
[09/07 23:45:18] [TEST] Processing batch 18907/18932 ...
[09/07 23:45:18] [TEST] Processing batch 18908/18932 ...
[09/07 23:45:18] [TEST] Processing batch 18909/18932 ...
[09/07 23:45:19] [TEST] Processing batch 18910/18932 ...
[09/07 23:45:19] [TEST] Processing batch 18911/18932 ...
[09/07 23:45:19] [TEST] Processing batch 18912/18932 ...
[09/07 23:45:19] [TEST] Processing batch 18913/18932 ...
[09/07 23:45:19] [TEST] Processing batch 18914/18932 ...
[09/07 23:45:19] [TEST] Processing batch 18915/18932 ...
[09/07 23:45:19] [TEST] Processing batch 18916/18932 ...
[09/07 23:45:19] [TEST] Processing batch 18917/18932 ...
[09/07 23:45:19] [TEST] Processing batch 18918/18932 ...
[09/07 23:45:19] [TEST] Processing batch 18919/18932 ...
[09/07 23:45:19] [TEST] Processing batch 18920/18932 ...
[09/07 23:45:19] [TEST] Processing batch 18921/18932 ...
[09/07 23:45:19] [TEST] Processing batch 18922/18932 ...
[09/07 23:45:19] [TEST] Processing batch 18923/18932 ...
[09/07 23:45:19] [TEST] Processing batch 18924/18932 ...
[09/07 23:45:19] [TEST] Processing batch 18925/18932 ...
[09/07 23:45:19] [TEST] Processing batch 18926/18932 ...
[09/07 23:45:19] [TEST] Processing batch 18927/18932 ...
[09/07 23:45:20] [TEST] Processing batch 18928/18932 ...
[09/07 23:45:20] [TEST] Processing batch 18929/18932 ...
[09/07 23:45:20] [TEST] Processing batch 18930/18932 ...
[09/07 23:45:20] [TEST] Processing batch 18931/18932 ...
[09/07 23:45:20] [TEST] finished, avg_acc1= 0.9755968451499939, avg_acc5= 0.9996830821037292
